Set parameter Username
Set parameter LicenseID to value 2754784
Academic license - for non-commercial use only - expires 2026-12-14
Set parameter Username
Set parameter LicenseID to value 2754784
Academic license - for non-commercial use only - expires 2026-12-14
Set parameter MIPGap to value 0.015
Set parameter MIPGap to value 0.015
Gurobi Optimizer version 13.0.2 build v13.0.2rc1 (mac64[arm] - Darwin 27.0.0 26A5388g)

CPU model: Apple M3
Thread count: 8 physical cores, 8 logical processors, using up to 8 threads

Non-default parameters:
MIPGap  0.015

Optimize a model with 465016 rows, 288144 columns and 29525104 nonzeros (Min)
Model fingerprint: 0x07285506
Model has 210024 linear objective coefficients
Variable types: 210288 continuous, 77856 integer (77856 binary)
Coefficient statistics:
  Matrix range     [3e-02, 4e+02]
  Objective range  [1e+00, 1e+15]
  Bounds range     [0e+00, 0e+00]
  RHS range        [1e-01, 1e+03]
Warning: Model contains large objective coefficients
         Consider reformulating model or setting NumericFocus parameter
         to avoid numerical issues.

Presolve removed 206104 rows and 113738 columns (presolve time = 5s)...
Presolve removed 209789 rows and 113738 columns
Presolve time: 5.90s
Presolved: 255227 rows, 174406 columns, 1045211 nonzeros
Variable types: 103726 continuous, 70680 integer (70680 binary)
Deterministic concurrent LP optimizer: primal simplex, dual simplex, and barrier
Showing barrier log only...

Root barrier log...

Ordering time: 0.05s

Barrier statistics:
 AA' NZ     : 6.872e+05
 Factor NZ  : 1.270e+06 (roughly 50 MB of memory)
 Factor Ops : 4.028e+07 (less than 1 second per iteration)
 Threads    : 5

                  Objective                Residual
Iter       Primal          Dual         Primal    Dual     Compl     Time
   0   1.35537218e+19 -2.06130731e+14  7.97e+02 1.60e+16  1.07e+11     7s
   1   2.70962163e+19 -3.06685849e+14  7.97e+02 1.60e+16  1.09e+11     7s
   2   1.22794361e+19 -5.49944681e+14  7.97e+02 1.60e+16  1.11e+11     7s
   3   8.76344235e+18 -1.04987403e+15  7.97e+02 1.60e+16  1.18e+11     7s
   4   3.92885848e+20 -2.20003819e+14  6.56e+04 1.60e+16  8.68e+12     7s
   5   7.71983347e+20 -6.40442232e+15  6.56e+04 1.60e+16  1.11e+13     7s
   6   4.57124450e+20 -1.59489254e+17  6.55e+04 1.60e+16  8.67e+13     7s
   7   3.81927002e+20 -2.66416074e+18  6.55e+04 1.53e+16  9.95e+14     7s
   8   3.27872458e+20 -9.09902932e+18  5.13e+04 1.02e+16  3.50e+15     7s
   9   1.87220853e+20 -5.04662708e+18  3.38e+04 5.78e+14  2.57e+15     7s
  10   6.46453226e+18 -4.12240462e+18  6.06e+02 8.00e+12  1.08e+14     7s
  11   1.29791348e+18 -2.80116058e+17  7.99e+01 4.65e+11  1.44e+13     7s
  12   3.21869936e+17 -1.73076344e+16  1.95e+01 1.92e+10  3.11e+12     7s
  13   7.18270697e+16 -8.39187879e+15  4.34e+00 3.35e+09  7.44e+11     7s
  14   1.54094814e+16 -3.64713691e+15  9.27e-01 7.19e+08  1.75e+11     7s
  15   3.52307885e+13 -2.19003801e+14  1.19e-03 2.84e+07  2.28e+09     7s
  16   8.55085950e+09 -1.07901744e+11  2.88e-07 1.40e+04  1.04e+06     7s
  17   6.72559301e+09 -1.05490035e+11  2.26e-07 1.37e+04  1.01e+06     7s
  18   6.05258769e+09 -2.55753824e+10  2.03e-07 3.25e+03  2.83e+05     7s
  19   5.53781113e+09 -2.34258479e+10  1.86e-07 2.98e+03  2.60e+05     7s
  20   4.68404294e+09 -2.23172830e+10  1.56e-07 2.83e+03  2.42e+05     7s
  21   3.59047613e+09 -1.76242336e+10  1.19e-07 2.24e+03  1.90e+05     7s
  22   2.79575092e+09 -1.49939223e+10  9.26e-08 1.90e+03  1.59e+05     7s
  23   2.45531152e+09 -1.25222141e+10  8.11e-08 1.59e+03  1.34e+05     7s
  24   2.00498100e+09 -6.68718762e+09  6.58e-08 8.50e+02  7.79e+04     7s
  25   1.49004935e+09 -5.94043961e+09  4.84e-08 7.52e+02  6.66e+04     7s
  26   1.06205799e+09 -5.11987718e+09  3.40e-08 6.44e+02  5.54e+04     7s
  27   7.76478634e+08 -3.26660338e+09  2.44e-08 4.04e+02  3.62e+04     7s
  28   6.98711219e+08 -2.97608780e+09  2.18e-08 3.66e+02  3.29e+04     8s
  29   5.26427500e+08 -1.77687098e+09  1.61e-08 2.14e+02  2.06e+04     8s
  30   4.26798050e+08 -5.08999772e+08  1.27e-08 5.20e+01  8.39e+03     8s
  31   2.05318438e+08 -2.98991677e+08  5.30e-09 3.40e+01  4.52e+03     8s
  32   1.25539050e+08 -1.00803482e+08  2.63e-09 1.40e+01  2.03e+03     8s
  33   9.72188930e+07 -4.11852714e+07  1.70e-09 8.00e+00  1.24e+03     8s
  34   8.70167822e+07 -2.98218027e+07  1.37e-09 6.00e+00  1.05e+03     8s
  35   6.25507977e+07 -1.93300720e+06  6.12e-10 4.00e+00  5.79e+02     8s
  36   5.96983702e+07  7.55525603e+05  5.30e-10 6.00e+00  5.29e+02     8s
  37   5.60904368e+07  8.74105909e+06  4.30e-10 4.00e+00  4.25e+02     8s
  38   4.67331126e+07  2.43443698e+07  1.90e-10 4.00e+00  2.01e+02     8s
  39   4.30368986e+07  2.88220267e+07  1.19e-10 2.00e+00  1.28e+02     8s
  40   4.07884847e+07  3.20470090e+07  7.90e-11 2.00e+00  7.85e+01     8s
  41   3.91589128e+07  3.32805180e+07  5.38e-11 2.00e+00  5.28e+01     8s
  42   3.79131928e+07  3.38504321e+07  3.55e-11 2.00e+00  3.65e+01     8s
  43   3.69659899e+07  3.43362457e+07  2.20e-11 2.00e+00  2.36e+01     8s
  44   3.65081073e+07  3.46935897e+07  1.57e-11 2.00e+00  1.63e+01     8s
  45   3.60402455e+07  3.48927946e+07  9.51e-12 2.00e+00  1.03e+01     8s
  46   3.58236598e+07  3.50182213e+07  6.70e-12 2.00e+00  7.23e+00     8s
  47   3.56315149e+07  3.51382603e+07  4.06e-12 2.00e+00  4.43e+00     8s
  48   3.55764149e+07  3.52256318e+07  3.29e-12 2.00e+00  3.15e+00     8s
  49   3.55024411e+07  3.52574268e+07  2.38e-12 2.00e+00  2.20e+00     8s
  50   3.54470078e+07  3.52724367e+07  1.51e-12 2.00e+00  1.57e+00     8s
  51   3.54137080e+07  3.52831142e+07  1.44e-12 2.00e+00  1.17e+00     8s
  52   3.53849057e+07  3.52977994e+07  2.16e-12 2.00e+00  7.83e-01     8s
  53   3.53535949e+07  3.53064875e+07  2.49e-12 2.00e+00  4.24e-01     8s
  54   3.53442528e+07  3.53108272e+07  4.39e-12 2.00e+00  3.01e-01     8s
  55   3.53301986e+07  3.53136591e+07  2.07e-12 2.00e+00  1.49e-01     8s
  56   3.53266306e+07  3.53160423e+07  1.07e-12 2.00e+00  9.52e-02     8s
  57   3.53225724e+07  3.53169556e+07  2.94e-12 2.00e+00  5.05e-02     8s
  58   3.53209527e+07  3.53175333e+07  1.91e-12 2.00e+00  3.08e-02     8s
  59   3.53189347e+07  3.53178170e+07  4.69e-12 2.00e+00  1.01e-02     8s
  60   3.53185198e+07  3.53181179e+07  1.61e-11 2.00e+00  3.62e-03     8s
  61   3.53183253e+07  3.53181576e+07  1.47e-11 4.00e+00  1.51e-03     8s
  62   3.53181897e+07  3.53181603e+07  1.39e-10 2.00e+00  2.65e-04     8s
  63   3.53181732e+07  3.53181607e+07  3.75e-08 2.00e+00  1.12e-04     8s
  64   3.53181659e+07  3.53181610e+07  1.47e-08 2.00e+00  4.41e-05     8s
  65   3.53181642e+07  3.53181610e+07  9.63e-09 2.00e+00  2.86e-05     8s
  66   3.53181634e+07  3.53181611e+07  5.68e-08 2.00e+00  2.14e-05     8s
  67   3.53181632e+07  3.53181611e+07  5.08e-08 2.00e+00  1.91e-05     8s
  68   3.53181629e+07  3.53181611e+07  4.38e-08 2.00e+00  1.64e-05     8s
  69   3.53181625e+07  3.53181611e+07  3.43e-08 2.00e+00  1.29e-05     8s
  70   3.53181623e+07  3.53181611e+07  2.84e-08 2.00e+00  1.06e-05     8s
  71   3.53181622e+07  3.53181611e+07  2.69e-08 2.00e+00  1.01e-05     8s
  72   3.53181618e+07  3.53181611e+07  1.61e-08 2.00e+00  6.10e-06     8s
  73   3.53181615e+07  3.53181611e+07  9.52e-09 2.00e+00  3.71e-06     8s
  74   3.53181614e+07  3.53181611e+07  6.79e-09 2.00e+00  2.65e-06     8s

Barrier solved model in 74 iterations and 8.27 seconds (16.34 work units)
Optimal objective 3.53181614e+07


Root crossover log...

   36431 DPushes remaining with DInf 6.0886783e-02                 8s
       0 DPushes remaining with DInf 0.0000000e+00                 8s

     199 PPushes remaining with PInf 0.0000000e+00                 8s
       0 PPushes remaining with PInf 0.0000000e+00                 8s

  Push phase complete: Pinf 0.0000000e+00, Dinf 1.0361747e+06      8s


Root simplex log...

Iteration    Objective       Primal Inf.    Dual Inf.      Time
   24105    3.5318161e+07   0.000000e+00   1.036175e+06      8s
Crossover time: 0.14 seconds (0.13 work units)
Crossover changed status from Optimal to Time Limit
Concurrent spin time: 0.00s

Solved with dual simplex

Root simplex log...

Iteration    Objective       Primal Inf.    Dual Inf.      Time
   27320    3.5318161e+07   0.000000e+00   0.000000e+00      8s

Use crossover to convert LP symmetric solution to basic solution...

Root crossover log...

       0 DPushes remaining with DInf 0.0000000e+00                 9s

     297 PPushes remaining with PInf 0.0000000e+00                 9s
       0 PPushes remaining with PInf 0.0000000e+00                 9s

  Push phase complete: Pinf 0.0000000e+00, Dinf 2.2722570e-09      9s


Root simplex log...

Iteration    Objective       Primal Inf.    Dual Inf.      Time
   30341    3.5318161e+07   0.000000e+00   0.000000e+00      9s
Crossover time: 0.19 seconds (0.37 work units)

Root relaxation: objective 3.531816e+07, 30341 iterations, 1.96 seconds (3.42 work units)

    Nodes    |    Current Node    |     Objective Bounds      |     Work
 Expl Unexpl |  Obj  Depth IntInf | Incumbent    BestBd   Gap | It/Node Time

     0     0 3.5318e+07    0 1394          - 3.5318e+07      -     -    9s
H    0     0                    3.574592e+07 3.5318e+07  1.20%     -    9s

Explored 1 nodes (30458 simplex iterations) in 9.39 seconds (18.60 work units)
Thread count was 8 (of 8 available processors)

Solution count 1: 3.57459e+07 

Optimal solution found (tolerance 1.50e-02)
Best objective 3.574592197009e+07, best bound 3.531816113984e+07, gap 1.1967%

User-callback calls 1531, time in user-callback 0.00 sec
	→ The renewable energy scenarios module loaded.
	→ Input data module loaded and ready for UC modeling.
	→ The [JULIA] environment_config has been loaded.
	→ Constraint modules included and functions exported.
	→ Objective functions module loaded and exported.
	→ Utility functions module loaded and exported.
	→ all boundary conditions validated.
  PCM random seed: 20260809

================================================================================
Step 1: Reading input data from Excel file...
================================================================================
Step-1: Loading packages and functions...
  Reading data from: /Users/yuanyiping/Documents/GitHub/02 Ongoing/module_unitcommitment/data/data_118_clustered_pcm_10x.xlsx
  Reading frequency parameters...
  Reading energy storage system data...
  Reading generator, network, and load data...
  Reading data center data...
  Reading hydroelectric power data...
  ✓ All data successfully loaded from Excel file.

================================================================================
Step 2: Formatting input data for optimization model...
================================================================================
Step-2: imput data are loaded
  PCM load profile: smooth
  PCM network constraints: disabled

================================================================================
Step 3: Generating wind power scenarios...
================================================================================

================================================================================
Step 4: Configuring sequential scheduling parameters...
================================================================================
  Scheduling intervals: 1
  Time periods per interval: 24
  Total planning horizon: 24 periods
  Clustered UC layer: disabled

================================================================================
Step 5: Running sequential unit commitment optimization...
================================================================================

--------------------------------------------------------------------------------
Processing scheduling interval 1 of 1...
--------------------------------------------------------------------------------
  Updating boundary conditions based on previous interval results...
  Solving unit commitment optimization for interval 1...
Step-3: Creating dispatching model (Refactored & Modularized)
	 Variables defined.
DEBUG set_objective_economic!: NT=24, NG=1080, ND=91, NW=20, NS=1, K=3, size(refcost)=(1080,), size(eachslope)=(3, 1080)
objective_function
	MILP economic objective set
subject to.
	 constraints: 1) minimum shutup/shutdown time limits			 done
	 constraints: 2) binary variable logic					 done
	 constraints: 3) shutup/shutdown cost					 done
	 constraints: 4) loadcurtailments and spoliedwinds			 done
	 constraints: 5) generatos power limits					 done
	 constraints: 6) system reserves limits					 done
	 constraints: 7) power balance constraints				 done
	 constraints: 8) ramp-up/ramp-down constraints				 done
	 constraints: 9) piece linearization constraints			 done
	 constraints: 10) transmissionline limits skipped (is_NetWorkCon != 1 or Gsdf missing or NL=0)
	 constraints: 11) stroges system constraints skipped (NC=0 or variables not defined)
	 constraints: 12) data centra constraints skipped (is_ConsiderDataCentra != 1)
	 constraints: 13) frequency control constraints skipped (is_ConsiderFrequencyControl != 1)
	 constraints: 14) hydro power limits					 done
+++++++++++++++++++++++++++++++++++++++++++++++++++++++++++++++++++++++++++++++++++++++++++
Step-4: starting Gurobi solver
Step-5: Gurobi solver finished
+++++++++++++++++++++++++++++++++++++++++++++++++++++++++++++++++++++++++++++++++++++++++++

assert_is_solved_and_feasible(scuc) = nothing
solution_summary(scuc) = solution_summary(; result = 1, verbose = false)
├ solver_name          : Gurobi
├ Termination
│ ├ termination_status : OPTIMAL
│ ├ result_count       : 1
│ ├ raw_status         : Model was solved to optimality (subject to tolerances), and an optimal solution is available.
│ └ objective_bound    : 3.53182e+07
├ Solution (result = 1)
│ ├ primal_status        : FEASIBLE_POINT
│ ├ dual_status          : NO_SOLUTION
│ ├ objective_value      : 3.57459e+07
│ └ relative_gap         : 1.19667e-02
└ Work counters
  ├ solve_time (sec)   : 9.40781e+00
  ├ simplex_iterations : 30458
  ├ barrier_iterations : 0
  └ node_count         : 1


Termination Status: OPTIMAL
Acceptable solution found (Status: OPTIMAL).
Step-6: record datas
PART1: [unit-commitment] calculation result has been saved to: /Users/yuanyiping/Documents/GitHub/02 Ongoing/module_unitcommitment/output/pcm_benchmark/full_matrix_20260809/1080_units/smooth/standard/run1/output/details_schedule_results/pcm_simulation_results/intervels_[1]/res_schedule_commitment_result.txt
  ✓ Interval 1 optimization completed successfully
  Saving detailed results for interval 1...
Extracting results from dictionary...
details [unit_commtiemnt] scheduling results have been saved!
  ✓ Interval 1 processing completed

================================================================================
Step 6: Aggregating total scheduling costs...
================================================================================
  ✓ Total scheduling costs saved to: /Users/yuanyiping/Documents/GitHub/02 Ongoing/module_unitcommitment/output/pcm_benchmark/full_matrix_20260809/1080_units/smooth/standard/run1/output/details_schedule_results/pcm_simulation_results/summary_scheduling_report//total_scheduled_results.csv

================================================================================
✓ Sequential Production Cost Minimization completed successfully!
================================================================================
  Total intervals processed: 1
  Results saved to: output/details_schedule_results/pcm_simulation_results/
================================================================================

