Set parameter Username
Set parameter LicenseID to value 2754784
Academic license - for non-commercial use only - expires 2026-12-14
Set parameter Username
Set parameter LicenseID to value 2754784
Academic license - for non-commercial use only - expires 2026-12-14
Set parameter MIPGap to value 0.015
Set parameter MIPGap to value 0.015
Gurobi Optimizer version 13.0.2 build v13.0.2rc1 (mac64[arm] - Darwin 27.0.0 26A5388g)

CPU model: Apple M3
Thread count: 8 physical cores, 8 logical processors, using up to 8 threads

Non-default parameters:
MIPGap  0.015

Optimize a model with 465016 rows, 288144 columns and 29525104 nonzeros (Min)
Model fingerprint: 0x5b49f319
Model has 210024 linear objective coefficients
Variable types: 210288 continuous, 77856 integer (77856 binary)
Coefficient statistics:
  Matrix range     [3e-02, 4e+02]
  Objective range  [1e+00, 1e+15]
  Bounds range     [0e+00, 0e+00]
  RHS range        [1e-01, 1e+03]
Warning: Model contains large objective coefficients
         Consider reformulating model or setting NumericFocus parameter
         to avoid numerical issues.

Presolve removed 206104 rows and 113738 columns (presolve time = 5s)...
Presolve removed 209789 rows and 113738 columns
Presolve time: 6.05s
Presolved: 255227 rows, 174406 columns, 1045211 nonzeros
Variable types: 103726 continuous, 70680 integer (70680 binary)
Deterministic concurrent LP optimizer: primal simplex, dual simplex, and barrier
Showing barrier log only...

Root barrier log...

Ordering time: 0.05s

Barrier statistics:
 AA' NZ     : 6.872e+05
 Factor NZ  : 1.270e+06 (roughly 50 MB of memory)
 Factor Ops : 4.028e+07 (less than 1 second per iteration)
 Threads    : 5

                  Objective                Residual
Iter       Primal          Dual         Primal    Dual     Compl     Time
   0   1.45244347e+19 -2.07583263e+14  9.57e+02 1.60e+16  1.28e+11     7s
   1   2.87335419e+19 -3.22244087e+14  9.57e+02 1.60e+16  1.30e+11     7s
   2   1.57147874e+19 -5.05952873e+14  9.57e+02 1.60e+16  1.32e+11     7s
   3   1.06502794e+19 -1.21804293e+15  9.57e+02 1.60e+16  1.42e+11     7s
   4   3.92919529e+20 -2.19993010e+14  6.56e+04 1.60e+16  8.68e+12     7s
   5   7.62067311e+20 -6.37839184e+15  6.56e+04 1.60e+16  1.11e+13     7s
   6   4.45682253e+20 -2.27209205e+17  6.56e+04 1.60e+16  1.19e+14     7s
   7   4.03898561e+20 -1.91754581e+18  6.55e+04 1.58e+16  6.37e+14     7s
   8   4.25680518e+20 -2.11241543e+18  6.09e+04 1.41e+16  1.07e+15     7s
   9   2.18915649e+20 -7.35013565e+18  2.98e+04 2.40e+15  2.91e+15     7s
  10   7.43158500e+18 -5.22044791e+18  6.22e+02 1.47e+13  1.31e+14     7s
  11   1.48391255e+18 -3.67251381e+17  7.57e+01 9.23e+11  1.69e+13     7s
  12   3.93911168e+17 -2.36754818e+16  1.98e+01 4.66e+10  3.81e+12     7s
  13   1.13531768e+17 -6.89404590e+15  5.70e+00 1.04e+09  1.11e+12     8s
  14   2.43122061e+16 -3.44731880e+15  1.22e+00 1.46e+08  2.55e+11     8s
  15   2.82242329e+15 -1.22991574e+15  1.40e-01 2.81e+07  3.67e+10     8s
  16   6.59502408e+13 -2.75003649e+14  3.14e-03 6.07e+06  3.06e+09     8s
  17   2.80507271e+09 -4.91249949e+10  1.31e-07 1.04e+03  4.65e+05     8s
  18   2.69795204e+09 -2.62127017e+10  1.25e-07 5.50e+02  2.59e+05     8s
  19   2.40562933e+09 -2.49432009e+10  1.11e-07 5.24e+02  2.45e+05     8s
  20   2.27780152e+09 -2.33948429e+10  1.05e-07 4.90e+02  2.30e+05     8s
  21   2.00939463e+09 -2.20404566e+10  9.27e-08 4.62e+02  2.16e+05     8s
  22   1.89249982e+09 -2.04067362e+10  8.72e-08 4.28e+02  2.00e+05     8s
  23   1.48842333e+09 -1.74803479e+10  6.79e-08 3.66e+02  1.70e+05     8s
  24   1.32041330e+09 -1.28817049e+10  6.00e-08 2.70e+02  1.27e+05     8s
  25   1.03960924e+09 -8.99202367e+09  4.67e-08 1.88e+02  8.99e+04     8s
  26   7.58075751e+08 -1.67437267e+09  3.34e-08 3.80e+01  2.18e+04     8s
  27   9.10691628e+07 -6.73901437e+08  1.89e-09 1.60e+01  6.86e+03     8s
  28   7.23867890e+07 -4.74081186e+08  1.08e-09 1.20e+01  4.90e+03     8s
  29   6.80035671e+07 -3.19001318e+08  9.34e-10 8.00e+00  3.47e+03     8s
  30   6.14266850e+07 -1.66488140e+08  6.76e-10 4.00e+00  2.04e+03     8s
  31   6.08404514e+07 -1.21955210e+08  6.03e-10 6.00e+00  1.64e+03     8s
  32   4.95842074e+07 -3.40778325e+07  1.88e-10 4.00e+00  7.50e+02     8s
  33   4.62434272e+07 -2.18740144e+06  9.94e-11 2.00e+00  4.34e+02     8s
  34   4.48359210e+07  1.26757288e+07  7.01e-11 4.00e+00  2.88e+02     8s
  35   4.28051455e+07  1.74555414e+07  4.30e-11 2.00e+00  2.27e+02     8s
  36   4.20735135e+07  2.21209664e+07  9.31e-11 2.00e+00  1.79e+02     8s
  37   4.07516618e+07  2.85259210e+07  6.19e-11 2.00e+00  1.10e+02     8s
  38   3.92470218e+07  3.10101963e+07  3.44e-11 2.00e+00  7.39e+01     8s
  39   3.88172829e+07  3.32322622e+07  2.83e-11 2.00e+00  5.01e+01     8s
  40   3.83672814e+07  3.38618280e+07  2.27e-11 2.00e+00  4.04e+01     8s
  41   3.77772333e+07  3.44382795e+07  1.49e-11 2.00e+00  3.00e+01     8s
  42   3.71196349e+07  3.50216303e+07  7.47e-12 2.00e+00  1.88e+01     8s
  43   3.67739231e+07  3.55553946e+07  4.07e-12 2.00e+00  1.09e+01     8s
  44   3.65644666e+07  3.59098094e+07  2.18e-12 4.00e+00  5.87e+00     8s
  45   3.64811101e+07  3.60351397e+07  1.41e-12 2.00e+00  4.00e+00     8s
  46   3.64320214e+07  3.61132142e+07  1.04e-12 4.00e+00  2.86e+00     8s
  47   3.63767721e+07  3.61643126e+07  9.13e-13 4.00e+00  1.91e+00     8s
  48   3.63649271e+07  3.61923113e+07  7.91e-13 2.00e+00  1.55e+00     8s
  49   3.63427647e+07  3.62180050e+07  5.64e-13 2.52e-02  1.12e+00     8s
  50   3.63240952e+07  3.62392209e+07  5.01e-13 2.00e+00  7.62e-01     8s
  51   3.63070534e+07  3.62589610e+07  4.48e-13 2.00e+00  4.32e-01     8s
  52   3.62963561e+07  3.62703325e+07  1.25e-12 2.00e+00  2.34e-01     8s
  53   3.62919219e+07  3.62740923e+07  9.81e-13 1.45e-02  1.60e-01     8s
  54   3.62880640e+07  3.62786475e+07  5.97e-13 2.00e+00  8.46e-02     8s
  55   3.62865699e+07  3.62807163e+07  4.48e-13 2.00e+00  5.26e-02     8s
  56   3.62859717e+07  3.62819957e+07  3.27e-13 2.00e+00  3.57e-02     8s
  57   3.62854528e+07  3.62820609e+07  8.88e-12 2.00e+00  3.05e-02     8s
  58   3.62848679e+07  3.62821666e+07  5.59e-11 2.00e+00  2.43e-02     8s
  59   3.62847264e+07  3.62825488e+07  7.68e-11 2.00e+00  1.96e-02     8s
  60   3.62844383e+07  3.62826467e+07  6.06e-11 2.00e+00  1.61e-02     8s
  61   3.62841109e+07  3.62828612e+07  4.13e-11 2.00e+00  1.12e-02     8s
  62   3.62837598e+07  3.62829859e+07  4.84e-10 2.00e+00  6.96e-03     8s
  63   3.62833354e+07  3.62832253e+07  7.47e-11 4.00e+00  9.92e-04     8s
  64   3.62832529e+07  3.62832459e+07  1.68e-11 1.36e-02  6.35e-05     8s
  65   3.62832504e+07  3.62832498e+07  7.73e-11 4.00e+00  5.73e-06     8s
  66   3.62832504e+07  3.62832501e+07  6.13e-09 2.00e+00  2.33e-06     8s
  67   3.62832504e+07  3.62832502e+07  5.88e-09 2.00e+00  2.08e-06     8s

Barrier solved model in 67 iterations and 8.32 seconds (16.17 work units)
Optimal objective 3.62832504e+07


Root crossover log...

   32062 DPushes remaining with DInf 0.0000000e+00                 8s
       0 DPushes remaining with DInf 0.0000000e+00                 8s

     169 PPushes remaining with PInf 0.0000000e+00                 8s
       0 PPushes remaining with PInf 0.0000000e+00                 8s

  Push phase complete: Pinf 0.0000000e+00, Dinf 1.1026728e+06      8s


Root simplex log...

Iteration    Objective       Primal Inf.    Dual Inf.      Time
   22389    3.6283250e+07   0.000000e+00   1.102673e+06      8s
   23440    3.6283250e+07   0.000000e+00   0.000000e+00      8s
Crossover time: 0.17 seconds (0.20 work units)
Concurrent spin time: 0.29s (can be avoided by choosing Method=3)

Solved with barrier

Use crossover to convert LP symmetric solution to basic solution...

Root crossover log...

       0 DPushes remaining with DInf 0.0000000e+00                 9s

     558 PPushes remaining with PInf 0.0000000e+00                 9s
       0 PPushes remaining with PInf 0.0000000e+00                 9s

  Push phase complete: Pinf 0.0000000e+00, Dinf 3.9299982e-09      9s


Root simplex log...

Iteration    Objective       Primal Inf.    Dual Inf.      Time
   25192    3.6283250e+07   0.000000e+00   0.000000e+00      9s
Crossover time: 0.24 seconds (0.43 work units)

Root relaxation: objective 3.628325e+07, 25192 iterations, 2.23 seconds (3.48 work units)

    Nodes    |    Current Node    |     Objective Bounds      |     Work
 Expl Unexpl |  Obj  Depth IntInf | Incumbent    BestBd   Gap | It/Node Time

     0     0 3.6283e+07    0 3894          - 3.6283e+07      -     -    9s
H    0     0                    5.989712e+16 3.6283e+07   100%     -    9s
H    0     0                    5.689712e+16 3.6283e+07   100%     -   11s
H    0     0                    5.589712e+16 3.6283e+07   100%     -   11s
     0     0 3.6320e+07    0 3735 5.5897e+16 3.6320e+07   100%     -   14s
     0     0 3.6333e+07    0 3749 5.5897e+16 3.6333e+07   100%     -   17s
     0     0 3.6350e+07    0 3488 5.5897e+16 3.6350e+07   100%     -   19s
     0     0 3.6354e+07    0 3461 5.5897e+16 3.6354e+07   100%     -   20s
     0     0 3.6355e+07    0 3439 5.5897e+16 3.6355e+07   100%     -   21s
     0     0 3.6355e+07    0 3245 5.5897e+16 3.6355e+07   100%     -   21s
     0     0 3.6355e+07    0 3249 5.5897e+16 3.6355e+07   100%     -   22s
     0     0 3.6364e+07    0 3226 5.5897e+16 3.6364e+07   100%     -   24s
H    0     0                    3.190333e+16 3.6364e+07   100%     -   24s
     0     0 3.6364e+07    0 3410 3.1903e+16 3.6364e+07   100%     -   25s
     0     0 3.6365e+07    0 3033 3.1903e+16 3.6365e+07   100%     -   26s
     0     0 3.6366e+07    0 2938 3.1903e+16 3.6366e+07   100%     -   27s
     0     0 3.6366e+07    0 2968 3.1903e+16 3.6366e+07   100%     -   27s
     0     0 3.6371e+07    0 1947 3.1903e+16 3.6371e+07   100%     -   31s
     0     0 3.6372e+07    0 1956 3.1903e+16 3.6372e+07   100%     -   31s
     0     0 3.6372e+07    0 1931 3.1903e+16 3.6372e+07   100%     -   32s
     0     0 3.6381e+07    0 1996 3.1903e+16 3.6381e+07   100%     -   35s
H    0     0                    6.969834e+15 3.6381e+07   100%     -   36s
H    0     0                    3.653298e+07 3.6381e+07  0.42%     -   36s

Cutting planes:
  Learned: 731
  Gomory: 83
  Implied bound: 205
  MIR: 1134
  Flow cover: 834
  RLT: 183
  Relax-and-lift: 230

Explored 1 nodes (54315 simplex iterations) in 36.80 seconds (98.40 work units)
Thread count was 8 (of 8 available processors)

Solution count 6: 3.6533e+07 6.96983e+15 3.19033e+16 ... 5.98971e+16

Optimal solution found (tolerance 1.50e-02)
Best objective 3.653297589684e+07, best bound 3.638099476122e+07, gap 0.4160%

User-callback calls 7194, time in user-callback 0.00 sec
	→ The renewable energy scenarios module loaded.
	→ Input data module loaded and ready for UC modeling.
	→ The [JULIA] environment_config has been loaded.
	→ Constraint modules included and functions exported.
	→ Objective functions module loaded and exported.
	→ Utility functions module loaded and exported.
	→ all boundary conditions validated.
  PCM random seed: 20260809

================================================================================
Step 1: Reading input data from Excel file...
================================================================================
Step-1: Loading packages and functions...
  Reading data from: /Users/yuanyiping/Documents/GitHub/02 Ongoing/module_unitcommitment/data/data_118_clustered_pcm_10x.xlsx
  Reading frequency parameters...
  Reading energy storage system data...
  Reading generator, network, and load data...
  Reading data center data...
  Reading hydroelectric power data...
  ✓ All data successfully loaded from Excel file.

================================================================================
Step 2: Formatting input data for optimization model...
================================================================================
Step-2: imput data are loaded
  PCM load profile: baseline
  PCM network constraints: disabled

================================================================================
Step 3: Generating wind power scenarios...
================================================================================

================================================================================
Step 4: Configuring sequential scheduling parameters...
================================================================================
  Scheduling intervals: 1
  Time periods per interval: 24
  Total planning horizon: 24 periods
  Clustered UC layer: disabled

================================================================================
Step 5: Running sequential unit commitment optimization...
================================================================================

--------------------------------------------------------------------------------
Processing scheduling interval 1 of 1...
--------------------------------------------------------------------------------
  Updating boundary conditions based on previous interval results...
  Solving unit commitment optimization for interval 1...
Step-3: Creating dispatching model (Refactored & Modularized)
	 Variables defined.
DEBUG set_objective_economic!: NT=24, NG=1080, ND=91, NW=20, NS=1, K=3, size(refcost)=(1080,), size(eachslope)=(3, 1080)
objective_function
	MILP economic objective set
subject to.
	 constraints: 1) minimum shutup/shutdown time limits			 done
	 constraints: 2) binary variable logic					 done
	 constraints: 3) shutup/shutdown cost					 done
	 constraints: 4) loadcurtailments and spoliedwinds			 done
	 constraints: 5) generatos power limits					 done
	 constraints: 6) system reserves limits					 done
	 constraints: 7) power balance constraints				 done
	 constraints: 8) ramp-up/ramp-down constraints				 done
	 constraints: 9) piece linearization constraints			 done
	 constraints: 10) transmissionline limits skipped (is_NetWorkCon != 1 or Gsdf missing or NL=0)
	 constraints: 11) stroges system constraints skipped (NC=0 or variables not defined)
	 constraints: 12) data centra constraints skipped (is_ConsiderDataCentra != 1)
	 constraints: 13) frequency control constraints skipped (is_ConsiderFrequencyControl != 1)
	 constraints: 14) hydro power limits					 done
+++++++++++++++++++++++++++++++++++++++++++++++++++++++++++++++++++++++++++++++++++++++++++
Step-4: starting Gurobi solver
Step-5: Gurobi solver finished
+++++++++++++++++++++++++++++++++++++++++++++++++++++++++++++++++++++++++++++++++++++++++++

assert_is_solved_and_feasible(scuc) = nothing
solution_summary(scuc) = solution_summary(; result = 1, verbose = false)
├ solver_name          : Gurobi
├ Termination
│ ├ termination_status : OPTIMAL
│ ├ result_count       : 6
│ ├ raw_status         : Model was solved to optimality (subject to tolerances), and an optimal solution is available.
│ └ objective_bound    : 3.63810e+07
├ Solution (result = 1)
│ ├ primal_status        : FEASIBLE_POINT
│ ├ dual_status          : NO_SOLUTION
│ ├ objective_value      : 3.65330e+07
│ └ relative_gap         : 4.16011e-03
└ Work counters
  ├ solve_time (sec)   : 3.68198e+01
  ├ simplex_iterations : 54315
  ├ barrier_iterations : 67
  └ node_count         : 1


Termination Status: OPTIMAL
Acceptable solution found (Status: OPTIMAL).
Step-6: record datas
PART1: [unit-commitment] calculation result has been saved to: /Users/yuanyiping/Documents/GitHub/02 Ongoing/module_unitcommitment/output/pcm_benchmark/full_matrix_20260809/1080_units/baseline/standard/run1/output/details_schedule_results/pcm_simulation_results/intervels_[1]/res_schedule_commitment_result.txt
  ✓ Interval 1 optimization completed successfully
  Saving detailed results for interval 1...
Extracting results from dictionary...
details [unit_commtiemnt] scheduling results have been saved!
  ✓ Interval 1 processing completed

================================================================================
Step 6: Aggregating total scheduling costs...
================================================================================
  ✓ Total scheduling costs saved to: /Users/yuanyiping/Documents/GitHub/02 Ongoing/module_unitcommitment/output/pcm_benchmark/full_matrix_20260809/1080_units/baseline/standard/run1/output/details_schedule_results/pcm_simulation_results/summary_scheduling_report//total_scheduled_results.csv

================================================================================
✓ Sequential Production Cost Minimization completed successfully!
================================================================================
  Total intervals processed: 1
  Results saved to: output/details_schedule_results/pcm_simulation_results/
================================================================================

