Set parameter Username
Set parameter LicenseID to value 2826524
Academic license - for non-commercial use only - expires 2027-05-22
Set parameter Username
Set parameter LicenseID to value 2826524
Academic license - for non-commercial use only - expires 2027-05-22
Set parameter MIPGap to value 0.015
Set parameter Threads to value 2
Set parameter TimeLimit to value 600
Set parameter MIPGap to value 0.015
Set parameter Threads to value 2
Set parameter TimeLimit to value 600
Gurobi Optimizer version 13.0.2 build v13.0.2rc1 (win64 - Windows 11+.0 (29639.2))

CPU model: 13th Gen Intel(R) Core(TM) i7-13700F, instruction set [SSE2|AVX|AVX2]
Thread count: 16 physical cores, 24 logical processors, using up to 2 threads

Non-default parameters:
TimeLimit  600
MIPGap  0.015
Threads  2

Optimize a model with 149840 rows, 94608 columns and 1330264 nonzeros (Min)
Model fingerprint: 0x9bfd3542
Model has 70200 linear objective coefficients
Variable types: 70992 continuous, 23616 integer (23616 binary)
Coefficient statistics:
  Matrix range     [4e-02, 4e+02]
  Objective range  [1e+00, 1e+15]
  Bounds range     [0e+00, 0e+00]
  RHS range        [2e-02, 3e+02]
Warning: Model contains large objective coefficients
         Consider reformulating model or setting NumericFocus parameter
         to avoid numerical issues.

Presolve removed 71801 rows and 40580 columns
Presolve time: 1.13s
Presolved: 78039 rows, 54028 columns, 369497 nonzeros
Variable types: 31462 continuous, 22566 integer (22566 binary)
Deterministic concurrent LP optimizer: primal and dual simplex
Showing primal log only...


Root simplex log...

Iteration    Objective       Primal Inf.    Dual Inf.      Time
   55674    6.8427914e+06   0.000000e+00   4.482087e+09      5s
Concurrent spin time: 0.00s

Solved with dual simplex

Root simplex log...

Iteration    Objective       Primal Inf.    Dual Inf.      Time
   41663    5.0950402e+06   0.000000e+00   0.000000e+00      7s

Use crossover to convert LP symmetric solution to basic solution...

Root crossover log...

    4829 DPushes remaining with DInf 0.0000000e+00                 7s
       0 DPushes remaining with DInf 0.0000000e+00                 7s

     182 PPushes remaining with PInf 0.0000000e+00                 7s
       0 PPushes remaining with PInf 0.0000000e+00                 7s

  Push phase complete: Pinf 0.0000000e+00, Dinf 1.9029701e-09      7s


Root simplex log...

Iteration    Objective       Primal Inf.    Dual Inf.      Time
   42737    5.0950402e+06   0.000000e+00   0.000000e+00      7s
Crossover time: 0.12 seconds (0.11 work units)

Root relaxation: objective 5.095040e+06, 42737 iterations, 5.54 seconds (6.08 work units)

    Nodes    |    Current Node    |     Objective Bounds      |     Work
 Expl Unexpl |  Obj  Depth IntInf | Incumbent    BestBd   Gap | It/Node Time

     0     0 5095040.25    0 1274          - 5095040.25      -     -    7s
H    0     0                    1.854943e+17 5095040.25   100%     -    7s
H    0     0                    5590504.3765 5095040.25  8.86%     -    7s
H    0     0                    5538758.9428 5095040.25  8.01%     -    7s
H    0     0                    5367720.8707 5095040.25  5.08%     -    7s
H    0     0                    5365292.1750 5095040.25  5.04%     -    7s
     0     0 5106900.66    0 1143 5365292.18 5106900.66  4.82%     -   10s
H    0     0                    5325718.2158 5106932.55  4.11%     -   10s
     0     0 5108761.74    0 1036 5325718.22 5108761.74  4.07%     -   11s
     0     0 5108860.21    0 1002 5325718.22 5108860.21  4.07%     -   12s
     0     0 5108877.25    0 1048 5325718.22 5108877.25  4.07%     -   12s
     0     0 5108879.94    0 1040 5325718.22 5108879.94  4.07%     -   12s
     0     0 5117773.96    0 1217 5325718.22 5117773.96  3.90%     -   16s
     0     0 5118381.06    0 1164 5325718.22 5118381.06  3.89%     -   17s
     0     0 5118448.47    0 1178 5325718.22 5118448.47  3.89%     -   18s
     0     0 5118453.59    0 1177 5325718.22 5118453.59  3.89%     -   18s
     0     0 5118453.80    0 1180 5325718.22 5118453.80  3.89%     -   18s
     0     0 5125012.18    0  942 5325718.22 5125012.18  3.77%     -   21s
H    0     0                    5215097.8524 5125012.76  1.73%     -   21s
H    0     0                    5171386.2566 5125012.76  0.90%     -   22s

Cutting planes:
  Learned: 81
  Gomory: 48
  Lift-and-project: 5
  Cover: 2
  Implied bound: 364
  MIR: 459
  Flow cover: 658
  RLT: 10
  Relax-and-lift: 507

Explored 1 nodes (58835 simplex iterations) in 22.12 seconds (31.39 work units)
Thread count was 2 (of 24 available processors)

Solution count 8: 5.17139e+06 5.2151e+06 5.32572e+06 ... 1.85494e+17

Optimal solution found (tolerance 1.50e-02)
Best objective 5.171386256641e+06, best bound 5.125012764016e+06, gap 0.8967%

User-callback calls 1643, time in user-callback 0.00 sec
Integrated PCM reference horizon: 72 h (single optimization problem)
	→ The renewable energy scenarios module loaded.
	→ Input data module loaded and ready for UC modeling.
	→ The [JULIA] environment_config has been loaded.
	→ Constraint modules included and functions exported.
	→ Objective functions module loaded and exported.
	→ Utility functions module loaded and exported.
	→ all boundary conditions validated.
  PCM random seed: 20260809

================================================================================
Step 1: Reading input data from Excel file...
================================================================================
Step-1: Loading packages and functions...
  Reading data from: D:\GithubClonefiles\module_unitcommitment\data\data_118_clustered_pcm.xlsx
  Reading frequency parameters...
  Reading energy storage system data...
  Reading generator, network, and load data...
  Reading data center data...
  Reading hydroelectric power data...
  ✓ All data successfully loaded from Excel file.

================================================================================
Step 2: Formatting input data for optimization model...
================================================================================
Step-2: imput data are loaded
  PCM load profile: smooth
  PCM network constraints: disabled

================================================================================
Step 3: Generating wind power scenarios...
================================================================================

================================================================================
Step 4: Configuring sequential scheduling parameters...
================================================================================
  Formulation: integrated
  Scheduling intervals: 1
  Time periods per interval: 72
  Total planning horizon: 72 periods

================================================================================
Step 5: Running sequential unit commitment optimization...
================================================================================

--------------------------------------------------------------------------------
Processing scheduling interval 1 of 1...
--------------------------------------------------------------------------------
Step-3: Creating dispatching model (Refactored & Modularized)
	 Variables defined.
DEBUG set_objective_economic!: NT=72, NG=108, ND=91, NW=20, NS=1, K=3, size(refcost)=(108,), size(eachslope)=(3, 108)
objective_function
	MILP economic objective set
subject to.
	 constraints: 1) minimum shutup/shutdown time limits			 done
	 constraints: 2) binary variable logic					 done
	 constraints: 3) shutup/shutdown cost					 done
	 constraints: 4) loadcurtailments and spoliedwinds			 done
	 constraints: 5) generatos power limits					 done
	 constraints: 6) system reserves limits					 done
	 constraints: 7) power balance constraints				 done
	 constraints: 8) ramp-up/ramp-down constraints				 done
	 constraints: 9) piece linearization constraints			 done
	 constraints: 10) transmissionline limits skipped (is_NetWorkCon != 1 or Gsdf missing or NL=0)
	 constraints: 11) stroges system constraints skipped (NC=0 or variables not defined)
	 constraints: 12) data centra constraints skipped (is_ConsiderDataCentra != 1)
	 constraints: 13) frequency control constraints skipped (is_ConsiderFrequencyControl != 1)
	 constraints: 14) hydro power limits					 done
+++++++++++++++++++++++++++++++++++++++++++++++++++++++++++++++++++++++++++++++++++++++++++
Step-4: starting Gurobi solver
Step-5: Gurobi solver finished
+++++++++++++++++++++++++++++++++++++++++++++++++++++++++++++++++++++++++++++++++++++++++++

assert_is_solved_and_feasible(scuc) = nothing
solution_summary(scuc) = solution_summary(; result = 1, verbose = false)
├ solver_name          : Gurobi
├ Termination
│ ├ termination_status : OPTIMAL
│ ├ result_count       : 8
│ ├ raw_status         : Model was solved to optimality (subject to tolerances), and an optimal solution is available.
│ └ objective_bound    : 5.12501e+06
├ Solution (result = 1)
│ ├ primal_status        : FEASIBLE_POINT
│ ├ dual_status          : NO_SOLUTION
│ ├ objective_value      : 5.17139e+06
│ └ relative_gap         : 8.96732e-03
└ Work counters
  ├ solve_time (sec)   : 2.21240e+01
  ├ simplex_iterations : 58835
  ├ barrier_iterations : 0
  └ node_count         : 1


Termination Status: OPTIMAL
Acceptable solution found (Status: OPTIMAL).
Step-6: record datas
PART1: [unit-commitment] calculation result has been saved to: D:\GithubClonefiles\module_unitcommitment\output\pcm_com4_loadall_h72_20260814_193938\smooth\uc_ref\r01\output/details_schedule_results/pcm_simulation_results/intervels_[1]/res_schedule_commitment_result.txt
  ✓ Interval 1 optimization completed successfully
Extracting results from dictionary...
details [unit_commtiemnt] scheduling results have been saved!

================================================================================
Step 6: Aggregating total scheduling costs...
================================================================================
  ✓ Sequential PCM (integrated) completed successfully
  Total intervals processed: 1
  Results saved to: D:\GithubClonefiles\module_unitcommitment\output\pcm_com4_loadall_h72_20260814_193938\smooth\uc_ref\r01\output\details_schedule_results/pcm_simulation_results/summary_scheduling_report/
