Set parameter Username
Set parameter LicenseID to value 2754784
Academic license - for non-commercial use only - expires 2026-12-14
Set parameter Username
Set parameter LicenseID to value 2754784
Academic license - for non-commercial use only - expires 2026-12-14
Set parameter Username
Set parameter LicenseID to value 2754784
Academic license - for non-commercial use only - expires 2026-12-14
Set parameter Username
Set parameter LicenseID to value 2754784
Academic license - for non-commercial use only - expires 2026-12-14
Set parameter Username
Set parameter LicenseID to value 2754784
Academic license - for non-commercial use only - expires 2026-12-14
Set parameter Username
Set parameter LicenseID to value 2754784
Academic license - for non-commercial use only - expires 2026-12-14
Set parameter Username
Set parameter LicenseID to value 2754784
Academic license - for non-commercial use only - expires 2026-12-14
Set parameter Username
Set parameter LicenseID to value 2754784
Academic license - for non-commercial use only - expires 2026-12-14
Set parameter Username
Set parameter LicenseID to value 2754784
Academic license - for non-commercial use only - expires 2026-12-14
Set parameter Username
Set parameter LicenseID to value 2754784
Academic license - for non-commercial use only - expires 2026-12-14
Set parameter Username
Set parameter LicenseID to value 2754784
Academic license - for non-commercial use only - expires 2026-12-14
Set parameter Username
Set parameter LicenseID to value 2754784
Academic license - for non-commercial use only - expires 2026-12-14
	→ The [JULIA] environment_config has been loaded.
	→ the renewable energy curves module loaded.
	→ inputdata was written and reformatted for UC modeling.
	→ constraint modules included and functions exported.
	→ objective functions exported.
	→ utility functions exported.
	→ all boundary conditions validated.
	-> Benders decomposition [batch] subproblems and master problem successfully loaded.
	→ multicuts_libs have been loaded.
	→ constraint modules included and functions exported.
	→ objective functions exported.
	→ utility functions exported.
	→ all boundary conditions validated.
	-> Benders decomposition [batch] subproblems and master problem successfully loaded.
	→ multicuts_libs have been loaded.
Step-1: Pkgs and functions are loaded
Step-2: imput data are loaded
Initializing Benders Master Problem construction...
	 MILP_type objective_function 						 done
	 constraints: 1) minimum shutup/shutdown time limits			 done
	 constraints: 2) binary variable logic					 done
	 constraints: 3) shutup/shutdown cost					 done
	 constraints: master supply adequacy cuts				 done


scuc_masterproblem = A JuMP Model
├ solver: Gurobi
├ objective_sense: MIN_SENSE
│ └ objective_function_type: AffExpr
├ num_variables: 370
├ num_constraints: 891
│ ├ AffExpr in MOI.EqualTo{Float64}: 72
│ ├ AffExpr in MOI.GreaterThan{Float64}: 240
│ ├ AffExpr in MOI.LessThan{Float64}: 209
│ ├ VariableRef in MOI.GreaterThan{Float64}: 154
│ └ VariableRef in MOI.ZeroOne: 216
└ Names registered in the model
  └ :sd₀, :su₀, :u, :v, :x, :θ


Initializing Benders Subproblem (Recourse) construction...
	 LP_type subproblem objective_function 					 done
Objective function has been set.
	 constraints: 4) loadcurtailments and spoliedwinds			 done
	 constraints: 5) generatos power limits					 done
	 constraints: 6) system reserves limits					 done
	 constraints: 7) power balance constraints				 done
	 constraints: 8) ramp-up/ramp-down constraints				 done
	 constraints: 9) piece linearization constraints			 done
	 constraints: 10) transmissionline limits for basline			 done


scuc_subproblem = A JuMP Model
├ solver: Gurobi
├ objective_sense: MIN_SENSE
│ └ objective_function_type: AffExpr
├ num_variables: 960
├ num_constraints: 2112
│ ├ AffExpr in MOI.EqualTo{Float64}: 96
│ ├ AffExpr in MOI.GreaterThan{Float64}: 552
│ ├ AffExpr in MOI.LessThan{Float64}: 720
│ └ VariableRef in MOI.GreaterThan{Float64}: 744
└ Names registered in the model
  └ :pg₀, :pgₖ, :ramp_violation⁺, :ramp_violation⁻, :reserve_shortage⁺, :reserve_shortage⁻, :sr⁺, :sr⁻, :u, :v, :winds_curt_constr_for_eachscenario, :x, :Δpd, :Δpw


Initializing Benders Subproblem (Recourse) construction...
	 LP_type subproblem objective_function 					 done
Objective function has been set.
	 constraints: 4) loadcurtailments and spoliedwinds			 done
	 constraints: 5) generatos power limits					 done
	 constraints: 6) system reserves limits					 done
	 constraints: 7) power balance constraints				 done
	 constraints: 8) ramp-up/ramp-down constraints				 done
	 constraints: 9) piece linearization constraints			 done
	 constraints: 10) transmissionline limits for basline			 done


scuc_subproblem = A JuMP Model
├ solver: Gurobi
├ objective_sense: MIN_SENSE
│ └ objective_function_type: AffExpr
├ num_variables: 960
├ num_constraints: 2112
│ ├ AffExpr in MOI.EqualTo{Float64}: 96
│ ├ AffExpr in MOI.GreaterThan{Float64}: 552
│ ├ AffExpr in MOI.LessThan{Float64}: 720
│ └ VariableRef in MOI.GreaterThan{Float64}: 744
└ Names registered in the model
  └ :pg₀, :pgₖ, :ramp_violation⁺, :ramp_violation⁻, :reserve_shortage⁺, :reserve_shortage⁻, :sr⁺, :sr⁻, :u, :v, :winds_curt_constr_for_eachscenario, :x, :Δpd, :Δpw


Initializing Benders Subproblem (Recourse) construction...
	 LP_type subproblem objective_function 					 done
Objective function has been set.
	 constraints: 4) loadcurtailments and spoliedwinds			 done
	 constraints: 5) generatos power limits					 done
	 constraints: 6) system reserves limits					 done
	 constraints: 7) power balance constraints				 done
	 constraints: 8) ramp-up/ramp-down constraints				 done
	 constraints: 9) piece linearization constraints			 done
	 constraints: 10) transmissionline limits for basline			 done


scuc_subproblem = A JuMP Model
├ solver: Gurobi
├ objective_sense: MIN_SENSE
│ └ objective_function_type: AffExpr
├ num_variables: 960
├ num_constraints: 2112
│ ├ AffExpr in MOI.EqualTo{Float64}: 96
│ ├ AffExpr in MOI.GreaterThan{Float64}: 552
│ ├ AffExpr in MOI.LessThan{Float64}: 720
│ └ VariableRef in MOI.GreaterThan{Float64}: 744
└ Names registered in the model
  └ :pg₀, :pgₖ, :ramp_violation⁺, :ramp_violation⁻, :reserve_shortage⁺, :reserve_shortage⁻, :sr⁺, :sr⁻, :u, :v, :winds_curt_constr_for_eachscenario, :x, :Δpd, :Δpw


Initializing Benders Subproblem (Recourse) construction...
	 LP_type subproblem objective_function 					 done
Objective function has been set.
	 constraints: 4) loadcurtailments and spoliedwinds			 done
	 constraints: 5) generatos power limits					 done
	 constraints: 6) system reserves limits					 done
	 constraints: 7) power balance constraints				 done
	 constraints: 8) ramp-up/ramp-down constraints				 done
	 constraints: 9) piece linearization constraints			 done
	 constraints: 10) transmissionline limits for basline			 done


scuc_subproblem = A JuMP Model
├ solver: Gurobi
├ objective_sense: MIN_SENSE
│ └ objective_function_type: AffExpr
├ num_variables: 960
├ num_constraints: 2112
│ ├ AffExpr in MOI.EqualTo{Float64}: 96
│ ├ AffExpr in MOI.GreaterThan{Float64}: 552
│ ├ AffExpr in MOI.LessThan{Float64}: 720
│ └ VariableRef in MOI.GreaterThan{Float64}: 744
└ Names registered in the model
  └ :pg₀, :pgₖ, :ramp_violation⁺, :ramp_violation⁻, :reserve_shortage⁺, :reserve_shortage⁻, :sr⁺, :sr⁻, :u, :v, :winds_curt_constr_for_eachscenario, :x, :Δpd, :Δpw


Initializing Benders Subproblem (Recourse) construction...
	 LP_type subproblem objective_function 					 done
Objective function has been set.
	 constraints: 4) loadcurtailments and spoliedwinds			 done
	 constraints: 5) generatos power limits					 done
	 constraints: 6) system reserves limits					 done
	 constraints: 7) power balance constraints				 done
	 constraints: 8) ramp-up/ramp-down constraints				 done
	 constraints: 9) piece linearization constraints			 done
	 constraints: 10) transmissionline limits for basline			 done


scuc_subproblem = A JuMP Model
├ solver: Gurobi
├ objective_sense: MIN_SENSE
│ └ objective_function_type: AffExpr
├ num_variables: 960
├ num_constraints: 2112
│ ├ AffExpr in MOI.EqualTo{Float64}: 96
│ ├ AffExpr in MOI.GreaterThan{Float64}: 552
│ ├ AffExpr in MOI.LessThan{Float64}: 720
│ └ VariableRef in MOI.GreaterThan{Float64}: 744
└ Names registered in the model
  └ :pg₀, :pgₖ, :ramp_violation⁺, :ramp_violation⁻, :reserve_shortage⁺, :reserve_shortage⁻, :sr⁺, :sr⁻, :u, :v, :winds_curt_constr_for_eachscenario, :x, :Δpd, :Δpw


Initializing Benders Subproblem (Recourse) construction...
	 LP_type subproblem objective_function 					 done
Objective function has been set.
	 constraints: 4) loadcurtailments and spoliedwinds			 done
	 constraints: 5) generatos power limits					 done
	 constraints: 6) system reserves limits					 done
	 constraints: 7) power balance constraints				 done
	 constraints: 8) ramp-up/ramp-down constraints				 done
	 constraints: 9) piece linearization constraints			 done
	 constraints: 10) transmissionline limits for basline			 done


scuc_subproblem = A JuMP Model
├ solver: Gurobi
├ objective_sense: MIN_SENSE
│ └ objective_function_type: AffExpr
├ num_variables: 960
├ num_constraints: 2112
│ ├ AffExpr in MOI.EqualTo{Float64}: 96
│ ├ AffExpr in MOI.GreaterThan{Float64}: 552
│ ├ AffExpr in MOI.LessThan{Float64}: 720
│ └ VariableRef in MOI.GreaterThan{Float64}: 744
└ Names registered in the model
  └ :pg₀, :pgₖ, :ramp_violation⁺, :ramp_violation⁻, :reserve_shortage⁺, :reserve_shortage⁻, :sr⁺, :sr⁻, :u, :v, :winds_curt_constr_for_eachscenario, :x, :Δpd, :Δpw


Initializing Benders Subproblem (Recourse) construction...
	 LP_type subproblem objective_function 					 done
Objective function has been set.
	 constraints: 4) loadcurtailments and spoliedwinds			 done
	 constraints: 5) generatos power limits					 done
	 constraints: 6) system reserves limits					 done
	 constraints: 7) power balance constraints				 done
	 constraints: 8) ramp-up/ramp-down constraints				 done
	 constraints: 9) piece linearization constraints			 done
	 constraints: 10) transmissionline limits for basline			 done


scuc_subproblem = A JuMP Model
├ solver: Gurobi
├ objective_sense: MIN_SENSE
│ └ objective_function_type: AffExpr
├ num_variables: 960
├ num_constraints: 2112
│ ├ AffExpr in MOI.EqualTo{Float64}: 96
│ ├ AffExpr in MOI.GreaterThan{Float64}: 552
│ ├ AffExpr in MOI.LessThan{Float64}: 720
│ └ VariableRef in MOI.GreaterThan{Float64}: 744
└ Names registered in the model
  └ :pg₀, :pgₖ, :ramp_violation⁺, :ramp_violation⁻, :reserve_shortage⁺, :reserve_shortage⁻, :sr⁺, :sr⁻, :u, :v, :winds_curt_constr_for_eachscenario, :x, :Δpd, :Δpw


Initializing Benders Subproblem (Recourse) construction...
	 LP_type subproblem objective_function 					 done
Objective function has been set.
	 constraints: 4) loadcurtailments and spoliedwinds			 done
	 constraints: 5) generatos power limits					 done
	 constraints: 6) system reserves limits					 done
	 constraints: 7) power balance constraints				 done
	 constraints: 8) ramp-up/ramp-down constraints				 done
	 constraints: 9) piece linearization constraints			 done
	 constraints: 10) transmissionline limits for basline			 done


scuc_subproblem = A JuMP Model
├ solver: Gurobi
├ objective_sense: MIN_SENSE
│ └ objective_function_type: AffExpr
├ num_variables: 960
├ num_constraints: 2112
│ ├ AffExpr in MOI.EqualTo{Float64}: 96
│ ├ AffExpr in MOI.GreaterThan{Float64}: 552
│ ├ AffExpr in MOI.LessThan{Float64}: 720
│ └ VariableRef in MOI.GreaterThan{Float64}: 744
└ Names registered in the model
  └ :pg₀, :pgₖ, :ramp_violation⁺, :ramp_violation⁻, :reserve_shortage⁺, :reserve_shortage⁻, :sr⁺, :sr⁻, :u, :v, :winds_curt_constr_for_eachscenario, :x, :Δpd, :Δpw


Initializing Benders Subproblem (Recourse) construction...
	 LP_type subproblem objective_function 					 done
Objective function has been set.
	 constraints: 4) loadcurtailments and spoliedwinds			 done
	 constraints: 5) generatos power limits					 done
	 constraints: 6) system reserves limits					 done
	 constraints: 7) power balance constraints				 done
	 constraints: 8) ramp-up/ramp-down constraints				 done
	 constraints: 9) piece linearization constraints			 done
	 constraints: 10) transmissionline limits for basline			 done


scuc_subproblem = A JuMP Model
├ solver: Gurobi
├ objective_sense: MIN_SENSE
│ └ objective_function_type: AffExpr
├ num_variables: 960
├ num_constraints: 2112
│ ├ AffExpr in MOI.EqualTo{Float64}: 96
│ ├ AffExpr in MOI.GreaterThan{Float64}: 552
│ ├ AffExpr in MOI.LessThan{Float64}: 720
│ └ VariableRef in MOI.GreaterThan{Float64}: 744
└ Names registered in the model
  └ :pg₀, :pgₖ, :ramp_violation⁺, :ramp_violation⁻, :reserve_shortage⁺, :reserve_shortage⁻, :sr⁺, :sr⁻, :u, :v, :winds_curt_constr_for_eachscenario, :x, :Δpd, :Δpw


Initializing Benders Subproblem (Recourse) construction...
	 LP_type subproblem objective_function 					 done
Objective function has been set.
	 constraints: 4) loadcurtailments and spoliedwinds			 done
	 constraints: 5) generatos power limits					 done
	 constraints: 6) system reserves limits					 done
	 constraints: 7) power balance constraints				 done
	 constraints: 8) ramp-up/ramp-down constraints				 done
	 constraints: 9) piece linearization constraints			 done
	 constraints: 10) transmissionline limits for basline			 done


scuc_subproblem = A JuMP Model
├ solver: Gurobi
├ objective_sense: MIN_SENSE
│ └ objective_function_type: AffExpr
├ num_variables: 960
├ num_constraints: 2112
│ ├ AffExpr in MOI.EqualTo{Float64}: 96
│ ├ AffExpr in MOI.GreaterThan{Float64}: 552
│ ├ AffExpr in MOI.LessThan{Float64}: 720
│ └ VariableRef in MOI.GreaterThan{Float64}: 744
└ Names registered in the model
  └ :pg₀, :pgₖ, :ramp_violation⁺, :ramp_violation⁻, :reserve_shortage⁺, :reserve_shortage⁻, :sr⁺, :sr⁻, :u, :v, :winds_curt_constr_for_eachscenario, :x, :Δpd, :Δpw


Initializing Benders Subproblem (Recourse) construction...
	 LP_type subproblem objective_function 					 done
Objective function has been set.
	 constraints: 4) loadcurtailments and spoliedwinds			 done
	 constraints: 5) generatos power limits					 done
	 constraints: 6) system reserves limits					 done
	 constraints: 7) power balance constraints				 done
	 constraints: 8) ramp-up/ramp-down constraints				 done
	 constraints: 9) piece linearization constraints			 done
	 constraints: 10) transmissionline limits for basline			 done


scuc_subproblem = A JuMP Model
├ solver: Gurobi
├ objective_sense: MIN_SENSE
│ └ objective_function_type: AffExpr
├ num_variables: 960
├ num_constraints: 2112
│ ├ AffExpr in MOI.EqualTo{Float64}: 96
│ ├ AffExpr in MOI.GreaterThan{Float64}: 552
│ ├ AffExpr in MOI.LessThan{Float64}: 720
│ └ VariableRef in MOI.GreaterThan{Float64}: 744
└ Names registered in the model
  └ :pg₀, :pgₖ, :ramp_violation⁺, :ramp_violation⁻, :reserve_shortage⁺, :reserve_shortage⁻, :sr⁺, :sr⁻, :u, :v, :winds_curt_constr_for_eachscenario, :x, :Δpd, :Δpw


Starting (Strengthen) Benders decomposition algorithm
iteration start ...

====================================================
ITER 	 LOWER_bound 	    UPPER_bound   	 GAP
----------------------------------------------------
1              260            1.14639e+06    0.999773       
2              223484         1.14639e+06    0.805054       
3              230416         1.14639e+06    0.799007       
4              232717         1.14639e+06    0.797          
5              232717         1.14639e+06    0.797          
6              238569         1.14639e+06    0.791896       
7              241950         1.14639e+06    0.788946       
8              247801         1.14639e+06    0.783842       
9              305649         1.14639e+06    0.733381       
10             311500         1.14639e+06    0.728278       
11             314882         1.14639e+06    0.725328       
12             314882         1.14639e+06    0.725328       
13             314882         1.14639e+06    0.725328       
14             320733         1.14639e+06    0.720224       
15             320733         1.14639e+06    0.720224       
16             320733         1.14639e+06    0.720224       
17             324115         1.14639e+06    0.717274       
18             324115         1.14639e+06    0.717274       
19             324115         1.14639e+06    0.717274       
20             329966         1.14639e+06    0.71217        
21             329966         1.14639e+06    0.71217        
22             329966         1.14639e+06    0.71217        
23             333348         1.14639e+06    0.70922        
24             339199         487337         0.303976       
25             459933         487337         0.056233       
26             460061         487337         0.0559696      
27             465106         487337         0.0456188      
28             465234         487337         0.0453554      
29             486014         487337         0.00271554     
30             486198         486301         0.000210815    


====================================================
Convergence achieved - Optimal solution found
FINAL UPPER BOUND: 486300.72915864765
FINAL LOWER BOUND: 486198.20975567226
FINAL GAP:         0.00021081482471258035
====================================================
