Set parameter Username
Set parameter LicenseID to value 2754784
Academic license - for non-commercial use only - expires 2026-12-14
Set parameter Username
Set parameter LicenseID to value 2754784
Academic license - for non-commercial use only - expires 2026-12-14
Set parameter Username
Set parameter LicenseID to value 2754784
Academic license - for non-commercial use only - expires 2026-12-14
Set parameter Username
Set parameter LicenseID to value 2754784
Academic license - for non-commercial use only - expires 2026-12-14
Set parameter Username
Set parameter LicenseID to value 2754784
Academic license - for non-commercial use only - expires 2026-12-14
Set parameter Username
Set parameter LicenseID to value 2754784
Academic license - for non-commercial use only - expires 2026-12-14
Set parameter Username
Set parameter LicenseID to value 2754784
Academic license - for non-commercial use only - expires 2026-12-14
Set parameter Username
Set parameter LicenseID to value 2754784
Academic license - for non-commercial use only - expires 2026-12-14
Set parameter Username
Set parameter LicenseID to value 2754784
Academic license - for non-commercial use only - expires 2026-12-14
Set parameter Username
Set parameter LicenseID to value 2754784
Academic license - for non-commercial use only - expires 2026-12-14
Set parameter Username
Set parameter LicenseID to value 2754784
Academic license - for non-commercial use only - expires 2026-12-14
Set parameter Username
Set parameter LicenseID to value 2754784
Academic license - for non-commercial use only - expires 2026-12-14
Set parameter Username
Set parameter LicenseID to value 2754784
Academic license - for non-commercial use only - expires 2026-12-14
Set parameter Username
Set parameter LicenseID to value 2754784
Academic license - for non-commercial use only - expires 2026-12-14
Set parameter Username
Set parameter LicenseID to value 2754784
Academic license - for non-commercial use only - expires 2026-12-14
Set parameter Username
Set parameter LicenseID to value 2754784
Academic license - for non-commercial use only - expires 2026-12-14
Set parameter Username
Set parameter LicenseID to value 2754784
Academic license - for non-commercial use only - expires 2026-12-14
Set parameter Username
Set parameter LicenseID to value 2754784
Academic license - for non-commercial use only - expires 2026-12-14
Set parameter Username
Set parameter LicenseID to value 2754784
Academic license - for non-commercial use only - expires 2026-12-14
Set parameter Username
Set parameter LicenseID to value 2754784
Academic license - for non-commercial use only - expires 2026-12-14
Set parameter Username
Set parameter LicenseID to value 2754784
Academic license - for non-commercial use only - expires 2026-12-14
Set parameter Username
Set parameter LicenseID to value 2754784
Academic license - for non-commercial use only - expires 2026-12-14
Set parameter Username
Set parameter LicenseID to value 2754784
Academic license - for non-commercial use only - expires 2026-12-14
Set parameter Username
Set parameter LicenseID to value 2754784
Academic license - for non-commercial use only - expires 2026-12-14
Set parameter Username
Set parameter LicenseID to value 2754784
Academic license - for non-commercial use only - expires 2026-12-14
Set parameter Username
Set parameter LicenseID to value 2754784
Academic license - for non-commercial use only - expires 2026-12-14
Set parameter Username
Set parameter LicenseID to value 2754784
Academic license - for non-commercial use only - expires 2026-12-14
Set parameter Username
Set parameter LicenseID to value 2754784
Academic license - for non-commercial use only - expires 2026-12-14
Set parameter Username
Set parameter LicenseID to value 2754784
Academic license - for non-commercial use only - expires 2026-12-14
	→ The [JULIA] environment_config has been loaded.
	→ the renewable energy curves module loaded.
	→ inputdata was written and reformatted for UC modeling.
	→ constraint modules included and functions exported.
	→ objective functions exported.
	→ utility functions exported.
	→ all boundary conditions validated.
	-> Benders decomposition [batch] subproblems and master problem successfully loaded.
	→ multicuts_libs have been loaded.
	→ constraint modules included and functions exported.
	→ objective functions exported.
	→ utility functions exported.
	→ all boundary conditions validated.
	-> Benders decomposition [batch] subproblems and master problem successfully loaded.
	→ multicuts_libs have been loaded.
Step-1: Pkgs and functions are loaded
Step-2: imput data are loaded
Initializing Benders Master Problem construction...
	 MILP_type objective_function 						 done
	 constraints: 1) minimum shutup/shutdown time limits			 done
	 constraints: 2) binary variable logic					 done
	 constraints: 3) shutup/shutdown cost					 done
	 constraints: master supply adequacy cuts				 done


scuc_masterproblem = A JuMP Model
├ solver: Gurobi
├ objective_sense: MIN_SENSE
│ └ objective_function_type: AffExpr
├ num_variables: 410
├ num_constraints: 931
│ ├ AffExpr in MOI.EqualTo{Float64}: 72
│ ├ AffExpr in MOI.GreaterThan{Float64}: 240
│ ├ AffExpr in MOI.LessThan{Float64}: 209
│ ├ VariableRef in MOI.GreaterThan{Float64}: 194
│ └ VariableRef in MOI.ZeroOne: 216
└ Names registered in the model
  └ :sd₀, :su₀, :u, :v, :x, :θ


Initializing Benders Subproblem (Recourse) construction...
	 LP_type subproblem objective_function 					 done
Objective function has been set.
	 constraints: 4) loadcurtailments and spoliedwinds			 done
	 constraints: 5) generatos power limits					 done
	 constraints: 6) system reserves limits					 done
	 constraints: 7) power balance constraints				 done
	 constraints: 8) ramp-up/ramp-down constraints				 done
	 constraints: 9) piece linearization constraints			 done
	 constraints: 10) transmissionline limits for basline			 done


scuc_subproblem = A JuMP Model
├ solver: Gurobi
├ objective_sense: MIN_SENSE
│ └ objective_function_type: AffExpr
├ num_variables: 960
├ num_constraints: 2112
│ ├ AffExpr in MOI.EqualTo{Float64}: 96
│ ├ AffExpr in MOI.GreaterThan{Float64}: 552
│ ├ AffExpr in MOI.LessThan{Float64}: 720
│ └ VariableRef in MOI.GreaterThan{Float64}: 744
└ Names registered in the model
  └ :pg₀, :pgₖ, :ramp_violation⁺, :ramp_violation⁻, :reserve_shortage⁺, :reserve_shortage⁻, :sr⁺, :sr⁻, :u, :v, :winds_curt_constr_for_eachscenario, :x, :Δpd, :Δpw


Initializing Benders Subproblem (Recourse) construction...
	 LP_type subproblem objective_function 					 done
Objective function has been set.
	 constraints: 4) loadcurtailments and spoliedwinds			 done
	 constraints: 5) generatos power limits					 done
	 constraints: 6) system reserves limits					 done
	 constraints: 7) power balance constraints				 done
	 constraints: 8) ramp-up/ramp-down constraints				 done
	 constraints: 9) piece linearization constraints			 done
	 constraints: 10) transmissionline limits for basline			 done


scuc_subproblem = A JuMP Model
├ solver: Gurobi
├ objective_sense: MIN_SENSE
│ └ objective_function_type: AffExpr
├ num_variables: 960
├ num_constraints: 2112
│ ├ AffExpr in MOI.EqualTo{Float64}: 96
│ ├ AffExpr in MOI.GreaterThan{Float64}: 552
│ ├ AffExpr in MOI.LessThan{Float64}: 720
│ └ VariableRef in MOI.GreaterThan{Float64}: 744
└ Names registered in the model
  └ :pg₀, :pgₖ, :ramp_violation⁺, :ramp_violation⁻, :reserve_shortage⁺, :reserve_shortage⁻, :sr⁺, :sr⁻, :u, :v, :winds_curt_constr_for_eachscenario, :x, :Δpd, :Δpw


Initializing Benders Subproblem (Recourse) construction...
	 LP_type subproblem objective_function 					 done
Objective function has been set.
	 constraints: 4) loadcurtailments and spoliedwinds			 done
	 constraints: 5) generatos power limits					 done
	 constraints: 6) system reserves limits					 done
	 constraints: 7) power balance constraints				 done
	 constraints: 8) ramp-up/ramp-down constraints				 done
	 constraints: 9) piece linearization constraints			 done
	 constraints: 10) transmissionline limits for basline			 done


scuc_subproblem = A JuMP Model
├ solver: Gurobi
├ objective_sense: MIN_SENSE
│ └ objective_function_type: AffExpr
├ num_variables: 960
├ num_constraints: 2112
│ ├ AffExpr in MOI.EqualTo{Float64}: 96
│ ├ AffExpr in MOI.GreaterThan{Float64}: 552
│ ├ AffExpr in MOI.LessThan{Float64}: 720
│ └ VariableRef in MOI.GreaterThan{Float64}: 744
└ Names registered in the model
  └ :pg₀, :pgₖ, :ramp_violation⁺, :ramp_violation⁻, :reserve_shortage⁺, :reserve_shortage⁻, :sr⁺, :sr⁻, :u, :v, :winds_curt_constr_for_eachscenario, :x, :Δpd, :Δpw


Initializing Benders Subproblem (Recourse) construction...
	 LP_type subproblem objective_function 					 done
Objective function has been set.
	 constraints: 4) loadcurtailments and spoliedwinds			 done
	 constraints: 5) generatos power limits					 done
	 constraints: 6) system reserves limits					 done
	 constraints: 7) power balance constraints				 done
	 constraints: 8) ramp-up/ramp-down constraints				 done
	 constraints: 9) piece linearization constraints			 done
	 constraints: 10) transmissionline limits for basline			 done


scuc_subproblem = A JuMP Model
├ solver: Gurobi
├ objective_sense: MIN_SENSE
│ └ objective_function_type: AffExpr
├ num_variables: 960
├ num_constraints: 2112
│ ├ AffExpr in MOI.EqualTo{Float64}: 96
│ ├ AffExpr in MOI.GreaterThan{Float64}: 552
│ ├ AffExpr in MOI.LessThan{Float64}: 720
│ └ VariableRef in MOI.GreaterThan{Float64}: 744
└ Names registered in the model
  └ :pg₀, :pgₖ, :ramp_violation⁺, :ramp_violation⁻, :reserve_shortage⁺, :reserve_shortage⁻, :sr⁺, :sr⁻, :u, :v, :winds_curt_constr_for_eachscenario, :x, :Δpd, :Δpw


Initializing Benders Subproblem (Recourse) construction...
	 LP_type subproblem objective_function 					 done
Objective function has been set.
	 constraints: 4) loadcurtailments and spoliedwinds			 done
	 constraints: 5) generatos power limits					 done
	 constraints: 6) system reserves limits					 done
	 constraints: 7) power balance constraints				 done
	 constraints: 8) ramp-up/ramp-down constraints				 done
	 constraints: 9) piece linearization constraints			 done
	 constraints: 10) transmissionline limits for basline			 done


scuc_subproblem = A JuMP Model
├ solver: Gurobi
├ objective_sense: MIN_SENSE
│ └ objective_function_type: AffExpr
├ num_variables: 960
├ num_constraints: 2112
│ ├ AffExpr in MOI.EqualTo{Float64}: 96
│ ├ AffExpr in MOI.GreaterThan{Float64}: 552
│ ├ AffExpr in MOI.LessThan{Float64}: 720
│ └ VariableRef in MOI.GreaterThan{Float64}: 744
└ Names registered in the model
  └ :pg₀, :pgₖ, :ramp_violation⁺, :ramp_violation⁻, :reserve_shortage⁺, :reserve_shortage⁻, :sr⁺, :sr⁻, :u, :v, :winds_curt_constr_for_eachscenario, :x, :Δpd, :Δpw


Initializing Benders Subproblem (Recourse) construction...
	 LP_type subproblem objective_function 					 done
Objective function has been set.
	 constraints: 4) loadcurtailments and spoliedwinds			 done
	 constraints: 5) generatos power limits					 done
	 constraints: 6) system reserves limits					 done
	 constraints: 7) power balance constraints				 done
	 constraints: 8) ramp-up/ramp-down constraints				 done
	 constraints: 9) piece linearization constraints			 done
	 constraints: 10) transmissionline limits for basline			 done


scuc_subproblem = A JuMP Model
├ solver: Gurobi
├ objective_sense: MIN_SENSE
│ └ objective_function_type: AffExpr
├ num_variables: 960
├ num_constraints: 2112
│ ├ AffExpr in MOI.EqualTo{Float64}: 96
│ ├ AffExpr in MOI.GreaterThan{Float64}: 552
│ ├ AffExpr in MOI.LessThan{Float64}: 720
│ └ VariableRef in MOI.GreaterThan{Float64}: 744
└ Names registered in the model
  └ :pg₀, :pgₖ, :ramp_violation⁺, :ramp_violation⁻, :reserve_shortage⁺, :reserve_shortage⁻, :sr⁺, :sr⁻, :u, :v, :winds_curt_constr_for_eachscenario, :x, :Δpd, :Δpw


Initializing Benders Subproblem (Recourse) construction...
	 LP_type subproblem objective_function 					 done
Objective function has been set.
	 constraints: 4) loadcurtailments and spoliedwinds			 done
	 constraints: 5) generatos power limits					 done
	 constraints: 6) system reserves limits					 done
	 constraints: 7) power balance constraints				 done
	 constraints: 8) ramp-up/ramp-down constraints				 done
	 constraints: 9) piece linearization constraints			 done
	 constraints: 10) transmissionline limits for basline			 done


scuc_subproblem = A JuMP Model
├ solver: Gurobi
├ objective_sense: MIN_SENSE
│ └ objective_function_type: AffExpr
├ num_variables: 960
├ num_constraints: 2112
│ ├ AffExpr in MOI.EqualTo{Float64}: 96
│ ├ AffExpr in MOI.GreaterThan{Float64}: 552
│ ├ AffExpr in MOI.LessThan{Float64}: 720
│ └ VariableRef in MOI.GreaterThan{Float64}: 744
└ Names registered in the model
  └ :pg₀, :pgₖ, :ramp_violation⁺, :ramp_violation⁻, :reserve_shortage⁺, :reserve_shortage⁻, :sr⁺, :sr⁻, :u, :v, :winds_curt_constr_for_eachscenario, :x, :Δpd, :Δpw


Initializing Benders Subproblem (Recourse) construction...
	 LP_type subproblem objective_function 					 done
Objective function has been set.
	 constraints: 4) loadcurtailments and spoliedwinds			 done
	 constraints: 5) generatos power limits					 done
	 constraints: 6) system reserves limits					 done
	 constraints: 7) power balance constraints				 done
	 constraints: 8) ramp-up/ramp-down constraints				 done
	 constraints: 9) piece linearization constraints			 done
	 constraints: 10) transmissionline limits for basline			 done


scuc_subproblem = A JuMP Model
├ solver: Gurobi
├ objective_sense: MIN_SENSE
│ └ objective_function_type: AffExpr
├ num_variables: 960
├ num_constraints: 2112
│ ├ AffExpr in MOI.EqualTo{Float64}: 96
│ ├ AffExpr in MOI.GreaterThan{Float64}: 552
│ ├ AffExpr in MOI.LessThan{Float64}: 720
│ └ VariableRef in MOI.GreaterThan{Float64}: 744
└ Names registered in the model
  └ :pg₀, :pgₖ, :ramp_violation⁺, :ramp_violation⁻, :reserve_shortage⁺, :reserve_shortage⁻, :sr⁺, :sr⁻, :u, :v, :winds_curt_constr_for_eachscenario, :x, :Δpd, :Δpw


Initializing Benders Subproblem (Recourse) construction...
	 LP_type subproblem objective_function 					 done
Objective function has been set.
	 constraints: 4) loadcurtailments and spoliedwinds			 done
	 constraints: 5) generatos power limits					 done
	 constraints: 6) system reserves limits					 done
	 constraints: 7) power balance constraints				 done
	 constraints: 8) ramp-up/ramp-down constraints				 done
	 constraints: 9) piece linearization constraints			 done
	 constraints: 10) transmissionline limits for basline			 done


scuc_subproblem = A JuMP Model
├ solver: Gurobi
├ objective_sense: MIN_SENSE
│ └ objective_function_type: AffExpr
├ num_variables: 960
├ num_constraints: 2112
│ ├ AffExpr in MOI.EqualTo{Float64}: 96
│ ├ AffExpr in MOI.GreaterThan{Float64}: 552
│ ├ AffExpr in MOI.LessThan{Float64}: 720
│ └ VariableRef in MOI.GreaterThan{Float64}: 744
└ Names registered in the model
  └ :pg₀, :pgₖ, :ramp_violation⁺, :ramp_violation⁻, :reserve_shortage⁺, :reserve_shortage⁻, :sr⁺, :sr⁻, :u, :v, :winds_curt_constr_for_eachscenario, :x, :Δpd, :Δpw


Initializing Benders Subproblem (Recourse) construction...
	 LP_type subproblem objective_function 					 done
Objective function has been set.
	 constraints: 4) loadcurtailments and spoliedwinds			 done
	 constraints: 5) generatos power limits					 done
	 constraints: 6) system reserves limits					 done
	 constraints: 7) power balance constraints				 done
	 constraints: 8) ramp-up/ramp-down constraints				 done
	 constraints: 9) piece linearization constraints			 done
	 constraints: 10) transmissionline limits for basline			 done


scuc_subproblem = A JuMP Model
├ solver: Gurobi
├ objective_sense: MIN_SENSE
│ └ objective_function_type: AffExpr
├ num_variables: 960
├ num_constraints: 2112
│ ├ AffExpr in MOI.EqualTo{Float64}: 96
│ ├ AffExpr in MOI.GreaterThan{Float64}: 552
│ ├ AffExpr in MOI.LessThan{Float64}: 720
│ └ VariableRef in MOI.GreaterThan{Float64}: 744
└ Names registered in the model
  └ :pg₀, :pgₖ, :ramp_violation⁺, :ramp_violation⁻, :reserve_shortage⁺, :reserve_shortage⁻, :sr⁺, :sr⁻, :u, :v, :winds_curt_constr_for_eachscenario, :x, :Δpd, :Δpw


Initializing Benders Subproblem (Recourse) construction...
	 LP_type subproblem objective_function 					 done
Objective function has been set.
	 constraints: 4) loadcurtailments and spoliedwinds			 done
	 constraints: 5) generatos power limits					 done
	 constraints: 6) system reserves limits					 done
	 constraints: 7) power balance constraints				 done
	 constraints: 8) ramp-up/ramp-down constraints				 done
	 constraints: 9) piece linearization constraints			 done
	 constraints: 10) transmissionline limits for basline			 done


scuc_subproblem = A JuMP Model
├ solver: Gurobi
├ objective_sense: MIN_SENSE
│ └ objective_function_type: AffExpr
├ num_variables: 960
├ num_constraints: 2112
│ ├ AffExpr in MOI.EqualTo{Float64}: 96
│ ├ AffExpr in MOI.GreaterThan{Float64}: 552
│ ├ AffExpr in MOI.LessThan{Float64}: 720
│ └ VariableRef in MOI.GreaterThan{Float64}: 744
└ Names registered in the model
  └ :pg₀, :pgₖ, :ramp_violation⁺, :ramp_violation⁻, :reserve_shortage⁺, :reserve_shortage⁻, :sr⁺, :sr⁻, :u, :v, :winds_curt_constr_for_eachscenario, :x, :Δpd, :Δpw


Initializing Benders Subproblem (Recourse) construction...
	 LP_type subproblem objective_function 					 done
Objective function has been set.
	 constraints: 4) loadcurtailments and spoliedwinds			 done
	 constraints: 5) generatos power limits					 done
	 constraints: 6) system reserves limits					 done
	 constraints: 7) power balance constraints				 done
	 constraints: 8) ramp-up/ramp-down constraints				 done
	 constraints: 9) piece linearization constraints			 done
	 constraints: 10) transmissionline limits for basline			 done


scuc_subproblem = A JuMP Model
├ solver: Gurobi
├ objective_sense: MIN_SENSE
│ └ objective_function_type: AffExpr
├ num_variables: 960
├ num_constraints: 2112
│ ├ AffExpr in MOI.EqualTo{Float64}: 96
│ ├ AffExpr in MOI.GreaterThan{Float64}: 552
│ ├ AffExpr in MOI.LessThan{Float64}: 720
│ └ VariableRef in MOI.GreaterThan{Float64}: 744
└ Names registered in the model
  └ :pg₀, :pgₖ, :ramp_violation⁺, :ramp_violation⁻, :reserve_shortage⁺, :reserve_shortage⁻, :sr⁺, :sr⁻, :u, :v, :winds_curt_constr_for_eachscenario, :x, :Δpd, :Δpw


Initializing Benders Subproblem (Recourse) construction...
	 LP_type subproblem objective_function 					 done
Objective function has been set.
	 constraints: 4) loadcurtailments and spoliedwinds			 done
	 constraints: 5) generatos power limits					 done
	 constraints: 6) system reserves limits					 done
	 constraints: 7) power balance constraints				 done
	 constraints: 8) ramp-up/ramp-down constraints				 done
	 constraints: 9) piece linearization constraints			 done
	 constraints: 10) transmissionline limits for basline			 done


scuc_subproblem = A JuMP Model
├ solver: Gurobi
├ objective_sense: MIN_SENSE
│ └ objective_function_type: AffExpr
├ num_variables: 960
├ num_constraints: 2112
│ ├ AffExpr in MOI.EqualTo{Float64}: 96
│ ├ AffExpr in MOI.GreaterThan{Float64}: 552
│ ├ AffExpr in MOI.LessThan{Float64}: 720
│ └ VariableRef in MOI.GreaterThan{Float64}: 744
└ Names registered in the model
  └ :pg₀, :pgₖ, :ramp_violation⁺, :ramp_violation⁻, :reserve_shortage⁺, :reserve_shortage⁻, :sr⁺, :sr⁻, :u, :v, :winds_curt_constr_for_eachscenario, :x, :Δpd, :Δpw


Initializing Benders Subproblem (Recourse) construction...
	 LP_type subproblem objective_function 					 done
Objective function has been set.
	 constraints: 4) loadcurtailments and spoliedwinds			 done
	 constraints: 5) generatos power limits					 done
	 constraints: 6) system reserves limits					 done
	 constraints: 7) power balance constraints				 done
	 constraints: 8) ramp-up/ramp-down constraints				 done
	 constraints: 9) piece linearization constraints			 done
	 constraints: 10) transmissionline limits for basline			 done


scuc_subproblem = A JuMP Model
├ solver: Gurobi
├ objective_sense: MIN_SENSE
│ └ objective_function_type: AffExpr
├ num_variables: 960
├ num_constraints: 2112
│ ├ AffExpr in MOI.EqualTo{Float64}: 96
│ ├ AffExpr in MOI.GreaterThan{Float64}: 552
│ ├ AffExpr in MOI.LessThan{Float64}: 720
│ └ VariableRef in MOI.GreaterThan{Float64}: 744
└ Names registered in the model
  └ :pg₀, :pgₖ, :ramp_violation⁺, :ramp_violation⁻, :reserve_shortage⁺, :reserve_shortage⁻, :sr⁺, :sr⁻, :u, :v, :winds_curt_constr_for_eachscenario, :x, :Δpd, :Δpw


Initializing Benders Subproblem (Recourse) construction...
	 LP_type subproblem objective_function 					 done
Objective function has been set.
	 constraints: 4) loadcurtailments and spoliedwinds			 done
	 constraints: 5) generatos power limits					 done
	 constraints: 6) system reserves limits					 done
	 constraints: 7) power balance constraints				 done
	 constraints: 8) ramp-up/ramp-down constraints				 done
	 constraints: 9) piece linearization constraints			 done
	 constraints: 10) transmissionline limits for basline			 done


scuc_subproblem = A JuMP Model
├ solver: Gurobi
├ objective_sense: MIN_SENSE
│ └ objective_function_type: AffExpr
├ num_variables: 960
├ num_constraints: 2112
│ ├ AffExpr in MOI.EqualTo{Float64}: 96
│ ├ AffExpr in MOI.GreaterThan{Float64}: 552
│ ├ AffExpr in MOI.LessThan{Float64}: 720
│ └ VariableRef in MOI.GreaterThan{Float64}: 744
└ Names registered in the model
  └ :pg₀, :pgₖ, :ramp_violation⁺, :ramp_violation⁻, :reserve_shortage⁺, :reserve_shortage⁻, :sr⁺, :sr⁻, :u, :v, :winds_curt_constr_for_eachscenario, :x, :Δpd, :Δpw


Initializing Benders Subproblem (Recourse) construction...
	 LP_type subproblem objective_function 					 done
Objective function has been set.
	 constraints: 4) loadcurtailments and spoliedwinds			 done
	 constraints: 5) generatos power limits					 done
	 constraints: 6) system reserves limits					 done
	 constraints: 7) power balance constraints				 done
	 constraints: 8) ramp-up/ramp-down constraints				 done
	 constraints: 9) piece linearization constraints			 done
	 constraints: 10) transmissionline limits for basline			 done


scuc_subproblem = A JuMP Model
├ solver: Gurobi
├ objective_sense: MIN_SENSE
│ └ objective_function_type: AffExpr
├ num_variables: 960
├ num_constraints: 2112
│ ├ AffExpr in MOI.EqualTo{Float64}: 96
│ ├ AffExpr in MOI.GreaterThan{Float64}: 552
│ ├ AffExpr in MOI.LessThan{Float64}: 720
│ └ VariableRef in MOI.GreaterThan{Float64}: 744
└ Names registered in the model
  └ :pg₀, :pgₖ, :ramp_violation⁺, :ramp_violation⁻, :reserve_shortage⁺, :reserve_shortage⁻, :sr⁺, :sr⁻, :u, :v, :winds_curt_constr_for_eachscenario, :x, :Δpd, :Δpw


Initializing Benders Subproblem (Recourse) construction...
	 LP_type subproblem objective_function 					 done
Objective function has been set.
	 constraints: 4) loadcurtailments and spoliedwinds			 done
	 constraints: 5) generatos power limits					 done
	 constraints: 6) system reserves limits					 done
	 constraints: 7) power balance constraints				 done
	 constraints: 8) ramp-up/ramp-down constraints				 done
	 constraints: 9) piece linearization constraints			 done
	 constraints: 10) transmissionline limits for basline			 done


scuc_subproblem = A JuMP Model
├ solver: Gurobi
├ objective_sense: MIN_SENSE
│ └ objective_function_type: AffExpr
├ num_variables: 960
├ num_constraints: 2112
│ ├ AffExpr in MOI.EqualTo{Float64}: 96
│ ├ AffExpr in MOI.GreaterThan{Float64}: 552
│ ├ AffExpr in MOI.LessThan{Float64}: 720
│ └ VariableRef in MOI.GreaterThan{Float64}: 744
└ Names registered in the model
  └ :pg₀, :pgₖ, :ramp_violation⁺, :ramp_violation⁻, :reserve_shortage⁺, :reserve_shortage⁻, :sr⁺, :sr⁻, :u, :v, :winds_curt_constr_for_eachscenario, :x, :Δpd, :Δpw


Initializing Benders Subproblem (Recourse) construction...
	 LP_type subproblem objective_function 					 done
Objective function has been set.
	 constraints: 4) loadcurtailments and spoliedwinds			 done
	 constraints: 5) generatos power limits					 done
	 constraints: 6) system reserves limits					 done
	 constraints: 7) power balance constraints				 done
	 constraints: 8) ramp-up/ramp-down constraints				 done
	 constraints: 9) piece linearization constraints			 done
	 constraints: 10) transmissionline limits for basline			 done


scuc_subproblem = A JuMP Model
├ solver: Gurobi
├ objective_sense: MIN_SENSE
│ └ objective_function_type: AffExpr
├ num_variables: 960
├ num_constraints: 2112
│ ├ AffExpr in MOI.EqualTo{Float64}: 96
│ ├ AffExpr in MOI.GreaterThan{Float64}: 552
│ ├ AffExpr in MOI.LessThan{Float64}: 720
│ └ VariableRef in MOI.GreaterThan{Float64}: 744
└ Names registered in the model
  └ :pg₀, :pgₖ, :ramp_violation⁺, :ramp_violation⁻, :reserve_shortage⁺, :reserve_shortage⁻, :sr⁺, :sr⁻, :u, :v, :winds_curt_constr_for_eachscenario, :x, :Δpd, :Δpw


Initializing Benders Subproblem (Recourse) construction...
	 LP_type subproblem objective_function 					 done
Objective function has been set.
	 constraints: 4) loadcurtailments and spoliedwinds			 done
	 constraints: 5) generatos power limits					 done
	 constraints: 6) system reserves limits					 done
	 constraints: 7) power balance constraints				 done
	 constraints: 8) ramp-up/ramp-down constraints				 done
	 constraints: 9) piece linearization constraints			 done
	 constraints: 10) transmissionline limits for basline			 done


scuc_subproblem = A JuMP Model
├ solver: Gurobi
├ objective_sense: MIN_SENSE
│ └ objective_function_type: AffExpr
├ num_variables: 960
├ num_constraints: 2112
│ ├ AffExpr in MOI.EqualTo{Float64}: 96
│ ├ AffExpr in MOI.GreaterThan{Float64}: 552
│ ├ AffExpr in MOI.LessThan{Float64}: 720
│ └ VariableRef in MOI.GreaterThan{Float64}: 744
└ Names registered in the model
  └ :pg₀, :pgₖ, :ramp_violation⁺, :ramp_violation⁻, :reserve_shortage⁺, :reserve_shortage⁻, :sr⁺, :sr⁻, :u, :v, :winds_curt_constr_for_eachscenario, :x, :Δpd, :Δpw


Initializing Benders Subproblem (Recourse) construction...
	 LP_type subproblem objective_function 					 done
Objective function has been set.
	 constraints: 4) loadcurtailments and spoliedwinds			 done
	 constraints: 5) generatos power limits					 done
	 constraints: 6) system reserves limits					 done
	 constraints: 7) power balance constraints				 done
	 constraints: 8) ramp-up/ramp-down constraints				 done
	 constraints: 9) piece linearization constraints			 done
	 constraints: 10) transmissionline limits for basline			 done


scuc_subproblem = A JuMP Model
├ solver: Gurobi
├ objective_sense: MIN_SENSE
│ └ objective_function_type: AffExpr
├ num_variables: 960
├ num_constraints: 2112
│ ├ AffExpr in MOI.EqualTo{Float64}: 96
│ ├ AffExpr in MOI.GreaterThan{Float64}: 552
│ ├ AffExpr in MOI.LessThan{Float64}: 720
│ └ VariableRef in MOI.GreaterThan{Float64}: 744
└ Names registered in the model
  └ :pg₀, :pgₖ, :ramp_violation⁺, :ramp_violation⁻, :reserve_shortage⁺, :reserve_shortage⁻, :sr⁺, :sr⁻, :u, :v, :winds_curt_constr_for_eachscenario, :x, :Δpd, :Δpw


Initializing Benders Subproblem (Recourse) construction...
	 LP_type subproblem objective_function 					 done
Objective function has been set.
	 constraints: 4) loadcurtailments and spoliedwinds			 done
	 constraints: 5) generatos power limits					 done
	 constraints: 6) system reserves limits					 done
	 constraints: 7) power balance constraints				 done
	 constraints: 8) ramp-up/ramp-down constraints				 done
	 constraints: 9) piece linearization constraints			 done
	 constraints: 10) transmissionline limits for basline			 done


scuc_subproblem = A JuMP Model
├ solver: Gurobi
├ objective_sense: MIN_SENSE
│ └ objective_function_type: AffExpr
├ num_variables: 960
├ num_constraints: 2112
│ ├ AffExpr in MOI.EqualTo{Float64}: 96
│ ├ AffExpr in MOI.GreaterThan{Float64}: 552
│ ├ AffExpr in MOI.LessThan{Float64}: 720
│ └ VariableRef in MOI.GreaterThan{Float64}: 744
└ Names registered in the model
  └ :pg₀, :pgₖ, :ramp_violation⁺, :ramp_violation⁻, :reserve_shortage⁺, :reserve_shortage⁻, :sr⁺, :sr⁻, :u, :v, :winds_curt_constr_for_eachscenario, :x, :Δpd, :Δpw


Initializing Benders Subproblem (Recourse) construction...
	 LP_type subproblem objective_function 					 done
Objective function has been set.
	 constraints: 4) loadcurtailments and spoliedwinds			 done
	 constraints: 5) generatos power limits					 done
	 constraints: 6) system reserves limits					 done
	 constraints: 7) power balance constraints				 done
	 constraints: 8) ramp-up/ramp-down constraints				 done
	 constraints: 9) piece linearization constraints			 done
	 constraints: 10) transmissionline limits for basline			 done


scuc_subproblem = A JuMP Model
├ solver: Gurobi
├ objective_sense: MIN_SENSE
│ └ objective_function_type: AffExpr
├ num_variables: 960
├ num_constraints: 2112
│ ├ AffExpr in MOI.EqualTo{Float64}: 96
│ ├ AffExpr in MOI.GreaterThan{Float64}: 552
│ ├ AffExpr in MOI.LessThan{Float64}: 720
│ └ VariableRef in MOI.GreaterThan{Float64}: 744
└ Names registered in the model
  └ :pg₀, :pgₖ, :ramp_violation⁺, :ramp_violation⁻, :reserve_shortage⁺, :reserve_shortage⁻, :sr⁺, :sr⁻, :u, :v, :winds_curt_constr_for_eachscenario, :x, :Δpd, :Δpw


Initializing Benders Subproblem (Recourse) construction...
	 LP_type subproblem objective_function 					 done
Objective function has been set.
	 constraints: 4) loadcurtailments and spoliedwinds			 done
	 constraints: 5) generatos power limits					 done
	 constraints: 6) system reserves limits					 done
	 constraints: 7) power balance constraints				 done
	 constraints: 8) ramp-up/ramp-down constraints				 done
	 constraints: 9) piece linearization constraints			 done
	 constraints: 10) transmissionline limits for basline			 done


scuc_subproblem = A JuMP Model
├ solver: Gurobi
├ objective_sense: MIN_SENSE
│ └ objective_function_type: AffExpr
├ num_variables: 960
├ num_constraints: 2112
│ ├ AffExpr in MOI.EqualTo{Float64}: 96
│ ├ AffExpr in MOI.GreaterThan{Float64}: 552
│ ├ AffExpr in MOI.LessThan{Float64}: 720
│ └ VariableRef in MOI.GreaterThan{Float64}: 744
└ Names registered in the model
  └ :pg₀, :pgₖ, :ramp_violation⁺, :ramp_violation⁻, :reserve_shortage⁺, :reserve_shortage⁻, :sr⁺, :sr⁻, :u, :v, :winds_curt_constr_for_eachscenario, :x, :Δpd, :Δpw


Initializing Benders Subproblem (Recourse) construction...
	 LP_type subproblem objective_function 					 done
Objective function has been set.
	 constraints: 4) loadcurtailments and spoliedwinds			 done
	 constraints: 5) generatos power limits					 done
	 constraints: 6) system reserves limits					 done
	 constraints: 7) power balance constraints				 done
	 constraints: 8) ramp-up/ramp-down constraints				 done
	 constraints: 9) piece linearization constraints			 done
	 constraints: 10) transmissionline limits for basline			 done


scuc_subproblem = A JuMP Model
├ solver: Gurobi
├ objective_sense: MIN_SENSE
│ └ objective_function_type: AffExpr
├ num_variables: 960
├ num_constraints: 2112
│ ├ AffExpr in MOI.EqualTo{Float64}: 96
│ ├ AffExpr in MOI.GreaterThan{Float64}: 552
│ ├ AffExpr in MOI.LessThan{Float64}: 720
│ └ VariableRef in MOI.GreaterThan{Float64}: 744
└ Names registered in the model
  └ :pg₀, :pgₖ, :ramp_violation⁺, :ramp_violation⁻, :reserve_shortage⁺, :reserve_shortage⁻, :sr⁺, :sr⁻, :u, :v, :winds_curt_constr_for_eachscenario, :x, :Δpd, :Δpw


Initializing Benders Subproblem (Recourse) construction...
	 LP_type subproblem objective_function 					 done
Objective function has been set.
	 constraints: 4) loadcurtailments and spoliedwinds			 done
	 constraints: 5) generatos power limits					 done
	 constraints: 6) system reserves limits					 done
	 constraints: 7) power balance constraints				 done
	 constraints: 8) ramp-up/ramp-down constraints				 done
	 constraints: 9) piece linearization constraints			 done
	 constraints: 10) transmissionline limits for basline			 done


scuc_subproblem = A JuMP Model
├ solver: Gurobi
├ objective_sense: MIN_SENSE
│ └ objective_function_type: AffExpr
├ num_variables: 960
├ num_constraints: 2112
│ ├ AffExpr in MOI.EqualTo{Float64}: 96
│ ├ AffExpr in MOI.GreaterThan{Float64}: 552
│ ├ AffExpr in MOI.LessThan{Float64}: 720
│ └ VariableRef in MOI.GreaterThan{Float64}: 744
└ Names registered in the model
  └ :pg₀, :pgₖ, :ramp_violation⁺, :ramp_violation⁻, :reserve_shortage⁺, :reserve_shortage⁻, :sr⁺, :sr⁻, :u, :v, :winds_curt_constr_for_eachscenario, :x, :Δpd, :Δpw


Initializing Benders Subproblem (Recourse) construction...
	 LP_type subproblem objective_function 					 done
Objective function has been set.
	 constraints: 4) loadcurtailments and spoliedwinds			 done
	 constraints: 5) generatos power limits					 done
	 constraints: 6) system reserves limits					 done
	 constraints: 7) power balance constraints				 done
	 constraints: 8) ramp-up/ramp-down constraints				 done
	 constraints: 9) piece linearization constraints			 done
	 constraints: 10) transmissionline limits for basline			 done


scuc_subproblem = A JuMP Model
├ solver: Gurobi
├ objective_sense: MIN_SENSE
│ └ objective_function_type: AffExpr
├ num_variables: 960
├ num_constraints: 2112
│ ├ AffExpr in MOI.EqualTo{Float64}: 96
│ ├ AffExpr in MOI.GreaterThan{Float64}: 552
│ ├ AffExpr in MOI.LessThan{Float64}: 720
│ └ VariableRef in MOI.GreaterThan{Float64}: 744
└ Names registered in the model
  └ :pg₀, :pgₖ, :ramp_violation⁺, :ramp_violation⁻, :reserve_shortage⁺, :reserve_shortage⁻, :sr⁺, :sr⁻, :u, :v, :winds_curt_constr_for_eachscenario, :x, :Δpd, :Δpw


Initializing Benders Subproblem (Recourse) construction...
	 LP_type subproblem objective_function 					 done
Objective function has been set.
	 constraints: 4) loadcurtailments and spoliedwinds			 done
	 constraints: 5) generatos power limits					 done
	 constraints: 6) system reserves limits					 done
	 constraints: 7) power balance constraints				 done
	 constraints: 8) ramp-up/ramp-down constraints				 done
	 constraints: 9) piece linearization constraints			 done
	 constraints: 10) transmissionline limits for basline			 done


scuc_subproblem = A JuMP Model
├ solver: Gurobi
├ objective_sense: MIN_SENSE
│ └ objective_function_type: AffExpr
├ num_variables: 960
├ num_constraints: 2112
│ ├ AffExpr in MOI.EqualTo{Float64}: 96
│ ├ AffExpr in MOI.GreaterThan{Float64}: 552
│ ├ AffExpr in MOI.LessThan{Float64}: 720
│ └ VariableRef in MOI.GreaterThan{Float64}: 744
└ Names registered in the model
  └ :pg₀, :pgₖ, :ramp_violation⁺, :ramp_violation⁻, :reserve_shortage⁺, :reserve_shortage⁻, :sr⁺, :sr⁻, :u, :v, :winds_curt_constr_for_eachscenario, :x, :Δpd, :Δpw


Initializing Benders Subproblem (Recourse) construction...
	 LP_type subproblem objective_function 					 done
Objective function has been set.
	 constraints: 4) loadcurtailments and spoliedwinds			 done
	 constraints: 5) generatos power limits					 done
	 constraints: 6) system reserves limits					 done
	 constraints: 7) power balance constraints				 done
	 constraints: 8) ramp-up/ramp-down constraints				 done
	 constraints: 9) piece linearization constraints			 done
	 constraints: 10) transmissionline limits for basline			 done


scuc_subproblem = Set parameter Username
Set parameter LicenseID to value 2754784
Academic license - for non-commercial use only - expires 2026-12-14
Set parameter Username
Set parameter LicenseID to value 2754784
Academic license - for non-commercial use only - expires 2026-12-14
Set parameter Username
Set parameter LicenseID to value 2754784
Academic license - for non-commercial use only - expires 2026-12-14
Set parameter Username
Set parameter LicenseID to value 2754784
Academic license - for non-commercial use only - expires 2026-12-14
Set parameter Username
Set parameter LicenseID to value 2754784
Academic license - for non-commercial use only - expires 2026-12-14
Set parameter Username
Set parameter LicenseID to value 2754784
Academic license - for non-commercial use only - expires 2026-12-14
Set parameter Username
Set parameter LicenseID to value 2754784
Academic license - for non-commercial use only - expires 2026-12-14
Set parameter Username
Set parameter LicenseID to value 2754784
Academic license - for non-commercial use only - expires 2026-12-14
Set parameter Username
Set parameter LicenseID to value 2754784
Academic license - for non-commercial use only - expires 2026-12-14
Set parameter Username
Set parameter LicenseID to value 2754784
Academic license - for non-commercial use only - expires 2026-12-14
Set parameter Username
Set parameter LicenseID to value 2754784
Academic license - for non-commercial use only - expires 2026-12-14
Set parameter Username
Set parameter LicenseID to value 2754784
Academic license - for non-commercial use only - expires 2026-12-14
Set parameter Username
Set parameter LicenseID to value 2754784
Academic license - for non-commercial use only - expires 2026-12-14
Set parameter Username
Set parameter LicenseID to value 2754784
Academic license - for non-commercial use only - expires 2026-12-14
Set parameter Username
Set parameter LicenseID to value 2754784
Academic license - for non-commercial use only - expires 2026-12-14
Set parameter Username
Set parameter LicenseID to value 2754784
Academic license - for non-commercial use only - expires 2026-12-14
Set parameter Username
Set parameter LicenseID to value 2754784
Academic license - for non-commercial use only - expires 2026-12-14
Set parameter Username
Set parameter LicenseID to value 2754784
Academic license - for non-commercial use only - expires 2026-12-14
Set parameter Username
Set parameter LicenseID to value 2754784
Academic license - for non-commercial use only - expires 2026-12-14
Set parameter Username
Set parameter LicenseID to value 2754784
Academic license - for non-commercial use only - expires 2026-12-14
Set parameter Username
Set parameter LicenseID to value 2754784
Academic license - for non-commercial use only - expires 2026-12-14
Set parameter Username
Set parameter LicenseID to value 2754784
Academic license - for non-commercial use only - expires 2026-12-14
Set parameter Username
Set parameter LicenseID to value 2754784
Academic license - for non-commercial use only - expires 2026-12-14
A JuMP Model
├ solver: Gurobi
├ objective_sense: MIN_SENSE
│ └ objective_function_type: AffExpr
├ num_variables: 960
├ num_constraints: 2112
│ ├ AffExpr in MOI.EqualTo{Float64}: 96
│ ├ AffExpr in MOI.GreaterThan{Float64}: 552
│ ├ AffExpr in MOI.LessThan{Float64}: 720
│ └ VariableRef in MOI.GreaterThan{Float64}: 744
└ Names registered in the model
  └ :pg₀, :pgₖ, :ramp_violation⁺, :ramp_violation⁻, :reserve_shortage⁺, :reserve_shortage⁻, :sr⁺, :sr⁻, :u, :v, :winds_curt_constr_for_eachscenario, :x, :Δpd, :Δpw


Initializing Benders Subproblem (Recourse) construction...
	 LP_type subproblem objective_function 					 done
Objective function has been set.
	 constraints: 4) loadcurtailments and spoliedwinds			 done
	 constraints: 5) generatos power limits					 done
	 constraints: 6) system reserves limits					 done
	 constraints: 7) power balance constraints				 done
	 constraints: 8) ramp-up/ramp-down constraints				 done
	 constraints: 9) piece linearization constraints			 done
	 constraints: 10) transmissionline limits for basline			 done


scuc_subproblem = A JuMP Model
├ solver: Gurobi
├ objective_sense: MIN_SENSE
│ └ objective_function_type: AffExpr
├ num_variables: 960
├ num_constraints: 2112
│ ├ AffExpr in MOI.EqualTo{Float64}: 96
│ ├ AffExpr in MOI.GreaterThan{Float64}: 552
│ ├ AffExpr in MOI.LessThan{Float64}: 720
│ └ VariableRef in MOI.GreaterThan{Float64}: 744
└ Names registered in the model
  └ :pg₀, :pgₖ, :ramp_violation⁺, :ramp_violation⁻, :reserve_shortage⁺, :reserve_shortage⁻, :sr⁺, :sr⁻, :u, :v, :winds_curt_constr_for_eachscenario, :x, :Δpd, :Δpw


Initializing Benders Subproblem (Recourse) construction...
	 LP_type subproblem objective_function 					 done
Objective function has been set.
	 constraints: 4) loadcurtailments and spoliedwinds			 done
	 constraints: 5) generatos power limits					 done
	 constraints: 6) system reserves limits					 done
	 constraints: 7) power balance constraints				 done
	 constraints: 8) ramp-up/ramp-down constraints				 done
	 constraints: 9) piece linearization constraints			 done
	 constraints: 10) transmissionline limits for basline			 done


scuc_subproblem = A JuMP Model
├ solver: Gurobi
├ objective_sense: MIN_SENSE
│ └ objective_function_type: AffExpr
├ num_variables: 960
├ num_constraints: 2112
│ ├ AffExpr in MOI.EqualTo{Float64}: 96
│ ├ AffExpr in MOI.GreaterThan{Float64}: 552
│ ├ AffExpr in MOI.LessThan{Float64}: 720
│ └ VariableRef in MOI.GreaterThan{Float64}: 744
└ Names registered in the model
  └ :pg₀, :pgₖ, :ramp_violation⁺, :ramp_violation⁻, :reserve_shortage⁺, :reserve_shortage⁻, :sr⁺, :sr⁻, :u, :v, :winds_curt_constr_for_eachscenario, :x, :Δpd, :Δpw


Initializing Benders Subproblem (Recourse) construction...
	 LP_type subproblem objective_function 					 done
Objective function has been set.
	 constraints: 4) loadcurtailments and spoliedwinds			 done
	 constraints: 5) generatos power limits					 done
	 constraints: 6) system reserves limits					 done
	 constraints: 7) power balance constraints				 done
	 constraints: 8) ramp-up/ramp-down constraints				 done
	 constraints: 9) piece linearization constraints			 done
	 constraints: 10) transmissionline limits for basline			 done


scuc_subproblem = A JuMP Model
├ solver: Gurobi
├ objective_sense: MIN_SENSE
│ └ objective_function_type: AffExpr
├ num_variables: 960
├ num_constraints: 2112
│ ├ AffExpr in MOI.EqualTo{Float64}: 96
│ ├ AffExpr in MOI.GreaterThan{Float64}: 552
│ ├ AffExpr in MOI.LessThan{Float64}: 720
│ └ VariableRef in MOI.GreaterThan{Float64}: 744
└ Names registered in the model
  └ :pg₀, :pgₖ, :ramp_violation⁺, :ramp_violation⁻, :reserve_shortage⁺, :reserve_shortage⁻, :sr⁺, :sr⁻, :u, :v, :winds_curt_constr_for_eachscenario, :x, :Δpd, :Δpw


Initializing Benders Subproblem (Recourse) construction...
	 LP_type subproblem objective_function 					 done
Objective function has been set.
	 constraints: 4) loadcurtailments and spoliedwinds			 done
	 constraints: 5) generatos power limits					 done
	 constraints: 6) system reserves limits					 done
	 constraints: 7) power balance constraints				 done
	 constraints: 8) ramp-up/ramp-down constraints				 done
	 constraints: 9) piece linearization constraints			 done
	 constraints: 10) transmissionline limits for basline			 done


scuc_subproblem = A JuMP Model
├ solver: Gurobi
├ objective_sense: MIN_SENSE
│ └ objective_function_type: AffExpr
├ num_variables: 960
├ num_constraints: 2112
│ ├ AffExpr in MOI.EqualTo{Float64}: 96
│ ├ AffExpr in MOI.GreaterThan{Float64}: 552
│ ├ AffExpr in MOI.LessThan{Float64}: 720
│ └ VariableRef in MOI.GreaterThan{Float64}: 744
└ Names registered in the model
  └ :pg₀, :pgₖ, :ramp_violation⁺, :ramp_violation⁻, :reserve_shortage⁺, :reserve_shortage⁻, :sr⁺, :sr⁻, :u, :v, :winds_curt_constr_for_eachscenario, :x, :Δpd, :Δpw


Initializing Benders Subproblem (Recourse) construction...
	 LP_type subproblem objective_function 					 done
Objective function has been set.
	 constraints: 4) loadcurtailments and spoliedwinds			 done
	 constraints: 5) generatos power limits					 done
	 constraints: 6) system reserves limits					 done
	 constraints: 7) power balance constraints				 done
	 constraints: 8) ramp-up/ramp-down constraints				 done
	 constraints: 9) piece linearization constraints			 done
	 constraints: 10) transmissionline limits for basline			 done


scuc_subproblem = A JuMP Model
├ solver: Gurobi
├ objective_sense: MIN_SENSE
│ └ objective_function_type: AffExpr
├ num_variables: 960
├ num_constraints: 2112
│ ├ AffExpr in MOI.EqualTo{Float64}: 96
│ ├ AffExpr in MOI.GreaterThan{Float64}: 552
│ ├ AffExpr in MOI.LessThan{Float64}: 720
│ └ VariableRef in MOI.GreaterThan{Float64}: 744
└ Names registered in the model
  └ :pg₀, :pgₖ, :ramp_violation⁺, :ramp_violation⁻, :reserve_shortage⁺, :reserve_shortage⁻, :sr⁺, :sr⁻, :u, :v, :winds_curt_constr_for_eachscenario, :x, :Δpd, :Δpw


Initializing Benders Subproblem (Recourse) construction...
	 LP_type subproblem objective_function 					 done
Objective function has been set.
	 constraints: 4) loadcurtailments and spoliedwinds			 done
	 constraints: 5) generatos power limits					 done
	 constraints: 6) system reserves limits					 done
	 constraints: 7) power balance constraints				 done
	 constraints: 8) ramp-up/ramp-down constraints				 done
	 constraints: 9) piece linearization constraints			 done
	 constraints: 10) transmissionline limits for basline			 done


scuc_subproblem = A JuMP Model
├ solver: Gurobi
├ objective_sense: MIN_SENSE
│ └ objective_function_type: AffExpr
├ num_variables: 960
├ num_constraints: 2112
│ ├ AffExpr in MOI.EqualTo{Float64}: 96
│ ├ AffExpr in MOI.GreaterThan{Float64}: 552
│ ├ AffExpr in MOI.LessThan{Float64}: 720
│ └ VariableRef in MOI.GreaterThan{Float64}: 744
└ Names registered in the model
  └ :pg₀, :pgₖ, :ramp_violation⁺, :ramp_violation⁻, :reserve_shortage⁺, :reserve_shortage⁻, :sr⁺, :sr⁻, :u, :v, :winds_curt_constr_for_eachscenario, :x, :Δpd, :Δpw


Initializing Benders Subproblem (Recourse) construction...
	 LP_type subproblem objective_function 					 done
Objective function has been set.
	 constraints: 4) loadcurtailments and spoliedwinds			 done
	 constraints: 5) generatos power limits					 done
	 constraints: 6) system reserves limits					 done
	 constraints: 7) power balance constraints				 done
	 constraints: 8) ramp-up/ramp-down constraints				 done
	 constraints: 9) piece linearization constraints			 done
	 constraints: 10) transmissionline limits for basline			 done


scuc_subproblem = A JuMP Model
├ solver: Gurobi
├ objective_sense: MIN_SENSE
│ └ objective_function_type: AffExpr
├ num_variables: 960
├ num_constraints: 2112
│ ├ AffExpr in MOI.EqualTo{Float64}: 96
│ ├ AffExpr in MOI.GreaterThan{Float64}: 552
│ ├ AffExpr in MOI.LessThan{Float64}: 720
│ └ VariableRef in MOI.GreaterThan{Float64}: 744
└ Names registered in the model
  └ :pg₀, :pgₖ, :ramp_violation⁺, :ramp_violation⁻, :reserve_shortage⁺, :reserve_shortage⁻, :sr⁺, :sr⁻, :u, :v, :winds_curt_constr_for_eachscenario, :x, :Δpd, :Δpw


Initializing Benders Subproblem (Recourse) construction...
	 LP_type subproblem objective_function 					 done
Objective function has been set.
	 constraints: 4) loadcurtailments and spoliedwinds			 done
	 constraints: 5) generatos power limits					 done
	 constraints: 6) system reserves limits					 done
	 constraints: 7) power balance constraints				 done
	 constraints: 8) ramp-up/ramp-down constraints				 done
	 constraints: 9) piece linearization constraints			 done
	 constraints: 10) transmissionline limits for basline			 done


scuc_subproblem = A JuMP Model
├ solver: Gurobi
├ objective_sense: MIN_SENSE
│ └ objective_function_type: AffExpr
├ num_variables: 960
├ num_constraints: 2112
│ ├ AffExpr in MOI.EqualTo{Float64}: 96
│ ├ AffExpr in MOI.GreaterThan{Float64}: 552
│ ├ AffExpr in MOI.LessThan{Float64}: 720
│ └ VariableRef in MOI.GreaterThan{Float64}: 744
└ Names registered in the model
  └ :pg₀, :pgₖ, :ramp_violation⁺, :ramp_violation⁻, :reserve_shortage⁺, :reserve_shortage⁻, :sr⁺, :sr⁻, :u, :v, :winds_curt_constr_for_eachscenario, :x, :Δpd, :Δpw


Initializing Benders Subproblem (Recourse) construction...
	 LP_type subproblem objective_function 					 done
Objective function has been set.
	 constraints: 4) loadcurtailments and spoliedwinds			 done
	 constraints: 5) generatos power limits					 done
	 constraints: 6) system reserves limits					 done
	 constraints: 7) power balance constraints				 done
	 constraints: 8) ramp-up/ramp-down constraints				 done
	 constraints: 9) piece linearization constraints			 done
	 constraints: 10) transmissionline limits for basline			 done


scuc_subproblem = A JuMP Model
├ solver: Gurobi
├ objective_sense: MIN_SENSE
│ └ objective_function_type: AffExpr
├ num_variables: 960
├ num_constraints: 2112
│ ├ AffExpr in MOI.EqualTo{Float64}: 96
│ ├ AffExpr in MOI.GreaterThan{Float64}: 552
│ ├ AffExpr in MOI.LessThan{Float64}: 720
│ └ VariableRef in MOI.GreaterThan{Float64}: 744
└ Names registered in the model
  └ :pg₀, :pgₖ, :ramp_violation⁺, :ramp_violation⁻, :reserve_shortage⁺, :reserve_shortage⁻, :sr⁺, :sr⁻, :u, :v, :winds_curt_constr_for_eachscenario, :x, :Δpd, :Δpw


Initializing Benders Subproblem (Recourse) construction...
	 LP_type subproblem objective_function 					 done
Objective function has been set.
	 constraints: 4) loadcurtailments and spoliedwinds			 done
	 constraints: 5) generatos power limits					 done
	 constraints: 6) system reserves limits					 done
	 constraints: 7) power balance constraints				 done
	 constraints: 8) ramp-up/ramp-down constraints				 done
	 constraints: 9) piece linearization constraints			 done
	 constraints: 10) transmissionline limits for basline			 done


scuc_subproblem = A JuMP Model
├ solver: Gurobi
├ objective_sense: MIN_SENSE
│ └ objective_function_type: AffExpr
├ num_variables: 960
├ num_constraints: 2112
│ ├ AffExpr in MOI.EqualTo{Float64}: 96
│ ├ AffExpr in MOI.GreaterThan{Float64}: 552
│ ├ AffExpr in MOI.LessThan{Float64}: 720
│ └ VariableRef in MOI.GreaterThan{Float64}: 744
└ Names registered in the model
  └ :pg₀, :pgₖ, :ramp_violation⁺, :ramp_violation⁻, :reserve_shortage⁺, :reserve_shortage⁻, :sr⁺, :sr⁻, :u, :v, :winds_curt_constr_for_eachscenario, :x, :Δpd, :Δpw


Initializing Benders Subproblem (Recourse) construction...
	 LP_type subproblem objective_function 					 done
Objective function has been set.
	 constraints: 4) loadcurtailments and spoliedwinds			 done
	 constraints: 5) generatos power limits					 done
	 constraints: 6) system reserves limits					 done
	 constraints: 7) power balance constraints				 done
	 constraints: 8) ramp-up/ramp-down constraints				 done
	 constraints: 9) piece linearization constraints			 done
	 constraints: 10) transmissionline limits for basline			 done


scuc_subproblem = A JuMP Model
├ solver: Gurobi
├ objective_sense: MIN_SENSE
│ └ objective_function_type: AffExpr
├ num_variables: 960
├ num_constraints: 2112
│ ├ AffExpr in MOI.EqualTo{Float64}: 96
│ ├ AffExpr in MOI.GreaterThan{Float64}: 552
│ ├ AffExpr in MOI.LessThan{Float64}: 720
│ └ VariableRef in MOI.GreaterThan{Float64}: 744
└ Names registered in the model
  └ :pg₀, :pgₖ, :ramp_violation⁺, :ramp_violation⁻, :reserve_shortage⁺, :reserve_shortage⁻, :sr⁺, :sr⁻, :u, :v, :winds_curt_constr_for_eachscenario, :x, :Δpd, :Δpw


Initializing Benders Subproblem (Recourse) construction...
	 LP_type subproblem objective_function 					 done
Objective function has been set.
	 constraints: 4) loadcurtailments and spoliedwinds			 done
	 constraints: 5) generatos power limits					 done
	 constraints: 6) system reserves limits					 done
	 constraints: 7) power balance constraints				 done
	 constraints: 8) ramp-up/ramp-down constraints				 done
	 constraints: 9) piece linearization constraints			 done
	 constraints: 10) transmissionline limits for basline			 done


scuc_subproblem = A JuMP Model
├ solver: Gurobi
├ objective_sense: MIN_SENSE
│ └ objective_function_type: AffExpr
├ num_variables: 960
├ num_constraints: 2112
│ ├ AffExpr in MOI.EqualTo{Float64}: 96
│ ├ AffExpr in MOI.GreaterThan{Float64}: 552
│ ├ AffExpr in MOI.LessThan{Float64}: 720
│ └ VariableRef in MOI.GreaterThan{Float64}: 744
└ Names registered in the model
  └ :pg₀, :pgₖ, :ramp_violation⁺, :ramp_violation⁻, :reserve_shortage⁺, :reserve_shortage⁻, :sr⁺, :sr⁻, :u, :v, :winds_curt_constr_for_eachscenario, :x, :Δpd, :Δpw


Initializing Benders Subproblem (Recourse) construction...
	 LP_type subproblem objective_function 					 done
Objective function has been set.
	 constraints: 4) loadcurtailments and spoliedwinds			 done
	 constraints: 5) generatos power limits					 done
	 constraints: 6) system reserves limits					 done
	 constraints: 7) power balance constraints				 done
	 constraints: 8) ramp-up/ramp-down constraints				 done
	 constraints: 9) piece linearization constraints			 done
	 constraints: 10) transmissionline limits for basline			 done


scuc_subproblem = A JuMP Model
├ solver: Gurobi
├ objective_sense: MIN_SENSE
│ └ objective_function_type: AffExpr
├ num_variables: 960
├ num_constraints: 2112
│ ├ AffExpr in MOI.EqualTo{Float64}: 96
│ ├ AffExpr in MOI.GreaterThan{Float64}: 552
│ ├ AffExpr in MOI.LessThan{Float64}: 720
│ └ VariableRef in MOI.GreaterThan{Float64}: 744
└ Names registered in the model
  └ :pg₀, :pgₖ, :ramp_violation⁺, :ramp_violation⁻, :reserve_shortage⁺, :reserve_shortage⁻, :sr⁺, :sr⁻, :u, :v, :winds_curt_constr_for_eachscenario, :x, :Δpd, :Δpw


Initializing Benders Subproblem (Recourse) construction...
	 LP_type subproblem objective_function 					 done
Objective function has been set.
	 constraints: 4) loadcurtailments and spoliedwinds			 done
	 constraints: 5) generatos power limits					 done
	 constraints: 6) system reserves limits					 done
	 constraints: 7) power balance constraints				 done
	 constraints: 8) ramp-up/ramp-down constraints				 done
	 constraints: 9) piece linearization constraints			 done
	 constraints: 10) transmissionline limits for basline			 done


scuc_subproblem = A JuMP Model
├ solver: Gurobi
├ objective_sense: MIN_SENSE
│ └ objective_function_type: AffExpr
├ num_variables: 960
├ num_constraints: 2112
│ ├ AffExpr in MOI.EqualTo{Float64}: 96
│ ├ AffExpr in MOI.GreaterThan{Float64}: 552
│ ├ AffExpr in MOI.LessThan{Float64}: 720
│ └ VariableRef in MOI.GreaterThan{Float64}: 744
└ Names registered in the model
  └ :pg₀, :pgₖ, :ramp_violation⁺, :ramp_violation⁻, :reserve_shortage⁺, :reserve_shortage⁻, :sr⁺, :sr⁻, :u, :v, :winds_curt_constr_for_eachscenario, :x, :Δpd, :Δpw


Initializing Benders Subproblem (Recourse) construction...
	 LP_type subproblem objective_function 					 done
Objective function has been set.
	 constraints: 4) loadcurtailments and spoliedwinds			 done
	 constraints: 5) generatos power limits					 done
	 constraints: 6) system reserves limits					 done
	 constraints: 7) power balance constraints				 done
	 constraints: 8) ramp-up/ramp-down constraints				 done
	 constraints: 9) piece linearization constraints			 done
	 constraints: 10) transmissionline limits for basline			 done


scuc_subproblem = A JuMP Model
├ solver: Gurobi
├ objective_sense: MIN_SENSE
│ └ objective_function_type: AffExpr
├ num_variables: 960
├ num_constraints: 2112
│ ├ AffExpr in MOI.EqualTo{Float64}: 96
│ ├ AffExpr in MOI.GreaterThan{Float64}: 552
│ ├ AffExpr in MOI.LessThan{Float64}: 720
│ └ VariableRef in MOI.GreaterThan{Float64}: 744
└ Names registered in the model
  └ :pg₀, :pgₖ, :ramp_violation⁺, :ramp_violation⁻, :reserve_shortage⁺, :reserve_shortage⁻, :sr⁺, :sr⁻, :u, :v, :winds_curt_constr_for_eachscenario, :x, :Δpd, :Δpw


Initializing Benders Subproblem (Recourse) construction...
	 LP_type subproblem objective_function 					 done
Objective function has been set.
	 constraints: 4) loadcurtailments and spoliedwinds			 done
	 constraints: 5) generatos power limits					 done
	 constraints: 6) system reserves limits					 done
	 constraints: 7) power balance constraints				 done
	 constraints: 8) ramp-up/ramp-down constraints				 done
	 constraints: 9) piece linearization constraints			 done
	 constraints: 10) transmissionline limits for basline			 done


scuc_subproblem = A JuMP Model
├ solver: Gurobi
├ objective_sense: MIN_SENSE
│ └ objective_function_type: AffExpr
├ num_variables: 960
├ num_constraints: 2112
│ ├ AffExpr in MOI.EqualTo{Float64}: 96
│ ├ AffExpr in MOI.GreaterThan{Float64}: 552
│ ├ AffExpr in MOI.LessThan{Float64}: 720
│ └ VariableRef in MOI.GreaterThan{Float64}: 744
└ Names registered in the model
  └ :pg₀, :pgₖ, :ramp_violation⁺, :ramp_violation⁻, :reserve_shortage⁺, :reserve_shortage⁻, :sr⁺, :sr⁻, :u, :v, :winds_curt_constr_for_eachscenario, :x, :Δpd, :Δpw


Initializing Benders Subproblem (Recourse) construction...
	 LP_type subproblem objective_function 					 done
Objective function has been set.
	 constraints: 4) loadcurtailments and spoliedwinds			 done
	 constraints: 5) generatos power limits					 done
	 constraints: 6) system reserves limits					 done
	 constraints: 7) power balance constraints				 done
	 constraints: 8) ramp-up/ramp-down constraints				 done
	 constraints: 9) piece linearization constraints			 done
	 constraints: 10) transmissionline limits for basline			 done


scuc_subproblem = A JuMP Model
├ solver: Gurobi
├ objective_sense: MIN_SENSE
│ └ objective_function_type: AffExpr
├ num_variables: 960
├ num_constraints: 2112
│ ├ AffExpr in MOI.EqualTo{Float64}: 96
│ ├ AffExpr in MOI.GreaterThan{Float64}: 552
│ ├ AffExpr in MOI.LessThan{Float64}: 720
│ └ VariableRef in MOI.GreaterThan{Float64}: 744
└ Names registered in the model
  └ :pg₀, :pgₖ, :ramp_violation⁺, :ramp_violation⁻, :reserve_shortage⁺, :reserve_shortage⁻, :sr⁺, :sr⁻, :u, :v, :winds_curt_constr_for_eachscenario, :x, :Δpd, :Δpw


Initializing Benders Subproblem (Recourse) construction...
	 LP_type subproblem objective_function 					 done
Objective function has been set.
	 constraints: 4) loadcurtailments and spoliedwinds			 done
	 constraints: 5) generatos power limits					 done
	 constraints: 6) system reserves limits					 done
	 constraints: 7) power balance constraints				 done
	 constraints: 8) ramp-up/ramp-down constraints				 done
	 constraints: 9) piece linearization constraints			 done
	 constraints: 10) transmissionline limits for basline			 done


scuc_subproblem = A JuMP Model
├ solver: Gurobi
├ objective_sense: MIN_SENSE
│ └ objective_function_type: AffExpr
├ num_variables: 960
├ num_constraints: 2112
│ ├ AffExpr in MOI.EqualTo{Float64}: 96
│ ├ AffExpr in MOI.GreaterThan{Float64}: 552
│ ├ AffExpr in MOI.LessThan{Float64}: 720
│ └ VariableRef in MOI.GreaterThan{Float64}: 744
└ Names registered in the model
  └ :pg₀, :pgₖ, :ramp_violation⁺, :ramp_violation⁻, :reserve_shortage⁺, :reserve_shortage⁻, :sr⁺, :sr⁻, :u, :v, :winds_curt_constr_for_eachscenario, :x, :Δpd, :Δpw


Initializing Benders Subproblem (Recourse) construction...
	 LP_type subproblem objective_function 					 done
Objective function has been set.
	 constraints: 4) loadcurtailments and spoliedwinds			 done
	 constraints: 5) generatos power limits					 done
	 constraints: 6) system reserves limits					 done
	 constraints: 7) power balance constraints				 done
	 constraints: 8) ramp-up/ramp-down constraints				 done
	 constraints: 9) piece linearization constraints			 done
	 constraints: 10) transmissionline limits for basline			 done


scuc_subproblem = A JuMP Model
├ solver: Gurobi
├ objective_sense: MIN_SENSE
│ └ objective_function_type: AffExpr
├ num_variables: 960
├ num_constraints: 2112
│ ├ AffExpr in MOI.EqualTo{Float64}: 96
│ ├ AffExpr in MOI.GreaterThan{Float64}: 552
│ ├ AffExpr in MOI.LessThan{Float64}: 720
│ └ VariableRef in MOI.GreaterThan{Float64}: 744
└ Names registered in the model
  └ :pg₀, :pgₖ, :ramp_violation⁺, :ramp_violation⁻, :reserve_shortage⁺, :reserve_shortage⁻, :sr⁺, :sr⁻, :u, :v, :winds_curt_constr_for_eachscenario, :x, :Δpd, :Δpw


Initializing Benders Subproblem (Recourse) construction...
	 LP_type subproblem objective_function 					 done
Objective function has been set.
	 constraints: 4) loadcurtailments and spoliedwinds			 done
	 constraints: 5) generatos power limits					 done
	 constraints: 6) system reserves limits					 done
	 constraints: 7) power balance constraints				 done
	 constraints: 8) ramp-up/ramp-down constraints				 done
	 constraints: 9) piece linearization constraints			 done
	 constraints: 10) transmissionline limits for basline			 done


scuc_subproblem = A JuMP Model
├ solver: Gurobi
├ objective_sense: MIN_SENSE
│ └ objective_function_type: AffExpr
├ num_variables: 960
├ num_constraints: 2112
│ ├ AffExpr in MOI.EqualTo{Float64}: 96
│ ├ AffExpr in MOI.GreaterThan{Float64}: 552
│ ├ AffExpr in MOI.LessThan{Float64}: 720
│ └ VariableRef in MOI.GreaterThan{Float64}: 744
└ Names registered in the model
  └ :pg₀, :pgₖ, :ramp_violation⁺, :ramp_violation⁻, :reserve_shortage⁺, :reserve_shortage⁻, :sr⁺, :sr⁻, :u, :v, :winds_curt_constr_for_eachscenario, :x, :Δpd, :Δpw


Initializing Benders Subproblem (Recourse) construction...
	 LP_type subproblem objective_function 					 done
Objective function has been set.
	 constraints: 4) loadcurtailments and spoliedwinds			 done
	 constraints: 5) generatos power limits					 done
	 constraints: 6) system reserves limits					 done
	 constraints: 7) power balance constraints				 done
	 constraints: 8) ramp-up/ramp-down constraints				 done
	 constraints: 9) piece linearization constraints			 done
	 constraints: 10) transmissionline limits for basline			 done


scuc_subproblem = A JuMP Model
├ solver: Gurobi
├ objective_sense: MIN_SENSE
│ └ objective_function_type: AffExpr
├ num_variables: 960
├ num_constraints: 2112
│ ├ AffExpr in MOI.EqualTo{Float64}: 96
│ ├ AffExpr in MOI.GreaterThan{Float64}: 552
│ ├ AffExpr in MOI.LessThan{Float64}: 720
│ └ VariableRef in MOI.GreaterThan{Float64}: 744
└ Names registered in the model
  └ :pg₀, :pgₖ, :ramp_violation⁺, :ramp_violation⁻, :reserve_shortage⁺, :reserve_shortage⁻, :sr⁺, :sr⁻, :u, :v, :winds_curt_constr_for_eachscenario, :x, :Δpd, :Δpw


Initializing Benders Subproblem (Recourse) construction...
	 LP_type subproblem objective_function 					 done
Objective function has been set.
	 constraints: 4) loadcurtailments and spoliedwinds			 done
	 constraints: 5) generatos power limits					 done
	 constraints: 6) system reserves limits					 done
	 constraints: 7) power balance constraints				 done
	 constraints: 8) ramp-up/ramp-down constraints				 done
	 constraints: 9) piece linearization constraints			 done
	 constraints: 10) transmissionline limits for basline			 done


scuc_subproblem = A JuMP Model
├ solver: Gurobi
├ objective_sense: MIN_SENSE
│ └ objective_function_type: AffExpr
├ num_variables: 960
├ num_constraints: 2112
│ ├ AffExpr in MOI.EqualTo{Float64}: 96
│ ├ AffExpr in MOI.GreaterThan{Float64}: 552
│ ├ AffExpr in MOI.LessThan{Float64}: 720
│ └ VariableRef in MOI.GreaterThan{Float64}: 744
└ Names registered in the model
  └ :pg₀, :pgₖ, :ramp_violation⁺, :ramp_violation⁻, :reserve_shortage⁺, :reserve_shortage⁻, :sr⁺, :sr⁻, :u, :v, :winds_curt_constr_for_eachscenario, :x, :Δpd, :Δpw


Initializing Benders Subproblem (Recourse) construction...
	 LP_type subproblem objective_function 					 done
Objective function has been set.
	 constraints: 4) loadcurtailments and spoliedwinds			 done
	 constraints: 5) generatos power limits					 done
	 constraints: 6) system reserves limits					 done
	 constraints: 7) power balance constraints				 done
	 constraints: 8) ramp-up/ramp-down constraints				 done
	 constraints: 9) piece linearization constraints			 done
	 constraints: 10) transmissionline limits for basline			 done


scuc_subproblem = A JuMP Model
├ solver: Gurobi
├ objective_sense: MIN_SENSE
│ └ objective_function_type: AffExpr
├ num_variables: 960
├ num_constraints: 2112
│ ├ AffExpr in MOI.EqualTo{Float64}: 96
│ ├ AffExpr in MOI.GreaterThan{Float64}: 552
│ ├ AffExpr in MOI.LessThan{Float64}: 720
│ └ VariableRef in MOI.GreaterThan{Float64}: 744
└ Names registered in the model
  └ :pg₀, :pgₖ, :ramp_violation⁺, :ramp_violation⁻, :reserve_shortage⁺, :reserve_shortage⁻, :sr⁺, :sr⁻, :u, :v, :winds_curt_constr_for_eachscenario, :x, :Δpd, :Δpw


Starting (Strengthen) Benders decomposition algorithm
iteration start ...

====================================================
ITER 	 LOWER_bound 	    UPPER_bound   	 GAP
----------------------------------------------------
1              260            1.14516e+06    0.999773       
2              248736         1.14516e+06    0.782794       
3              257969         1.14516e+06    0.774732       
4              257969         1.14516e+06    0.774732       
5              267202         1.14516e+06    0.766669       
6              330900         1.14516e+06    0.711045       
7              340133         1.14516e+06    0.702983       
8              340133         1.14516e+06    0.702983       
9              340133         1.14516e+06    0.702983       
10             349366         1.14516e+06    0.69492        
11             349366         1.14516e+06    0.69492        
12             349366         1.14516e+06    0.69492        
13             358599         490722         0.269241       
14             476703         490722         0.0285669      
15             478717         490722         0.0244631      
16             488560         490722         0.00440497     
17             489720         489847         0.000259238    


====================================================
Convergence achieved - Optimal solution found
FINAL UPPER BOUND: 489846.96484169294
FINAL LOWER BOUND: 489719.9778925395
FINAL GAP:         0.0002592380034327641
====================================================
