Set parameter Username
Set parameter LicenseID to value 2754784
Academic license - for non-commercial use only - expires 2026-12-14
Set parameter Username
Set parameter LicenseID to value 2754784
Academic license - for non-commercial use only - expires 2026-12-14
Set parameter Username
Set parameter LicenseID to value 2754784
Academic license - for non-commercial use only - expires 2026-12-14
Set parameter Username
Set parameter LicenseID to value 2754784
Academic license - for non-commercial use only - expires 2026-12-14
Set parameter Username
Set parameter LicenseID to value 2754784
Academic license - for non-commercial use only - expires 2026-12-14
Set parameter Username
Set parameter LicenseID to value 2754784
Academic license - for non-commercial use only - expires 2026-12-14
Set parameter Username
Set parameter LicenseID to value 2754784
Academic license - for non-commercial use only - expires 2026-12-14
	→ The [JULIA] environment_config has been loaded.
	→ the renewable energy curves module loaded.
	→ inputdata was written and reformatted for UC modeling.
	→ constraint modules included and functions exported.
	→ objective functions exported.
	→ utility functions exported.
	→ all boundary conditions validated.
	-> Benders decomposition [batch] subproblems and master problem successfully loaded.
	→ multicuts_libs have been loaded.
	→ constraint modules included and functions exported.
	→ objective functions exported.
	→ utility functions exported.
	→ all boundary conditions validated.
	-> Benders decomposition [batch] subproblems and master problem successfully loaded.
	→ multicuts_libs have been loaded.
Step-1: Pkgs and functions are loaded
Step-2: imput data are loaded
Initializing Benders Master Problem construction...
	 MILP_type objective_function 						 done
	 constraints: 1) minimum shutup/shutdown time limits			 done
	 constraints: 2) binary variable logic					 done
	 constraints: 3) shutup/shutdown cost					 done
	 constraints: master supply adequacy cuts				 done


scuc_masterproblem = A JuMP Model
├ solver: Gurobi
├ objective_sense: MIN_SENSE
│ └ objective_function_type: AffExpr
├ num_variables: 365
├ num_constraints: 886
│ ├ AffExpr in MOI.EqualTo{Float64}: 72
│ ├ AffExpr in MOI.GreaterThan{Float64}: 240
│ ├ AffExpr in MOI.LessThan{Float64}: 209
│ ├ VariableRef in MOI.GreaterThan{Float64}: 149
│ └ VariableRef in MOI.ZeroOne: 216
└ Names registered in the model
  └ :sd₀, :su₀, :u, :v, :x, :θ


Initializing Benders Subproblem (Recourse) construction...
	 LP_type subproblem objective_function 					 done
Objective function has been set.
	 constraints: 4) loadcurtailments and spoliedwinds			 done
	 constraints: 5) generatos power limits					 done
	 constraints: 6) system reserves limits					 done
	 constraints: 7) power balance constraints				 done
	 constraints: 8) ramp-up/ramp-down constraints				 done
	 constraints: 9) piece linearization constraints			 done
	 constraints: 10) transmissionline limits for basline			 done


scuc_subproblem = A JuMP Model
├ solver: Gurobi
├ objective_sense: MIN_SENSE
│ └ objective_function_type: AffExpr
├ num_variables: 960
├ num_constraints: 2112
│ ├ AffExpr in MOI.EqualTo{Float64}: 96
│ ├ AffExpr in MOI.GreaterThan{Float64}: 552
│ ├ AffExpr in MOI.LessThan{Float64}: 720
│ └ VariableRef in MOI.GreaterThan{Float64}: 744
└ Names registered in the model
  └ :pg₀, :pgₖ, :ramp_violation⁺, :ramp_violation⁻, :reserve_shortage⁺, :reserve_shortage⁻, :sr⁺, :sr⁻, :u, :v, :winds_curt_constr_for_eachscenario, :x, :Δpd, :Δpw


Initializing Benders Subproblem (Recourse) construction...
	 LP_type subproblem objective_function 					 done
Objective function has been set.
	 constraints: 4) loadcurtailments and spoliedwinds			 done
	 constraints: 5) generatos power limits					 done
	 constraints: 6) system reserves limits					 done
	 constraints: 7) power balance constraints				 done
	 constraints: 8) ramp-up/ramp-down constraints				 done
	 constraints: 9) piece linearization constraints			 done
	 constraints: 10) transmissionline limits for basline			 done


scuc_subproblem = A JuMP Model
├ solver: Gurobi
├ objective_sense: MIN_SENSE
│ └ objective_function_type: AffExpr
├ num_variables: 960
├ num_constraints: 2112
│ ├ AffExpr in MOI.EqualTo{Float64}: 96
│ ├ AffExpr in MOI.GreaterThan{Float64}: 552
│ ├ AffExpr in MOI.LessThan{Float64}: 720
│ └ VariableRef in MOI.GreaterThan{Float64}: 744
└ Names registered in the model
  └ :pg₀, :pgₖ, :ramp_violation⁺, :ramp_violation⁻, :reserve_shortage⁺, :reserve_shortage⁻, :sr⁺, :sr⁻, :u, :v, :winds_curt_constr_for_eachscenario, :x, :Δpd, :Δpw


Initializing Benders Subproblem (Recourse) construction...
	 LP_type subproblem objective_function 					 done
Objective function has been set.
	 constraints: 4) loadcurtailments and spoliedwinds			 done
	 constraints: 5) generatos power limits					 done
	 constraints: 6) system reserves limits					 done
	 constraints: 7) power balance constraints				 done
	 constraints: 8) ramp-up/ramp-down constraints				 done
	 constraints: 9) piece linearization constraints			 done
	 constraints: 10) transmissionline limits for basline			 done


scuc_subproblem = A JuMP Model
├ solver: Gurobi
├ objective_sense: MIN_SENSE
│ └ objective_function_type: AffExpr
├ num_variables: 960
├ num_constraints: 2112
│ ├ AffExpr in MOI.EqualTo{Float64}: 96
│ ├ AffExpr in MOI.GreaterThan{Float64}: 552
│ ├ AffExpr in MOI.LessThan{Float64}: 720
│ └ VariableRef in MOI.GreaterThan{Float64}: 744
└ Names registered in the model
  └ :pg₀, :pgₖ, :ramp_violation⁺, :ramp_violation⁻, :reserve_shortage⁺, :reserve_shortage⁻, :sr⁺, :sr⁻, :u, :v, :winds_curt_constr_for_eachscenario, :x, :Δpd, :Δpw


Initializing Benders Subproblem (Recourse) construction...
	 LP_type subproblem objective_function 					 done
Objective function has been set.
	 constraints: 4) loadcurtailments and spoliedwinds			 done
	 constraints: 5) generatos power limits					 done
	 constraints: 6) system reserves limits					 done
	 constraints: 7) power balance constraints				 done
	 constraints: 8) ramp-up/ramp-down constraints				 done
	 constraints: 9) piece linearization constraints			 done
	 constraints: 10) transmissionline limits for basline			 done


scuc_subproblem = A JuMP Model
├ solver: Gurobi
├ objective_sense: MIN_SENSE
│ └ objective_function_type: AffExpr
├ num_variables: 960
├ num_constraints: 2112
│ ├ AffExpr in MOI.EqualTo{Float64}: 96
│ ├ AffExpr in MOI.GreaterThan{Float64}: 552
│ ├ AffExpr in MOI.LessThan{Float64}: 720
│ └ VariableRef in MOI.GreaterThan{Float64}: 744
└ Names registered in the model
  └ :pg₀, :pgₖ, :ramp_violation⁺, :ramp_violation⁻, :reserve_shortage⁺, :reserve_shortage⁻, :sr⁺, :sr⁻, :u, :v, :winds_curt_constr_for_eachscenario, :x, :Δpd, :Δpw


Initializing Benders Subproblem (Recourse) construction...
	 LP_type subproblem objective_function 					 done
Objective function has been set.
	 constraints: 4) loadcurtailments and spoliedwinds			 done
	 constraints: 5) generatos power limits					 done
	 constraints: 6) system reserves limits					 done
	 constraints: 7) power balance constraints				 done
	 constraints: 8) ramp-up/ramp-down constraints				 done
	 constraints: 9) piece linearization constraints			 done
	 constraints: 10) transmissionline limits for basline			 done


scuc_subproblem = A JuMP Model
├ solver: Gurobi
├ objective_sense: MIN_SENSE
│ └ objective_function_type: AffExpr
├ num_variables: 960
├ num_constraints: 2112
│ ├ AffExpr in MOI.EqualTo{Float64}: 96
│ ├ AffExpr in MOI.GreaterThan{Float64}: 552
│ ├ AffExpr in MOI.LessThan{Float64}: 720
│ └ VariableRef in MOI.GreaterThan{Float64}: 744
└ Names registered in the model
  └ :pg₀, :pgₖ, :ramp_violation⁺, :ramp_violation⁻, :reserve_shortage⁺, :reserve_shortage⁻, :sr⁺, :sr⁻, :u, :v, :winds_curt_constr_for_eachscenario, :x, :Δpd, :Δpw


Initializing Benders Subproblem (Recourse) construction...
	 LP_type subproblem objective_function 					 done
Objective function has been set.
	 constraints: 4) loadcurtailments and spoliedwinds			 done
	 constraints: 5) generatos power limits					 done
	 constraints: 6) system reserves limits					 done
	 constraints: 7) power balance constraints				 done
	 constraints: 8) ramp-up/ramp-down constraints				 done
	 constraints: 9) piece linearization constraints			 done
	 constraints: 10) transmissionline limits for basline			 done


scuc_subproblem = A JuMP Model
├ solver: Gurobi
├ objective_sense: MIN_SENSE
│ └ objective_function_type: AffExpr
├ num_variables: 960
├ num_constraints: 2112
│ ├ AffExpr in MOI.EqualTo{Float64}: 96
│ ├ AffExpr in MOI.GreaterThan{Float64}: 552
│ ├ AffExpr in MOI.LessThan{Float64}: 720
│ └ VariableRef in MOI.GreaterThan{Float64}: 744
└ Names registered in the model
  └ :pg₀, :pgₖ, :ramp_violation⁺, :ramp_violation⁻, :reserve_shortage⁺, :reserve_shortage⁻, :sr⁺, :sr⁻, :u, :v, :winds_curt_constr_for_eachscenario, :x, :Δpd, :Δpw


Starting (Strengthen) Benders decomposition algorithm
iteration start ...

====================================================
ITER 	 LOWER_bound 	    UPPER_bound   	 GAP
----------------------------------------------------
1              260            1.13781e+06    0.999771       
2              2290           1.13781e+06    0.997987       
3              2290           1.13781e+06    0.997987       
4              2810           1.13781e+06    0.99753        
5              2810           297085         0.990541       
6              228345         297085         0.23138        
7              228638         297085         0.230395       
8              228638         297085         0.230395       
9              229190         297085         0.228537       
10             229569         297085         0.227262       
11             229698         297085         0.226828       
12             237260         297085         0.201372       
13             237455         297085         0.200716       
14             237455         297085         0.200715       
15             237710         297085         0.199858       
16             240025         297085         0.192067       
17             240154         297085         0.191632       
18             248601         297085         0.163198       
19             250186         297085         0.157864       
20             251339         297085         0.153981       
21             259628         297085         0.126082       
22             263085         266626         0.0132833      
23             266626         266626         2.18312e-16    


====================================================
Convergence achieved - Optimal solution found
FINAL UPPER BOUND: 266626.22462673095
FINAL LOWER BOUND: 266626.2246267309
FINAL GAP:         2.1831183708481095e-16
====================================================
