Set parameter Username
Set parameter LicenseID to value 2754784
Academic license - for non-commercial use only - expires 2026-12-14
Set parameter Username
Set parameter LicenseID to value 2754784
Academic license - for non-commercial use only - expires 2026-12-14
Set parameter Username
Set parameter LicenseID to value 2754784
Academic license - for non-commercial use only - expires 2026-12-14
Set parameter Username
Set parameter LicenseID to value 2754784
Academic license - for non-commercial use only - expires 2026-12-14
Set parameter Username
Set parameter LicenseID to value 2754784
Academic license - for non-commercial use only - expires 2026-12-14
Set parameter Username
Set parameter LicenseID to value 2754784
Academic license - for non-commercial use only - expires 2026-12-14
Set parameter Username
Set parameter LicenseID to value 2754784
Academic license - for non-commercial use only - expires 2026-12-14
Set parameter Username
Set parameter LicenseID to value 2754784
Academic license - for non-commercial use only - expires 2026-12-14
Set parameter Username
Set parameter LicenseID to value 2754784
Academic license - for non-commercial use only - expires 2026-12-14
Set parameter Username
Set parameter LicenseID to value 2754784
Academic license - for non-commercial use only - expires 2026-12-14
Set parameter Username
Set parameter LicenseID to value 2754784
Academic license - for non-commercial use only - expires 2026-12-14
Set parameter Username
Set parameter LicenseID to value 2754784
Academic license - for non-commercial use only - expires 2026-12-14
Set parameter Username
Set parameter LicenseID to value 2754784
Academic license - for non-commercial use only - expires 2026-12-14
Set parameter Username
Set parameter LicenseID to value 2754784
Academic license - for non-commercial use only - expires 2026-12-14
Set parameter Username
Set parameter LicenseID to value 2754784
Academic license - for non-commercial use only - expires 2026-12-14
Set parameter Username
Set parameter LicenseID to value 2754784
Academic license - for non-commercial use only - expires 2026-12-14
Set parameter Username
Set parameter LicenseID to value 2754784
Academic license - for non-commercial use only - expires 2026-12-14
Set parameter Username
Set parameter LicenseID to value 2754784
Academic license - for non-commercial use only - expires 2026-12-14
Set parameter Username
Set parameter LicenseID to value 2754784
Academic license - for non-commercial use only - expires 2026-12-14
Set parameter Username
Set parameter LicenseID to value 2754784
Academic license - for non-commercial use only - expires 2026-12-14
Set parameter Username
Set parameter LicenseID to value 2754784
Academic license - for non-commercial use only - expires 2026-12-14
Set parameter Username
Set parameter LicenseID to value 2754784
Academic license - for non-commercial use only - expires 2026-12-14
	→ The [JULIA] environment_config has been loaded.
	→ the renewable energy curves module loaded.
	→ inputdata was written and reformatted for UC modeling.
	→ constraint modules included and functions exported.
	→ objective functions exported.
	→ utility functions exported.
	→ all boundary conditions validated.
	-> Benders decomposition [batch] subproblems and master problem successfully loaded.
	→ multicuts_libs have been loaded.
	→ constraint modules included and functions exported.
	→ objective functions exported.
	→ utility functions exported.
	→ all boundary conditions validated.
	-> Benders decomposition [batch] subproblems and master problem successfully loaded.
	→ multicuts_libs have been loaded.
Step-1: Pkgs and functions are loaded
Step-2: imput data are loaded
Initializing Benders Master Problem construction...
	 MILP_type objective_function 						 done
	 constraints: 1) minimum shutup/shutdown time limits			 done
	 constraints: 2) binary variable logic					 done
	 constraints: 3) shutup/shutdown cost					 done
	 constraints: master supply adequacy cuts				 done


scuc_masterproblem = A JuMP Model
├ solver: Gurobi
├ objective_sense: MIN_SENSE
│ └ objective_function_type: AffExpr
├ num_variables: 380
├ num_constraints: 901
│ ├ AffExpr in MOI.EqualTo{Float64}: 72
│ ├ AffExpr in MOI.GreaterThan{Float64}: 240
│ ├ AffExpr in MOI.LessThan{Float64}: 209
│ ├ VariableRef in MOI.GreaterThan{Float64}: 164
│ └ VariableRef in MOI.ZeroOne: 216
└ Names registered in the model
  └ :sd₀, :su₀, :u, :v, :x, :θ


Initializing Benders Subproblem (Recourse) construction...
	 LP_type subproblem objective_function 					 done
Objective function has been set.
	 constraints: 4) loadcurtailments and spoliedwinds			 done
	 constraints: 5) generatos power limits					 done
	 constraints: 6) system reserves limits					 done
	 constraints: 7) power balance constraints				 done
	 constraints: 8) ramp-up/ramp-down constraints				 done
	 constraints: 9) piece linearization constraints			 done
	 constraints: 10) transmissionline limits for basline			 done


scuc_subproblem = A JuMP Model
├ solver: Gurobi
├ objective_sense: MIN_SENSE
│ └ objective_function_type: AffExpr
├ num_variables: 960
├ num_constraints: 2112
│ ├ AffExpr in MOI.EqualTo{Float64}: 96
│ ├ AffExpr in MOI.GreaterThan{Float64}: 552
│ ├ AffExpr in MOI.LessThan{Float64}: 720
│ └ VariableRef in MOI.GreaterThan{Float64}: 744
└ Names registered in the model
  └ :pg₀, :pgₖ, :ramp_violation⁺, :ramp_violation⁻, :reserve_shortage⁺, :reserve_shortage⁻, :sr⁺, :sr⁻, :u, :v, :winds_curt_constr_for_eachscenario, :x, :Δpd, :Δpw


Initializing Benders Subproblem (Recourse) construction...
	 LP_type subproblem objective_function 					 done
Objective function has been set.
	 constraints: 4) loadcurtailments and spoliedwinds			 done
	 constraints: 5) generatos power limits					 done
	 constraints: 6) system reserves limits					 done
	 constraints: 7) power balance constraints				 done
	 constraints: 8) ramp-up/ramp-down constraints				 done
	 constraints: 9) piece linearization constraints			 done
	 constraints: 10) transmissionline limits for basline			 done


scuc_subproblem = A JuMP Model
├ solver: Gurobi
├ objective_sense: MIN_SENSE
│ └ objective_function_type: AffExpr
├ num_variables: 960
├ num_constraints: 2112
│ ├ AffExpr in MOI.EqualTo{Float64}: 96
│ ├ AffExpr in MOI.GreaterThan{Float64}: 552
│ ├ AffExpr in MOI.LessThan{Float64}: 720
│ └ VariableRef in MOI.GreaterThan{Float64}: 744
└ Names registered in the model
  └ :pg₀, :pgₖ, :ramp_violation⁺, :ramp_violation⁻, :reserve_shortage⁺, :reserve_shortage⁻, :sr⁺, :sr⁻, :u, :v, :winds_curt_constr_for_eachscenario, :x, :Δpd, :Δpw


Initializing Benders Subproblem (Recourse) construction...
	 LP_type subproblem objective_function 					 done
Objective function has been set.
	 constraints: 4) loadcurtailments and spoliedwinds			 done
	 constraints: 5) generatos power limits					 done
	 constraints: 6) system reserves limits					 done
	 constraints: 7) power balance constraints				 done
	 constraints: 8) ramp-up/ramp-down constraints				 done
	 constraints: 9) piece linearization constraints			 done
	 constraints: 10) transmissionline limits for basline			 done


scuc_subproblem = A JuMP Model
├ solver: Gurobi
├ objective_sense: MIN_SENSE
│ └ objective_function_type: AffExpr
├ num_variables: 960
├ num_constraints: 2112
│ ├ AffExpr in MOI.EqualTo{Float64}: 96
│ ├ AffExpr in MOI.GreaterThan{Float64}: 552
│ ├ AffExpr in MOI.LessThan{Float64}: 720
│ └ VariableRef in MOI.GreaterThan{Float64}: 744
└ Names registered in the model
  └ :pg₀, :pgₖ, :ramp_violation⁺, :ramp_violation⁻, :reserve_shortage⁺, :reserve_shortage⁻, :sr⁺, :sr⁻, :u, :v, :winds_curt_constr_for_eachscenario, :x, :Δpd, :Δpw


Initializing Benders Subproblem (Recourse) construction...
	 LP_type subproblem objective_function 					 done
Objective function has been set.
	 constraints: 4) loadcurtailments and spoliedwinds			 done
	 constraints: 5) generatos power limits					 done
	 constraints: 6) system reserves limits					 done
	 constraints: 7) power balance constraints				 done
	 constraints: 8) ramp-up/ramp-down constraints				 done
	 constraints: 9) piece linearization constraints			 done
	 constraints: 10) transmissionline limits for basline			 done


scuc_subproblem = A JuMP Model
├ solver: Gurobi
├ objective_sense: MIN_SENSE
│ └ objective_function_type: AffExpr
├ num_variables: 960
├ num_constraints: 2112
│ ├ AffExpr in MOI.EqualTo{Float64}: 96
│ ├ AffExpr in MOI.GreaterThan{Float64}: 552
│ ├ AffExpr in MOI.LessThan{Float64}: 720
│ └ VariableRef in MOI.GreaterThan{Float64}: 744
└ Names registered in the model
  └ :pg₀, :pgₖ, :ramp_violation⁺, :ramp_violation⁻, :reserve_shortage⁺, :reserve_shortage⁻, :sr⁺, :sr⁻, :u, :v, :winds_curt_constr_for_eachscenario, :x, :Δpd, :Δpw


Initializing Benders Subproblem (Recourse) construction...
	 LP_type subproblem objective_function 					 done
Objective function has been set.
	 constraints: 4) loadcurtailments and spoliedwinds			 done
	 constraints: 5) generatos power limits					 done
	 constraints: 6) system reserves limits					 done
	 constraints: 7) power balance constraints				 done
	 constraints: 8) ramp-up/ramp-down constraints				 done
	 constraints: 9) piece linearization constraints			 done
	 constraints: 10) transmissionline limits for basline			 done


scuc_subproblem = A JuMP Model
├ solver: Gurobi
├ objective_sense: MIN_SENSE
│ └ objective_function_type: AffExpr
├ num_variables: 960
├ num_constraints: 2112
│ ├ AffExpr in MOI.EqualTo{Float64}: 96
│ ├ AffExpr in MOI.GreaterThan{Float64}: 552
│ ├ AffExpr in MOI.LessThan{Float64}: 720
│ └ VariableRef in MOI.GreaterThan{Float64}: 744
└ Names registered in the model
  └ :pg₀, :pgₖ, :ramp_violation⁺, :ramp_violation⁻, :reserve_shortage⁺, :reserve_shortage⁻, :sr⁺, :sr⁻, :u, :v, :winds_curt_constr_for_eachscenario, :x, :Δpd, :Δpw


Initializing Benders Subproblem (Recourse) construction...
	 LP_type subproblem objective_function 					 done
Objective function has been set.
	 constraints: 4) loadcurtailments and spoliedwinds			 done
	 constraints: 5) generatos power limits					 done
	 constraints: 6) system reserves limits					 done
	 constraints: 7) power balance constraints				 done
	 constraints: 8) ramp-up/ramp-down constraints				 done
	 constraints: 9) piece linearization constraints			 done
	 constraints: 10) transmissionline limits for basline			 done


scuc_subproblem = A JuMP Model
├ solver: Gurobi
├ objective_sense: MIN_SENSE
│ └ objective_function_type: AffExpr
├ num_variables: 960
├ num_constraints: 2112
│ ├ AffExpr in MOI.EqualTo{Float64}: 96
│ ├ AffExpr in MOI.GreaterThan{Float64}: 552
│ ├ AffExpr in MOI.LessThan{Float64}: 720
│ └ VariableRef in MOI.GreaterThan{Float64}: 744
└ Names registered in the model
  └ :pg₀, :pgₖ, :ramp_violation⁺, :ramp_violation⁻, :reserve_shortage⁺, :reserve_shortage⁻, :sr⁺, :sr⁻, :u, :v, :winds_curt_constr_for_eachscenario, :x, :Δpd, :Δpw


Initializing Benders Subproblem (Recourse) construction...
	 LP_type subproblem objective_function 					 done
Objective function has been set.
	 constraints: 4) loadcurtailments and spoliedwinds			 done
	 constraints: 5) generatos power limits					 done
	 constraints: 6) system reserves limits					 done
	 constraints: 7) power balance constraints				 done
	 constraints: 8) ramp-up/ramp-down constraints				 done
	 constraints: 9) piece linearization constraints			 done
	 constraints: 10) transmissionline limits for basline			 done


scuc_subproblem = A JuMP Model
├ solver: Gurobi
├ objective_sense: MIN_SENSE
│ └ objective_function_type: AffExpr
├ num_variables: 960
├ num_constraints: 2112
│ ├ AffExpr in MOI.EqualTo{Float64}: 96
│ ├ AffExpr in MOI.GreaterThan{Float64}: 552
│ ├ AffExpr in MOI.LessThan{Float64}: 720
│ └ VariableRef in MOI.GreaterThan{Float64}: 744
└ Names registered in the model
  └ :pg₀, :pgₖ, :ramp_violation⁺, :ramp_violation⁻, :reserve_shortage⁺, :reserve_shortage⁻, :sr⁺, :sr⁻, :u, :v, :winds_curt_constr_for_eachscenario, :x, :Δpd, :Δpw


Initializing Benders Subproblem (Recourse) construction...
	 LP_type subproblem objective_function 					 done
Objective function has been set.
	 constraints: 4) loadcurtailments and spoliedwinds			 done
	 constraints: 5) generatos power limits					 done
	 constraints: 6) system reserves limits					 done
	 constraints: 7) power balance constraints				 done
	 constraints: 8) ramp-up/ramp-down constraints				 done
	 constraints: 9) piece linearization constraints			 done
	 constraints: 10) transmissionline limits for basline			 done


scuc_subproblem = A JuMP Model
├ solver: Gurobi
├ objective_sense: MIN_SENSE
│ └ objective_function_type: AffExpr
├ num_variables: 960
├ num_constraints: 2112
│ ├ AffExpr in MOI.EqualTo{Float64}: 96
│ ├ AffExpr in MOI.GreaterThan{Float64}: 552
│ ├ AffExpr in MOI.LessThan{Float64}: 720
│ └ VariableRef in MOI.GreaterThan{Float64}: 744
└ Names registered in the model
  └ :pg₀, :pgₖ, :ramp_violation⁺, :ramp_violation⁻, :reserve_shortage⁺, :reserve_shortage⁻, :sr⁺, :sr⁻, :u, :v, :winds_curt_constr_for_eachscenario, :x, :Δpd, :Δpw


Initializing Benders Subproblem (Recourse) construction...
	 LP_type subproblem objective_function 					 done
Objective function has been set.
	 constraints: 4) loadcurtailments and spoliedwinds			 done
	 constraints: 5) generatos power limits					 done
	 constraints: 6) system reserves limits					 done
	 constraints: 7) power balance constraints				 done
	 constraints: 8) ramp-up/ramp-down constraints				 done
	 constraints: 9) piece linearization constraints			 done
	 constraints: 10) transmissionline limits for basline			 done


scuc_subproblem = A JuMP Model
├ solver: Gurobi
├ objective_sense: MIN_SENSE
│ └ objective_function_type: AffExpr
├ num_variables: 960
├ num_constraints: 2112
│ ├ AffExpr in MOI.EqualTo{Float64}: 96
│ ├ AffExpr in MOI.GreaterThan{Float64}: 552
│ ├ AffExpr in MOI.LessThan{Float64}: 720
│ └ VariableRef in MOI.GreaterThan{Float64}: 744
└ Names registered in the model
  └ :pg₀, :pgₖ, :ramp_violation⁺, :ramp_violation⁻, :reserve_shortage⁺, :reserve_shortage⁻, :sr⁺, :sr⁻, :u, :v, :winds_curt_constr_for_eachscenario, :x, :Δpd, :Δpw


Initializing Benders Subproblem (Recourse) construction...
	 LP_type subproblem objective_function 					 done
Objective function has been set.
	 constraints: 4) loadcurtailments and spoliedwinds			 done
	 constraints: 5) generatos power limits					 done
	 constraints: 6) system reserves limits					 done
	 constraints: 7) power balance constraints				 done
	 constraints: 8) ramp-up/ramp-down constraints				 done
	 constraints: 9) piece linearization constraints			 done
	 constraints: 10) transmissionline limits for basline			 done


scuc_subproblem = A JuMP Model
├ solver: Gurobi
├ objective_sense: MIN_SENSE
│ └ objective_function_type: AffExpr
├ num_variables: 960
├ num_constraints: 2112
│ ├ AffExpr in MOI.EqualTo{Float64}: 96
│ ├ AffExpr in MOI.GreaterThan{Float64}: 552
│ ├ AffExpr in MOI.LessThan{Float64}: 720
│ └ VariableRef in MOI.GreaterThan{Float64}: 744
└ Names registered in the model
  └ :pg₀, :pgₖ, :ramp_violation⁺, :ramp_violation⁻, :reserve_shortage⁺, :reserve_shortage⁻, :sr⁺, :sr⁻, :u, :v, :winds_curt_constr_for_eachscenario, :x, :Δpd, :Δpw


Initializing Benders Subproblem (Recourse) construction...
	 LP_type subproblem objective_function 					 done
Objective function has been set.
	 constraints: 4) loadcurtailments and spoliedwinds			 done
	 constraints: 5) generatos power limits					 done
	 constraints: 6) system reserves limits					 done
	 constraints: 7) power balance constraints				 done
	 constraints: 8) ramp-up/ramp-down constraints				 done
	 constraints: 9) piece linearization constraints			 done
	 constraints: 10) transmissionline limits for basline			 done


scuc_subproblem = A JuMP Model
├ solver: Gurobi
├ objective_sense: MIN_SENSE
│ └ objective_function_type: AffExpr
├ num_variables: 960
├ num_constraints: 2112
│ ├ AffExpr in MOI.EqualTo{Float64}: 96
│ ├ AffExpr in MOI.GreaterThan{Float64}: 552
│ ├ AffExpr in MOI.LessThan{Float64}: 720
│ └ VariableRef in MOI.GreaterThan{Float64}: 744
└ Names registered in the model
  └ :pg₀, :pgₖ, :ramp_violation⁺, :ramp_violation⁻, :reserve_shortage⁺, :reserve_shortage⁻, :sr⁺, :sr⁻, :u, :v, :winds_curt_constr_for_eachscenario, :x, :Δpd, :Δpw


Initializing Benders Subproblem (Recourse) construction...
	 LP_type subproblem objective_function 					 done
Objective function has been set.
	 constraints: 4) loadcurtailments and spoliedwinds			 done
	 constraints: 5) generatos power limits					 done
	 constraints: 6) system reserves limits					 done
	 constraints: 7) power balance constraints				 done
	 constraints: 8) ramp-up/ramp-down constraints				 done
	 constraints: 9) piece linearization constraints			 done
	 constraints: 10) transmissionline limits for basline			 done


scuc_subproblem = A JuMP Model
├ solver: Gurobi
├ objective_sense: MIN_SENSE
│ └ objective_function_type: AffExpr
├ num_variables: 960
├ num_constraints: 2112
│ ├ AffExpr in MOI.EqualTo{Float64}: 96
│ ├ AffExpr in MOI.GreaterThan{Float64}: 552
│ ├ AffExpr in MOI.LessThan{Float64}: 720
│ └ VariableRef in MOI.GreaterThan{Float64}: 744
└ Names registered in the model
  └ :pg₀, :pgₖ, :ramp_violation⁺, :ramp_violation⁻, :reserve_shortage⁺, :reserve_shortage⁻, :sr⁺, :sr⁻, :u, :v, :winds_curt_constr_for_eachscenario, :x, :Δpd, :Δpw


Initializing Benders Subproblem (Recourse) construction...
	 LP_type subproblem objective_function 					 done
Objective function has been set.
	 constraints: 4) loadcurtailments and spoliedwinds			 done
	 constraints: 5) generatos power limits					 done
	 constraints: 6) system reserves limits					 done
	 constraints: 7) power balance constraints				 done
	 constraints: 8) ramp-up/ramp-down constraints				 done
	 constraints: 9) piece linearization constraints			 done
	 constraints: 10) transmissionline limits for basline			 done


scuc_subproblem = A JuMP Model
├ solver: Gurobi
├ objective_sense: MIN_SENSE
│ └ objective_function_type: AffExpr
├ num_variables: 960
├ num_constraints: 2112
│ ├ AffExpr in MOI.EqualTo{Float64}: 96
│ ├ AffExpr in MOI.GreaterThan{Float64}: 552
│ ├ AffExpr in MOI.LessThan{Float64}: 720
│ └ VariableRef in MOI.GreaterThan{Float64}: 744
└ Names registered in the model
  └ :pg₀, :pgₖ, :ramp_violation⁺, :ramp_violation⁻, :reserve_shortage⁺, :reserve_shortage⁻, :sr⁺, :sr⁻, :u, :v, :winds_curt_constr_for_eachscenario, :x, :Δpd, :Δpw


Initializing Benders Subproblem (Recourse) construction...
	 LP_type subproblem objective_function 					 done
Objective function has been set.
	 constraints: 4) loadcurtailments and spoliedwinds			 done
	 constraints: 5) generatos power limits					 done
	 constraints: 6) system reserves limits					 done
	 constraints: 7) power balance constraints				 done
	 constraints: 8) ramp-up/ramp-down constraints				 done
	 constraints: 9) piece linearization constraints			 done
	 constraints: 10) transmissionline limits for basline			 done


scuc_subproblem = A JuMP Model
├ solver: Gurobi
├ objective_sense: MIN_SENSE
│ └ objective_function_type: AffExpr
├ num_variables: 960
├ num_constraints: 2112
│ ├ AffExpr in MOI.EqualTo{Float64}: 96
│ ├ AffExpr in MOI.GreaterThan{Float64}: 552
│ ├ AffExpr in MOI.LessThan{Float64}: 720
│ └ VariableRef in MOI.GreaterThan{Float64}: 744
└ Names registered in the model
  └ :pg₀, :pgₖ, :ramp_violation⁺, :ramp_violation⁻, :reserve_shortage⁺, :reserve_shortage⁻, :sr⁺, :sr⁻, :u, :v, :winds_curt_constr_for_eachscenario, :x, :Δpd, :Δpw


Initializing Benders Subproblem (Recourse) construction...
	 LP_type subproblem objective_function 					 done
Objective function has been set.
	 constraints: 4) loadcurtailments and spoliedwinds			 done
	 constraints: 5) generatos power limits					 done
	 constraints: 6) system reserves limits					 done
	 constraints: 7) power balance constraints				 done
	 constraints: 8) ramp-up/ramp-down constraints				 done
	 constraints: 9) piece linearization constraints			 done
	 constraints: 10) transmissionline limits for basline			 done


scuc_subproblem = A JuMP Model
├ solver: Gurobi
├ objective_sense: MIN_SENSE
│ └ objective_function_type: AffExpr
├ num_variables: 960
├ num_constraints: 2112
│ ├ AffExpr in MOI.EqualTo{Float64}: 96
│ ├ AffExpr in MOI.GreaterThan{Float64}: 552
│ ├ AffExpr in MOI.LessThan{Float64}: 720
│ └ VariableRef in MOI.GreaterThan{Float64}: 744
└ Names registered in the model
  └ :pg₀, :pgₖ, :ramp_violation⁺, :ramp_violation⁻, :reserve_shortage⁺, :reserve_shortage⁻, :sr⁺, :sr⁻, :u, :v, :winds_curt_constr_for_eachscenario, :x, :Δpd, :Δpw


Initializing Benders Subproblem (Recourse) construction...
	 LP_type subproblem objective_function 					 done
Objective function has been set.
	 constraints: 4) loadcurtailments and spoliedwinds			 done
	 constraints: 5) generatos power limits					 done
	 constraints: 6) system reserves limits					 done
	 constraints: 7) power balance constraints				 done
	 constraints: 8) ramp-up/ramp-down constraints				 done
	 constraints: 9) piece linearization constraints			 done
	 constraints: 10) transmissionline limits for basline			 done


scuc_subproblem = A JuMP Model
├ solver: Gurobi
├ objective_sense: MIN_SENSE
│ └ objective_function_type: AffExpr
├ num_variables: 960
├ num_constraints: 2112
│ ├ AffExpr in MOI.EqualTo{Float64}: 96
│ ├ AffExpr in MOI.GreaterThan{Float64}: 552
│ ├ AffExpr in MOI.LessThan{Float64}: 720
│ └ VariableRef in MOI.GreaterThan{Float64}: 744
└ Names registered in the model
  └ :pg₀, :pgₖ, :ramp_violation⁺, :ramp_violation⁻, :reserve_shortage⁺, :reserve_shortage⁻, :sr⁺, :sr⁻, :u, :v, :winds_curt_constr_for_eachscenario, :x, :Δpd, :Δpw


Initializing Benders Subproblem (Recourse) construction...
	 LP_type subproblem objective_function 					 done
Objective function has been set.
	 constraints: 4) loadcurtailments and spoliedwinds			 done
	 constraints: 5) generatos power limits					 done
	 constraints: 6) system reserves limits					 done
	 constraints: 7) power balance constraints				 done
	 constraints: 8) ramp-up/ramp-down constraints				 done
	 constraints: 9) piece linearization constraints			 done
	 constraints: 10) transmissionline limits for basline			 done


scuc_subproblem = A JuMP Model
├ solver: Gurobi
├ objective_sense: MIN_SENSE
│ └ objective_function_type: AffExpr
├ num_variables: 960
├ num_constraints: 2112
│ ├ AffExpr in MOI.EqualTo{Float64}: 96
│ ├ AffExpr in MOI.GreaterThan{Float64}: 552
│ ├ AffExpr in MOI.LessThan{Float64}: 720
│ └ VariableRef in MOI.GreaterThan{Float64}: 744
└ Names registered in the model
  └ :pg₀, :pgₖ, :ramp_violation⁺, :ramp_violation⁻, :reserve_shortage⁺, :reserve_shortage⁻, :sr⁺, :sr⁻, :u, :v, :winds_curt_constr_for_eachscenario, :x, :Δpd, :Δpw


Initializing Benders Subproblem (Recourse) construction...
	 LP_type subproblem objective_function 					 done
Objective function has been set.
	 constraints: 4) loadcurtailments and spoliedwinds			 done
	 constraints: 5) generatos power limits					 done
	 constraints: 6) system reserves limits					 done
	 constraints: 7) power balance constraints				 done
	 constraints: 8) ramp-up/ramp-down constraints				 done
	 constraints: 9) piece linearization constraints			 done
	 constraints: 10) transmissionline limits for basline			 done


scuc_subproblem = A JuMP Model
├ solver: Gurobi
├ objective_sense: MIN_SENSE
│ └ objective_function_type: AffExpr
├ num_variables: 960
├ num_constraints: 2112
│ ├ AffExpr in MOI.EqualTo{Float64}: 96
│ ├ AffExpr in MOI.GreaterThan{Float64}: 552
│ ├ AffExpr in MOI.LessThan{Float64}: 720
│ └ VariableRef in MOI.GreaterThan{Float64}: 744
└ Names registered in the model
  └ :pg₀, :pgₖ, :ramp_violation⁺, :ramp_violation⁻, :reserve_shortage⁺, :reserve_shortage⁻, :sr⁺, :sr⁻, :u, :v, :winds_curt_constr_for_eachscenario, :x, :Δpd, :Δpw


Initializing Benders Subproblem (Recourse) construction...
	 LP_type subproblem objective_function 					 done
Objective function has been set.
	 constraints: 4) loadcurtailments and spoliedwinds			 done
	 constraints: 5) generatos power limits					 done
	 constraints: 6) system reserves limits					 done
	 constraints: 7) power balance constraints				 done
	 constraints: 8) ramp-up/ramp-down constraints				 done
	 constraints: 9) piece linearization constraints			 done
	 constraints: 10) transmissionline limits for basline			 done


scuc_subproblem = A JuMP Model
├ solver: Gurobi
├ objective_sense: MIN_SENSE
│ └ objective_function_type: AffExpr
├ num_variables: 960
├ num_constraints: 2112
│ ├ AffExpr in MOI.EqualTo{Float64}: 96
│ ├ AffExpr in MOI.GreaterThan{Float64}: 552
│ ├ AffExpr in MOI.LessThan{Float64}: 720
│ └ VariableRef in MOI.GreaterThan{Float64}: 744
└ Names registered in the model
  └ :pg₀, :pgₖ, :ramp_violation⁺, :ramp_violation⁻, :reserve_shortage⁺, :reserve_shortage⁻, :sr⁺, :sr⁻, :u, :v, :winds_curt_constr_for_eachscenario, :x, :Δpd, :Δpw


Initializing Benders Subproblem (Recourse) construction...
	 LP_type subproblem objective_function 					 done
Objective function has been set.
	 constraints: 4) loadcurtailments and spoliedwinds			 done
	 constraints: 5) generatos power limits					 done
	 constraints: 6) system reserves limits					 done
	 constraints: 7) power balance constraints				 done
	 constraints: 8) ramp-up/ramp-down constraints				 done
	 constraints: 9) piece linearization constraints			 done
	 constraints: 10) transmissionline limits for basline			 done


scuc_subproblem = A JuMP Model
├ solver: Gurobi
├ objective_sense: MIN_SENSE
│ └ objective_function_type: AffExpr
├ num_variables: 960
├ num_constraints: 2112
│ ├ AffExpr in MOI.EqualTo{Float64}: 96
│ ├ AffExpr in MOI.GreaterThan{Float64}: 552
│ ├ AffExpr in MOI.LessThan{Float64}: 720
│ └ VariableRef in MOI.GreaterThan{Float64}: 744
└ Names registered in the model
  └ :pg₀, :pgₖ, :ramp_violation⁺, :ramp_violation⁻, :reserve_shortage⁺, :reserve_shortage⁻, :sr⁺, :sr⁻, :u, :v, :winds_curt_constr_for_eachscenario, :x, :Δpd, :Δpw


Initializing Benders Subproblem (Recourse) construction...
	 LP_type subproblem objective_function 					 done
Objective function has been set.
	 constraints: 4) loadcurtailments and spoliedwinds			 done
	 constraints: 5) generatos power limits					 done
	 constraints: 6) system reserves limits					 done
	 constraints: 7) power balance constraints				 done
	 constraints: 8) ramp-up/ramp-down constraints				 done
	 constraints: 9) piece linearization constraints			 done
	 constraints: 10) transmissionline limits for basline			 done


scuc_subproblem = A JuMP Model
├ solver: Gurobi
├ objective_sense: MIN_SENSE
│ └ objective_function_type: AffExpr
├ num_variables: 960
├ num_constraints: 2112
│ ├ AffExpr in MOI.EqualTo{Float64}: 96
│ ├ AffExpr in MOI.GreaterThan{Float64}: 552
│ ├ AffExpr in MOI.LessThan{Float64}: 720
│ └ VariableRef in MOI.GreaterThan{Float64}: 744
└ Names registered in the model
  └ :pg₀, :pgₖ, :ramp_violation⁺, :ramp_violation⁻, :reserve_shortage⁺, :reserve_shortage⁻, :sr⁺, :sr⁻, :u, :v, :winds_curt_constr_for_eachscenario, :x, :Δpd, :Δpw


Starting (Strengthen) Benders decomposition algorithm
iteration start ...

====================================================
ITER 	 LOWER_bound 	    UPPER_bound   	 GAP
----------------------------------------------------
1              350            1.14198e+06    0.999694       
2              124055         1.14198e+06    0.891369       
3              133288         1.14198e+06    0.883284       
4              134511         1.14198e+06    0.882213       
5              143744         1.14198e+06    0.874128       
6              206219         1.14198e+06    0.819421       
7              206219         1.14198e+06    0.819421       
8              215452         1.14198e+06    0.811336       
9              215452         1.14198e+06    0.811336       
10             215452         1.14198e+06    0.811336       
11             216675         1.14198e+06    0.810265       
12             216675         1.14198e+06    0.810265       
13             224685         1.14198e+06    0.803251       
14             225908         1.14198e+06    0.80218        
15             225908         1.14198e+06    0.80218        
16             225908         1.14198e+06    0.80218        
17             235141         418021         0.437491       
18             386530         418021         0.0753354      
19             387482         418021         0.0730566      
20             388521         418021         0.0705715      
21             389481         418021         0.0682758      
22             390242         418021         0.0664551      
23             390520         418021         0.0657907      
24             397606         418021         0.048839       
25             398929         418021         0.0456732      
26             414123         418021         0.00932505     
27             415471         418021         0.00610034     
WARNING: Benders lower bound exceeded upper bound at iteration 28
  LOWER_bound = 489111.0571058477
  UPPER_bound = 418021.42950070783
  Rolled back the last dual cut batch and added conservative integer cuts.
29             415471         418021         0.00610034     
30             416362         418021         0.00396878     
31             417748         417774         6.17396e-05    


====================================================
Convergence achieved - Optimal solution found
FINAL UPPER BOUND: 417773.5226718181
FINAL LOWER BOUND: 417747.72950070724
FINAL GAP:         6.17396022271476e-5
====================================================
