Set parameter Username
Set parameter LicenseID to value 2754784
Academic license - for non-commercial use only - expires 2026-12-14
Set parameter Username
Set parameter LicenseID to value 2754784
Academic license - for non-commercial use only - expires 2026-12-14
Set parameter MIPGap to value 0.015
Set parameter MIPGap to value 0.015
Gurobi Optimizer version 13.0.2 build v13.0.2rc1 (mac64[arm] - Darwin 27.0.0 26A5388g)

CPU model: Apple M3
Thread count: 8 physical cores, 8 logical processors, using up to 8 threads

Non-default parameters:
MIPGap  0.015

Optimize a model with 74440 rows, 47304 columns and 661168 nonzeros (Min)
Model fingerprint: 0x3aac7aa4
Model has 35100 linear objective coefficients
Variable types: 35496 continuous, 11808 integer (11808 binary)
Coefficient statistics:
  Matrix range     [3e-02, 4e+02]
  Objective range  [1e+00, 1e+15]
  Bounds range     [0e+00, 0e+00]
  RHS range        [2e-02, 2e+02]
Warning: Model contains large objective coefficients
         Consider reformulating model or setting NumericFocus parameter
         to avoid numerical issues.

Presolve removed 35044 rows and 20450 columns
Presolve time: 0.34s
Presolved: 39396 rows, 26854 columns, 146705 nonzeros
Variable types: 15898 continuous, 10956 integer (10956 binary)
Found heuristic solution: objective 1.609197e+07
Found heuristic solution: objective 6994375.0324
Deterministic concurrent LP optimizer: primal and dual simplex
Showing primal log only...

Concurrent spin time: 0.00s

Solved with dual simplex

Use crossover to convert LP symmetric solution to basic solution...
Crossover time: 0.03 seconds (0.04 work units)

Root relaxation: objective 2.328970e+06, 7813 iterations, 0.25 seconds (0.42 work units)

    Nodes    |    Current Node    |     Objective Bounds      |     Work
 Expl Unexpl |  Obj  Depth IntInf | Incumbent    BestBd   Gap | It/Node Time

     0     0 2328970.16    0  856 6994375.03 2328970.16  66.7%     -    0s
H    0     0                    2668627.9342 2328970.16  12.7%     -    0s
H    0     0                    2491543.2060 2328970.16  6.52%     -    1s
H    0     0                    2414404.9688 2336689.94  3.22%     -    1s
H    0     0                    2388191.9438 2336689.94  2.16%     -    1s
H    0     0                    2376458.2174 2336689.94  1.67%     -    1s
     0     0 2336879.94    0  646 2376458.22 2336879.94  1.67%     -    1s
H    0     0                    2375279.1712 2336879.94  1.62%     -    1s
H    0     0                    2366921.7245 2336879.94  1.27%     -    2s
H    0     0                    2366921.7228 2336879.94  1.27%     -    2s

Cutting planes:
  Learned: 72
  Gomory: 17
  Cover: 1
  Implied bound: 11
  MIR: 46
  Flow cover: 32
  Network: 2
  RLT: 32
  Relax-and-lift: 9

Explored 1 nodes (10136 simplex iterations) in 2.06 seconds (3.72 work units)
Thread count was 8 (of 8 available processors)

Solution count 9: 2.36692e+06 2.37528e+06 2.37646e+06 ... 1.6092e+07

Optimal solution found (tolerance 1.50e-02)
Best objective 2.366921722842e+06, best bound 2.336879944671e+06, gap 1.2692%

User-callback calls 803, time in user-callback 0.00 sec
Set parameter Username
Set parameter LicenseID to value 2754784
Academic license - for non-commercial use only - expires 2026-12-14
Set parameter MIPGap to value 0.015
Set parameter MIPGap to value 0.015
Gurobi Optimizer version 13.0.2 build v13.0.2rc1 (mac64[arm] - Darwin 27.0.0 26A5388g)

CPU model: Apple M3
Thread count: 8 physical cores, 8 logical processors, using up to 8 threads

Non-default parameters:
MIPGap  0.015

Optimize a model with 70278 rows, 44676 columns and 624130 nonzeros (Min)
Model fingerprint: 0xbe82991b
Model has 33150 linear objective coefficients
Variable types: 33524 continuous, 11152 integer (11152 binary)
Coefficient statistics:
  Matrix range     [3e-02, 4e+02]
  Objective range  [1e+00, 1e+15]
  Bounds range     [0e+00, 0e+00]
  RHS range        [2e-02, 2e+02]
Warning: Model contains large objective coefficients
         Consider reformulating model or setting NumericFocus parameter
         to avoid numerical issues.

Presolve removed 33197 rows and 19354 columns
Presolve time: 0.32s
Presolved: 37081 rows, 25322 columns, 138385 nonzeros
Variable types: 15014 continuous, 10308 integer (10308 binary)
Found heuristic solution: objective 1.577853e+07
Found heuristic solution: objective 6709643.3956
Deterministic concurrent LP optimizer: primal and dual simplex
Showing primal log only...

Concurrent spin time: 0.00s

Solved with dual simplex

Use crossover to convert LP symmetric solution to basic solution...
Crossover time: 0.03 seconds (0.03 work units)

Root relaxation: objective 2.153154e+06, 10671 iterations, 0.33 seconds (0.54 work units)

    Nodes    |    Current Node    |     Objective Bounds      |     Work
 Expl Unexpl |  Obj  Depth IntInf | Incumbent    BestBd   Gap | It/Node Time

     0     0 2153154.26    0  743 6709643.40 2153154.26  67.9%     -    0s
H    0     0                    2426142.7327 2153154.26  11.3%     -    0s
H    0     0                    2258135.6151 2153154.26  4.65%     -    1s
H    0     0                    2257945.2135 2153154.26  4.64%     -    1s
H    0     0                    2223158.0163 2153154.26  3.15%     -    1s
H    0     0                    2212920.1521 2153154.26  2.70%     -    1s
     0     0 2158814.95    0  580 2212920.15 2158814.95  2.44%     -    1s
H    0     0                    2206468.3975 2158866.58  2.16%     -    1s
H    0     0                    2202571.6830 2161757.26  1.85%     -    2s
H    0     0                    2197606.1903 2161757.26  1.63%     -    2s
H    0     0                    2197353.2654 2161757.26  1.62%     -    2s
H    0     0                    2196813.4672 2161757.26  1.60%     -    2s
H    0     0                    2187069.7630 2161757.26  1.16%     -    2s
H    0     0                    2187069.7594 2161757.26  1.16%     -    2s
H    0     0                    2187034.7526 2161757.26  1.16%     -    2s
H    0     0                    2186981.8849 2161757.26  1.15%     -    2s
H    0     0                    2186980.4909 2161757.26  1.15%     -    2s
     0     0 2161757.26    0  424 2186980.49 2161757.26  1.15%     -    2s

Cutting planes:
  Learned: 105
  Gomory: 25
  Cover: 1
  Implied bound: 18
  MIR: 31
  Flow cover: 31
  Network: 1
  RLT: 24
  Relax-and-lift: 7

Explored 1 nodes (13373 simplex iterations) in 2.02 seconds (3.66 work units)
Thread count was 8 (of 8 available processors)

Solution count 10: 2.18698e+06 2.18698e+06 2.18698e+06 ... 2.20647e+06

Optimal solution found (tolerance 1.50e-02)
Best objective 2.186980490903e+06, best bound 2.161757255564e+06, gap 1.1533%

User-callback calls 696, time in user-callback 0.00 sec
	→ The renewable energy scenarios module loaded.
	→ Input data module loaded and ready for UC modeling.
	→ The [JULIA] environment_config has been loaded.
	→ Constraint modules included and functions exported.
	→ Objective functions module loaded and exported.
	→ Utility functions module loaded and exported.
	→ all boundary conditions validated.

================================================================================
EXPORTING ADAPTIVE OVERLAP WINDOW STATISTICS
================================================================================

Reading project input data...
Step-1: Loading packages and functions...
  Reading data from: /Users/yuanyiping/Documents/GitHub/02 Ongoing/module_unitcommitment/data/data_118_clustered_pcm.xlsx
  Reading frequency parameters...
  Reading energy storage system data...
  Reading generator, network, and load data...
  Reading data center data...
  Reading hydroelectric power data...
  ✓ All data successfully loaded from Excel file.
Step-2: imput data are loaded
  PCM load profile: smooth
  PCM random seed: 20260809
  Training case signature: 7d611b5dd5fc9e4560502272d184ef08a0f8a8f5d701e1cdc305bb4954fdd5bd
  Training cache: HIT (4 samples; no retraining required)
  Load curve horizon used for statistics: 168 h
  Wind scenario horizon used for statistics: 168 h
  Steady-state overlap mode: ml_prediction
  Calibration / training time excluded from subproblem solve times: 0.00 s
Step-3: Creating dispatching model (Refactored & Modularized)
	 Variables defined.
DEBUG set_objective_economic!: NT=36, NG=108, ND=91, NW=20, NS=1, K=3, size(refcost)=(108,), size(eachslope)=(3, 108)
objective_function
	MILP economic objective set
subject to.
	 constraints: 1) minimum shutup/shutdown time limits			 done
	 constraints: 2) binary variable logic					 done
	 constraints: 3) shutup/shutdown cost					 done
	 constraints: 4) loadcurtailments and spoliedwinds			 done
	 constraints: 5) generatos power limits					 done
	 constraints: 6) system reserves limits					 done
	 constraints: 7) power balance constraints				 done
	 constraints: 8) ramp-up/ramp-down constraints				 done
	 constraints: 9) piece linearization constraints			 done
	 constraints: 10) transmissionline limits skipped (is_NetWorkCon != 1 or Gsdf missing or NL=0)
	 constraints: 11) stroges system constraints skipped (NC=0 or variables not defined)
	 constraints: 12) data centra constraints skipped (is_ConsiderDataCentra != 1)
	 constraints: 13) frequency control constraints skipped (is_ConsiderFrequencyControl != 1)
	 constraints: 14) hydro power limits					 done
+++++++++++++++++++++++++++++++++++++++++++++++++++++++++++++++++++++++++++++++++++++++++++
Step-4: starting Gurobi solver
Step-5: Gurobi solver finished
+++++++++++++++++++++++++++++++++++++++++++++++++++++++++++++++++++++++++++++++++++++++++++

assert_is_solved_and_feasible(scuc) = nothing
solution_summary(scuc) = solution_summary(; result = 1, verbose = false)
├ solver_name          : Gurobi
├ Termination
│ ├ termination_status : OPTIMAL
│ ├ result_count       : 9
│ ├ raw_status         : Model was solved to optimality (subject to tolerances), and an optimal solution is available.
│ └ objective_bound    : 2.33688e+06
├ Solution (result = 1)
│ ├ primal_status        : FEASIBLE_POINT
│ ├ dual_status          : NO_SOLUTION
│ ├ objective_value      : 2.36692e+06
│ └ relative_gap         : 1.26923e-02
└ Work counters
  ├ solve_time (sec)   : 2.06241e+00
  ├ simplex_iterations : 10136
  ├ barrier_iterations : 0
  └ node_count         : 1


Termination Status: OPTIMAL
Acceptable solution found (Status: OPTIMAL).
Step-6: record datas
PART1: [unit-commitment] calculation result has been saved to: /Users/yuanyiping/Documents/GitHub/02 Ongoing/module_unitcommitment/output/pcm_benchmark/full_matrix_20260809/108_units/smooth/adaptive_overlap/run1/output/details_schedule_results/pcm_simulation_results/intervels_[1]/res_schedule_commitment_result.txt
  Training cache hit: /Users/yuanyiping/Documents/GitHub/02 Ongoing/module_unitcommitment/output/pcm_training_cache/overlap_training_cache/7d611b5dd5fc9e4560502272d184ef08a0f8a8f5d701e1cdc305bb4954fdd5bd/offline_training_dataset.csv
Training Decision Tree on: /Users/yuanyiping/Documents/GitHub/02 Ongoing/module_unitcommitment/output/pcm_training_cache/overlap_training_cache/7d611b5dd5fc9e4560502272d184ef08a0f8a8f5d701e1cdc305bb4954fdd5bd/offline_training_dataset.csv
  Warning: Failed to train decision tree from dataset (ErrorException("Training dataset has only 4 valid rows; at least 5 are required.")). Falling back to default heuristic.
[AdaptiveOverlap][RampCriterion] start=1 no ramp/uncertainty event in lookahead; T_ramp=0
[AdaptiveOverlap] interval=1 start=1 mode=ml_prediction
  boundary criterion: U_norm=0.4072, T_dwell_rem=0.0, X_delta_norm=0.0139, X_switch_ratio=0.037
  steady-state criterion: L_norm=0.3596, sigma_load=16.9839, R_wind_max=0.0734, T_ml=10
  physical criteria: T_unit=0, ramp_event=false, T_ramp=0
  final criterion: max(T_ml=10, T_unit=0, T_ramp=0)=10; clamped_final=10, solved_horizon=34
Step-3: Creating dispatching model (Refactored & Modularized)
	 Variables defined.
DEBUG set_objective_economic!: NT=34, NG=108, ND=91, NW=20, NS=1, K=3, size(refcost)=(108,), size(eachslope)=(3, 108)
objective_function
	MILP economic objective set
subject to.
	 constraints: 1) minimum shutup/shutdown time limits			 done
	 constraints: 2) binary variable logic					 done
	 constraints: 3) shutup/shutdown cost					 done
	 constraints: 4) loadcurtailments and spoliedwinds			 done
	 constraints: 5) generatos power limits					 done
	 constraints: 6) system reserves limits					 done
	 constraints: 7) power balance constraints				 done
	 constraints: 8) ramp-up/ramp-down constraints				 done
	 constraints: 9) piece linearization constraints			 done
	 constraints: 10) transmissionline limits skipped (is_NetWorkCon != 1 or Gsdf missing or NL=0)
	 constraints: 11) stroges system constraints skipped (NC=0 or variables not defined)
	 constraints: 12) data centra constraints skipped (is_ConsiderDataCentra != 1)
	 constraints: 13) frequency control constraints skipped (is_ConsiderFrequencyControl != 1)
	 constraints: 14) hydro power limits					 done
+++++++++++++++++++++++++++++++++++++++++++++++++++++++++++++++++++++++++++++++++++++++++++
Step-4: starting Gurobi solver
Step-5: Gurobi solver finished
+++++++++++++++++++++++++++++++++++++++++++++++++++++++++++++++++++++++++++++++++++++++++++

assert_is_solved_and_feasible(scuc) = nothing
solution_summary(scuc) = solution_summary(; result = 1, verbose = false)
├ solver_name          : Gurobi
├ Termination
│ ├ termination_status : OPTIMAL
│ ├ result_count       : 10
│ ├ raw_status         : Model was solved to optimality (subject to tolerances), and an optimal solution is available.
│ └ objective_bound    : 2.16176e+06
├ Solution (result = 1)
│ ├ primal_status        : FEASIBLE_POINT
│ ├ dual_status          : NO_SOLUTION
│ ├ objective_value      : 2.18698e+06
│ └ relative_gap         : 1.15334e-02
└ Work counters
  ├ solve_time (sec)   : 2.02424e+00
  ├ simplex_iterations : 13373
  ├ barrier_iterations : 0
  └ node_count         : 1


Termination Status: OPTIMAL
Acceptable solution found (Status: OPTIMAL).
Step-6: record datas
PART1: [unit-commitment] calculation result has been saved to: /Users/yuanyiping/Documents/GitHub/02 Ongoing/module_unitcommitment/output/pcm_benchmark/full_matrix_20260809/108_units/smooth/adaptive_overlap/run1/output/details_schedule_results/pcm_simulation_results/intervels_[1]/res_schedule_commitment_result.txt
PART1: [unit-commitment] calculation result has been saved to: /Users/yuanyiping/Documents/GitHub/02 Ongoing/module_unitcommitment/output/pcm_benchmark/full_matrix_20260809/108_units/smooth/adaptive_overlap/run1/output/details_schedule_results/pcm_simulation_results/intervels_[1]/res_schedule_commitment_result.txt
  ✓ Per-interval overlap statistics exported to CSV: /Users/yuanyiping/Documents/GitHub/02 Ongoing/module_unitcommitment/output/pcm_benchmark/full_matrix_20260809/108_units/smooth/adaptive_overlap/run1/output/details_schedule_results/adaptive_pcm_simulation_results/overlap_window_statistics.csv
  ✓ Human-readable summary report exported to TXT: /Users/yuanyiping/Documents/GitHub/02 Ongoing/module_unitcommitment/output/pcm_benchmark/full_matrix_20260809/108_units/smooth/adaptive_overlap/run1/output/details_schedule_results/adaptive_pcm_simulation_results/overlap_window_summary.txt
================================================================================


Per-Interval Overlap Summary Dataframe:
1×13 DataFrame
 Row │ Interval_ID  Start_Hour  Execution_Window_h  Steady_State_Overlap_h  Unit_Dwell_Overlap_h  Ramp_Event_Detected  Ramp_Overlap_h  Raw_Max_Overlap_h  Limiting_Factor  Final_Adaptive_Overlap_h  Total_Solved_Horizon_h  Subproblem_SolveTime_sec  Optimization_Status
     │ Int64        Int64       Int64               Int64                   Int64                 Bool                 Int64           Int64              String           Int64                     Int64                   Float64                   String
─────┼─────────────────────────────────────────────────────────────────────────────────────────────────────────────────────────────────────────────────────────────────────────────────────────────────────────────────────────────────────────────────────────────────────
   1 │           1           1                  24                      10                     0                false               0                 10  steady                                 10                      34                   2.94495  OK
