Set parameter Username
Set parameter LicenseID to value 2754784
Academic license - for non-commercial use only - expires 2026-12-14
Set parameter Username
Set parameter LicenseID to value 2754784
Academic license - for non-commercial use only - expires 2026-12-14
Set parameter Username
Set parameter LicenseID to value 2754784
Academic license - for non-commercial use only - expires 2026-12-14
Set parameter Username
Set parameter LicenseID to value 2754784
Academic license - for non-commercial use only - expires 2026-12-14
Step-1: Pkgs and functions are loaded
Step-2: imput data are loaded
Initializing Benders Master Problem construction...
	 MILP_type objective_function 						 done
	 constraints: 1) minimum shutup/shutdown time limits			 done
	 constraints: 2) binary variable logic					 done
	 constraints: 3) shutup/shutdown cost					 done
	 constraints: master supply adequacy cuts				 done
Initializing Benders Subproblem (Recourse) construction...
	 LP_type subproblem objective_function 					 done
Objective function has been set.
	 constraints: 4) loadcurtailments and spoliedwinds			 done
	 constraints: 5) generatos power limits					 done
	 constraints: 6) system reserves limits					 done
	 constraints: 7) power balance constraints				 done
	 constraints: 8) ramp-up/ramp-down constraints				 done
	 constraints: 9) piece linearization constraints			 done
	 constraints: 10) transmissionline limits for basline			 done
	 constraints: 11) stroges system constraints skipped (NC=0 or variables not defined)
Initializing Benders Subproblem (Recourse) construction...
	 LP_type subproblem objective_function 					 done
Objective function has been set.
	 constraints: 4) loadcurtailments and spoliedwinds			 done
	 constraints: 5) generatos power limits					 done
	 constraints: 6) system reserves limits					 done
	 constraints: 7) power balance constraints				 done
	 constraints: 8) ramp-up/ramp-down constraints				 done
	 constraints: 9) piece linearization constraints			 done
	 constraints: 10) transmissionline limits for basline			 done
	 constraints: 11) stroges system constraints skipped (NC=0 or variables not defined)
Initializing Benders Subproblem (Recourse) construction...
	 LP_type subproblem objective_function 					 done
Objective function has been set.
	 constraints: 4) loadcurtailments and spoliedwinds			 done
	 constraints: 5) generatos power limits					 done
	 constraints: 6) system reserves limits					 done
	 constraints: 7) power balance constraints				 done
	 constraints: 8) ramp-up/ramp-down constraints				 done
	 constraints: 9) piece linearization constraints			 done
	 constraints: 10) transmissionline limits for basline			 done
	 constraints: 11) stroges system constraints skipped (NC=0 or variables not defined)
[ Info: Generating batch subproblems for multi-cut scenarios
[ Info: Batch subproblem dictionary successfully created with 2 independent entries.
Starting (Strengthen) Benders decomposition algorithm
iteration start ...

====================================================
ITER 	 LOWER_bound 	    UPPER_bound   	 GAP
----------------------------------------------------
1              350            1.11139e+06    0.999685       
2              2290           1.11139e+06    0.99794        
3              3510           1.11139e+06    0.996842       
4              3510           1.11139e+06    0.996842       
5              3510           1.11139e+06    0.996842       
6              3510           1.11139e+06    0.996842       
7              3510           1.11139e+06    0.996842       
8              3770           295740         0.987252       
9              237090         295740         0.198318       
10             237238         295740         0.197817       
11             237381         295740         0.197334       
12             244586         295740         0.172971       
13             245914         295740         0.168482       
14             246100         295740         0.16785        
15             248776         295740         0.158803       
16             249169         295740         0.157475       
17             249171         295740         0.157467       
18             250228         295740         0.153895       
19             255073         295740         0.137511       
20             255999         295740         0.13438        
21             257661         295740         0.12876        
22             258738         295740         0.125118       
23             259505         295740         0.122523       
24             270172         295740         0.0864548      
25             272449         281950         0.033699       
26             273914         277181         0.0117869      
27             277019         277181         0.000583614    


====================================================
Convergence achieved - Optimal solution found
FINAL UPPER BOUND: 277181.0248636769
FINAL LOWER BOUND: 277019.25819701015
FINAL GAP:         0.0005836137836121921
====================================================
