Set parameter Username
Set parameter LicenseID to value 2754784
Academic license - for non-commercial use only - expires 2026-12-14
Set parameter Username
Set parameter LicenseID to value 2754784
Academic license - for non-commercial use only - expires 2026-12-14
Set parameter MIPGap to value 0.015
Set parameter MIPGap to value 0.015
Gurobi Optimizer version 13.0.2 build v13.0.2rc1 (mac64[arm] - Darwin 27.0.0 26A5388g)

CPU model: Apple M3
Thread count: 8 physical cores, 8 logical processors, using up to 8 threads

Non-default parameters:
MIPGap  0.015

Optimize a model with 74440 rows, 47304 columns and 661168 nonzeros (Min)
Model fingerprint: 0x3aac7aa4
Model has 35100 linear objective coefficients
Variable types: 35496 continuous, 11808 integer (11808 binary)
Coefficient statistics:
  Matrix range     [3e-02, 4e+02]
  Objective range  [1e+00, 1e+15]
  Bounds range     [0e+00, 0e+00]
  RHS range        [2e-02, 2e+02]
Warning: Model contains large objective coefficients
         Consider reformulating model or setting NumericFocus parameter
         to avoid numerical issues.

Presolve removed 35044 rows and 20450 columns
Presolve time: 0.34s
Presolved: 39396 rows, 26854 columns, 146705 nonzeros
Variable types: 15898 continuous, 10956 integer (10956 binary)
Found heuristic solution: objective 1.609197e+07
Found heuristic solution: objective 6994375.0324
Deterministic concurrent LP optimizer: primal and dual simplex
Showing primal log only...

Concurrent spin time: 0.00s

Solved with dual simplex

Use crossover to convert LP symmetric solution to basic solution...
Crossover time: 0.03 seconds (0.04 work units)

Root relaxation: objective 2.328970e+06, 7813 iterations, 0.25 seconds (0.42 work units)

    Nodes    |    Current Node    |     Objective Bounds      |     Work
 Expl Unexpl |  Obj  Depth IntInf | Incumbent    BestBd   Gap | It/Node Time

     0     0 2328970.16    0  856 6994375.03 2328970.16  66.7%     -    0s
H    0     0                    2668627.9342 2328970.16  12.7%     -    0s
H    0     0                    2491543.2060 2328970.16  6.52%     -    1s
H    0     0                    2414404.9688 2336689.94  3.22%     -    1s
H    0     0                    2388191.9438 2336689.94  2.16%     -    1s
H    0     0                    2376458.2174 2336689.94  1.67%     -    1s
     0     0 2336879.94    0  646 2376458.22 2336879.94  1.67%     -    1s
H    0     0                    2375279.1712 2336879.94  1.62%     -    2s
H    0     0                    2366921.7245 2336879.94  1.27%     -    2s
H    0     0                    2366921.7228 2336879.94  1.27%     -    2s

Cutting planes:
  Learned: 72
  Gomory: 17
  Cover: 1
  Implied bound: 11
  MIR: 46
  Flow cover: 32
  Network: 2
  RLT: 32
  Relax-and-lift: 9

Explored 1 nodes (10136 simplex iterations) in 2.08 seconds (3.72 work units)
Thread count was 8 (of 8 available processors)

Solution count 9: 2.36692e+06 2.37528e+06 2.37646e+06 ... 1.6092e+07

Optimal solution found (tolerance 1.50e-02)
Best objective 2.366921722842e+06, best bound 2.336879944671e+06, gap 1.2692%

User-callback calls 837, time in user-callback 0.00 sec
Set parameter Username
Set parameter LicenseID to value 2754784
Academic license - for non-commercial use only - expires 2026-12-14
Set parameter MIPGap to value 0.015
Set parameter MIPGap to value 0.015
Gurobi Optimizer version 13.0.2 build v13.0.2rc1 (mac64[arm] - Darwin 27.0.0 26A5388g)

CPU model: Apple M3
Thread count: 8 physical cores, 8 logical processors, using up to 8 threads

Non-default parameters:
MIPGap  0.015

Optimize a model with 74440 rows, 47304 columns and 661168 nonzeros (Min)
Model fingerprint: 0x3aac7aa4
Model has 35100 linear objective coefficients
Variable types: 35496 continuous, 11808 integer (11808 binary)
Coefficient statistics:
  Matrix range     [3e-02, 4e+02]
  Objective range  [1e+00, 1e+15]
  Bounds range     [0e+00, 0e+00]
  RHS range        [2e-02, 2e+02]
Warning: Model contains large objective coefficients
         Consider reformulating model or setting NumericFocus parameter
         to avoid numerical issues.

Presolve removed 35044 rows and 20450 columns
Presolve time: 0.34s
Presolved: 39396 rows, 26854 columns, 146705 nonzeros
Variable types: 15898 continuous, 10956 integer (10956 binary)
Found heuristic solution: objective 1.609197e+07
Found heuristic solution: objective 6994375.0324
Deterministic concurrent LP optimizer: primal and dual simplex
Showing primal log only...

Concurrent spin time: 0.00s

Solved with dual simplex

Use crossover to convert LP symmetric solution to basic solution...
Crossover time: 0.03 seconds (0.04 work units)

Root relaxation: objective 2.328970e+06, 7813 iterations, 0.24 seconds (0.42 work units)

    Nodes    |    Current Node    |     Objective Bounds      |     Work
 Expl Unexpl |  Obj  Depth IntInf | Incumbent    BestBd   Gap | It/Node Time

     0     0 2328970.16    0  856 6994375.03 2328970.16  66.7%     -    0s
H    0     0                    2668627.9342 2328970.16  12.7%     -    0s
H    0     0                    2491543.2060 2328970.16  6.52%     -    1s
H    0     0                    2414404.9688 2336689.94  3.22%     -    1s
H    0     0                    2388191.9438 2336689.94  2.16%     -    1s
H    0     0                    2376458.2174 2336689.94  1.67%     -    1s
     0     0 2336879.94    0  646 2376458.22 2336879.94  1.67%     -    1s
H    0     0                    2375279.1712 2336879.94  1.62%     -    1s
H    0     0                    2366921.7245 2336879.94  1.27%     -    2s
H    0     0                    2366921.7228 2336879.94  1.27%     -    2s

Cutting planes:
  Learned: 72
  Gomory: 17
  Cover: 1
  Implied bound: 11
  MIR: 46
  Flow cover: 32
  Network: 2
  RLT: 32
  Relax-and-lift: 9

Explored 1 nodes (10136 simplex iterations) in 2.05 seconds (3.72 work units)
Thread count was 8 (of 8 available processors)

Solution count 9: 2.36692e+06 2.37528e+06 2.37646e+06 ... 1.6092e+07

Optimal solution found (tolerance 1.50e-02)
Best objective 2.366921722842e+06, best bound 2.336879944671e+06, gap 1.2692%

User-callback calls 819, time in user-callback 0.00 sec
Set parameter Username
Set parameter LicenseID to value 2754784
Academic license - for non-commercial use only - expires 2026-12-14
Set parameter MIPGap to value 0.015
Set parameter MIPGap to value 0.015
Gurobi Optimizer version 13.0.2 build v13.0.2rc1 (mac64[arm] - Darwin 27.0.0 26A5388g)

CPU model: Apple M3
Thread count: 8 physical cores, 8 logical processors, using up to 8 threads

Non-default parameters:
MIPGap  0.015

Optimize a model with 74440 rows, 47304 columns and 661168 nonzeros (Min)
Model fingerprint: 0xe2256ce1
Model has 35100 linear objective coefficients
Variable types: 35496 continuous, 11808 integer (11808 binary)
Coefficient statistics:
  Matrix range     [3e-02, 4e+02]
  Objective range  [1e+00, 1e+15]
  Bounds range     [0e+00, 0e+00]
  RHS range        [2e-02, 2e+02]
Warning: Model contains large objective coefficients
         Consider reformulating model or setting NumericFocus parameter
         to avoid numerical issues.

Presolve removed 35044 rows and 20450 columns
Presolve time: 0.34s
Presolved: 39396 rows, 26854 columns, 146705 nonzeros
Variable types: 15898 continuous, 10956 integer (10956 binary)
Found heuristic solution: objective 2.033506e+07
Found heuristic solution: objective 9346729.0153
Deterministic concurrent LP optimizer: primal and dual simplex
Showing primal log only...

Concurrent spin time: 0.02s

Solved with dual simplex

Use crossover to convert LP symmetric solution to basic solution...
Crossover time: 0.03 seconds (0.03 work units)

Root relaxation: objective 2.604439e+06, 7792 iterations, 0.23 seconds (0.38 work units)

    Nodes    |    Current Node    |     Objective Bounds      |     Work
 Expl Unexpl |  Obj  Depth IntInf | Incumbent    BestBd   Gap | It/Node Time

     0     0 2604438.81    0  671 9346729.02 2604438.81  72.1%     -    0s
H    0     0                    2842483.7772 2604438.81  8.37%     -    0s
H    0     0                    2842466.0738 2604438.81  8.37%     -    1s
H    0     0                    2821884.2907 2604438.81  7.71%     -    1s
H    0     0                    2795566.7088 2611293.85  6.59%     -    1s
     0     0 2611293.85    0  572 2795566.71 2611293.85  6.59%     -    1s
H    0     0                    2743420.4016 2611294.00  4.82%     -    1s
H    0     0                    2720367.6277 2611294.00  4.01%     -    1s
H    0     0                    2716583.6337 2611294.00  3.88%     -    1s
     0     0 2615720.29    0  511 2716583.63 2615720.29  3.71%     -    2s
     0     0 2616809.22    0  508 2716583.63 2616809.22  3.67%     -    2s
     0     0 2618252.17    0  529 2716583.63 2618252.17  3.62%     -    2s
H    0     0                    2707959.8990 2618252.17  3.31%     -    2s
H    0     0                    2706255.0828 2618252.17  3.25%     -    2s
H    0     0                    2672816.4510 2618252.17  2.04%     -    2s
H    0     0                    2671236.4365 2618252.17  1.98%     -    2s
H    0     0                    2646414.5408 2618252.17  1.06%     -    2s
H    0     0                    2645196.9963 2618252.17  1.02%     -    2s
     0     0 2618252.17    0  564 2645197.00 2618252.17  1.02%     -    2s

Cutting planes:
  Learned: 124
  Gomory: 8
  Implied bound: 22
  MIR: 61
  Flow cover: 27
  Network: 4
  RLT: 8

Explored 1 nodes (15050 simplex iterations) in 2.86 seconds (5.06 work units)
Thread count was 8 (of 8 available processors)

Solution count 10: 2.6452e+06 2.64641e+06 2.67124e+06 ... 2.79557e+06

Optimal solution found (tolerance 1.50e-02)
Best objective 2.645196996235e+06, best bound 2.618252165583e+06, gap 1.0186%

User-callback calls 807, time in user-callback 0.00 sec
Set parameter Username
Set parameter LicenseID to value 2754784
Academic license - for non-commercial use only - expires 2026-12-14
Set parameter MIPGap to value 0.015
Set parameter MIPGap to value 0.015
Gurobi Optimizer version 13.0.2 build v13.0.2rc1 (mac64[arm] - Darwin 27.0.0 26A5388g)

CPU model: Apple M3
Thread count: 8 physical cores, 8 logical processors, using up to 8 threads

Non-default parameters:
MIPGap  0.015

Optimize a model with 74462 rows, 47304 columns and 661337 nonzeros (Min)
Model fingerprint: 0x7eedfed8
Model has 35100 linear objective coefficients
Variable types: 35496 continuous, 11808 integer (11808 binary)
Coefficient statistics:
  Matrix range     [3e-02, 4e+02]
  Objective range  [1e+00, 1e+15]
  Bounds range     [0e+00, 0e+00]
  RHS range        [2e-02, 4e+02]
Warning: Model contains large objective coefficients
         Consider reformulating model or setting NumericFocus parameter
         to avoid numerical issues.

Presolve removed 34912 rows and 20394 columns
Presolve time: 0.34s
Presolved: 39550 rows, 26910 columns, 147188 nonzeros
Variable types: 15912 continuous, 10998 integer (10998 binary)
Found heuristic solution: objective 2.030331e+07
Found heuristic solution: objective 7219432.5500
Deterministic concurrent LP optimizer: primal and dual simplex
Showing primal log only...

Concurrent spin time: 0.03s

Solved with primal simplex

Use crossover to convert LP symmetric solution to basic solution...
Crossover time: 0.02 seconds (0.02 work units)

Root relaxation: objective 2.585755e+06, 7648 iterations, 0.23 seconds (0.39 work units)

    Nodes    |    Current Node    |     Objective Bounds      |     Work
 Expl Unexpl |  Obj  Depth IntInf | Incumbent    BestBd   Gap | It/Node Time

     0     0 2585754.75    0  584 7219432.55 2585754.75  64.2%     -    0s
H    0     0                    2744509.5049 2585754.75  5.78%     -    0s
H    0     0                    2729122.1502 2585754.75  5.25%     -    0s
H    0     0                    2652523.3269 2593969.73  2.21%     -    1s
H    0     0                    2640580.9245 2593969.73  1.77%     -    1s
H    0     0                    2638689.9878 2593969.73  1.69%     -    1s
H    0     0                    2629430.3437 2593969.73  1.35%     -    1s
H    0     0                    2628758.3995 2593969.73  1.32%     -    1s
H    0     0                    2625330.5841 2593969.73  1.19%     -    1s
H    0     0                    2625217.9621 2593969.73  1.19%     -    1s
H    0     0                    2624389.2824 2593969.73  1.16%     -    1s
     0     0 2624389.28    0  556 2624389.28 2624389.28  0.00%     -    1s

Cutting planes:
  Learned: 34
  Gomory: 32
  Cover: 9
  Implied bound: 72
  MIR: 50
  Flow cover: 33
  Network: 16
  RLT: 82
  Relax-and-lift: 6

Explored 1 nodes (10078 simplex iterations) in 1.61 seconds (3.17 work units)
Thread count was 8 (of 8 available processors)

Solution count 10: 2.62439e+06 2.62439e+06 2.62522e+06 ... 2.72912e+06

Optimal solution found (tolerance 1.50e-02)
Best objective 2.624389282404e+06, best bound 2.624389282404e+06, gap 0.0000%

User-callback calls 604, time in user-callback 0.00 sec
Set parameter Username
Set parameter LicenseID to value 2754784
Academic license - for non-commercial use only - expires 2026-12-14
Set parameter MIPGap to value 0.015
Set parameter MIPGap to value 0.015
Gurobi Optimizer version 13.0.2 build v13.0.2rc1 (mac64[arm] - Darwin 27.0.0 26A5388g)

CPU model: Apple M3
Thread count: 8 physical cores, 8 logical processors, using up to 8 threads

Non-default parameters:
MIPGap  0.015

Optimize a model with 74440 rows, 47304 columns and 661168 nonzeros (Min)
Model fingerprint: 0x21bac41b
Model has 35100 linear objective coefficients
Variable types: 35496 continuous, 11808 integer (11808 binary)
Coefficient statistics:
  Matrix range     [3e-02, 4e+02]
  Objective range  [1e+00, 1e+15]
  Bounds range     [0e+00, 0e+00]
  RHS range        [2e-02, 2e+02]
Warning: Model contains large objective coefficients
         Consider reformulating model or setting NumericFocus parameter
         to avoid numerical issues.

Presolve removed 35044 rows and 20450 columns
Presolve time: 0.33s
Presolved: 39396 rows, 26854 columns, 146705 nonzeros
Variable types: 15898 continuous, 10956 integer (10956 binary)
Found heuristic solution: objective 3.807381e+07
Found heuristic solution: objective 1.042443e+07
Deterministic concurrent LP optimizer: primal and dual simplex
Showing primal log only...

Concurrent spin time: 0.00s

Solved with dual simplex

Use crossover to convert LP symmetric solution to basic solution...
Crossover time: 0.02 seconds (0.03 work units)

Root relaxation: objective 1.804705e+06, 7935 iterations, 0.26 seconds (0.47 work units)

    Nodes    |    Current Node    |     Objective Bounds      |     Work
 Expl Unexpl |  Obj  Depth IntInf | Incumbent    BestBd   Gap | It/Node Time

     0     0 1804705.03    0  534 1.0424e+07 1804705.03  82.7%     -    0s
H    0     0                    2014729.0124 1804705.03  10.4%     -    0s
H    0     0                    1863622.5402 1804705.03  3.16%     -    0s
H    0     0                    1860621.1870 1804705.03  3.01%     -    0s
H    0     0                    1859617.9653 1804705.03  2.95%     -    1s
H    0     0                    1859251.5073 1804705.03  2.93%     -    1s
     0     0 1810135.13    0  415 1859251.51 1810135.13  2.64%     -    1s
H    0     0                    1843026.3129 1810135.67  1.78%     -    1s
H    0     0                    1835930.4309 1810135.67  1.40%     -    2s
H    0     0                    1835930.4300 1810135.67  1.40%     -    2s

Cutting planes:
  Learned: 28
  Gomory: 16
  Implied bound: 54
  MIR: 18
  Flow cover: 12
  Network: 4
  RLT: 30
  Relax-and-lift: 6

Explored 1 nodes (9658 simplex iterations) in 2.11 seconds (3.67 work units)
Thread count was 8 (of 8 available processors)

Solution count 9: 1.83593e+06 1.84303e+06 1.85925e+06 ... 3.80738e+07

Optimal solution found (tolerance 1.50e-02)
Best objective 1.835930429976e+06, best bound 1.810135667820e+06, gap 1.4050%

User-callback calls 973, time in user-callback 0.00 sec
Set parameter Username
Set parameter LicenseID to value 2754784
Academic license - for non-commercial use only - expires 2026-12-14
Set parameter MIPGap to value 0.015
Set parameter MIPGap to value 0.015
Gurobi Optimizer version 13.0.2 build v13.0.2rc1 (mac64[arm] - Darwin 27.0.0 26A5388g)

CPU model: Apple M3
Thread count: 8 physical cores, 8 logical processors, using up to 8 threads

Non-default parameters:
MIPGap  0.015

Optimize a model with 68264 rows, 43362 columns and 606069 nonzeros (Min)
Model fingerprint: 0x80404885
Model has 32175 linear objective coefficients
Variable types: 32538 continuous, 10824 integer (10824 binary)
Coefficient statistics:
  Matrix range     [3e-02, 4e+02]
  Objective range  [1e+00, 1e+15]
  Bounds range     [0e+00, 0e+00]
  RHS range        [2e-02, 4e+02]
Warning: Model contains large objective coefficients
         Consider reformulating model or setting NumericFocus parameter
         to avoid numerical issues.

Presolve removed 32229 rows and 18762 columns
Presolve time: 0.32s
Presolved: 36035 rows, 24600 columns, 134521 nonzeros
Variable types: 14586 continuous, 10014 integer (10014 binary)
Found heuristic solution: objective 3.762932e+07
Found heuristic solution: objective 1.219856e+07
Deterministic concurrent LP optimizer: primal and dual simplex
Showing primal log only...

Concurrent spin time: 0.01s

Solved with dual simplex

Use crossover to convert LP symmetric solution to basic solution...
Crossover time: 0.02 seconds (0.03 work units)

Root relaxation: objective 1.330687e+06, 10398 iterations, 0.28 seconds (0.51 work units)

    Nodes    |    Current Node    |     Objective Bounds      |     Work
 Expl Unexpl |  Obj  Depth IntInf | Incumbent    BestBd   Gap | It/Node Time

     0     0 1330686.51    0  291 1.2199e+07 1330686.51  89.1%     -    0s
H    0     0                    1420446.8275 1330686.51  6.32%     -    0s
H    0     0                    1360397.5789 1330686.51  2.18%     -    0s
H    0     0                    1360397.5758 1330686.51  2.18%     -    0s
H    0     0                    1359095.3479 1330686.51  2.09%     -    1s
H    0     0                    1358783.0753 1330686.51  2.07%     -    1s
H    0     0                    1358783.0691 1330686.51  2.07%     -    1s
H    0     0                    1358783.0684 1330686.51  2.07%     -    1s
H    0     0                    1348134.7419 1330686.51  1.29%     -    1s
H    0     0                    1348134.7416 1330686.51  1.29%     -    1s

Explored 1 nodes (10475 simplex iterations) in 1.28 seconds (2.55 work units)
Thread count was 8 (of 8 available processors)

Solution count 7: 1.34813e+06 1.35878e+06 1.3591e+06 ... 3.76293e+07

Optimal solution found (tolerance 1.50e-02)
Best objective 1.348134741623e+06, best bound 1.330686510543e+06, gap 1.2942%

User-callback calls 620, time in user-callback 0.00 sec
	→ The renewable energy scenarios module loaded.
	→ Input data module loaded and ready for UC modeling.
	→ The [JULIA] environment_config has been loaded.
	→ Constraint modules included and functions exported.
	→ Objective functions module loaded and exported.
	→ Utility functions module loaded and exported.
	→ all boundary conditions validated.

================================================================================
EXPORTING ADAPTIVE OVERLAP WINDOW STATISTICS
================================================================================

Reading project input data...
Step-1: Loading packages and functions...
  Reading data from: /Users/yuanyiping/Documents/GitHub/02 Ongoing/module_unitcommitment/data/data_118_clustered_pcm.xlsx
  Reading frequency parameters...
  Reading energy storage system data...
  Reading generator, network, and load data...
  Reading data center data...
  Reading hydroelectric power data...
  ✓ All data successfully loaded from Excel file.
Step-2: imput data are loaded
  PCM load profile: smooth
  PCM random seed: 20260809
  Training case signature: 151f41082e06fe1f6566ac5df398c4504741511e562be1f97c89d57927bfa1ac
  Training cache: HIT (12 samples; no retraining required)
  Load curve horizon used for statistics: 168 h
  Wind scenario horizon used for statistics: 168 h
  Steady-state overlap mode: ml_prediction
  Calibration / training time excluded from subproblem solve times: 0.00 s
Step-3: Creating dispatching model (Refactored & Modularized)
	 Variables defined.
DEBUG set_objective_economic!: NT=36, NG=108, ND=91, NW=20, NS=1, K=3, size(refcost)=(108,), size(eachslope)=(3, 108)
objective_function
	MILP economic objective set
subject to.
	 constraints: 1) minimum shutup/shutdown time limits			 done
	 constraints: 2) binary variable logic					 done
	 constraints: 3) shutup/shutdown cost					 done
	 constraints: 4) loadcurtailments and spoliedwinds			 done
	 constraints: 5) generatos power limits					 done
	 constraints: 6) system reserves limits					 done
	 constraints: 7) power balance constraints				 done
	 constraints: 8) ramp-up/ramp-down constraints				 done
	 constraints: 9) piece linearization constraints			 done
	 constraints: 10) transmissionline limits skipped (is_NetWorkCon != 1 or Gsdf missing or NL=0)
	 constraints: 11) stroges system constraints skipped (NC=0 or variables not defined)
	 constraints: 12) data centra constraints skipped (is_ConsiderDataCentra != 1)
	 constraints: 13) frequency control constraints skipped (is_ConsiderFrequencyControl != 1)
	 constraints: 14) hydro power limits					 done
+++++++++++++++++++++++++++++++++++++++++++++++++++++++++++++++++++++++++++++++++++++++++++
Step-4: starting Gurobi solver
Step-5: Gurobi solver finished
+++++++++++++++++++++++++++++++++++++++++++++++++++++++++++++++++++++++++++++++++++++++++++

assert_is_solved_and_feasible(scuc) = nothing
solution_summary(scuc) = solution_summary(; result = 1, verbose = false)
├ solver_name          : Gurobi
├ Termination
│ ├ termination_status : OPTIMAL
│ ├ result_count       : 9
│ ├ raw_status         : Model was solved to optimality (subject to tolerances), and an optimal solution is available.
│ └ objective_bound    : 2.33688e+06
├ Solution (result = 1)
│ ├ primal_status        : FEASIBLE_POINT
│ ├ dual_status          : NO_SOLUTION
│ ├ objective_value      : 2.36692e+06
│ └ relative_gap         : 1.26923e-02
└ Work counters
  ├ solve_time (sec)   : 2.08260e+00
  ├ simplex_iterations : 10136
  ├ barrier_iterations : 0
  └ node_count         : 1


Termination Status: OPTIMAL
Acceptable solution found (Status: OPTIMAL).
Step-6: record datas
PART1: [unit-commitment] calculation result has been saved to: /Users/yuanyiping/Documents/GitHub/02 Ongoing/module_unitcommitment/output/pcm_benchmark/three_method_20260809_rerun/smooth/adaptive_overlap/run1/output/details_schedule_results/pcm_simulation_results/intervels_[1]/res_schedule_commitment_result.txt
  Training cache hit: /Users/yuanyiping/Documents/GitHub/02 Ongoing/module_unitcommitment/output/details_schedule_results/overlap_training_cache/151f41082e06fe1f6566ac5df398c4504741511e562be1f97c89d57927bfa1ac/offline_training_dataset.csv
Training Decision Tree on: /Users/yuanyiping/Documents/GitHub/02 Ongoing/module_unitcommitment/output/details_schedule_results/overlap_training_cache/151f41082e06fe1f6566ac5df398c4504741511e562be1f97c89d57927bfa1ac/offline_training_dataset.csv
Model training complete. Trained Tree Structure:
Split: T_dwell_rem <= 8.5
  L:     => Prediction: 12.0
  R:     => Prediction: 9.0
R^2 score on training data: 0.4545
[AdaptiveOverlap][RampCriterion] start=1 no ramp/uncertainty event in lookahead; T_ramp=0
[AdaptiveOverlap] interval=1 start=1 mode=ml_prediction
  boundary criterion: U_norm=0.4072, T_dwell_rem=0.0, X_delta_norm=0.0139, X_switch_ratio=0.037
  steady-state criterion: L_norm=0.3596, sigma_load=16.9839, R_wind_max=0.0734, T_ml=12
  physical criteria: T_unit=0, ramp_event=false, T_ramp=0
  final criterion: max(T_ml=12, T_unit=0, T_ramp=0)=12; clamped_final=12, solved_horizon=36
Step-3: Creating dispatching model (Refactored & Modularized)
	 Variables defined.
DEBUG set_objective_economic!: NT=36, NG=108, ND=91, NW=20, NS=1, K=3, size(refcost)=(108,), size(eachslope)=(3, 108)
objective_function
	MILP economic objective set
subject to.
	 constraints: 1) minimum shutup/shutdown time limits			 done
	 constraints: 2) binary variable logic					 done
	 constraints: 3) shutup/shutdown cost					 done
	 constraints: 4) loadcurtailments and spoliedwinds			 done
	 constraints: 5) generatos power limits					 done
	 constraints: 6) system reserves limits					 done
	 constraints: 7) power balance constraints				 done
	 constraints: 8) ramp-up/ramp-down constraints				 done
	 constraints: 9) piece linearization constraints			 done
	 constraints: 10) transmissionline limits skipped (is_NetWorkCon != 1 or Gsdf missing or NL=0)
	 constraints: 11) stroges system constraints skipped (NC=0 or variables not defined)
	 constraints: 12) data centra constraints skipped (is_ConsiderDataCentra != 1)
	 constraints: 13) frequency control constraints skipped (is_ConsiderFrequencyControl != 1)
	 constraints: 14) hydro power limits					 done
+++++++++++++++++++++++++++++++++++++++++++++++++++++++++++++++++++++++++++++++++++++++++++
Step-4: starting Gurobi solver
Step-5: Gurobi solver finished
+++++++++++++++++++++++++++++++++++++++++++++++++++++++++++++++++++++++++++++++++++++++++++

assert_is_solved_and_feasible(scuc) = nothing
solution_summary(scuc) = solution_summary(; result = 1, verbose = false)
├ solver_name          : Gurobi
├ Termination
│ ├ termination_status : OPTIMAL
│ ├ result_count       : 9
│ ├ raw_status         : Model was solved to optimality (subject to tolerances), and an optimal solution is available.
│ └ objective_bound    : 2.33688e+06
├ Solution (result = 1)
│ ├ primal_status        : FEASIBLE_POINT
│ ├ dual_status          : NO_SOLUTION
│ ├ objective_value      : 2.36692e+06
│ └ relative_gap         : 1.26923e-02
└ Work counters
  ├ solve_time (sec)   : 2.04857e+00
  ├ simplex_iterations : 10136
  ├ barrier_iterations : 0
  └ node_count         : 1


Termination Status: OPTIMAL
Acceptable solution found (Status: OPTIMAL).
Step-6: record datas
PART1: [unit-commitment] calculation result has been saved to: /Users/yuanyiping/Documents/GitHub/02 Ongoing/module_unitcommitment/output/pcm_benchmark/three_method_20260809_rerun/smooth/adaptive_overlap/run1/output/details_schedule_results/pcm_simulation_results/intervels_[1]/res_schedule_commitment_result.txt
PART1: [unit-commitment] calculation result has been saved to: /Users/yuanyiping/Documents/GitHub/02 Ongoing/module_unitcommitment/output/pcm_benchmark/three_method_20260809_rerun/smooth/adaptive_overlap/run1/output/details_schedule_results/pcm_simulation_results/intervels_[1]/res_schedule_commitment_result.txt
Step-3: Creating dispatching model (Refactored & Modularized)
	 Variables defined.
DEBUG set_objective_economic!: NT=36, NG=108, ND=91, NW=20, NS=1, K=3, size(refcost)=(108,), size(eachslope)=(3, 108)
objective_function
	MILP economic objective set
subject to.
	 constraints: 1) minimum shutup/shutdown time limits			 done
	 constraints: 2) binary variable logic					 done
	 constraints: 3) shutup/shutdown cost					 done
	 constraints: 4) loadcurtailments and spoliedwinds			 done
	 constraints: 5) generatos power limits					 done
	 constraints: 6) system reserves limits					 done
	 constraints: 7) power balance constraints				 done
	 constraints: 8) ramp-up/ramp-down constraints				 done
	 constraints: 9) piece linearization constraints			 done
	 constraints: 10) transmissionline limits skipped (is_NetWorkCon != 1 or Gsdf missing or NL=0)
	 constraints: 11) stroges system constraints skipped (NC=0 or variables not defined)
	 constraints: 12) data centra constraints skipped (is_ConsiderDataCentra != 1)
	 constraints: 13) frequency control constraints skipped (is_ConsiderFrequencyControl != 1)
	 constraints: 14) hydro power limits					 done
+++++++++++++++++++++++++++++++++++++++++++++++++++++++++++++++++++++++++++++++++++++++++++
Step-4: starting Gurobi solver
Step-5: Gurobi solver finished
+++++++++++++++++++++++++++++++++++++++++++++++++++++++++++++++++++++++++++++++++++++++++++

assert_is_solved_and_feasible(scuc) = nothing
solution_summary(scuc) = solution_summary(; result = 1, verbose = false)
├ solver_name          : Gurobi
├ Termination
│ ├ termination_status : OPTIMAL
│ ├ result_count       : 10
│ ├ raw_status         : Model was solved to optimality (subject to tolerances), and an optimal solution is available.
│ └ objective_bound    : 2.61825e+06
├ Solution (result = 1)
│ ├ primal_status        : FEASIBLE_POINT
│ ├ dual_status          : NO_SOLUTION
│ ├ objective_value      : 2.64520e+06
│ └ relative_gap         : 1.01863e-02
└ Work counters
  ├ solve_time (sec)   : 2.86066e+00
  ├ simplex_iterations : 15050
  ├ barrier_iterations : 0
  └ node_count         : 1


Termination Status: OPTIMAL
Acceptable solution found (Status: OPTIMAL).
Step-6: record datas
PART1: [unit-commitment] calculation result has been saved to: /Users/yuanyiping/Documents/GitHub/02 Ongoing/module_unitcommitment/output/pcm_benchmark/three_method_20260809_rerun/smooth/adaptive_overlap/run1/output/details_schedule_results/pcm_simulation_results/intervels_[2]/res_schedule_commitment_result.txt
[AdaptiveOverlap][RampCriterion] start=25 no ramp/uncertainty event in lookahead; T_ramp=0
[AdaptiveOverlap] interval=2 start=25 mode=ml_prediction
  boundary criterion: U_norm=0.2999, T_dwell_rem=5.0, X_delta_norm=0.2043, X_switch_ratio=0.1204
  steady-state criterion: L_norm=0.3841, sigma_load=27.6923, R_wind_max=0.0677, T_ml=12
  physical criteria: T_unit=5, ramp_event=false, T_ramp=0
  final criterion: max(T_ml=12, T_unit=5, T_ramp=0)=12; clamped_final=12, solved_horizon=36
Step-3: Creating dispatching model (Refactored & Modularized)
	 Variables defined.
DEBUG set_objective_economic!: NT=36, NG=108, ND=91, NW=20, NS=1, K=3, size(refcost)=(108,), size(eachslope)=(3, 108)
objective_function
	MILP economic objective set
subject to.
	 constraints: 1) minimum shutup/shutdown time limits			 done
	 constraints: 2) binary variable logic					 done
	 constraints: 3) shutup/shutdown cost					 done
	 constraints: 4) loadcurtailments and spoliedwinds			 done
	 constraints: 5) generatos power limits					 done
	 constraints: 6) system reserves limits					 done
	 constraints: 7) power balance constraints				 done
	 constraints: 8) ramp-up/ramp-down constraints				 done
	 constraints: 9) piece linearization constraints			 done
	 constraints: 10) transmissionline limits skipped (is_NetWorkCon != 1 or Gsdf missing or NL=0)
	 constraints: 11) stroges system constraints skipped (NC=0 or variables not defined)
	 constraints: 12) data centra constraints skipped (is_ConsiderDataCentra != 1)
	 constraints: 13) frequency control constraints skipped (is_ConsiderFrequencyControl != 1)
	 constraints: 14) hydro power limits					 done
+++++++++++++++++++++++++++++++++++++++++++++++++++++++++++++++++++++++++++++++++++++++++++
Step-4: starting Gurobi solver
Step-5: Gurobi solver finished
+++++++++++++++++++++++++++++++++++++++++++++++++++++++++++++++++++++++++++++++++++++++++++

assert_is_solved_and_feasible(scuc) = nothing
solution_summary(scuc) = solution_summary(; result = 1, verbose = false)
├ solver_name          : Gurobi
├ Termination
│ ├ termination_status : OPTIMAL
│ ├ result_count       : 10
│ ├ raw_status         : Model was solved to optimality (subject to tolerances), and an optimal solution is available.
│ └ objective_bound    : 2.62439e+06
├ Solution (result = 1)
│ ├ primal_status        : FEASIBLE_POINT
│ ├ dual_status          : NO_SOLUTION
│ ├ objective_value      : 2.62439e+06
│ └ relative_gap         : 1.41949e-15
└ Work counters
  ├ solve_time (sec)   : 1.60762e+00
  ├ simplex_iterations : 10078
  ├ barrier_iterations : 0
  └ node_count         : 1


Termination Status: OPTIMAL
Acceptable solution found (Status: OPTIMAL).
Step-6: record datas
PART1: [unit-commitment] calculation result has been saved to: /Users/yuanyiping/Documents/GitHub/02 Ongoing/module_unitcommitment/output/pcm_benchmark/three_method_20260809_rerun/smooth/adaptive_overlap/run1/output/details_schedule_results/pcm_simulation_results/intervels_[2]/res_schedule_commitment_result.txt
PART1: [unit-commitment] calculation result has been saved to: /Users/yuanyiping/Documents/GitHub/02 Ongoing/module_unitcommitment/output/pcm_benchmark/three_method_20260809_rerun/smooth/adaptive_overlap/run1/output/details_schedule_results/pcm_simulation_results/intervels_[2]/res_schedule_commitment_result.txt
Step-3: Creating dispatching model (Refactored & Modularized)
	 Variables defined.
DEBUG set_objective_economic!: NT=36, NG=108, ND=91, NW=20, NS=1, K=3, size(refcost)=(108,), size(eachslope)=(3, 108)
objective_function
	MILP economic objective set
subject to.
	 constraints: 1) minimum shutup/shutdown time limits			 done
	 constraints: 2) binary variable logic					 done
	 constraints: 3) shutup/shutdown cost					 done
	 constraints: 4) loadcurtailments and spoliedwinds			 done
	 constraints: 5) generatos power limits					 done
	 constraints: 6) system reserves limits					 done
	 constraints: 7) power balance constraints				 done
	 constraints: 8) ramp-up/ramp-down constraints				 done
	 constraints: 9) piece linearization constraints			 done
	 constraints: 10) transmissionline limits skipped (is_NetWorkCon != 1 or Gsdf missing or NL=0)
	 constraints: 11) stroges system constraints skipped (NC=0 or variables not defined)
	 constraints: 12) data centra constraints skipped (is_ConsiderDataCentra != 1)
	 constraints: 13) frequency control constraints skipped (is_ConsiderFrequencyControl != 1)
	 constraints: 14) hydro power limits					 done
+++++++++++++++++++++++++++++++++++++++++++++++++++++++++++++++++++++++++++++++++++++++++++
Step-4: starting Gurobi solver
Step-5: Gurobi solver finished
+++++++++++++++++++++++++++++++++++++++++++++++++++++++++++++++++++++++++++++++++++++++++++

assert_is_solved_and_feasible(scuc) = nothing
solution_summary(scuc) = solution_summary(; result = 1, verbose = false)
├ solver_name          : Gurobi
├ Termination
│ ├ termination_status : OPTIMAL
│ ├ result_count       : 9
│ ├ raw_status         : Model was solved to optimality (subject to tolerances), and an optimal solution is available.
│ └ objective_bound    : 1.81014e+06
├ Solution (result = 1)
│ ├ primal_status        : FEASIBLE_POINT
│ ├ dual_status          : NO_SOLUTION
│ ├ objective_value      : 1.83593e+06
│ └ relative_gap         : 1.40500e-02
└ Work counters
  ├ solve_time (sec)   : 2.10581e+00
  ├ simplex_iterations : 9658
  ├ barrier_iterations : 0
  └ node_count         : 1


Termination Status: OPTIMAL
Acceptable solution found (Status: OPTIMAL).
Step-6: record datas
PART1: [unit-commitment] calculation result has been saved to: /Users/yuanyiping/Documents/GitHub/02 Ongoing/module_unitcommitment/output/pcm_benchmark/three_method_20260809_rerun/smooth/adaptive_overlap/run1/output/details_schedule_results/pcm_simulation_results/intervels_[3]/res_schedule_commitment_result.txt
[AdaptiveOverlap][RampCriterion] start=49 no ramp/uncertainty event in lookahead; T_ramp=0
[AdaptiveOverlap] interval=3 start=49 mode=ml_prediction
  boundary criterion: U_norm=0.4079, T_dwell_rem=9.0, X_delta_norm=0.3456, X_switch_ratio=0.1852
  steady-state criterion: L_norm=0.312, sigma_load=22.5644, R_wind_max=0.0675, T_ml=9
  physical criteria: T_unit=9, ramp_event=false, T_ramp=0
  final criterion: max(T_ml=9, T_unit=9, T_ramp=0)=9; clamped_final=9, solved_horizon=33
Step-3: Creating dispatching model (Refactored & Modularized)
	 Variables defined.
DEBUG set_objective_economic!: NT=33, NG=108, ND=91, NW=20, NS=1, K=3, size(refcost)=(108,), size(eachslope)=(3, 108)
objective_function
	MILP economic objective set
subject to.
	 constraints: 1) minimum shutup/shutdown time limits			 done
	 constraints: 2) binary variable logic					 done
	 constraints: 3) shutup/shutdown cost					 done
	 constraints: 4) loadcurtailments and spoliedwinds			 done
	 constraints: 5) generatos power limits					 done
	 constraints: 6) system reserves limits					 done
	 constraints: 7) power balance constraints				 done
	 constraints: 8) ramp-up/ramp-down constraints				 done
	 constraints: 9) piece linearization constraints			 done
	 constraints: 10) transmissionline limits skipped (is_NetWorkCon != 1 or Gsdf missing or NL=0)
	 constraints: 11) stroges system constraints skipped (NC=0 or variables not defined)
	 constraints: 12) data centra constraints skipped (is_ConsiderDataCentra != 1)
	 constraints: 13) frequency control constraints skipped (is_ConsiderFrequencyControl != 1)
	 constraints: 14) hydro power limits					 done
+++++++++++++++++++++++++++++++++++++++++++++++++++++++++++++++++++++++++++++++++++++++++++
Step-4: starting Gurobi solver
Step-5: Gurobi solver finished
+++++++++++++++++++++++++++++++++++++++++++++++++++++++++++++++++++++++++++++++++++++++++++

assert_is_solved_and_feasible(scuc) = nothing
solution_summary(scuc) = solution_summary(; result = 1, verbose = false)
├ solver_name          : Gurobi
├ Termination
│ ├ termination_status : OPTIMAL
│ ├ result_count       : 7
│ ├ raw_status         : Model was solved to optimality (subject to tolerances), and an optimal solution is available.
│ └ objective_bound    : 1.33069e+06
├ Solution (result = 1)
│ ├ primal_status        : FEASIBLE_POINT
│ ├ dual_status          : NO_SOLUTION
│ ├ objective_value      : 1.34813e+06
│ └ relative_gap         : 1.29425e-02
└ Work counters
  ├ solve_time (sec)   : 1.28350e+00
  ├ simplex_iterations : 10475
  ├ barrier_iterations : 0
  └ node_count         : 1


Termination Status: OPTIMAL
Acceptable solution found (Status: OPTIMAL).
Step-6: record datas
PART1: [unit-commitment] calculation result has been saved to: /Users/yuanyiping/Documents/GitHub/02 Ongoing/module_unitcommitment/output/pcm_benchmark/three_method_20260809_rerun/smooth/adaptive_overlap/run1/output/details_schedule_results/pcm_simulation_results/intervels_[3]/res_schedule_commitment_result.txt
PART1: [unit-commitment] calculation result has been saved to: /Users/yuanyiping/Documents/GitHub/02 Ongoing/module_unitcommitment/output/pcm_benchmark/three_method_20260809_rerun/smooth/adaptive_overlap/run1/output/details_schedule_results/pcm_simulation_results/intervels_[3]/res_schedule_commitment_result.txt
  ✓ Per-interval overlap statistics exported to CSV: /Users/yuanyiping/Documents/GitHub/02 Ongoing/module_unitcommitment/output/pcm_benchmark/three_method_20260809_rerun/smooth/adaptive_overlap/run1/output/details_schedule_results/adaptive_pcm_simulation_results/overlap_window_statistics.csv
  ✓ Human-readable summary report exported to TXT: /Users/yuanyiping/Documents/GitHub/02 Ongoing/module_unitcommitment/output/pcm_benchmark/three_method_20260809_rerun/smooth/adaptive_overlap/run1/output/details_schedule_results/adaptive_pcm_simulation_results/overlap_window_summary.txt
================================================================================


Per-Interval Overlap Summary Dataframe:
3×13 DataFrame
 Row │ Interval_ID  Start_Hour  Execution_Window_h  Steady_State_Overlap_h  Unit_Dwell_Overlap_h  Ramp_Event_Detected  Ramp_Overlap_h  Raw_Max_Overlap_h  Limiting_Factor    Final_Adaptive_Overlap_h  Total_Solved_Horizon_h  Subproblem_SolveTime_sec  Optimization_Status
     │ Int64        Int64       Int64               Int64                   Int64                 Bool                 Int64           Int64              String             Int64                     Int64                   Float64                   String
─────┼───────────────────────────────────────────────────────────────────────────────────────────────────────────────────────────────────────────────────────────────────────────────────────────────────────────────────────────────────────────────────────────────────────
   1 │           1           1                  24                      12                     0                false               0                 12  steady                                   12                      36                   3.32565  OK
   2 │           2          25                  24                      12                     5                false               0                 12  steady                                   12                      36                   2.53543  OK
   3 │           3          49                  24                       9                     9                false               0                  9  steady+unit_dwell                         9                      33                   2.13744  OK
