Set parameter Username
Set parameter LicenseID to value 2826524
Academic license - for non-commercial use only - expires 2027-05-22
Set parameter Username
Set parameter LicenseID to value 2826524
Academic license - for non-commercial use only - expires 2027-05-22
Set parameter MIPGap to value 0.03
Set parameter Threads to value 4
Set parameter MIPGap to value 0.03
Set parameter Threads to value 4
Gurobi Optimizer version 13.0.2 build v13.0.2rc1 (win64 - Windows 11+.0 (29648.2))

CPU model: 13th Gen Intel(R) Core(TM) i7-13700F, instruction set [SSE2|AVX|AVX2]
Thread count: 16 physical cores, 24 logical processors, using up to 4 threads

Non-default parameters:
MIPGap  0.03
Threads  4

Optimize a model with 49952 rows, 31536 columns and 441352 nonzeros (Min)
Model fingerprint: 0xa1d8f1a6
Model has 23400 linear objective coefficients
Variable types: 23664 continuous, 7872 integer (7872 binary)
Coefficient statistics:
  Matrix range     [4e-02, 4e+02]
  Objective range  [1e+00, 1e+15]
  Bounds range     [0e+00, 0e+00]
  RHS range        [2e-02, 3e+02]
Warning: Model contains large objective coefficients
         Consider reformulating model or setting NumericFocus parameter
         to avoid numerical issues.

Presolve removed 25601 rows and 14276 columns
Presolve time: 0.36s
Presolved: 24351 rows, 17260 columns, 102638 nonzeros
Variable types: 10246 continuous, 7014 integer (7014 binary)
Found heuristic solution: objective 5817178.3439
Found heuristic solution: objective 5703172.1700
Deterministic concurrent LP optimizer: primal and dual simplex
Showing primal log only...

Concurrent spin time: 0.01s

Solved with dual simplex

Use crossover to convert LP symmetric solution to basic solution...
Crossover time: 0.02 seconds (0.02 work units)

Root relaxation: objective 1.664084e+06, 10484 iterations, 0.55 seconds (0.66 work units)

    Nodes    |    Current Node    |     Objective Bounds      |     Work
 Expl Unexpl |  Obj  Depth IntInf | Incumbent    BestBd   Gap | It/Node Time

     0     0 1664084.32    0  329 5703172.17 1664084.32  70.8%     -    1s
H    0     0                    1740147.8292 1664084.32  4.37%     -    1s
H    0     0                    1694460.3167 1664084.32  1.79%     -    1s
H    0     0                    1686464.2774 1664084.32  1.33%     -    1s
H    0     0                    1685668.2554 1664090.21  1.28%     -    1s
H    0     0                    1683686.2047 1664090.21  1.16%     -    1s

Cutting planes:
  Learned: 68
  Gomory: 66
  Implied bound: 116
  MIR: 71
  Flow cover: 71
  Network: 8
  RLT: 70
  Relax-and-lift: 184
  BQP: 4
  PSD: 1

Explored 1 nodes (10503 simplex iterations) in 1.46 seconds (2.07 work units)
Thread count was 4 (of 24 available processors)

Solution count 7: 1.68369e+06 1.68567e+06 1.68646e+06 ... 5.81718e+06

Optimal solution found (tolerance 3.00e-02)
Best objective 1.683686204700e+06, best bound 1.664090205803e+06, gap 1.1639%

User-callback calls 346, time in user-callback 0.00 sec
Set parameter Username
Set parameter LicenseID to value 2826524
Academic license - for non-commercial use only - expires 2027-05-22
Set parameter MIPGap to value 0.03
Set parameter Threads to value 4
Set parameter MIPGap to value 0.03
Set parameter Threads to value 4
Gurobi Optimizer version 13.0.2 build v13.0.2rc1 (win64 - Windows 11+.0 (29648.2))

CPU model: 13th Gen Intel(R) Core(TM) i7-13700F, instruction set [SSE2|AVX|AVX2]
Thread count: 16 physical cores, 24 logical processors, using up to 4 threads

Non-default parameters:
MIPGap  0.03
Threads  4

Optimize a model with 49975 rows, 31536 columns and 441375 nonzeros (Min)
Model fingerprint: 0x05691df6
Model has 23400 linear objective coefficients
Variable types: 23664 continuous, 7872 integer (7872 binary)
Coefficient statistics:
  Matrix range     [4e-02, 4e+02]
  Objective range  [1e+00, 1e+15]
  Bounds range     [0e+00, 0e+00]
  RHS range        [3e-02, 4e+02]
Warning: Model contains large objective coefficients
         Consider reformulating model or setting NumericFocus parameter
         to avoid numerical issues.

Presolve removed 25923 rows and 14502 columns
Presolve time: 0.37s
Presolved: 24052 rows, 17034 columns, 101831 nonzeros
Variable types: 10098 continuous, 6936 integer (6936 binary)
Found heuristic solution: objective 3728814.4280
Found heuristic solution: objective 3668668.8544
Deterministic concurrent LP optimizer: primal and dual simplex
Showing primal log only...

Concurrent spin time: 0.00s

Solved with dual simplex

Use crossover to convert LP symmetric solution to basic solution...
Crossover time: 0.03 seconds (0.02 work units)

Root relaxation: objective 2.412209e+06, 9111 iterations, 0.43 seconds (0.53 work units)

    Nodes    |    Current Node    |     Objective Bounds      |     Work
 Expl Unexpl |  Obj  Depth IntInf | Incumbent    BestBd   Gap | It/Node Time

     0     0 2412209.41    0  351 3668668.85 2412209.41  34.2%     -    1s
H    0     0                    2489148.5971 2412209.41  3.09%     -    1s
H    0     0                    2453396.9725 2412209.41  1.68%     -    1s
H    0     0                    2446612.6247 2412209.41  1.41%     -    1s

Cutting planes:
  Learned: 44
  Gomory: 43
  Cover: 2
  Implied bound: 335
  MIR: 53
  Flow cover: 51
  Network: 9
  RLT: 150
  Relax-and-lift: 124
  BQP: 24

Explored 1 nodes (9122 simplex iterations) in 1.47 seconds (2.06 work units)
Thread count was 4 (of 24 available processors)

Solution count 5: 2.44661e+06 2.4534e+06 2.48915e+06 ... 3.72881e+06

Optimal solution found (tolerance 3.00e-02)
Best objective 2.446612624674e+06, best bound 2.413175764547e+06, gap 1.3667%

User-callback calls 410, time in user-callback 0.00 sec
Set parameter Username
Set parameter LicenseID to value 2826524
Academic license - for non-commercial use only - expires 2027-05-22
Set parameter MIPGap to value 0.03
Set parameter Threads to value 4
Set parameter MIPGap to value 0.03
Set parameter Threads to value 4
Gurobi Optimizer version 13.0.2 build v13.0.2rc1 (win64 - Windows 11+.0 (29648.2))

CPU model: 13th Gen Intel(R) Core(TM) i7-13700F, instruction set [SSE2|AVX|AVX2]
Thread count: 16 physical cores, 24 logical processors, using up to 4 threads

Non-default parameters:
MIPGap  0.03
Threads  4

Optimize a model with 49954 rows, 31536 columns and 441354 nonzeros (Min)
Model fingerprint: 0x81d290cf
Model has 23400 linear objective coefficients
Variable types: 23664 continuous, 7872 integer (7872 binary)
Coefficient statistics:
  Matrix range     [4e-02, 4e+02]
  Objective range  [1e+00, 1e+15]
  Bounds range     [0e+00, 0e+00]
  RHS range        [2e-02, 4e+02]
Warning: Model contains large objective coefficients
         Consider reformulating model or setting NumericFocus parameter
         to avoid numerical issues.

Presolve removed 25653 rows and 14278 columns
Presolve time: 0.37s
Presolved: 24301 rows, 17258 columns, 102688 nonzeros
Variable types: 10256 continuous, 7002 integer (7002 binary)
Found heuristic solution: objective 1.528848e+07
Found heuristic solution: objective 1.421848e+07
Deterministic concurrent LP optimizer: primal and dual simplex
Showing primal log only...

Concurrent spin time: 0.02s

Solved with dual simplex

Use crossover to convert LP symmetric solution to basic solution...
Crossover time: 0.02 seconds (0.02 work units)

Root relaxation: objective 1.063485e+06, 9577 iterations, 0.49 seconds (0.59 work units)

    Nodes    |    Current Node    |     Objective Bounds      |     Work
 Expl Unexpl |  Obj  Depth IntInf | Incumbent    BestBd   Gap | It/Node Time

     0     0 1063485.48    0  219 1.4218e+07 1063485.48  92.5%     -    1s
H    0     0                    1120885.2170 1063485.48  5.12%     -    1s
H    0     0                    1078897.8411 1063485.48  1.43%     -    1s

Explored 1 nodes (9588 simplex iterations) in 1.23 seconds (1.81 work units)
Thread count was 4 (of 24 available processors)

Solution count 4: 1.0789e+06 1.12089e+06 1.42185e+07 1.52885e+07 

Optimal solution found (tolerance 3.00e-02)
Best objective 1.078897841059e+06, best bound 1.063485480109e+06, gap 1.4285%

User-callback calls 323, time in user-callback 0.00 sec
Set parameter Username
Set parameter LicenseID to value 2826524
Academic license - for non-commercial use only - expires 2027-05-22
Set parameter MIPGap to value 0.03
Set parameter Threads to value 4
Set parameter MIPGap to value 0.03
Set parameter Threads to value 4
Gurobi Optimizer version 13.0.2 build v13.0.2rc1 (win64 - Windows 11+.0 (29648.2))

CPU model: 13th Gen Intel(R) Core(TM) i7-13700F, instruction set [SSE2|AVX|AVX2]
Thread count: 16 physical cores, 24 logical processors, using up to 4 threads

Non-default parameters:
MIPGap  0.03
Threads  4

Optimize a model with 49967 rows, 31536 columns and 441367 nonzeros (Min)
Model fingerprint: 0x1a814303
Model has 23400 linear objective coefficients
Variable types: 23664 continuous, 7872 integer (7872 binary)
Coefficient statistics:
  Matrix range     [4e-02, 4e+02]
  Objective range  [1e+00, 1e+15]
  Bounds range     [0e+00, 0e+00]
  RHS range        [2e-02, 4e+02]
Warning: Model contains large objective coefficients
         Consider reformulating model or setting NumericFocus parameter
         to avoid numerical issues.

Presolve removed 25758 rows and 14406 columns
Presolve time: 0.37s
Presolved: 24209 rows, 17130 columns, 102264 nonzeros
Variable types: 10155 continuous, 6975 integer (6975 binary)
Found heuristic solution: objective 5050091.4952
Deterministic concurrent LP optimizer: primal and dual simplex
Showing primal log only...

Concurrent spin time: 0.01s

Solved with dual simplex

Use crossover to convert LP symmetric solution to basic solution...
Crossover time: 0.02 seconds (0.02 work units)

Root relaxation: objective 2.880702e+06, 9538 iterations, 0.40 seconds (0.47 work units)

    Nodes    |    Current Node    |     Objective Bounds      |     Work
 Expl Unexpl |  Obj  Depth IntInf | Incumbent    BestBd   Gap | It/Node Time

     0     0 2880702.38    0  415 5050091.50 2880702.38  43.0%     -    1s
H    0     0                    2946075.9853 2880702.38  2.22%     -    1s

Explored 1 nodes (9547 simplex iterations) in 1.11 seconds (1.70 work units)
Thread count was 4 (of 24 available processors)

Solution count 2: 2.94608e+06 5.05009e+06 

Optimal solution found (tolerance 3.00e-02)
Best objective 2.946075985300e+06, best bound 2.880702383615e+06, gap 2.2190%

User-callback calls 310, time in user-callback 0.00 sec
Set parameter Username
Set parameter LicenseID to value 2826524
Academic license - for non-commercial use only - expires 2027-05-22
Set parameter MIPGap to value 0.03
Set parameter Threads to value 4
Set parameter MIPGap to value 0.03
Set parameter Threads to value 4
Gurobi Optimizer version 13.0.2 build v13.0.2rc1 (win64 - Windows 11+.0 (29648.2))

CPU model: 13th Gen Intel(R) Core(TM) i7-13700F, instruction set [SSE2|AVX|AVX2]
Thread count: 16 physical cores, 24 logical processors, using up to 4 threads

Non-default parameters:
MIPGap  0.03
Threads  4

Optimize a model with 49952 rows, 31536 columns and 441352 nonzeros (Min)
Model fingerprint: 0x31527f12
Model has 23400 linear objective coefficients
Variable types: 23664 continuous, 7872 integer (7872 binary)
Coefficient statistics:
  Matrix range     [4e-02, 4e+02]
  Objective range  [1e+00, 1e+15]
  Bounds range     [0e+00, 0e+00]
  RHS range        [2e-02, 4e+02]
Warning: Model contains large objective coefficients
         Consider reformulating model or setting NumericFocus parameter
         to avoid numerical issues.

Presolve removed 25740 rows and 14292 columns
Presolve time: 0.44s
Presolved: 24212 rows, 17244 columns, 102556 nonzeros
Variable types: 10269 continuous, 6975 integer (6975 binary)
Found heuristic solution: objective 1.247730e+07
Deterministic concurrent LP optimizer: primal and dual simplex
Showing primal log only...

Concurrent spin time: 0.02s

Solved with dual simplex

Use crossover to convert LP symmetric solution to basic solution...
Crossover time: 0.03 seconds (0.02 work units)

Root relaxation: objective 1.402877e+06, 12530 iterations, 0.84 seconds (0.82 work units)

    Nodes    |    Current Node    |     Objective Bounds      |     Work
 Expl Unexpl |  Obj  Depth IntInf | Incumbent    BestBd   Gap | It/Node Time

     0     0 1402876.90    0  259 1.2477e+07 1402876.90  88.8%     -    1s
H    0     0                    1498724.6570 1402876.90  6.40%     -    1s
H    0     0                    1461161.1948 1402876.90  3.99%     -    1s
H    0     0                    1450250.4279 1402876.90  3.27%     -    1s
H    0     0                    1441694.8710 1402876.90  2.69%     -    1s

Explored 1 nodes (12547 simplex iterations) in 1.74 seconds (2.03 work units)
Thread count was 4 (of 24 available processors)

Solution count 5: 1.44169e+06 1.45025e+06 1.46116e+06 ... 1.24773e+07

Optimal solution found (tolerance 3.00e-02)
Best objective 1.441694870954e+06, best bound 1.402876901399e+06, gap 2.6925%

User-callback calls 348, time in user-callback 0.00 sec
Set parameter Username
Set parameter LicenseID to value 2826524
Academic license - for non-commercial use only - expires 2027-05-22
Set parameter MIPGap to value 0.03
Set parameter Threads to value 4
Set parameter MIPGap to value 0.03
Set parameter Threads to value 4
Gurobi Optimizer version 13.0.2 build v13.0.2rc1 (win64 - Windows 11+.0 (29648.2))

CPU model: 13th Gen Intel(R) Core(TM) i7-13700F, instruction set [SSE2|AVX|AVX2]
Thread count: 16 physical cores, 24 logical processors, using up to 4 threads

Non-default parameters:
MIPGap  0.03
Threads  4

Optimize a model with 49971 rows, 31536 columns and 441371 nonzeros (Min)
Model fingerprint: 0xc9ec1fd2
Model has 23400 linear objective coefficients
Variable types: 23664 continuous, 7872 integer (7872 binary)
Coefficient statistics:
  Matrix range     [4e-02, 4e+02]
  Objective range  [1e+00, 1e+15]
  Bounds range     [0e+00, 0e+00]
  RHS range        [3e-02, 4e+02]
Warning: Model contains large objective coefficients
         Consider reformulating model or setting NumericFocus parameter
         to avoid numerical issues.

Presolve removed 25881 rows and 14472 columns
Presolve time: 0.41s
Presolved: 24090 rows, 17064 columns, 101995 nonzeros
Variable types: 10119 continuous, 6945 integer (6945 binary)
Found heuristic solution: objective 3.160695e+16
Found heuristic solution: objective 8580707.9195
Found heuristic solution: objective 5027874.2726
Deterministic concurrent LP optimizer: primal and dual simplex
Showing primal log only...

Concurrent spin time: 0.01s

Solved with dual simplex

Use crossover to convert LP symmetric solution to basic solution...
Crossover time: 0.03 seconds (0.02 work units)

Root relaxation: objective 3.269882e+06, 7537 iterations, 0.32 seconds (0.33 work units)

    Nodes    |    Current Node    |     Objective Bounds      |     Work
 Expl Unexpl |  Obj  Depth IntInf | Incumbent    BestBd   Gap | It/Node Time

     0     0 3269881.58    0  363 5027874.27 3269881.58  35.0%     -    0s
H    0     0                    3312881.0226 3269881.58  1.30%     -    1s

Explored 1 nodes (7548 simplex iterations) in 1.09 seconds (1.54 work units)
Thread count was 4 (of 24 available processors)

Solution count 4: 3.31288e+06 5.02787e+06 8.58071e+06 3.1607e+16 

Optimal solution found (tolerance 3.00e-02)
Best objective 3.312881022554e+06, best bound 3.269881580164e+06, gap 1.2979%

User-callback calls 326, time in user-callback 0.00 sec
Set parameter Username
Set parameter LicenseID to value 2826524
Academic license - for non-commercial use only - expires 2027-05-22
Set parameter MIPGap to value 0.03
Set parameter Threads to value 4
Set parameter MIPGap to value 0.03
Set parameter Threads to value 4
Gurobi Optimizer version 13.0.2 build v13.0.2rc1 (win64 - Windows 11+.0 (29648.2))

CPU model: 13th Gen Intel(R) Core(TM) i7-13700F, instruction set [SSE2|AVX|AVX2]
Thread count: 16 physical cores, 24 logical processors, using up to 4 threads

Non-default parameters:
MIPGap  0.03
Threads  4

Optimize a model with 49952 rows, 31536 columns and 441352 nonzeros (Min)
Model fingerprint: 0x33271089
Model has 23400 linear objective coefficients
Variable types: 23664 continuous, 7872 integer (7872 binary)
Coefficient statistics:
  Matrix range     [4e-02, 4e+02]
  Objective range  [1e+00, 1e+15]
  Bounds range     [0e+00, 0e+00]
  RHS range        [2e-02, 4e+02]
Warning: Model contains large objective coefficients
         Consider reformulating model or setting NumericFocus parameter
         to avoid numerical issues.

Presolve removed 25826 rows and 14290 columns
Presolve time: 0.38s
Presolved: 24126 rows, 17246 columns, 102115 nonzeros
Variable types: 10310 continuous, 6936 integer (6936 binary)
Found heuristic solution: objective 1.291782e+07
Found heuristic solution: objective 1.200614e+07
Found heuristic solution: objective 1.186102e+07
Deterministic concurrent LP optimizer: primal and dual simplex
Showing primal log only...

Concurrent spin time: 0.01s

Solved with dual simplex

Use crossover to convert LP symmetric solution to basic solution...
Crossover time: 0.02 seconds (0.02 work units)

Root relaxation: objective 1.231749e+06, 9483 iterations, 0.50 seconds (0.62 work units)

    Nodes    |    Current Node    |     Objective Bounds      |     Work
 Expl Unexpl |  Obj  Depth IntInf | Incumbent    BestBd   Gap | It/Node Time

     0     0 1231749.34    0  276 1.1861e+07 1231749.34  89.6%     -    1s
H    0     0                    1311011.0114 1231749.34  6.05%     -    1s
H    0     0                    1277446.4055 1231749.34  3.58%     -    1s
H    0     0                    1267858.0905 1231749.34  2.85%     -    1s

Explored 1 nodes (9489 simplex iterations) in 1.28 seconds (1.92 work units)
Thread count was 4 (of 24 available processors)

Solution count 6: 1.26786e+06 1.27745e+06 1.31101e+06 ... 1.29178e+07

Optimal solution found (tolerance 3.00e-02)
Best objective 1.267858090486e+06, best bound 1.231749341856e+06, gap 2.8480%

User-callback calls 343, time in user-callback 0.00 sec
	→ The renewable energy scenarios module loaded.
	→ Input data module loaded and ready for UC modeling.
	→ The [JULIA] environment_config has been loaded.
	→ Constraint modules included and functions exported.
	→ Objective functions module loaded and exported.
	→ Utility functions module loaded and exported.
	→ all boundary conditions validated.
  PCM random seed: 20260809

================================================================================
Step 1: Reading input data from Excel file...
================================================================================
Step-1: Loading packages and functions...
  Reading data from: D:\GithubClonefiles\module_unitcommitment\.worktrees\108_168h\data\data_118_clustered_pcm.xlsx
  Reading frequency parameters...
  Reading energy storage system data...
  Reading generator, network, and load data...
  Reading data center data...
  Reading hydroelectric power data...
  ✓ All data successfully loaded from Excel file.

================================================================================
Step 2: Formatting input data for optimization model...
================================================================================
Step-2: imput data are loaded
  PCM load profile: smooth
  PCM network constraints: disabled

================================================================================
Step 3: Generating wind power scenarios...
================================================================================

================================================================================
Step 4: Configuring sequential scheduling parameters...
================================================================================
  Formulation: standard
  Scheduling intervals: 7
  Time periods per interval: 24
  Total planning horizon: 168 periods

================================================================================
Step 5: Running sequential unit commitment optimization...
================================================================================

--------------------------------------------------------------------------------
Processing scheduling interval 1 of 7...
--------------------------------------------------------------------------------
Step-3: Creating dispatching model (Refactored & Modularized)
	 Variables defined.
DEBUG set_objective_economic!: NT=24, NG=108, ND=91, NW=20, NS=1, K=3, size(refcost)=(108,), size(eachslope)=(3, 108)
objective_function
	MILP economic objective set
subject to.
	 constraints: 1) minimum shutup/shutdown time limits			 done
	 constraints: 2) binary variable logic					 done
	 constraints: 3) shutup/shutdown cost					 done
	 constraints: 4) loadcurtailments and spoliedwinds			 done
	 constraints: 5) generatos power limits					 done
	 constraints: 6) system reserves limits					 done
	 constraints: 7) power balance constraints				 done
	 constraints: 8) ramp-up/ramp-down constraints				 done
	 constraints: 9) piece linearization constraints			 done
	 constraints: 10) transmissionline limits skipped (is_NetWorkCon != 1 or Gsdf missing or NL=0)
	 constraints: 11) stroges system constraints skipped (NC=0 or variables not defined)
	 constraints: 12) data centra constraints skipped (is_ConsiderDataCentra != 1)
	 constraints: 13) frequency control constraints skipped (is_ConsiderFrequencyControl != 1)
	 constraints: 14) hydro power limits					 done
+++++++++++++++++++++++++++++++++++++++++++++++++++++++++++++++++++++++++++++++++++++++++++
Step-4: starting Gurobi solver
Step-5: Gurobi solver finished
+++++++++++++++++++++++++++++++++++++++++++++++++++++++++++++++++++++++++++++++++++++++++++

solution_summary(scuc) = solution_summary(; result = 1, verbose = false)
├ solver_name          : Gurobi
├ Termination
│ ├ termination_status : OPTIMAL
│ ├ result_count       : 7
│ ├ raw_status         : Model was solved to optimality (subject to tolerances), and an optimal solution is available.
│ └ objective_bound    : 1.66409e+06
├ Solution (result = 1)
│ ├ primal_status        : FEASIBLE_POINT
│ ├ dual_status          : NO_SOLUTION
│ ├ objective_value      : 1.68369e+06
│ └ relative_gap         : 1.16387e-02
└ Work counters
  ├ solve_time (sec)   : 1.46600e+00
  ├ simplex_iterations : 10503
  ├ barrier_iterations : 0
  └ node_count         : 1


Termination Status: OPTIMAL
Acceptable solution found (Status: OPTIMAL).
Step-6: record datas
PART1: [unit-commitment] calculation result has been saved to: D:\GithubClonefiles\module_unitcommitment\.worktrees\108_168h\output\pcm_com4_loadall_h168_20260823_210543\smooth\std\r01\output/details_schedule_results/pcm_simulation_results/intervels_[1]/res_schedule_commitment_result.txt
  ✓ Interval 1 optimization completed successfully
Extracting results from dictionary...
details [unit_commtiemnt] scheduling results have been saved!

--------------------------------------------------------------------------------
Processing scheduling interval 2 of 7...
--------------------------------------------------------------------------------
Step-3: Creating dispatching model (Refactored & Modularized)
	 Variables defined.
DEBUG set_objective_economic!: NT=24, NG=108, ND=91, NW=20, NS=1, K=3, size(refcost)=(108,), size(eachslope)=(3, 108)
objective_function
	MILP economic objective set
subject to.
	 constraints: 1) minimum shutup/shutdown time limits			 done
	 constraints: 2) binary variable logic					 done
	 constraints: 3) shutup/shutdown cost					 done
	 constraints: 4) loadcurtailments and spoliedwinds			 done
	 constraints: 5) generatos power limits					 done
	 constraints: 6) system reserves limits					 done
	 constraints: 7) power balance constraints				 done
	 constraints: 8) ramp-up/ramp-down constraints				 done
	 constraints: 9) piece linearization constraints			 done
	 constraints: 10) transmissionline limits skipped (is_NetWorkCon != 1 or Gsdf missing or NL=0)
	 constraints: 11) stroges system constraints skipped (NC=0 or variables not defined)
	 constraints: 12) data centra constraints skipped (is_ConsiderDataCentra != 1)
	 constraints: 13) frequency control constraints skipped (is_ConsiderFrequencyControl != 1)
	 constraints: 14) hydro power limits					 done
+++++++++++++++++++++++++++++++++++++++++++++++++++++++++++++++++++++++++++++++++++++++++++
Step-4: starting Gurobi solver
Step-5: Gurobi solver finished
+++++++++++++++++++++++++++++++++++++++++++++++++++++++++++++++++++++++++++++++++++++++++++

solution_summary(scuc) = solution_summary(; result = 1, verbose = false)
├ solver_name          : Gurobi
├ Termination
│ ├ termination_status : OPTIMAL
│ ├ result_count       : 5
│ ├ raw_status         : Model was solved to optimality (subject to tolerances), and an optimal solution is available.
│ └ objective_bound    : 2.41318e+06
├ Solution (result = 1)
│ ├ primal_status        : FEASIBLE_POINT
│ ├ dual_status          : NO_SOLUTION
│ ├ objective_value      : 2.44661e+06
│ └ relative_gap         : 1.36666e-02
└ Work counters
  ├ solve_time (sec)   : 1.46900e+00
  ├ simplex_iterations : 9122
  ├ barrier_iterations : 0
  └ node_count         : 1


Termination Status: OPTIMAL
Acceptable solution found (Status: OPTIMAL).
Step-6: record datas
PART1: [unit-commitment] calculation result has been saved to: D:\GithubClonefiles\module_unitcommitment\.worktrees\108_168h\output\pcm_com4_loadall_h168_20260823_210543\smooth\std\r01\output/details_schedule_results/pcm_simulation_results/intervels_[2]/res_schedule_commitment_result.txt
  ✓ Interval 2 optimization completed successfully
Extracting results from dictionary...
details [unit_commtiemnt] scheduling results have been saved!

--------------------------------------------------------------------------------
Processing scheduling interval 3 of 7...
--------------------------------------------------------------------------------
Step-3: Creating dispatching model (Refactored & Modularized)
	 Variables defined.
DEBUG set_objective_economic!: NT=24, NG=108, ND=91, NW=20, NS=1, K=3, size(refcost)=(108,), size(eachslope)=(3, 108)
objective_function
	MILP economic objective set
subject to.
	 constraints: 1) minimum shutup/shutdown time limits			 done
	 constraints: 2) binary variable logic					 done
	 constraints: 3) shutup/shutdown cost					 done
	 constraints: 4) loadcurtailments and spoliedwinds			 done
	 constraints: 5) generatos power limits					 done
	 constraints: 6) system reserves limits					 done
	 constraints: 7) power balance constraints				 done
	 constraints: 8) ramp-up/ramp-down constraints				 done
	 constraints: 9) piece linearization constraints			 done
	 constraints: 10) transmissionline limits skipped (is_NetWorkCon != 1 or Gsdf missing or NL=0)
	 constraints: 11) stroges system constraints skipped (NC=0 or variables not defined)
	 constraints: 12) data centra constraints skipped (is_ConsiderDataCentra != 1)
	 constraints: 13) frequency control constraints skipped (is_ConsiderFrequencyControl != 1)
	 constraints: 14) hydro power limits					 done
+++++++++++++++++++++++++++++++++++++++++++++++++++++++++++++++++++++++++++++++++++++++++++
Step-4: starting Gurobi solver
Step-5: Gurobi solver finished
+++++++++++++++++++++++++++++++++++++++++++++++++++++++++++++++++++++++++++++++++++++++++++

solution_summary(scuc) = solution_summary(; result = 1, verbose = false)
├ solver_name          : Gurobi
├ Termination
│ ├ termination_status : OPTIMAL
│ ├ result_count       : 4
│ ├ raw_status         : Model was solved to optimality (subject to tolerances), and an optimal solution is available.
│ └ objective_bound    : 1.06349e+06
├ Solution (result = 1)
│ ├ primal_status        : FEASIBLE_POINT
│ ├ dual_status          : NO_SOLUTION
│ ├ objective_value      : 1.07890e+06
│ └ relative_gap         : 1.42853e-02
└ Work counters
  ├ solve_time (sec)   : 1.23400e+00
  ├ simplex_iterations : 9588
  ├ barrier_iterations : 0
  └ node_count         : 1


Termination Status: OPTIMAL
Acceptable solution found (Status: OPTIMAL).
Step-6: record datas
PART1: [unit-commitment] calculation result has been saved to: D:\GithubClonefiles\module_unitcommitment\.worktrees\108_168h\output\pcm_com4_loadall_h168_20260823_210543\smooth\std\r01\output/details_schedule_results/pcm_simulation_results/intervels_[3]/res_schedule_commitment_result.txt
  ✓ Interval 3 optimization completed successfully
Extracting results from dictionary...
details [unit_commtiemnt] scheduling results have been saved!

--------------------------------------------------------------------------------
Processing scheduling interval 4 of 7...
--------------------------------------------------------------------------------
Step-3: Creating dispatching model (Refactored & Modularized)
	 Variables defined.
DEBUG set_objective_economic!: NT=24, NG=108, ND=91, NW=20, NS=1, K=3, size(refcost)=(108,), size(eachslope)=(3, 108)
objective_function
	MILP economic objective set
subject to.
	 constraints: 1) minimum shutup/shutdown time limits			 done
	 constraints: 2) binary variable logic					 done
	 constraints: 3) shutup/shutdown cost					 done
	 constraints: 4) loadcurtailments and spoliedwinds			 done
	 constraints: 5) generatos power limits					 done
	 constraints: 6) system reserves limits					 done
	 constraints: 7) power balance constraints				 done
	 constraints: 8) ramp-up/ramp-down constraints				 done
	 constraints: 9) piece linearization constraints			 done
	 constraints: 10) transmissionline limits skipped (is_NetWorkCon != 1 or Gsdf missing or NL=0)
	 constraints: 11) stroges system constraints skipped (NC=0 or variables not defined)
	 constraints: 12) data centra constraints skipped (is_ConsiderDataCentra != 1)
	 constraints: 13) frequency control constraints skipped (is_ConsiderFrequencyControl != 1)
	 constraints: 14) hydro power limits					 done
+++++++++++++++++++++++++++++++++++++++++++++++++++++++++++++++++++++++++++++++++++++++++++
Step-4: starting Gurobi solver
Step-5: Gurobi solver finished
+++++++++++++++++++++++++++++++++++++++++++++++++++++++++++++++++++++++++++++++++++++++++++

solution_summary(scuc) = solution_summary(; result = 1, verbose = false)
├ solver_name          : Gurobi
├ Termination
│ ├ termination_status : OPTIMAL
│ ├ result_count       : 2
│ ├ raw_status         : Model was solved to optimality (subject to tolerances), and an optimal solution is available.
│ └ objective_bound    : 2.88070e+06
├ Solution (result = 1)
│ ├ primal_status        : FEASIBLE_POINT
│ ├ dual_status          : NO_SOLUTION
│ ├ objective_value      : 2.94608e+06
│ └ relative_gap         : 2.21901e-02
└ Work counters
  ├ solve_time (sec)   : 1.10600e+00
  ├ simplex_iterations : 9547
  ├ barrier_iterations : 0
  └ node_count         : 1


Termination Status: OPTIMAL
Acceptable solution found (Status: OPTIMAL).
Step-6: record datas
PART1: [unit-commitment] calculation result has been saved to: D:\GithubClonefiles\module_unitcommitment\.worktrees\108_168h\output\pcm_com4_loadall_h168_20260823_210543\smooth\std\r01\output/details_schedule_results/pcm_simulation_results/intervels_[4]/res_schedule_commitment_result.txt
  ✓ Interval 4 optimization completed successfully
Extracting results from dictionary...
details [unit_commtiemnt] scheduling results have been saved!

--------------------------------------------------------------------------------
Processing scheduling interval 5 of 7...
--------------------------------------------------------------------------------
Step-3: Creating dispatching model (Refactored & Modularized)
	 Variables defined.
DEBUG set_objective_economic!: NT=24, NG=108, ND=91, NW=20, NS=1, K=3, size(refcost)=(108,), size(eachslope)=(3, 108)
objective_function
	MILP economic objective set
subject to.
	 constraints: 1) minimum shutup/shutdown time limits			 done
	 constraints: 2) binary variable logic					 done
	 constraints: 3) shutup/shutdown cost					 done
	 constraints: 4) loadcurtailments and spoliedwinds			 done
	 constraints: 5) generatos power limits					 done
	 constraints: 6) system reserves limits					 done
	 constraints: 7) power balance constraints				 done
	 constraints: 8) ramp-up/ramp-down constraints				 done
	 constraints: 9) piece linearization constraints			 done
	 constraints: 10) transmissionline limits skipped (is_NetWorkCon != 1 or Gsdf missing or NL=0)
	 constraints: 11) stroges system constraints skipped (NC=0 or variables not defined)
	 constraints: 12) data centra constraints skipped (is_ConsiderDataCentra != 1)
	 constraints: 13) frequency control constraints skipped (is_ConsiderFrequencyControl != 1)
	 constraints: 14) hydro power limits					 done
+++++++++++++++++++++++++++++++++++++++++++++++++++++++++++++++++++++++++++++++++++++++++++
Step-4: starting Gurobi solver
Step-5: Gurobi solver finished
+++++++++++++++++++++++++++++++++++++++++++++++++++++++++++++++++++++++++++++++++++++++++++

solution_summary(scuc) = solution_summary(; result = 1, verbose = false)
├ solver_name          : Gurobi
├ Termination
│ ├ termination_status : OPTIMAL
│ ├ result_count       : 5
│ ├ raw_status         : Model was solved to optimality (subject to tolerances), and an optimal solution is available.
│ └ objective_bound    : 1.40288e+06
├ Solution (result = 1)
│ ├ primal_status        : FEASIBLE_POINT
│ ├ dual_status          : NO_SOLUTION
│ ├ objective_value      : 1.44169e+06
│ └ relative_gap         : 2.69252e-02
└ Work counters
  ├ solve_time (sec)   : 1.74300e+00
  ├ simplex_iterations : 12547
  ├ barrier_iterations : 0
  └ node_count         : 1


Termination Status: OPTIMAL
Acceptable solution found (Status: OPTIMAL).
Step-6: record datas
PART1: [unit-commitment] calculation result has been saved to: D:\GithubClonefiles\module_unitcommitment\.worktrees\108_168h\output\pcm_com4_loadall_h168_20260823_210543\smooth\std\r01\output/details_schedule_results/pcm_simulation_results/intervels_[5]/res_schedule_commitment_result.txt
  ✓ Interval 5 optimization completed successfully
Extracting results from dictionary...
details [unit_commtiemnt] scheduling results have been saved!

--------------------------------------------------------------------------------
Processing scheduling interval 6 of 7...
--------------------------------------------------------------------------------
Step-3: Creating dispatching model (Refactored & Modularized)
	 Variables defined.
DEBUG set_objective_economic!: NT=24, NG=108, ND=91, NW=20, NS=1, K=3, size(refcost)=(108,), size(eachslope)=(3, 108)
objective_function
	MILP economic objective set
subject to.
	 constraints: 1) minimum shutup/shutdown time limits			 done
	 constraints: 2) binary variable logic					 done
	 constraints: 3) shutup/shutdown cost					 done
	 constraints: 4) loadcurtailments and spoliedwinds			 done
	 constraints: 5) generatos power limits					 done
	 constraints: 6) system reserves limits					 done
	 constraints: 7) power balance constraints				 done
	 constraints: 8) ramp-up/ramp-down constraints				 done
	 constraints: 9) piece linearization constraints			 done
	 constraints: 10) transmissionline limits skipped (is_NetWorkCon != 1 or Gsdf missing or NL=0)
	 constraints: 11) stroges system constraints skipped (NC=0 or variables not defined)
	 constraints: 12) data centra constraints skipped (is_ConsiderDataCentra != 1)
	 constraints: 13) frequency control constraints skipped (is_ConsiderFrequencyControl != 1)
	 constraints: 14) hydro power limits					 done
+++++++++++++++++++++++++++++++++++++++++++++++++++++++++++++++++++++++++++++++++++++++++++
Step-4: starting Gurobi solver
Step-5: Gurobi solver finished
+++++++++++++++++++++++++++++++++++++++++++++++++++++++++++++++++++++++++++++++++++++++++++

solution_summary(scuc) = solution_summary(; result = 1, verbose = false)
├ solver_name          : Gurobi
├ Termination
│ ├ termination_status : OPTIMAL
│ ├ result_count       : 4
│ ├ raw_status         : Model was solved to optimality (subject to tolerances), and an optimal solution is available.
│ └ objective_bound    : 3.26988e+06
├ Solution (result = 1)
│ ├ primal_status        : FEASIBLE_POINT
│ ├ dual_status          : NO_SOLUTION
│ ├ objective_value      : 3.31288e+06
│ └ relative_gap         : 1.29795e-02
└ Work counters
  ├ solve_time (sec)   : 1.09300e+00
  ├ simplex_iterations : 7548
  ├ barrier_iterations : 0
  └ node_count         : 1


Termination Status: OPTIMAL
Acceptable solution found (Status: OPTIMAL).
Step-6: record datas
PART1: [unit-commitment] calculation result has been saved to: D:\GithubClonefiles\module_unitcommitment\.worktrees\108_168h\output\pcm_com4_loadall_h168_20260823_210543\smooth\std\r01\output/details_schedule_results/pcm_simulation_results/intervels_[6]/res_schedule_commitment_result.txt
  ✓ Interval 6 optimization completed successfully
Extracting results from dictionary...
details [unit_commtiemnt] scheduling results have been saved!

--------------------------------------------------------------------------------
Processing scheduling interval 7 of 7...
--------------------------------------------------------------------------------
Step-3: Creating dispatching model (Refactored & Modularized)
	 Variables defined.
DEBUG set_objective_economic!: NT=24, NG=108, ND=91, NW=20, NS=1, K=3, size(refcost)=(108,), size(eachslope)=(3, 108)
objective_function
	MILP economic objective set
subject to.
	 constraints: 1) minimum shutup/shutdown time limits			 done
	 constraints: 2) binary variable logic					 done
	 constraints: 3) shutup/shutdown cost					 done
	 constraints: 4) loadcurtailments and spoliedwinds			 done
	 constraints: 5) generatos power limits					 done
	 constraints: 6) system reserves limits					 done
	 constraints: 7) power balance constraints				 done
	 constraints: 8) ramp-up/ramp-down constraints				 done
	 constraints: 9) piece linearization constraints			 done
	 constraints: 10) transmissionline limits skipped (is_NetWorkCon != 1 or Gsdf missing or NL=0)
	 constraints: 11) stroges system constraints skipped (NC=0 or variables not defined)
	 constraints: 12) data centra constraints skipped (is_ConsiderDataCentra != 1)
	 constraints: 13) frequency control constraints skipped (is_ConsiderFrequencyControl != 1)
	 constraints: 14) hydro power limits					 done
+++++++++++++++++++++++++++++++++++++++++++++++++++++++++++++++++++++++++++++++++++++++++++
Step-4: starting Gurobi solver
Step-5: Gurobi solver finished
+++++++++++++++++++++++++++++++++++++++++++++++++++++++++++++++++++++++++++++++++++++++++++

solution_summary(scuc) = solution_summary(; result = 1, verbose = false)
├ solver_name          : Gurobi
├ Termination
│ ├ termination_status : OPTIMAL
│ ├ result_count       : 6
│ ├ raw_status         : Model was solved to optimality (subject to tolerances), and an optimal solution is available.
│ └ objective_bound    : 1.23175e+06
├ Solution (result = 1)
│ ├ primal_status        : FEASIBLE_POINT
│ ├ dual_status          : NO_SOLUTION
│ ├ objective_value      : 1.26786e+06
│ └ relative_gap         : 2.84801e-02
└ Work counters
  ├ solve_time (sec)   : 1.27700e+00
  ├ simplex_iterations : 9489
  ├ barrier_iterations : 0
  └ node_count         : 1


Termination Status: OPTIMAL
Acceptable solution found (Status: OPTIMAL).
Step-6: record datas
PART1: [unit-commitment] calculation result has been saved to: D:\GithubClonefiles\module_unitcommitment\.worktrees\108_168h\output\pcm_com4_loadall_h168_20260823_210543\smooth\std\r01\output/details_schedule_results/pcm_simulation_results/intervels_[7]/res_schedule_commitment_result.txt
  ✓ Interval 7 optimization completed successfully
Extracting results from dictionary...
details [unit_commtiemnt] scheduling results have been saved!

================================================================================
Step 6: Aggregating total scheduling costs...
================================================================================
  ✓ Sequential PCM (standard) completed successfully
  Total intervals processed: 7
  Results saved to: D:\GithubClonefiles\module_unitcommitment\.worktrees\108_168h\output\pcm_com4_loadall_h168_20260823_210543\smooth\std\r01\output\details_schedule_results/pcm_simulation_results/summary_scheduling_report/
