Set parameter Username
Set parameter LicenseID to value 2826524
Academic license - for non-commercial use only - expires 2027-05-22
Set parameter Username
Set parameter LicenseID to value 2826524
Academic license - for non-commercial use only - expires 2027-05-22
Set parameter Username
Set parameter LicenseID to value 2826524
Academic license - for non-commercial use only - expires 2027-05-22
Set parameter Username
Set parameter LicenseID to value 2826524
Academic license - for non-commercial use only - expires 2027-05-22
Set parameter Username
Set parameter LicenseID to value 2826524
Academic license - for non-commercial use only - expires 2027-05-22
Set parameter Username
Set parameter LicenseID to value 2826524
Academic license - for non-commercial use only - expires 2027-05-22
Set parameter Username
Set parameter LicenseID to value 2826524
Academic license - for non-commercial use only - expires 2027-05-22
Set parameter Username
Set parameter LicenseID to value 2826524
Academic license - for non-commercial use only - expires 2027-05-22
Set parameter Username
Set parameter LicenseID to value 2826524
Academic license - for non-commercial use only - expires 2027-05-22
Set parameter MIPGap to value 0.03
Set parameter Threads to value 2
Set parameter TimeLimit to value 600
Set parameter MIPGap to value 0.03
Set parameter Threads to value 2
Set parameter TimeLimit to value 600
Gurobi Optimizer version 13.0.2 build v13.0.2rc1 (win64 - Windows 11+.0 (29639.2))

CPU model: 13th Gen Intel(R) Core(TM) i7-13700F, instruction set [SSE2|AVX|AVX2]
Thread count: 16 physical cores, 24 logical processors, using up to 2 threads

Non-default parameters:
TimeLimit  600
MIPGap  0.03
Threads  2

Optimize a model with 74949 rows, 47304 columns and 663605 nonzeros (Min)
Model fingerprint: 0x141ca226
Model has 35100 linear objective coefficients
Variable types: 35496 continuous, 11808 integer (11808 binary)
Coefficient statistics:
  Matrix range     [4e-02, 4e+02]
  Objective range  [1e+00, 1e+15]
  Bounds range     [0e+00, 0e+00]
  RHS range        [1e-02, 4e+02]
Warning: Model contains large objective coefficients
         Consider reformulating model or setting NumericFocus parameter
         to avoid numerical issues.

Presolve removed 36739 rows and 20684 columns
Presolve time: 0.41s
Presolved: 38210 rows, 26620 columns, 148508 nonzeros
Variable types: 15839 continuous, 10781 integer (10781 binary)
Found heuristic solution: objective 4.250970e+16
Found heuristic solution: objective 3.910970e+16
Found heuristic solution: objective 3.725970e+16
Deterministic concurrent LP optimizer: primal and dual simplex
Showing primal log only...

Concurrent spin time: 0.03s

Solved with dual simplex

Use crossover to convert LP symmetric solution to basic solution...
Crossover time: 0.06 seconds (0.09 work units)

Root relaxation: objective 2.691862e+16, 12176 iterations, 0.42 seconds (0.57 work units)

    Nodes    |    Current Node    |     Objective Bounds      |     Work
 Expl Unexpl |  Obj  Depth IntInf | Incumbent    BestBd   Gap | It/Node Time

     0     0 2.6919e+16    0  686 3.7260e+16 2.6919e+16  27.8%     -    1s
     0     0 2.6919e+16    0  686 3.7260e+16 2.6919e+16  27.8%     -    1s
H    0     0                    2.760970e+16 2.6919e+16  2.50%     -    1s

Explored 1 nodes (12192 simplex iterations) in 1.55 seconds (3.32 work units)
Thread count was 2 (of 24 available processors)

Solution count 4: 2.76097e+16 3.72597e+16 3.91097e+16 4.25097e+16 

Optimal solution found (tolerance 3.00e-02)
Best objective 2.760969753601e+16, best bound 2.691861663053e+16, gap 2.5030%

User-callback calls 536, time in user-callback 0.00 sec
Set parameter Username
Set parameter LicenseID to value 2826524
Academic license - for non-commercial use only - expires 2027-05-22
Set parameter Username
Set parameter LicenseID to value 2826524
Academic license - for non-commercial use only - expires 2027-05-22
Set parameter Username
Set parameter LicenseID to value 2826524
Academic license - for non-commercial use only - expires 2027-05-22
Set parameter Username
Set parameter LicenseID to value 2826524
Academic license - for non-commercial use only - expires 2027-05-22
Set parameter Username
Set parameter LicenseID to value 2826524
Academic license - for non-commercial use only - expires 2027-05-22
Set parameter Username
Set parameter LicenseID to value 2826524
Academic license - for non-commercial use only - expires 2027-05-22
Set parameter Username
Set parameter LicenseID to value 2826524
Academic license - for non-commercial use only - expires 2027-05-22
Set parameter Username
Set parameter LicenseID to value 2826524
Academic license - for non-commercial use only - expires 2027-05-22
	→ The renewable energy scenarios module loaded.
	→ Input data module loaded and ready for UC modeling.
	→ The [JULIA] environment_config has been loaded.
	→ Constraint modules included and functions exported.
	→ Objective functions module loaded and exported.
	→ Utility functions module loaded and exported.
	→ all boundary conditions validated.

================================================================================
RUNNING CLUSTERED ADAPTIVE OVERLAP WINDOW PCM SIMULATION
================================================================================

Reading project input data...
Step-1: Loading packages and functions...
  Reading data from: D:\GithubClonefiles\module_unitcommitment\data\data_118_clustered_pcm.xlsx
  Reading frequency parameters...
  Reading energy storage system data...
  Reading generator, network, and load data...
  Reading data center data...
  Reading hydroelectric power data...
  ✓ All data successfully loaded from Excel file.
Step-2: imput data are loaded
  PCM load profile: extreme_ramp
  PCM random seed: 20260809
  Training case signature: 26688d7c110546e5fc0dead018501dd3f52c7fe89c866146ae7ab57602594c76
  Training cache: HIT (48 samples; no retraining required)
  Load curve horizon used: 168 h
  Wind scenario horizon used: 168 h
  Steady-state overlap mode: ml_prediction
  Calibration / training time: 0.00 s
  Training cache hit: D:\GithubClonefiles\module_unitcommitment\output\ml_trainningdata_res\overlap_training_cache\26688d7c110546e5fc0dead018501dd3f52c7fe89c866146ae7ab57602594c76\offline_training_dataset.csv
Training Decision Tree on: D:\GithubClonefiles\module_unitcommitment\output\ml_trainningdata_res\overlap_training_cache\26688d7c110546e5fc0dead018501dd3f52c7fe89c866146ae7ab57602594c76\offline_training_dataset.csv
Model training complete. Trained Tree Structure:
Split: L_norm <= 0.2576
  L:     Split: X_delta_norm <= 0.0724
      L:         => Prediction: 9.5
      R:         => Prediction: 12.0
  R:     Split: L_norm <= 0.2615
      L:         => Prediction: 2.0
      R:         Split: X_delta_norm <= 0.1759
          L:             => Prediction: 11.25
          R:             => Prediction: 8.43
R^2 score on training data: 0.4018
[AdaptiveOverlap][RampCriterion] start=1 event_indices=[1] first_event=1 strongest_ratio=1.2238 severity_window=12 -> T_ramp=12
[AdaptiveOverlap] interval=1 start=1 mode=ml_prediction
  boundary criterion: U_norm=0.4072, T_dwell_rem=0.0, X_delta_norm=0.464, X_switch_ratio=0.3889
  steady-state criterion: L_norm=0.238, sigma_load=28.0892, R_wind_max=0.0734, T_ml=12
  physical criteria: T_unit_start=0, ramp_event=true, T_ramp=12
  final criterion: max(T_ml=12, T_unit=0, T_ramp=12)=12; clamped_final=12, solved_horizon=36
Step-3: Creating dispatching model (Refactored & Modularized)
  Clustered PCM: 108 physical units -> 31 equivalent units (71.3% state reduction; 108 units in non-singleton clusters)
  ✓ True clustered UC completed (31 virtual units)
PART1: [unit-commitment] calculation result has been saved to: D:\GithubClonefiles\module_unitcommitment\output\pcm_com4_loadall_h72_20260814_193938\ramp\clu_ovl\r01\output/details_schedule_results/pcm_simulation_results/intervels_[1]/res_schedule_commitment_result.txt
  Interval 1 | Overlap Selection Time: 1.311 s | Selected Overlap: 12h (Steady: 12h, Unit:  0h, Ramp: 12h) | Solve Time: 501.71 s
[AdaptiveOverlap][RampCriterion] start=25 event_indices=[1] first_event=1 strongest_ratio=2.032 severity_window=12 -> T_ramp=12
[AdaptiveOverlap] interval=2 start=25 mode=ml_prediction
  boundary criterion: U_norm=0.9446, T_dwell_rem=4.0, X_delta_norm=0.0554, X_switch_ratio=0.037
  steady-state criterion: L_norm=0.2599, sigma_load=41.0413, R_wind_max=0.0677, T_ml=2
  physical criteria: T_unit_start=4, ramp_event=true, T_ramp=12
  final criterion: max(T_ml=2, T_unit=4, T_ramp=12)=12; clamped_final=12, solved_horizon=36
Step-3: Creating dispatching model (Refactored & Modularized)
  Clustered PCM: 108 physical units -> 36 equivalent units (66.7% state reduction; 100 units in non-singleton clusters)
    5-point output grid is infeasible; retrying this window with 17 points
  Clustered PCM: 108 physical units -> 36 equivalent units (66.7% state reduction; 100 units in non-singleton clusters)
    Refined output grid is infeasible; entering continuous residence-power diagnosis
  Clustered PCM: 108 physical units -> 36 equivalent units (66.7% state reduction; 100 units in non-singleton clusters)
  ⚠ True clustered UC failed at cluster_master: INFEASIBLE; falling back to full unit-network SCUC
	 Variables defined.
DEBUG set_objective_economic!: NT=36, NG=108, ND=91, NW=20, NS=1, K=3, size(refcost)=(108,), size(eachslope)=(3, 108)
objective_function
	MILP economic objective set
subject to.
	 constraints: 1) minimum shutup/shutdown time limits			 done
	 constraints: 2) binary variable logic					 done
	 constraints: 3) shutup/shutdown cost					 done
	 constraints: 4) loadcurtailments and spoliedwinds			 done
	 constraints: 5) generatos power limits					 done
	 constraints: 6) system reserves limits					 done
	 constraints: 7) power balance constraints				 done
	 constraints: 8) ramp-up/ramp-down constraints				 done
	 constraints: 9) piece linearization constraints			 done
	 constraints: 10) transmissionline limits skipped (is_NetWorkCon != 1 or Gsdf missing or NL=0)
	 constraints: 11) stroges system constraints skipped (NC=0 or variables not defined)
	 constraints: 12) data centra constraints skipped (is_ConsiderDataCentra != 1)
	 constraints: 13) frequency control constraints skipped (is_ConsiderFrequencyControl != 1)
	 constraints: 14) hydro power limits					 done
+++++++++++++++++++++++++++++++++++++++++++++++++++++++++++++++++++++++++++++++++++++++++++
Step-4: starting Gurobi solver
Step-5: Gurobi solver finished
+++++++++++++++++++++++++++++++++++++++++++++++++++++++++++++++++++++++++++++++++++++++++++

assert_is_solved_and_feasible(scuc) = nothing
solution_summary(scuc) = solution_summary(; result = 1, verbose = false)
├ solver_name          : Gurobi
├ Termination
│ ├ termination_status : OPTIMAL
│ ├ result_count       : 4
│ ├ raw_status         : Model was solved to optimality (subject to tolerances), and an optimal solution is available.
│ └ objective_bound    : 2.69186e+16
├ Solution (result = 1)
│ ├ primal_status        : FEASIBLE_POINT
│ ├ dual_status          : NO_SOLUTION
│ ├ objective_value      : 2.76097e+16
│ └ relative_gap         : 2.50304e-02
└ Work counters
  ├ solve_time (sec)   : 1.55200e+00
  ├ simplex_iterations : 12192
  ├ barrier_iterations : 0
  └ node_count         : 1


Termination Status: OPTIMAL
Acceptable solution found (Status: OPTIMAL).
Step-6: record datas
PART1: [unit-commitment] calculation result has been saved to: D:\GithubClonefiles\module_unitcommitment\output\pcm_com4_loadall_h72_20260814_193938\ramp\clu_ovl\r01\output/details_schedule_results/pcm_simulation_results/intervels_[2]/res_schedule_commitment_result.txt
PART1: [unit-commitment] calculation result has been saved to: D:\GithubClonefiles\module_unitcommitment\output\pcm_com4_loadall_h72_20260814_193938\ramp\clu_ovl\r01\output/details_schedule_results/pcm_simulation_results/intervels_[2]/res_schedule_commitment_result.txt
  Interval 2 | Overlap Selection Time: 0.201 s | Selected Overlap: 12h (Steady:  2h, Unit:  4h, Ramp: 12h) | Solve Time: 68.78 s
[AdaptiveOverlap][RampCriterion] start=49 event_indices=[1] first_event=1 strongest_ratio=1.0766 severity_window=12 -> T_ramp=12
[AdaptiveOverlap] interval=3 start=49 mode=ml_prediction
  boundary criterion: U_norm=1.0, T_dwell_rem=0.0, X_delta_norm=0.2119, X_switch_ratio=0.5556
  steady-state criterion: L_norm=0.1966, sigma_load=26.6542, R_wind_max=0.0675, T_ml=12
  physical criteria: T_unit_start=0, ramp_event=true, T_ramp=12
  final criterion: max(T_ml=12, T_unit=0, T_ramp=12)=12; clamped_final=12, solved_horizon=36
Step-3: Creating dispatching model (Refactored & Modularized)
  Clustered PCM: 108 physical units -> 31 equivalent units (71.3% state reduction; 108 units in non-singleton clusters)
    5-point output grid is infeasible; retrying this window with 17 points
  Clustered PCM: 108 physical units -> 31 equivalent units (71.3% state reduction; 108 units in non-singleton clusters)
    Refined output grid is infeasible; entering continuous residence-power diagnosis
  Clustered PCM: 108 physical units -> 31 equivalent units (71.3% state reduction; 108 units in non-singleton clusters)
    Fast disaggregation failed at solver; trying exact cluster-internal certificate
  ✓ True clustered UC completed (31 virtual units)
PART1: [unit-commitment] calculation result has been saved to: D:\GithubClonefiles\module_unitcommitment\output\pcm_com4_loadall_h72_20260814_193938\ramp\clu_ovl\r01\output/details_schedule_results/pcm_simulation_results/intervels_[3]/res_schedule_commitment_result.txt
  Interval 3 | Overlap Selection Time: 0.000 s | Selected Overlap: 12h (Steady: 12h, Unit:  0h, Ramp: 12h) | Solve Time: 28.06 s
  ✓ Report exported to CSV: D:\GithubClonefiles\module_unitcommitment\output\pcm_com4_loadall_h72_20260814_193938\ramp\clu_ovl\r01\output\details_schedule_results\clustered_adaptive_pcm_simulation_results\overlap_window_statistics.csv
  ✓ Report exported to TXT: D:\GithubClonefiles\module_unitcommitment\output\pcm_com4_loadall_h72_20260814_193938\ramp\clu_ovl\r01\output\details_schedule_results\clustered_adaptive_pcm_simulation_results\overlap_window_summary.txt
================================================================================

