Set parameter Username
Set parameter LicenseID to value 2754784
Academic license - for non-commercial use only - expires 2026-12-14
Set parameter Username
Set parameter LicenseID to value 2754784
Academic license - for non-commercial use only - expires 2026-12-14
Set parameter MIPGap to value 0.015
Set parameter MIPGap to value 0.015
Gurobi Optimizer version 13.0.2 build v13.0.2rc1 (mac64[arm] - Darwin 27.0.0 26A5388g)

CPU model: Apple M3
Thread count: 8 physical cores, 8 logical processors, using up to 8 threads

Non-default parameters:
MIPGap  0.015

Optimize a model with 74440 rows, 47304 columns and 661168 nonzeros (Min)
Model fingerprint: 0xf82d5936
Model has 35100 linear objective coefficients
Variable types: 35496 continuous, 11808 integer (11808 binary)
Coefficient statistics:
  Matrix range     [3e-02, 4e+02]
  Objective range  [1e+00, 1e+15]
  Bounds range     [0e+00, 0e+00]
  RHS range        [1e-02, 2e+02]
Warning: Model contains large objective coefficients
         Consider reformulating model or setting NumericFocus parameter
         to avoid numerical issues.

Presolve removed 35044 rows and 20451 columns
Presolve time: 0.35s
Presolved: 39396 rows, 26853 columns, 146704 nonzeros
Variable types: 15897 continuous, 10956 integer (10956 binary)
Found heuristic solution: objective 2.499451e+07
Found heuristic solution: objective 2.487849e+07
Found heuristic solution: objective 1.049524e+07
Deterministic concurrent LP optimizer: primal and dual simplex
Showing primal log only...

Concurrent spin time: 0.00s

Solved with dual simplex

Use crossover to convert LP symmetric solution to basic solution...
Crossover time: 0.02 seconds (0.03 work units)

Root relaxation: objective 2.544648e+06, 9346 iterations, 0.33 seconds (0.52 work units)

    Nodes    |    Current Node    |     Objective Bounds      |     Work
 Expl Unexpl |  Obj  Depth IntInf | Incumbent    BestBd   Gap | It/Node Time

     0     0 2544647.94    0  753 1.0495e+07 2544647.94  75.8%     -    0s
H    0     0                    3030946.4709 2544647.94  16.0%     -    0s
     0     0 2552084.14    0  909 3030946.47 2552084.14  15.8%     -    1s
H    0     0                    3014114.1000 2552164.10  15.3%     -    1s
H    0     0                    2773925.0791 2552164.10  7.99%     -    1s
     0     0 2552164.10    0  897 2773925.08 2552164.10  7.99%     -    2s
H    0     0                    2771777.7039 2552167.81  7.92%     -    2s
H    0     0                    2771777.7009 2552167.81  7.92%     -    2s
     0     0 2552167.81    0  900 2771777.70 2552167.81  7.92%     -    2s
     0     0 2552168.20    0  900 2771777.70 2552168.20  7.92%     -    2s
H    0     0                    2660903.0844 2560188.19  3.78%     -    2s
H    0     0                    2660903.0840 2560188.19  3.78%     -    2s
H    0     0                    2657515.8469 2560188.19  3.66%     -    2s
H    0     0                    2654321.0147 2560188.19  3.55%     -    2s
H    0     0                    2654321.0137 2560188.19  3.55%     -    2s
H    0     0                    2654162.6302 2560188.19  3.54%     -    2s
H    0     0                    2654162.6283 2560188.19  3.54%     -    2s
     0     0 2560188.19    0  872 2654162.63 2560188.19  3.54%     -    2s
H    0     0                    2643337.2084 2560464.89  3.14%     -    2s
H    0     0                    2642105.3257 2560464.89  3.09%     -    2s
H    0     0                    2641237.7014 2560464.89  3.06%     -    2s
     0     0 2560464.89    0  882 2641237.70 2560464.89  3.06%     -    3s
     0     0 2560464.89    0  876 2641237.70 2560464.89  3.06%     -    3s
     0     0 2560464.89    0  877 2641237.70 2560464.89  3.06%     -    3s
H    0     0                    2640890.2260 2560464.89  3.05%     -    3s
H    0     0                    2638067.8013 2560464.89  2.94%     -    3s
H    0     0                    2634265.2999 2565741.76  2.60%     -    4s
H    0     0                    2610108.7682 2565741.76  1.70%     -    4s
H    0     0                    2608786.1491 2565741.76  1.65%     -    4s
     0     0 2565741.76    0  789 2608786.15 2565741.76  1.65%     -    4s
     0     0 2567243.90    0  732 2608786.15 2567243.90  1.59%     -    4s
     0     0 2567243.90    0  783 2608786.15 2567243.90  1.59%     -    5s
     0     0 2608786.15    0  839 2608786.15 2608786.15  0.00%     -    6s

Cutting planes:
  Gomory: 75
  Cover: 1
  Implied bound: 77
  MIR: 163
  Flow cover: 115
  Network: 2
  RLT: 53
  Relax-and-lift: 15

Explored 1 nodes (36457 simplex iterations) in 6.88 seconds (11.05 work units)
Thread count was 8 (of 8 available processors)

Solution count 10: 2.60879e+06 2.61011e+06 2.63427e+06 ... 2.65432e+06

Optimal solution found (tolerance 1.50e-02)
Best objective 2.608786149120e+06, best bound 2.608786149120e+06, gap 0.0000%

User-callback calls 1347, time in user-callback 0.00 sec
Set parameter Username
Set parameter LicenseID to value 2754784
Academic license - for non-commercial use only - expires 2026-12-14
Set parameter MIPGap to value 0.015
Set parameter MIPGap to value 0.015
Gurobi Optimizer version 13.0.2 build v13.0.2rc1 (mac64[arm] - Darwin 27.0.0 26A5388g)

CPU model: Apple M3
Thread count: 8 physical cores, 8 logical processors, using up to 8 threads

Non-default parameters:
MIPGap  0.015

Optimize a model with 74440 rows, 47304 columns and 661168 nonzeros (Min)
Model fingerprint: 0xf82d5936
Model has 35100 linear objective coefficients
Variable types: 35496 continuous, 11808 integer (11808 binary)
Coefficient statistics:
  Matrix range     [3e-02, 4e+02]
  Objective range  [1e+00, 1e+15]
  Bounds range     [0e+00, 0e+00]
  RHS range        [1e-02, 2e+02]
Warning: Model contains large objective coefficients
         Consider reformulating model or setting NumericFocus parameter
         to avoid numerical issues.

Presolve removed 35044 rows and 20451 columns
Presolve time: 0.35s
Presolved: 39396 rows, 26853 columns, 146704 nonzeros
Variable types: 15897 continuous, 10956 integer (10956 binary)
Found heuristic solution: objective 2.499451e+07
Found heuristic solution: objective 2.487849e+07
Found heuristic solution: objective 1.049524e+07
Deterministic concurrent LP optimizer: primal and dual simplex
Showing primal log only...

Concurrent spin time: 0.00s

Solved with dual simplex

Use crossover to convert LP symmetric solution to basic solution...
Crossover time: 0.02 seconds (0.03 work units)

Root relaxation: objective 2.544648e+06, 9346 iterations, 0.33 seconds (0.52 work units)

    Nodes    |    Current Node    |     Objective Bounds      |     Work
 Expl Unexpl |  Obj  Depth IntInf | Incumbent    BestBd   Gap | It/Node Time

     0     0 2544647.94    0  753 1.0495e+07 2544647.94  75.8%     -    0s
H    0     0                    3030946.4709 2544647.94  16.0%     -    1s
     0     0 2552084.14    0  909 3030946.47 2552084.14  15.8%     -    1s
H    0     0                    3014114.1000 2552164.10  15.3%     -    2s
H    0     0                    2773925.0791 2552164.10  7.99%     -    2s
     0     0 2552164.10    0  897 2773925.08 2552164.10  7.99%     -    2s
H    0     0                    2771777.7039 2552167.81  7.92%     -    2s
H    0     0                    2771777.7009 2552167.81  7.92%     -    2s
     0     0 2552167.81    0  900 2771777.70 2552167.81  7.92%     -    2s
     0     0 2552168.20    0  900 2771777.70 2552168.20  7.92%     -    2s
H    0     0                    2660903.0844 2560188.19  3.78%     -    2s
H    0     0                    2660903.0840 2560188.19  3.78%     -    2s
H    0     0                    2657515.8469 2560188.19  3.66%     -    2s
H    0     0                    2654321.0147 2560188.19  3.55%     -    2s
H    0     0                    2654321.0137 2560188.19  3.55%     -    2s
H    0     0                    2654162.6302 2560188.19  3.54%     -    2s
H    0     0                    2654162.6283 2560188.19  3.54%     -    2s
     0     0 2560188.19    0  872 2654162.63 2560188.19  3.54%     -    2s
H    0     0                    2643337.2084 2560464.89  3.14%     -    3s
H    0     0                    2642105.3257 2560464.89  3.09%     -    3s
H    0     0                    2641237.7014 2560464.89  3.06%     -    3s
     0     0 2560464.89    0  882 2641237.70 2560464.89  3.06%     -    3s
     0     0 2560464.89    0  876 2641237.70 2560464.89  3.06%     -    3s
     0     0 2560464.89    0  877 2641237.70 2560464.89  3.06%     -    3s
H    0     0                    2640890.2260 2560464.89  3.05%     -    3s
H    0     0                    2638067.8013 2560464.89  2.94%     -    3s
H    0     0                    2634265.2999 2565741.76  2.60%     -    4s
H    0     0                    2610108.7682 2565741.76  1.70%     -    4s
H    0     0                    2608786.1491 2565741.76  1.65%     -    4s
     0     0 2565741.76    0  789 2608786.15 2565741.76  1.65%     -    4s
     0     0 2567243.90    0  732 2608786.15 2567243.90  1.59%     -    4s
     0     0 2567243.90    0  783 2608786.15 2567243.90  1.59%     -    5s
     0     0 2608786.15    0  839 2608786.15 2608786.15  0.00%     -    6s

Cutting planes:
  Gomory: 75
  Cover: 1
  Implied bound: 77
  MIR: 163
  Flow cover: 115
  Network: 2
  RLT: 53
  Relax-and-lift: 15

Explored 1 nodes (36457 simplex iterations) in 6.92 seconds (11.05 work units)
Thread count was 8 (of 8 available processors)

Solution count 10: 2.60879e+06 2.61011e+06 2.63427e+06 ... 2.65432e+06

Optimal solution found (tolerance 1.50e-02)
Best objective 2.608786149120e+06, best bound 2.608786149120e+06, gap 0.0000%

User-callback calls 1291, time in user-callback 0.00 sec
Set parameter Username
Set parameter LicenseID to value 2754784
Academic license - for non-commercial use only - expires 2026-12-14
Set parameter MIPGap to value 0.015
Set parameter MIPGap to value 0.015
Gurobi Optimizer version 13.0.2 build v13.0.2rc1 (mac64[arm] - Darwin 27.0.0 26A5388g)

CPU model: Apple M3
Thread count: 8 physical cores, 8 logical processors, using up to 8 threads

Non-default parameters:
MIPGap  0.015

Optimize a model with 74440 rows, 47304 columns and 661168 nonzeros (Min)
Model fingerprint: 0x0977c148
Model has 35100 linear objective coefficients
Variable types: 35496 continuous, 11808 integer (11808 binary)
Coefficient statistics:
  Matrix range     [3e-02, 4e+02]
  Objective range  [1e+00, 1e+15]
  Bounds range     [0e+00, 0e+00]
  RHS range        [1e-02, 2e+02]
Warning: Model contains large objective coefficients
         Consider reformulating model or setting NumericFocus parameter
         to avoid numerical issues.

Presolve removed 35044 rows and 20450 columns
Presolve time: 0.35s
Presolved: 39396 rows, 26854 columns, 146702 nonzeros
Variable types: 15898 continuous, 10956 integer (10956 binary)
Found heuristic solution: objective 1.061640e+16
Found heuristic solution: objective 3.498982e+07
Found heuristic solution: objective 2.784932e+07
Deterministic concurrent LP optimizer: primal and dual simplex
Showing primal log only...

Concurrent spin time: 0.01s

Solved with dual simplex

Use crossover to convert LP symmetric solution to basic solution...
Crossover time: 0.02 seconds (0.03 work units)

Root relaxation: objective 3.653006e+06, 9861 iterations, 0.36 seconds (0.57 work units)

    Nodes    |    Current Node    |     Objective Bounds      |     Work
 Expl Unexpl |  Obj  Depth IntInf | Incumbent    BestBd   Gap | It/Node Time

     0     0 3653005.99    0  803 2.7849e+07 3653005.99  86.9%     -    0s
H    0     0                    4155788.8380 3653005.99  12.1%     -    1s
     0     0 3669104.29    0  547 4155788.84 3669104.29  11.7%     -    1s
H    0     0                    4049174.9808 3669106.21  9.39%     -    1s
     0     0 3669192.36    0  542 4049174.98 3669192.36  9.38%     -    1s
     0     0 3669193.42    0  542 4049174.98 3669193.42  9.38%     -    1s
H    0     0                    3995815.1035 3669193.42  8.17%     -    2s
     0     0 3672016.71    0  390 3995815.10 3672016.71  8.10%     -    2s
H    0     0                    3901004.7325 3672018.63  5.87%     -    2s
H    0     0                    3899137.0254 3672018.63  5.82%     -    2s
     0     0 3672027.92    0  430 3899137.03 3672027.92  5.82%     -    2s
     0     0 3672027.93    0  430 3899137.03 3672027.93  5.82%     -    2s
H    0     0                    3860227.8639 3672027.93  4.88%     -    2s
H    0     0                    3860048.7521 3672027.93  4.87%     -    2s
H    0     0                    3859342.4208 3672027.93  4.85%     -    2s
     0     0 3674915.36    0  409 3859342.42 3674915.36  4.78%     -    3s
H    0     0                    3831931.5860 3674915.36  4.10%     -    3s
H    0     0                    3800124.8939 3675587.68  3.28%     -    3s
     0     0 3675587.68    0  481 3800124.89 3675587.68  3.28%     -    3s
     0     0 3675598.08    0  445 3800124.89 3675598.08  3.28%     -    3s
     0     0 3675598.80    0  448 3800124.89 3675598.80  3.28%     -    3s
H    0     0                    3777837.7845 3675598.80  2.71%     -    3s
H    0     0                    3777837.7841 3675598.80  2.71%     -    3s
H    0     0                    3777338.4891 3676091.98  2.68%     -    4s
H    0     0                    3777209.8005 3676091.98  2.68%     -    4s
     0     0 3676091.98    0  410 3777209.80 3676091.98  2.68%     -    4s
H    0     0                    3777080.1201 3676101.70  2.67%     -    4s
H    0     0                    3777080.1147 3676101.70  2.67%     -    4s
H    0     0                    3777067.5637 3676101.70  2.67%     -    4s
H    0     0                    3777067.5571 3676101.70  2.67%     -    4s
     0     0 3680399.96    0  411 3777067.56 3680399.96  2.56%     -    4s
H    0     0                    3776703.7418 3680399.96  2.55%     -    4s
H    0     0                    3776703.7412 3680399.96  2.55%     -    4s
     0     0 3680399.96    0  383 3776703.74 3680399.96  2.55%     -    4s
     0     0 3680399.96    0  397 3776703.74 3680399.96  2.55%     -    4s
     0     0 3680402.10    0  471 3776703.74 3680402.10  2.55%     -    4s
H    0     0                    3754688.9986 3680402.10  1.98%     -    5s
H    0     0                    3754122.2801 3680402.10  1.96%     -    5s
H    0     0                    3754122.2771 3680402.10  1.96%     -    5s
H    0     0                    3753756.6555 3680402.10  1.95%     -    5s
     0     0 3680402.10    0  480 3753756.66 3680402.10  1.95%     -    5s
     0     0 3680402.10    0  491 3753756.66 3680402.10  1.95%     -    5s
     0     0 3683136.70    0  351 3753756.66 3683136.70  1.88%     -    5s
H    0     0                    3753493.2222 3683136.70  1.87%     -    5s
H    0     0                    3750205.1730 3683136.70  1.79%     -    5s
H    0     0                    3748243.2782 3683136.70  1.74%     -    5s
H    0     0                    3748243.2765 3683136.70  1.74%     -    5s
H    0     0                    3747485.6500 3683136.70  1.72%     -    5s
H    0     0                    3746804.2803 3683136.70  1.70%     -    5s
     0     0 3683140.93    0  343 3746804.28 3683140.93  1.70%     -    5s
     0     0 3683140.93    0  343 3746804.28 3683140.93  1.70%     -    5s
     0     0 3683140.93    0  379 3746804.28 3683140.93  1.70%     -    5s
H    0     0                    3746791.6864 3683140.93  1.70%     -    6s
H    0     0                    3746791.6851 3683140.93  1.70%     -    6s
     0     0 3683140.93    0  462 3746791.69 3683140.93  1.70%     -    6s
     0     0 3683140.93    0  415 3746791.69 3683140.93  1.70%     -    6s
H    0     0                    3713565.0750 3683140.93  0.82%     -    6s
     0     0 3683140.93    0  415 3713565.08 3683140.93  0.82%     -    6s

Cutting planes:
  Learned: 8
  Gomory: 66
  Cover: 4
  Implied bound: 321
  Clique: 3
  MIR: 259
  StrongCG: 2
  Flow cover: 283
  Network: 2
  RLT: 77
  Relax-and-lift: 133

Explored 1 nodes (16926 simplex iterations) in 6.23 seconds (8.86 work units)
Thread count was 8 (of 8 available processors)

Solution count 10: 3.71357e+06 3.74679e+06 3.7468e+06 ... 3.7767e+06

Optimal solution found (tolerance 1.50e-02)
Best objective 3.713565075009e+06, best bound 3.683140930937e+06, gap 0.8193%

User-callback calls 1444, time in user-callback 0.00 sec
Set parameter Username
Set parameter LicenseID to value 2754784
Academic license - for non-commercial use only - expires 2026-12-14
Set parameter MIPGap to value 0.015
Set parameter MIPGap to value 0.015
Gurobi Optimizer version 13.0.2 build v13.0.2rc1 (mac64[arm] - Darwin 27.0.0 26A5388g)

CPU model: Apple M3
Thread count: 8 physical cores, 8 logical processors, using up to 8 threads

Non-default parameters:
MIPGap  0.015

Optimize a model with 74510 rows, 47304 columns and 661681 nonzeros (Min)
Model fingerprint: 0xd3483c78
Model has 35100 linear objective coefficients
Variable types: 35496 continuous, 11808 integer (11808 binary)
Coefficient statistics:
  Matrix range     [3e-02, 4e+02]
  Objective range  [1e+00, 1e+15]
  Bounds range     [0e+00, 0e+00]
  RHS range        [1e-02, 4e+02]
Warning: Model contains large objective coefficients
         Consider reformulating model or setting NumericFocus parameter
         to avoid numerical issues.

Presolve removed 35232 rows and 20481 columns
Presolve time: 0.35s
Presolved: 39278 rows, 26823 columns, 146151 nonzeros
Variable types: 15912 continuous, 10911 integer (10911 binary)
Found heuristic solution: objective 3.427702e+07
Found heuristic solution: objective 2.943803e+07
Deterministic concurrent LP optimizer: primal and dual simplex
Showing primal log only...

Concurrent spin time: 0.01s

Solved with dual simplex

Use crossover to convert LP symmetric solution to basic solution...
Crossover time: 0.02 seconds (0.03 work units)

Root relaxation: objective 3.669803e+06, 10872 iterations, 0.36 seconds (0.56 work units)

    Nodes    |    Current Node    |     Objective Bounds      |     Work
 Expl Unexpl |  Obj  Depth IntInf | Incumbent    BestBd   Gap | It/Node Time

     0     0 3669802.99    0  730 2.9438e+07 3669802.99  87.5%     -    0s
H    0     0                    4333976.1154 3669802.99  15.3%     -    1s
H    0     0                    4176788.8053 3669802.99  12.1%     -    1s
H    0     0                    3918196.9804 3669802.99  6.34%     -    1s
     0     0 3918196.98    0  459 3918196.98 3918196.98  0.00%     -    1s

Cutting planes:
  Gomory: 47
  Cover: 1
  Implied bound: 1
  MIR: 142
  Flow cover: 77
  Network: 2
  RLT: 29
  Relax-and-lift: 11

Explored 1 nodes (12369 simplex iterations) in 1.72 seconds (3.04 work units)
Thread count was 8 (of 8 available processors)

Solution count 5: 3.9182e+06 4.17679e+06 4.33398e+06 ... 3.4277e+07

Optimal solution found (tolerance 1.50e-02)
Best objective 3.918196980401e+06, best bound 3.918196980401e+06, gap 0.0000%

User-callback calls 622, time in user-callback 0.00 sec
Set parameter Username
Set parameter LicenseID to value 2754784
Academic license - for non-commercial use only - expires 2026-12-14
Set parameter MIPGap to value 0.015
Set parameter MIPGap to value 0.015
Gurobi Optimizer version 13.0.2 build v13.0.2rc1 (mac64[arm] - Darwin 27.0.0 26A5388g)

CPU model: Apple M3
Thread count: 8 physical cores, 8 logical processors, using up to 8 threads

Non-default parameters:
MIPGap  0.015

Optimize a model with 74440 rows, 47304 columns and 661168 nonzeros (Min)
Model fingerprint: 0xb98e9f5a
Model has 35100 linear objective coefficients
Variable types: 35496 continuous, 11808 integer (11808 binary)
Coefficient statistics:
  Matrix range     [3e-02, 4e+02]
  Objective range  [1e+00, 1e+15]
  Bounds range     [0e+00, 0e+00]
  RHS range        [1e-02, 2e+02]
Warning: Model contains large objective coefficients
         Consider reformulating model or setting NumericFocus parameter
         to avoid numerical issues.

Presolve removed 35044 rows and 20450 columns
Presolve time: 0.35s
Presolved: 39396 rows, 26854 columns, 146702 nonzeros
Variable types: 15898 continuous, 10956 integer (10956 binary)
Found heuristic solution: objective 4.041817e+07
Found heuristic solution: objective 1.299814e+07
Deterministic concurrent LP optimizer: primal and dual simplex
Showing primal log only...

Concurrent spin time: 0.01s

Solved with dual simplex

Use crossover to convert LP symmetric solution to basic solution...
Crossover time: 0.02 seconds (0.03 work units)

Root relaxation: objective 1.796594e+06, 7599 iterations, 0.23 seconds (0.37 work units)

    Nodes    |    Current Node    |     Objective Bounds      |     Work
 Expl Unexpl |  Obj  Depth IntInf | Incumbent    BestBd   Gap | It/Node Time

     0     0 1796593.68    0  787 1.2998e+07 1796593.68  86.2%     -    1s
H    0     0                    3423344.8011 1796593.68  47.5%     -    1s
H    0     0                    3360593.7877 1796593.68  46.5%     -    1s
H    0     0                    3360593.7872 1796593.68  46.5%     -    1s
H    0     0                    2664876.4287 1796593.68  32.6%     -    1s
     0     0 1813582.81    0  870 2664876.43 1813582.81  31.9%     -    2s
H    0     0                    2023154.6428 1813746.68  10.4%     -    2s
H    0     0                    2022724.9440 1813746.68  10.3%     -    2s
H    0     0                    2022724.9436 1813746.68  10.3%     -    2s
     0     0 1815626.74    0  853 2022724.94 1815626.74  10.2%     -    2s
     0     0 1815634.98    0  863 2022724.94 1815634.98  10.2%     -    3s
     0     0 1815662.20    0  867 2022724.94 1815662.20  10.2%     -    3s
     0     0 1828994.61    0  602 2022724.94 1828994.61  9.58%     -    3s
H    0     0                    1959171.5870 1828994.61  6.64%     -    4s
H    0     0                    1955686.9759 1828994.61  6.48%     -    4s
H    0     0                    1955686.9752 1828994.61  6.48%     -    4s
     0     0 1829133.02    0  645 1955686.98 1829133.02  6.47%     -    4s
     0     0 1829223.43    0  739 1955686.98 1829223.43  6.47%     -    4s
     0     0 1829252.50    0  706 1955686.98 1829252.50  6.46%     -    4s
     0     0 1829256.24    0  685 1955686.98 1829256.24  6.46%     -    4s
H    0     0                    1926444.6787 1832164.17  4.89%     -    6s
H    0     0                    1926214.8233 1832164.17  4.88%     -    6s
H    0     0                    1926214.8212 1832164.17  4.88%     -    6s
     0     0 1832164.17    0  617 1926214.82 1832164.17  4.88%     -    6s
H    0     0                    1920002.4981 1832199.64  4.57%     -    6s
H    0     0                    1920002.4964 1832199.64  4.57%     -    6s
H    0     0                    1919212.8485 1832199.64  4.53%     -    6s
H    0     0                    1868847.0046 1832199.64  1.96%     -    6s
H    0     0                    1868846.9978 1832199.64  1.96%     -    6s
H    0     0                    1868846.9964 1832199.64  1.96%     -    6s
H    0     0                    1868846.9894 1832199.64  1.96%     -    6s
H    0     0                    1865174.3753 1832199.64  1.77%     -    7s
H    0     0                    1861537.3134 1832199.64  1.58%     -    7s
H    0     0                    1857929.9951 1832199.64  1.38%     -    7s

Cutting planes:
  Learned: 54
  Gomory: 46
  Implied bound: 158
  MIR: 125
  Flow cover: 111
  Network: 4
  RLT: 96
  Relax-and-lift: 18

Explored 1 nodes (14320 simplex iterations) in 7.15 seconds (6.78 work units)
Thread count was 8 (of 8 available processors)

Solution count 10: 1.85793e+06 1.85793e+06 1.86154e+06 ... 1.95569e+06

Optimal solution found (tolerance 1.50e-02)
Best objective 1.857929994989e+06, best bound 1.832199636462e+06, gap 1.3849%

User-callback calls 1630, time in user-callback 0.00 sec
Set parameter Username
Set parameter LicenseID to value 2754784
Academic license - for non-commercial use only - expires 2026-12-14
Set parameter MIPGap to value 0.015
Set parameter MIPGap to value 0.015
Gurobi Optimizer version 13.0.2 build v13.0.2rc1 (mac64[arm] - Darwin 27.0.0 26A5388g)

CPU model: Apple M3
Thread count: 8 physical cores, 8 logical processors, using up to 8 threads

Non-default parameters:
MIPGap  0.015

Optimize a model with 74469 rows, 47304 columns and 661342 nonzeros (Min)
Model fingerprint: 0x09fa1a29
Model has 35100 linear objective coefficients
Variable types: 35496 continuous, 11808 integer (11808 binary)
Coefficient statistics:
  Matrix range     [3e-02, 4e+02]
  Objective range  [1e+00, 1e+15]
  Bounds range     [0e+00, 0e+00]
  RHS range        [1e-02, 4e+02]
Warning: Model contains large objective coefficients
         Consider reformulating model or setting NumericFocus parameter
         to avoid numerical issues.

Presolve removed 35519 rows and 20677 columns
Presolve time: 0.42s
Presolved: 38950 rows, 26627 columns, 145130 nonzeros
Variable types: 15815 continuous, 10812 integer (10812 binary)
Found heuristic solution: objective 3.515882e+07
Found heuristic solution: objective 1.370839e+07
Deterministic concurrent LP optimizer: primal and dual simplex
Showing primal log only...

Concurrent spin time: 0.00s

Solved with dual simplex

Use crossover to convert LP symmetric solution to basic solution...
Crossover time: 0.03 seconds (0.03 work units)

Root relaxation: objective 2.518483e+06, 8404 iterations, 0.29 seconds (0.40 work units)

    Nodes    |    Current Node    |     Objective Bounds      |     Work
 Expl Unexpl |  Obj  Depth IntInf | Incumbent    BestBd   Gap | It/Node Time

     0     0 2518483.19    0  934 1.3708e+07 2518483.19  81.6%     -    1s
H    0     0                    4039038.6368 2518483.19  37.6%     -    1s
H    0     0                    3136918.7289 2518483.19  19.7%     -    1s

Cutting planes:
  Learned: 40
  Gomory: 18
  Cover: 3
  Implied bound: 23
  MIR: 81
  Flow cover: 71
  Network: 10
  RLT: 62

Explored 1 nodes (8437 simplex iterations) in 2.18 seconds (2.68 work units)
Thread count was 8 (of 8 available processors)

Solution count 4: 3.13692e+06 4.03904e+06 1.37084e+07 3.51588e+07 

Optimal solution found (tolerance 1.50e-02)
Best objective 3.136918728720e+06, best bound 3.136918728720e+06, gap 0.0000%

User-callback calls 877, time in user-callback 0.00 sec
	→ The renewable energy scenarios module loaded.
	→ Input data module loaded and ready for UC modeling.
	→ The [JULIA] environment_config has been loaded.
	→ Constraint modules included and functions exported.
	→ Objective functions module loaded and exported.
	→ Utility functions module loaded and exported.
	→ all boundary conditions validated.

================================================================================
EXPORTING ADAPTIVE OVERLAP WINDOW STATISTICS
================================================================================

Reading project input data...
Step-1: Loading packages and functions...
  Reading data from: /Users/yuanyiping/Documents/GitHub/02 Ongoing/module_unitcommitment/data/data_118_clustered_pcm.xlsx
  Reading frequency parameters...
  Reading energy storage system data...
  Reading generator, network, and load data...
  Reading data center data...
  Reading hydroelectric power data...
  ✓ All data successfully loaded from Excel file.
Step-2: imput data are loaded
  PCM load profile: extreme_ramp
  PCM random seed: 20260809
  Training case signature: c1280e3e52aedfb40313ceded6055940027583743c3407880fc8f43ca0c68047
  Training cache: MISS (a compatible case dataset will be needed before ML overlap prediction)
  Load curve horizon used for statistics: 168 h
  Wind scenario horizon used for statistics: 168 h
  Steady-state overlap mode: ml_prediction
  Calibration / training time excluded from subproblem solve times: 0.00 s
Step-3: Creating dispatching model (Refactored & Modularized)
	 Variables defined.
DEBUG set_objective_economic!: NT=36, NG=108, ND=91, NW=20, NS=1, K=3, size(refcost)=(108,), size(eachslope)=(3, 108)
objective_function
	MILP economic objective set
subject to.
	 constraints: 1) minimum shutup/shutdown time limits			 done
	 constraints: 2) binary variable logic					 done
	 constraints: 3) shutup/shutdown cost					 done
	 constraints: 4) loadcurtailments and spoliedwinds			 done
	 constraints: 5) generatos power limits					 done
	 constraints: 6) system reserves limits					 done
	 constraints: 7) power balance constraints				 done
	 constraints: 8) ramp-up/ramp-down constraints				 done
	 constraints: 9) piece linearization constraints			 done
	 constraints: 10) transmissionline limits skipped (is_NetWorkCon != 1 or Gsdf missing or NL=0)
	 constraints: 11) stroges system constraints skipped (NC=0 or variables not defined)
	 constraints: 12) data centra constraints skipped (is_ConsiderDataCentra != 1)
	 constraints: 13) frequency control constraints skipped (is_ConsiderFrequencyControl != 1)
	 constraints: 14) hydro power limits					 done
+++++++++++++++++++++++++++++++++++++++++++++++++++++++++++++++++++++++++++++++++++++++++++
Step-4: starting Gurobi solver
Step-5: Gurobi solver finished
+++++++++++++++++++++++++++++++++++++++++++++++++++++++++++++++++++++++++++++++++++++++++++

assert_is_solved_and_feasible(scuc) = nothing
solution_summary(scuc) = solution_summary(; result = 1, verbose = false)
├ solver_name          : Gurobi
├ Termination
│ ├ termination_status : OPTIMAL
│ ├ result_count       : 10
│ ├ raw_status         : Model was solved to optimality (subject to tolerances), and an optimal solution is available.
│ └ objective_bound    : 2.60879e+06
├ Solution (result = 1)
│ ├ primal_status        : FEASIBLE_POINT
│ ├ dual_status          : NO_SOLUTION
│ ├ objective_value      : 2.60879e+06
│ └ relative_gap         : 1.78497e-16
└ Work counters
  ├ solve_time (sec)   : 6.88706e+00
  ├ simplex_iterations : 36457
  ├ barrier_iterations : 0
  └ node_count         : 1


Termination Status: OPTIMAL
Acceptable solution found (Status: OPTIMAL).
Step-6: record datas
PART1: [unit-commitment] calculation result has been saved to: /Users/yuanyiping/Documents/GitHub/02 Ongoing/module_unitcommitment/output/pcm_benchmark/three_method_20260809_rerun/extreme_ramp/adaptive_overlap/run1/output/details_schedule_results/pcm_simulation_results/intervels_[1]/res_schedule_commitment_result.txt
  Info: No compatible offline training cache found. Loading pre-trained fallback decision model.
[AdaptiveOverlap][RampCriterion] start=1 event_indices=[1] first_event=1 strongest_ratio=1.2238 severity_window=12 -> T_ramp=12
[AdaptiveOverlap] interval=1 start=1 mode=ml_prediction
  boundary criterion: U_norm=0.4072, T_dwell_rem=0.0, X_delta_norm=0.0139, X_switch_ratio=0.037
  steady-state criterion: L_norm=0.238, sigma_load=28.0892, R_wind_max=0.0734, T_ml=10
  physical criteria: T_unit=0, ramp_event=true, T_ramp=12
  final criterion: max(T_ml=10, T_unit=0, T_ramp=12)=12; clamped_final=12, solved_horizon=36
Step-3: Creating dispatching model (Refactored & Modularized)
	 Variables defined.
DEBUG set_objective_economic!: NT=36, NG=108, ND=91, NW=20, NS=1, K=3, size(refcost)=(108,), size(eachslope)=(3, 108)
objective_function
	MILP economic objective set
subject to.
	 constraints: 1) minimum shutup/shutdown time limits			 done
	 constraints: 2) binary variable logic					 done
	 constraints: 3) shutup/shutdown cost					 done
	 constraints: 4) loadcurtailments and spoliedwinds			 done
	 constraints: 5) generatos power limits					 done
	 constraints: 6) system reserves limits					 done
	 constraints: 7) power balance constraints				 done
	 constraints: 8) ramp-up/ramp-down constraints				 done
	 constraints: 9) piece linearization constraints			 done
	 constraints: 10) transmissionline limits skipped (is_NetWorkCon != 1 or Gsdf missing or NL=0)
	 constraints: 11) stroges system constraints skipped (NC=0 or variables not defined)
	 constraints: 12) data centra constraints skipped (is_ConsiderDataCentra != 1)
	 constraints: 13) frequency control constraints skipped (is_ConsiderFrequencyControl != 1)
	 constraints: 14) hydro power limits					 done
+++++++++++++++++++++++++++++++++++++++++++++++++++++++++++++++++++++++++++++++++++++++++++
Step-4: starting Gurobi solver
Step-5: Gurobi solver finished
+++++++++++++++++++++++++++++++++++++++++++++++++++++++++++++++++++++++++++++++++++++++++++

assert_is_solved_and_feasible(scuc) = nothing
solution_summary(scuc) = solution_summary(; result = 1, verbose = false)
├ solver_name          : Gurobi
├ Termination
│ ├ termination_status : OPTIMAL
│ ├ result_count       : 10
│ ├ raw_status         : Model was solved to optimality (subject to tolerances), and an optimal solution is available.
│ └ objective_bound    : 2.60879e+06
├ Solution (result = 1)
│ ├ primal_status        : FEASIBLE_POINT
│ ├ dual_status          : NO_SOLUTION
│ ├ objective_value      : 2.60879e+06
│ └ relative_gap         : 1.78497e-16
└ Work counters
  ├ solve_time (sec)   : 6.93184e+00
  ├ simplex_iterations : 36457
  ├ barrier_iterations : 0
  └ node_count         : 1


Termination Status: OPTIMAL
Acceptable solution found (Status: OPTIMAL).
Step-6: record datas
PART1: [unit-commitment] calculation result has been saved to: /Users/yuanyiping/Documents/GitHub/02 Ongoing/module_unitcommitment/output/pcm_benchmark/three_method_20260809_rerun/extreme_ramp/adaptive_overlap/run1/output/details_schedule_results/pcm_simulation_results/intervels_[1]/res_schedule_commitment_result.txt
PART1: [unit-commitment] calculation result has been saved to: /Users/yuanyiping/Documents/GitHub/02 Ongoing/module_unitcommitment/output/pcm_benchmark/three_method_20260809_rerun/extreme_ramp/adaptive_overlap/run1/output/details_schedule_results/pcm_simulation_results/intervels_[1]/res_schedule_commitment_result.txt
Step-3: Creating dispatching model (Refactored & Modularized)
	 Variables defined.
DEBUG set_objective_economic!: NT=36, NG=108, ND=91, NW=20, NS=1, K=3, size(refcost)=(108,), size(eachslope)=(3, 108)
objective_function
	MILP economic objective set
subject to.
	 constraints: 1) minimum shutup/shutdown time limits			 done
	 constraints: 2) binary variable logic					 done
	 constraints: 3) shutup/shutdown cost					 done
	 constraints: 4) loadcurtailments and spoliedwinds			 done
	 constraints: 5) generatos power limits					 done
	 constraints: 6) system reserves limits					 done
	 constraints: 7) power balance constraints				 done
	 constraints: 8) ramp-up/ramp-down constraints				 done
	 constraints: 9) piece linearization constraints			 done
	 constraints: 10) transmissionline limits skipped (is_NetWorkCon != 1 or Gsdf missing or NL=0)
	 constraints: 11) stroges system constraints skipped (NC=0 or variables not defined)
	 constraints: 12) data centra constraints skipped (is_ConsiderDataCentra != 1)
	 constraints: 13) frequency control constraints skipped (is_ConsiderFrequencyControl != 1)
	 constraints: 14) hydro power limits					 done
+++++++++++++++++++++++++++++++++++++++++++++++++++++++++++++++++++++++++++++++++++++++++++
Step-4: starting Gurobi solver
Step-5: Gurobi solver finished
+++++++++++++++++++++++++++++++++++++++++++++++++++++++++++++++++++++++++++++++++++++++++++

assert_is_solved_and_feasible(scuc) = nothing
solution_summary(scuc) = solution_summary(; result = 1, verbose = false)
├ solver_name          : Gurobi
├ Termination
│ ├ termination_status : OPTIMAL
│ ├ result_count       : 10
│ ├ raw_status         : Model was solved to optimality (subject to tolerances), and an optimal solution is available.
│ └ objective_bound    : 3.68314e+06
├ Solution (result = 1)
│ ├ primal_status        : FEASIBLE_POINT
│ ├ dual_status          : NO_SOLUTION
│ ├ objective_value      : 3.71357e+06
│ └ relative_gap         : 8.19271e-03
└ Work counters
  ├ solve_time (sec)   : 6.23104e+00
  ├ simplex_iterations : 16926
  ├ barrier_iterations : 0
  └ node_count         : 1


Termination Status: OPTIMAL
Acceptable solution found (Status: OPTIMAL).
Step-6: record datas
PART1: [unit-commitment] calculation result has been saved to: /Users/yuanyiping/Documents/GitHub/02 Ongoing/module_unitcommitment/output/pcm_benchmark/three_method_20260809_rerun/extreme_ramp/adaptive_overlap/run1/output/details_schedule_results/pcm_simulation_results/intervels_[2]/res_schedule_commitment_result.txt
[AdaptiveOverlap][RampCriterion] start=25 event_indices=[1] first_event=1 strongest_ratio=2.032 severity_window=12 -> T_ramp=12
[AdaptiveOverlap] interval=2 start=25 mode=ml_prediction
  boundary criterion: U_norm=0.5561, T_dwell_rem=7.0, X_delta_norm=0.2458, X_switch_ratio=0.287
  steady-state criterion: L_norm=0.2599, sigma_load=41.0413, R_wind_max=0.0677, T_ml=10
  physical criteria: T_unit=7, ramp_event=true, T_ramp=12
  final criterion: max(T_ml=10, T_unit=7, T_ramp=12)=12; clamped_final=12, solved_horizon=36
Step-3: Creating dispatching model (Refactored & Modularized)
	 Variables defined.
DEBUG set_objective_economic!: NT=36, NG=108, ND=91, NW=20, NS=1, K=3, size(refcost)=(108,), size(eachslope)=(3, 108)
objective_function
	MILP economic objective set
subject to.
	 constraints: 1) minimum shutup/shutdown time limits			 done
	 constraints: 2) binary variable logic					 done
	 constraints: 3) shutup/shutdown cost					 done
	 constraints: 4) loadcurtailments and spoliedwinds			 done
	 constraints: 5) generatos power limits					 done
	 constraints: 6) system reserves limits					 done
	 constraints: 7) power balance constraints				 done
	 constraints: 8) ramp-up/ramp-down constraints				 done
	 constraints: 9) piece linearization constraints			 done
	 constraints: 10) transmissionline limits skipped (is_NetWorkCon != 1 or Gsdf missing or NL=0)
	 constraints: 11) stroges system constraints skipped (NC=0 or variables not defined)
	 constraints: 12) data centra constraints skipped (is_ConsiderDataCentra != 1)
	 constraints: 13) frequency control constraints skipped (is_ConsiderFrequencyControl != 1)
	 constraints: 14) hydro power limits					 done
+++++++++++++++++++++++++++++++++++++++++++++++++++++++++++++++++++++++++++++++++++++++++++
Step-4: starting Gurobi solver
Step-5: Gurobi solver finished
+++++++++++++++++++++++++++++++++++++++++++++++++++++++++++++++++++++++++++++++++++++++++++

assert_is_solved_and_feasible(scuc) = nothing
solution_summary(scuc) = solution_summary(; result = 1, verbose = false)
├ solver_name          : Gurobi
├ Termination
│ ├ termination_status : OPTIMAL
│ ├ result_count       : 5
│ ├ raw_status         : Model was solved to optimality (subject to tolerances), and an optimal solution is available.
│ └ objective_bound    : 3.91820e+06
├ Solution (result = 1)
│ ├ primal_status        : FEASIBLE_POINT
│ ├ dual_status          : NO_SOLUTION
│ ├ objective_value      : 3.91820e+06
│ └ relative_gap         : 0.00000e+00
└ Work counters
  ├ solve_time (sec)   : 1.71960e+00
  ├ simplex_iterations : 12369
  ├ barrier_iterations : 0
  └ node_count         : 1


Termination Status: OPTIMAL
Acceptable solution found (Status: OPTIMAL).
Step-6: record datas
PART1: [unit-commitment] calculation result has been saved to: /Users/yuanyiping/Documents/GitHub/02 Ongoing/module_unitcommitment/output/pcm_benchmark/three_method_20260809_rerun/extreme_ramp/adaptive_overlap/run1/output/details_schedule_results/pcm_simulation_results/intervels_[2]/res_schedule_commitment_result.txt
PART1: [unit-commitment] calculation result has been saved to: /Users/yuanyiping/Documents/GitHub/02 Ongoing/module_unitcommitment/output/pcm_benchmark/three_method_20260809_rerun/extreme_ramp/adaptive_overlap/run1/output/details_schedule_results/pcm_simulation_results/intervels_[2]/res_schedule_commitment_result.txt
Step-3: Creating dispatching model (Refactored & Modularized)
	 Variables defined.
DEBUG set_objective_economic!: NT=36, NG=108, ND=91, NW=20, NS=1, K=3, size(refcost)=(108,), size(eachslope)=(3, 108)
objective_function
	MILP economic objective set
subject to.
	 constraints: 1) minimum shutup/shutdown time limits			 done
	 constraints: 2) binary variable logic					 done
	 constraints: 3) shutup/shutdown cost					 done
	 constraints: 4) loadcurtailments and spoliedwinds			 done
	 constraints: 5) generatos power limits					 done
	 constraints: 6) system reserves limits					 done
	 constraints: 7) power balance constraints				 done
	 constraints: 8) ramp-up/ramp-down constraints				 done
	 constraints: 9) piece linearization constraints			 done
	 constraints: 10) transmissionline limits skipped (is_NetWorkCon != 1 or Gsdf missing or NL=0)
	 constraints: 11) stroges system constraints skipped (NC=0 or variables not defined)
	 constraints: 12) data centra constraints skipped (is_ConsiderDataCentra != 1)
	 constraints: 13) frequency control constraints skipped (is_ConsiderFrequencyControl != 1)
	 constraints: 14) hydro power limits					 done
+++++++++++++++++++++++++++++++++++++++++++++++++++++++++++++++++++++++++++++++++++++++++++
Step-4: starting Gurobi solver
Step-5: Gurobi solver finished
+++++++++++++++++++++++++++++++++++++++++++++++++++++++++++++++++++++++++++++++++++++++++++

assert_is_solved_and_feasible(scuc) = nothing
solution_summary(scuc) = solution_summary(; result = 1, verbose = false)
├ solver_name          : Gurobi
├ Termination
│ ├ termination_status : OPTIMAL
│ ├ result_count       : 10
│ ├ raw_status         : Model was solved to optimality (subject to tolerances), and an optimal solution is available.
│ └ objective_bound    : 1.83220e+06
├ Solution (result = 1)
│ ├ primal_status        : FEASIBLE_POINT
│ ├ dual_status          : NO_SOLUTION
│ ├ objective_value      : 1.85793e+06
│ └ relative_gap         : 1.38489e-02
└ Work counters
  ├ solve_time (sec)   : 7.15597e+00
  ├ simplex_iterations : 14320
  ├ barrier_iterations : 0
  └ node_count         : 1


Termination Status: OPTIMAL
Acceptable solution found (Status: OPTIMAL).
Step-6: record datas
PART1: [unit-commitment] calculation result has been saved to: /Users/yuanyiping/Documents/GitHub/02 Ongoing/module_unitcommitment/output/pcm_benchmark/three_method_20260809_rerun/extreme_ramp/adaptive_overlap/run1/output/details_schedule_results/pcm_simulation_results/intervels_[3]/res_schedule_commitment_result.txt
[AdaptiveOverlap][RampCriterion] start=49 event_indices=[1] first_event=1 strongest_ratio=1.0766 severity_window=12 -> T_ramp=12
[AdaptiveOverlap] interval=3 start=49 mode=ml_prediction
  boundary criterion: U_norm=1.0, T_dwell_rem=1.0, X_delta_norm=0.5789, X_switch_ratio=0.7963
  steady-state criterion: L_norm=0.1966, sigma_load=26.6542, R_wind_max=0.0675, T_ml=10
  physical criteria: T_unit=1, ramp_event=true, T_ramp=12
  final criterion: max(T_ml=10, T_unit=1, T_ramp=12)=12; clamped_final=12, solved_horizon=36
Step-3: Creating dispatching model (Refactored & Modularized)
	 Variables defined.
DEBUG set_objective_economic!: NT=36, NG=108, ND=91, NW=20, NS=1, K=3, size(refcost)=(108,), size(eachslope)=(3, 108)
objective_function
	MILP economic objective set
subject to.
	 constraints: 1) minimum shutup/shutdown time limits			 done
	 constraints: 2) binary variable logic					 done
	 constraints: 3) shutup/shutdown cost					 done
	 constraints: 4) loadcurtailments and spoliedwinds			 done
	 constraints: 5) generatos power limits					 done
	 constraints: 6) system reserves limits					 done
	 constraints: 7) power balance constraints				 done
	 constraints: 8) ramp-up/ramp-down constraints				 done
	 constraints: 9) piece linearization constraints			 done
	 constraints: 10) transmissionline limits skipped (is_NetWorkCon != 1 or Gsdf missing or NL=0)
	 constraints: 11) stroges system constraints skipped (NC=0 or variables not defined)
	 constraints: 12) data centra constraints skipped (is_ConsiderDataCentra != 1)
	 constraints: 13) frequency control constraints skipped (is_ConsiderFrequencyControl != 1)
	 constraints: 14) hydro power limits					 done
+++++++++++++++++++++++++++++++++++++++++++++++++++++++++++++++++++++++++++++++++++++++++++
Step-4: starting Gurobi solver
Step-5: Gurobi solver finished
+++++++++++++++++++++++++++++++++++++++++++++++++++++++++++++++++++++++++++++++++++++++++++

assert_is_solved_and_feasible(scuc) = nothing
solution_summary(scuc) = solution_summary(; result = 1, verbose = false)
├ solver_name          : Gurobi
├ Termination
│ ├ termination_status : OPTIMAL
│ ├ result_count       : 4
│ ├ raw_status         : Model was solved to optimality (subject to tolerances), and an optimal solution is available.
│ └ objective_bound    : 3.13692e+06
├ Solution (result = 1)
│ ├ primal_status        : FEASIBLE_POINT
│ ├ dual_status          : NO_SOLUTION
│ ├ objective_value      : 3.13692e+06
│ └ relative_gap         : 0.00000e+00
└ Work counters
  ├ solve_time (sec)   : 2.18211e+00
  ├ simplex_iterations : 8437
  ├ barrier_iterations : 0
  └ node_count         : 1


Termination Status: OPTIMAL
Acceptable solution found (Status: OPTIMAL).
Step-6: record datas
PART1: [unit-commitment] calculation result has been saved to: /Users/yuanyiping/Documents/GitHub/02 Ongoing/module_unitcommitment/output/pcm_benchmark/three_method_20260809_rerun/extreme_ramp/adaptive_overlap/run1/output/details_schedule_results/pcm_simulation_results/intervels_[3]/res_schedule_commitment_result.txt
PART1: [unit-commitment] calculation result has been saved to: /Users/yuanyiping/Documents/GitHub/02 Ongoing/module_unitcommitment/output/pcm_benchmark/three_method_20260809_rerun/extreme_ramp/adaptive_overlap/run1/output/details_schedule_results/pcm_simulation_results/intervels_[3]/res_schedule_commitment_result.txt
  ✓ Per-interval overlap statistics exported to CSV: /Users/yuanyiping/Documents/GitHub/02 Ongoing/module_unitcommitment/output/pcm_benchmark/three_method_20260809_rerun/extreme_ramp/adaptive_overlap/run1/output/details_schedule_results/adaptive_pcm_simulation_results/overlap_window_statistics.csv
  ✓ Human-readable summary report exported to TXT: /Users/yuanyiping/Documents/GitHub/02 Ongoing/module_unitcommitment/output/pcm_benchmark/three_method_20260809_rerun/extreme_ramp/adaptive_overlap/run1/output/details_schedule_results/adaptive_pcm_simulation_results/overlap_window_summary.txt
================================================================================


Per-Interval Overlap Summary Dataframe:
3×13 DataFrame
 Row │ Interval_ID  Start_Hour  Execution_Window_h  Steady_State_Overlap_h  Unit_Dwell_Overlap_h  Ramp_Event_Detected  Ramp_Overlap_h  Raw_Max_Overlap_h  Limiting_Factor  Final_Adaptive_Overlap_h  Total_Solved_Horizon_h  Subproblem_SolveTime_sec  Optimization_Status
     │ Int64        Int64       Int64               Int64                   Int64                 Bool                 Int64           Int64              String           Int64                     Int64                   Float64                   String
─────┼─────────────────────────────────────────────────────────────────────────────────────────────────────────────────────────────────────────────────────────────────────────────────────────────────────────────────────────────────────────────────────────────────────
   1 │           1           1                  24                      10                     0                 true              12                 12  ramp                                   12                      36                   8.15547  OK
   2 │           2          25                  24                      10                     7                 true              12                 12  ramp                                   12                      36                   2.9639   OK
   3 │           3          49                  24                      10                     1                 true              12                 12  ramp                                   12                      36                   4.49756  OK
