Set parameter Username
Set parameter LicenseID to value 2754784
Academic license - for non-commercial use only - expires 2026-12-14
Set parameter Username
Set parameter LicenseID to value 2754784
Academic license - for non-commercial use only - expires 2026-12-14
Set parameter Username
Set parameter LicenseID to value 2754784
Academic license - for non-commercial use only - expires 2026-12-14
Set parameter Username
Set parameter LicenseID to value 2754784
Academic license - for non-commercial use only - expires 2026-12-14
Set parameter Username
Set parameter LicenseID to value 2754784
Academic license - for non-commercial use only - expires 2026-12-14
Set parameter MIPGap to value 0.015
Set parameter MIPGap to value 0.015
Gurobi Optimizer version 13.0.2 build v13.0.2rc1 (mac64[arm] - Darwin 27.0.0 26A5388g)

CPU model: Apple M3
Thread count: 8 physical cores, 8 logical processors, using up to 8 threads

Non-default parameters:
MIPGap  0.015

Optimize a model with 49510 rows, 31536 columns and 439252 nonzeros (Min)
Model fingerprint: 0x2677545d
Model has 23400 linear objective coefficients
Variable types: 23664 continuous, 7872 integer (7872 binary)
Coefficient statistics:
  Matrix range     [3e-02, 4e+02]
  Objective range  [1e+00, 1e+15]
  Bounds range     [0e+00, 0e+00]
  RHS range        [3e-02, 4e+02]
Warning: Model contains large objective coefficients
         Consider reformulating model or setting NumericFocus parameter
         to avoid numerical issues.

Presolve removed 23828 rows and 13821 columns
Presolve time: 0.24s
Presolved: 25682 rows, 17715 columns, 97281 nonzeros
Variable types: 10608 continuous, 7107 integer (7107 binary)
Found heuristic solution: objective 5384511.0525
Found heuristic solution: objective 5048710.5410

Root relaxation: objective 2.355294e+06, 10654 iterations, 0.19 seconds (0.44 work units)

    Nodes    |    Current Node    |     Objective Bounds      |     Work
 Expl Unexpl |  Obj  Depth IntInf | Incumbent    BestBd   Gap | It/Node Time

     0     0 2355293.97    0  366 5048710.54 2355293.97  53.3%     -    0s
H    0     0                    2466442.3413 2355293.97  4.51%     -    0s
H    0     0                    2465106.8349 2355293.97  4.45%     -    0s
H    0     0                    2438193.9541 2355293.97  3.40%     -    0s
     0     0 2361529.66    0  336 2438193.95 2361529.66  3.14%     -    0s
H    0     0                    2420553.1785 2361683.16  2.43%     -    1s
     0     0 2420553.18    0  296 2420553.18 2420553.18  0.00%     -    1s

Cutting planes:
  Learned: 47
  Gomory: 22
  Cover: 1
  Implied bound: 83
  MIR: 9
  Flow cover: 21
  Network: 1
  RLT: 51
  Relax-and-lift: 36
  BQP: 9

Explored 1 nodes (12381 simplex iterations) in 1.10 seconds (2.15 work units)
Thread count was 8 (of 8 available processors)

Solution count 6: 2.42055e+06 2.43819e+06 2.46511e+06 ... 5.38451e+06

Optimal solution found (tolerance 1.50e-02)
Best objective 2.420553178496e+06, best bound 2.420553178496e+06, gap 0.0000%

User-callback calls 426, time in user-callback 0.00 sec
Set parameter Username
Set parameter LicenseID to value 2754784
Academic license - for non-commercial use only - expires 2026-12-14
Set parameter Username
Set parameter LicenseID to value 2754784
Academic license - for non-commercial use only - expires 2026-12-14
Set parameter MIPGap to value 0.015
Set parameter MIPGap to value 0.015
Gurobi Optimizer version 13.0.2 build v13.0.2rc1 (mac64[arm] - Darwin 27.0.0 26A5388g)

CPU model: Apple M3
Thread count: 8 physical cores, 8 logical processors, using up to 8 threads

Non-default parameters:
MIPGap  0.015

Optimize a model with 49513 rows, 31536 columns and 439250 nonzeros (Min)
Model fingerprint: 0xeb979c54
Model has 23400 linear objective coefficients
Variable types: 23664 continuous, 7872 integer (7872 binary)
Coefficient statistics:
  Matrix range     [3e-02, 4e+02]
  Objective range  [1e+00, 1e+15]
  Bounds range     [0e+00, 0e+00]
  RHS range        [2e-02, 4e+02]
Warning: Model contains large objective coefficients
         Consider reformulating model or setting NumericFocus parameter
         to avoid numerical issues.

Presolve removed 23841 rows and 13824 columns
Presolve time: 0.24s
Presolved: 25672 rows, 17712 columns, 97191 nonzeros
Variable types: 10608 continuous, 7104 integer (7104 binary)
Found heuristic solution: objective 1.673572e+07
Found heuristic solution: objective 1.641702e+07
Found heuristic solution: objective 1.415917e+07

Root relaxation: objective 9.777918e+05, 9515 iterations, 0.16 seconds (0.38 work units)

    Nodes    |    Current Node    |     Objective Bounds      |     Work
 Expl Unexpl |  Obj  Depth IntInf | Incumbent    BestBd   Gap | It/Node Time

     0     0 977791.841    0  128 1.4159e+07 977791.841  93.1%     -    0s
H    0     0                    1043535.6054 977791.841  6.30%     -    0s
H    0     0                    999720.91630 977791.841  2.19%     -    0s
H    0     0                    999720.91529 977791.841  2.19%     -    0s
H    0     0                    995740.74853 977791.841  1.80%     -    0s
H    0     0                    995496.18261 977791.841  1.78%     -    0s
H    0     0                    995496.18185 977791.841  1.78%     -    0s
H    0     0                    995496.18066 977791.841  1.78%     -    0s
H    0     0                    994790.02091 977791.841  1.71%     -    0s
H    0     0                    994790.01821 977791.841  1.71%     -    0s
H    0     0                    993221.54744 977791.841  1.55%     -    0s
H    0     0                    993221.54529 977791.841  1.55%     -    0s
H    0     0                    993084.33847 977791.841  1.54%     -    0s
H    0     0                    988862.72750 977791.841  1.12%     -    0s

Explored 1 nodes (9542 simplex iterations) in 0.84 seconds (1.69 work units)
Thread count was 8 (of 8 available processors)

Solution count 10: 988863 993084 993222 ... 1.6417e+07

Optimal solution found (tolerance 1.50e-02)
Best objective 9.888627275050e+05, best bound 9.777918409932e+05, gap 1.1196%

User-callback calls 429, time in user-callback 0.00 sec
	→ The renewable energy scenarios module loaded.
	→ Input data module loaded and ready for UC modeling.
	→ The [JULIA] environment_config has been loaded.
	→ Constraint modules included and functions exported.
	→ Objective functions module loaded and exported.
	→ Utility functions module loaded and exported.
	→ all boundary conditions validated.
  PCM random seed: 20260809

================================================================================
Step 1: Reading input data from Excel file...
================================================================================
Step-1: Loading packages and functions...
  Reading data from: /Users/yuanyiping/Documents/GitHub/02 Ongoing/module_unitcommitment/data/data_118_clustered_pcm.xlsx
  Reading frequency parameters...
  Reading energy storage system data...
  Reading generator, network, and load data...
  Reading data center data...
  Reading hydroelectric power data...
  ✓ All data successfully loaded from Excel file.

================================================================================
Step 2: Formatting input data for optimization model...
================================================================================
Step-2: imput data are loaded
  PCM load profile: smooth
  PCM network constraints: disabled

================================================================================
Step 3: Generating wind power scenarios...
================================================================================

================================================================================
Step 4: Configuring sequential scheduling parameters...
================================================================================
  Scheduling intervals: 3
  Time periods per interval: 24
  Total planning horizon: 72 periods
  Clustered UC layer: enabled

================================================================================
Step 5: Running sequential unit commitment optimization...
================================================================================

--------------------------------------------------------------------------------
Processing scheduling interval 1 of 3...
--------------------------------------------------------------------------------
  Updating boundary conditions based on previous interval results...
  Solving unit commitment optimization for interval 1...
Step-3: Creating dispatching model (Refactored & Modularized)
  Clustered PCM: 108 physical units -> 31 equivalent units (71.3% state reduction; 108 units in non-singleton clusters)
  ✓ True clustered UC completed (31 virtual units)
  ✓ Interval 1 optimization completed successfully
  Saving detailed results for interval 1...
Extracting results from dictionary...
details [unit_commtiemnt] scheduling results have been saved!
  ✓ Interval 1 processing completed

--------------------------------------------------------------------------------
Processing scheduling interval 2 of 3...
--------------------------------------------------------------------------------
  Updating boundary conditions based on previous interval results...
  Solving unit commitment optimization for interval 2...
Step-3: Creating dispatching model (Refactored & Modularized)
  Clustered PCM: 108 physical units -> 36 equivalent units (66.7% state reduction; 98 units in non-singleton clusters)
  ⚠ True clustered UC failed at residence_flow: insufficient mature off pool; falling back to full unit-network SCUC
	 Variables defined.
DEBUG set_objective_economic!: NT=24, NG=108, ND=91, NW=20, NS=1, K=3, size(refcost)=(108,), size(eachslope)=(3, 108)
objective_function
	MILP economic objective set
subject to.
	 constraints: 1) minimum shutup/shutdown time limits			 done
	 constraints: 2) binary variable logic					 done
	 constraints: 3) shutup/shutdown cost					 done
	 constraints: 4) loadcurtailments and spoliedwinds			 done
	 constraints: 5) generatos power limits					 done
	 constraints: 6) system reserves limits					 done
	 constraints: 7) power balance constraints				 done
	 constraints: 8) ramp-up/ramp-down constraints				 done
	 constraints: 9) piece linearization constraints			 done
	 constraints: 10) transmissionline limits skipped (is_NetWorkCon != 1 or Gsdf missing or NL=0)
	 constraints: 11) stroges system constraints skipped (NC=0 or variables not defined)
	 constraints: 12) data centra constraints skipped (is_ConsiderDataCentra != 1)
	 constraints: 13) frequency control constraints skipped (is_ConsiderFrequencyControl != 1)
	 constraints: 14) hydro power limits					 done
+++++++++++++++++++++++++++++++++++++++++++++++++++++++++++++++++++++++++++++++++++++++++++
Step-4: starting Gurobi solver
Step-5: Gurobi solver finished
+++++++++++++++++++++++++++++++++++++++++++++++++++++++++++++++++++++++++++++++++++++++++++

assert_is_solved_and_feasible(scuc) = nothing
solution_summary(scuc) = solution_summary(; result = 1, verbose = false)
├ solver_name          : Gurobi
├ Termination
│ ├ termination_status : OPTIMAL
│ ├ result_count       : 6
│ ├ raw_status         : Model was solved to optimality (subject to tolerances), and an optimal solution is available.
│ └ objective_bound    : 2.42055e+06
├ Solution (result = 1)
│ ├ primal_status        : FEASIBLE_POINT
│ ├ dual_status          : NO_SOLUTION
│ ├ objective_value      : 2.42055e+06
│ └ relative_gap         : 1.73140e-15
└ Work counters
  ├ solve_time (sec)   : 1.10530e+00
  ├ simplex_iterations : 12381
  ├ barrier_iterations : 0
  └ node_count         : 1


Termination Status: OPTIMAL
Acceptable solution found (Status: OPTIMAL).
Step-6: record datas
PART1: [unit-commitment] calculation result has been saved to: /Users/yuanyiping/Documents/GitHub/02 Ongoing/module_unitcommitment/output/pcm_benchmark/three_method_20260809_rerun/smooth/clustered_pcm/run1/output/details_schedule_results/pcm_simulation_results/intervels_[2]/res_schedule_commitment_result.txt
  ✓ Interval 2 optimization completed successfully
  Saving detailed results for interval 2...
Extracting results from dictionary...
details [unit_commtiemnt] scheduling results have been saved!
  ✓ Interval 2 processing completed

--------------------------------------------------------------------------------
Processing scheduling interval 3 of 3...
--------------------------------------------------------------------------------
  Updating boundary conditions based on previous interval results...
  Solving unit commitment optimization for interval 3...
Step-3: Creating dispatching model (Refactored & Modularized)
  Clustered PCM: 108 physical units -> 35 equivalent units (67.6% state reduction; 101 units in non-singleton clusters)
  ⚠ True clustered UC failed at residence_flow: insufficient mature on pool; falling back to full unit-network SCUC
	 Variables defined.
DEBUG set_objective_economic!: NT=24, NG=108, ND=91, NW=20, NS=1, K=3, size(refcost)=(108,), size(eachslope)=(3, 108)
objective_function
	MILP economic objective set
subject to.
	 constraints: 1) minimum shutup/shutdown time limits			 done
	 constraints: 2) binary variable logic					 done
	 constraints: 3) shutup/shutdown cost					 done
	 constraints: 4) loadcurtailments and spoliedwinds			 done
	 constraints: 5) generatos power limits					 done
	 constraints: 6) system reserves limits					 done
	 constraints: 7) power balance constraints				 done
	 constraints: 8) ramp-up/ramp-down constraints				 done
	 constraints: 9) piece linearization constraints			 done
	 constraints: 10) transmissionline limits skipped (is_NetWorkCon != 1 or Gsdf missing or NL=0)
	 constraints: 11) stroges system constraints skipped (NC=0 or variables not defined)
	 constraints: 12) data centra constraints skipped (is_ConsiderDataCentra != 1)
	 constraints: 13) frequency control constraints skipped (is_ConsiderFrequencyControl != 1)
	 constraints: 14) hydro power limits					 done
+++++++++++++++++++++++++++++++++++++++++++++++++++++++++++++++++++++++++++++++++++++++++++
Step-4: starting Gurobi solver
Step-5: Gurobi solver finished
+++++++++++++++++++++++++++++++++++++++++++++++++++++++++++++++++++++++++++++++++++++++++++

assert_is_solved_and_feasible(scuc) = nothing
solution_summary(scuc) = solution_summary(; result = 1, verbose = false)
├ solver_name          : Gurobi
├ Termination
│ ├ termination_status : OPTIMAL
│ ├ result_count       : 10
│ ├ raw_status         : Model was solved to optimality (subject to tolerances), and an optimal solution is available.
│ └ objective_bound    : 9.77792e+05
├ Solution (result = 1)
│ ├ primal_status        : FEASIBLE_POINT
│ ├ dual_status          : NO_SOLUTION
│ ├ objective_value      : 9.88863e+05
│ └ relative_gap         : 1.11956e-02
└ Work counters
  ├ solve_time (sec)   : 8.36840e-01
  ├ simplex_iterations : 9542
  ├ barrier_iterations : 0
  └ node_count         : 1


Termination Status: OPTIMAL
Acceptable solution found (Status: OPTIMAL).
Step-6: record datas
PART1: [unit-commitment] calculation result has been saved to: /Users/yuanyiping/Documents/GitHub/02 Ongoing/module_unitcommitment/output/pcm_benchmark/three_method_20260809_rerun/smooth/clustered_pcm/run1/output/details_schedule_results/pcm_simulation_results/intervels_[3]/res_schedule_commitment_result.txt
  ✓ Interval 3 optimization completed successfully
  Saving detailed results for interval 3...
Extracting results from dictionary...
details [unit_commtiemnt] scheduling results have been saved!
  ✓ Interval 3 processing completed

================================================================================
Step 6: Aggregating total scheduling costs...
================================================================================
  ✓ Total scheduling costs saved to: /Users/yuanyiping/Documents/GitHub/02 Ongoing/module_unitcommitment/output/pcm_benchmark/three_method_20260809_rerun/smooth/clustered_pcm/run1/output/details_schedule_results/pcm_simulation_results/summary_scheduling_report//total_scheduled_results.csv

================================================================================
✓ Sequential Production Cost Minimization completed successfully!
================================================================================
  Total intervals processed: 3
  Results saved to: output/details_schedule_results/pcm_simulation_results/
================================================================================

