Set parameter Username
Set parameter LicenseID to value 2826524
Academic license - for non-commercial use only - expires 2027-05-22
Set parameter Username
Set parameter LicenseID to value 2826524
Academic license - for non-commercial use only - expires 2027-05-22
Set parameter MIPGap to value 0.03
Set parameter Threads to value 2
Set parameter TimeLimit to value 600
Set parameter MIPGap to value 0.03
Set parameter Threads to value 2
Set parameter TimeLimit to value 600
Gurobi Optimizer version 13.0.2 build v13.0.2rc1 (win64 - Windows 11+.0 (29639.2))

CPU model: 13th Gen Intel(R) Core(TM) i7-13700F, instruction set [SSE2|AVX|AVX2]
Thread count: 16 physical cores, 24 logical processors, using up to 2 threads

Non-default parameters:
TimeLimit  600
MIPGap  0.03
Threads  2

Optimize a model with 74924 rows, 47304 columns and 663580 nonzeros (Min)
Model fingerprint: 0x598c590e
Model has 35100 linear objective coefficients
Variable types: 35496 continuous, 11808 integer (11808 binary)
Coefficient statistics:
  Matrix range     [4e-02, 4e+02]
  Objective range  [1e+00, 1e+15]
  Bounds range     [0e+00, 0e+00]
  RHS range        [1e-02, 3e+02]
Warning: Model contains large objective coefficients
         Consider reformulating model or setting NumericFocus parameter
         to avoid numerical issues.

Presolve removed 36550 rows and 20853 columns
Presolve time: 0.42s
Presolved: 38374 rows, 26451 columns, 148696 nonzeros
Variable types: 15549 continuous, 10902 integer (10902 binary)
Found heuristic solution: objective 2.068512e+07
Deterministic concurrent LP optimizer: primal and dual simplex
Showing primal log only...

Concurrent spin time: 0.00s

Solved with dual simplex

Use crossover to convert LP symmetric solution to basic solution...
Crossover time: 0.04 seconds (0.03 work units)

Root relaxation: objective 3.455234e+06, 18522 iterations, 1.20 seconds (1.52 work units)

    Nodes    |    Current Node    |     Objective Bounds      |     Work
 Expl Unexpl |  Obj  Depth IntInf | Incumbent    BestBd   Gap | It/Node Time

     0     0 3455234.08    0 2279 2.0685e+07 3455234.08  83.3%     -    1s
H    0     0                    7242830.3436 3455234.08  52.3%     -    2s
     0     0 3510385.69    0 1519 7242830.34 3510385.69  51.5%     -    3s
H    0     0                    6218645.1356 3510442.13  43.5%     -    3s
H    0     0                    5773152.7329 3510442.13  39.2%     -    3s
     0     0 3511012.15    0 1480 5773152.73 3511012.15  39.2%     -    3s
     0     0 3522683.36    0 1313 5773152.73 3522683.36  39.0%     -    4s
H    0     0                    5191343.9390 3522847.72  32.1%     -    4s
H    0     0                    5042497.6380 3522847.72  30.1%     -    4s
     0     0 3522847.72    0 1315 5042497.64 3522847.72  30.1%     -    4s
     0     0 3522847.72    0 1319 5042497.64 3522847.72  30.1%     -    4s
     0     0 3570690.76    0  909 5042497.64 3570690.76  29.2%     -    6s
H    0     0                    4378014.0722 3572178.48  18.4%     -    6s
     0     0 3573990.60    0  859 4378014.07 3573990.60  18.4%     -    7s
     0     0 3574033.55    0  815 4378014.07 3574033.55  18.4%     -    7s
     0     0 3574290.78    0  845 4378014.07 3574290.78  18.4%     -    7s
     0     0 3574311.80    0  827 4378014.07 3574311.80  18.4%     -    7s
     0     0 3609025.53    0  847 4378014.07 3609025.53  17.6%     -    8s
H    0     0                    4366266.8066 3609103.84  17.3%     -    8s
H    0     0                    4365507.7678 3609103.84  17.3%     -    8s
     0     0 3610119.35    0  802 4365507.77 3610119.35  17.3%     -    9s
     0     0 3615160.52    0  638 4365507.77 3615160.52  17.2%     -    9s
     0     0 3615844.98    0  625 4365507.77 3615844.98  17.2%     -    9s
     0     0 3616017.74    0  620 4365507.77 3616017.74  17.2%     -    9s
     0     0 3616021.99    0  598 4365507.77 3616021.99  17.2%     -    9s
     0     0 3619995.02    0  528 4365507.77 3619995.02  17.1%     -   10s
H    0     0                    4327048.5259 3620031.45  16.3%     -   10s
H    0     0                    4304395.3117 3620031.45  15.9%     -   10s
H    0     0                    4259610.2771 3620031.45  15.0%     -   10s
H    0     0                    4258966.9455 3620031.45  15.0%     -   10s
     0     0 3620031.45    0  528 4258966.95 3620031.45  15.0%     -   10s
     0     0 3621029.63    0  423 4258966.95 3621029.63  15.0%     -   10s
     0     0 3621046.10    0  423 4258966.95 3621046.10  15.0%     -   10s
     0     0 3621497.72    0  435 4258966.95 3621497.72  15.0%     -   10s
H    0     0                    4258963.2052 3621499.31  15.0%     -   11s
H    0     0                    4256217.8721 3621499.31  14.9%     -   11s
H    0     0                    4248500.5217 3621499.31  14.8%     -   11s
H    0     0                    4245839.5104 3621499.31  14.7%     -   11s
H    0     0                    4245839.5094 3621499.31  14.7%     -   11s
     0     0 3621698.83    0  420 4245839.51 3621698.83  14.7%     -   11s
     0     0 3621699.15    0  437 4245839.51 3621699.15  14.7%     -   11s
     0     0 3622102.50    0  432 4245839.51 3622102.50  14.7%     -   11s
H    0     0                    4195901.5611 3622186.86  13.7%     -   11s
     0     0 3622292.52    0  428 4195901.56 3622292.52  13.7%     -   11s
     0     0 3622292.88    0  428 4195901.56 3622292.88  13.7%     -   11s
     0     0 3622448.37    0  491 4195901.56 3622448.37  13.7%     -   11s
H    0     0                    4152235.1269 3622455.02  12.8%     -   11s
H    0     0                    4005802.9934 3622455.02  9.57%     -   12s
H    0     0                    4005208.4765 3622455.02  9.56%     -   12s
H    0     0                    4005208.4740 3622455.02  9.56%     -   12s
H    0     0                    4004813.8097 3622455.02  9.55%     -   12s
H    0     0                    4004454.0977 3622455.02  9.54%     -   12s
H    0     0                    4004454.0892 3622455.02  9.54%     -   12s
H    0     0                    4004097.1380 3622455.02  9.53%     -   12s
H    0     0                    4004097.1340 3622455.02  9.53%     -   12s
H    0     0                    4002787.8092 3622455.02  9.50%     -   12s
H    0     0                    4002787.8040 3622455.02  9.50%     -   12s
H    0     0                    4002735.0090 3622455.02  9.50%     -   12s
H    0     0                    4002662.8011 3622455.02  9.50%     -   12s
H    0     0                    4002582.8011 3622455.02  9.50%     -   12s
     0     0 3622455.02    0  492 4002582.80 3622455.02  9.50%     -   12s
     0     0 3622690.82    0  441 4002582.80 3622690.82  9.49%     -   13s
     0     0 3622717.03    0  441 4002582.80 3622717.03  9.49%     -   13s
     0     0 3622717.03    0  441 4002582.80 3622717.03  9.49%     -   13s
H    0     0                    3858264.1678 3622748.59  6.10%     -   13s
H    0     0                    3794770.1255 3622748.59  4.53%     -   14s
H    0     0                    3794770.1156 3622748.59  4.53%     -   14s
H    0     0                    3680597.0392 3622748.59  1.57%     -   14s

Cutting planes:
  Learned: 63
  Gomory: 74
  Implied bound: 238
  MIR: 653
  Flow cover: 471
  RLT: 39
  Relax-and-lift: 602

Explored 1 nodes (36257 simplex iterations) in 14.13 seconds (19.40 work units)
Thread count was 2 (of 24 available processors)

Solution count 10: 3.6806e+06 3.79477e+06 3.85826e+06 ... 4.00481e+06

Optimal solution found (tolerance 3.00e-02)
Best objective 3.680597039210e+06, best bound 3.622749043015e+06, gap 1.5717%

User-callback calls 2208, time in user-callback 0.00 sec
Set parameter Username
Set parameter LicenseID to value 2826524
Academic license - for non-commercial use only - expires 2027-05-22
Set parameter MIPGap to value 0.03
Set parameter Threads to value 2
Set parameter TimeLimit to value 600
Set parameter MIPGap to value 0.03
Set parameter Threads to value 2
Set parameter TimeLimit to value 600
Gurobi Optimizer version 13.0.2 build v13.0.2rc1 (win64 - Windows 11+.0 (29639.2))

CPU model: 13th Gen Intel(R) Core(TM) i7-13700F, instruction set [SSE2|AVX|AVX2]
Thread count: 16 physical cores, 24 logical processors, using up to 2 threads

Non-default parameters:
TimeLimit  600
MIPGap  0.03
Threads  2

Optimize a model with 74944 rows, 47304 columns and 663600 nonzeros (Min)
Model fingerprint: 0x1834f7a6
Model has 35100 linear objective coefficients
Variable types: 35496 continuous, 11808 integer (11808 binary)
Coefficient statistics:
  Matrix range     [4e-02, 4e+02]
  Objective range  [1e+00, 1e+15]
  Bounds range     [0e+00, 0e+00]
  RHS range        [1e-02, 4e+02]
Warning: Model contains large objective coefficients
         Consider reformulating model or setting NumericFocus parameter
         to avoid numerical issues.

Presolve removed 36668 rows and 20659 columns
Presolve time: 0.54s
Presolved: 38276 rows, 26645 columns, 148665 nonzeros
Variable types: 15843 continuous, 10802 integer (10802 binary)
Found heuristic solution: objective 4.139694e+16
Found heuristic solution: objective 3.725970e+16
Deterministic concurrent LP optimizer: primal and dual simplex
Showing primal log only...

Concurrent spin time: 0.02s

Solved with dual simplex

Use crossover to convert LP symmetric solution to basic solution...
Crossover time: 0.09 seconds (0.12 work units)

Root relaxation: objective 2.691862e+16, 13717 iterations, 0.54 seconds (0.65 work units)

    Nodes    |    Current Node    |     Objective Bounds      |     Work
 Expl Unexpl |  Obj  Depth IntInf | Incumbent    BestBd   Gap | It/Node Time

     0     0 2.6919e+16    0  721 3.7260e+16 2.6919e+16  27.8%     -    1s
H    0     0                    2.780970e+16 2.6919e+16  3.20%     -    1s
     0     0          -    0      2.7810e+16 2.6982e+16  2.98%     -    1s

Cutting planes:
  Learned: 96
  Gomory: 36
  Implied bound: 156
  MIR: 79
  Flow cover: 58
  Network: 1
  RLT: 163
  Relax-and-lift: 111

Explored 1 nodes (13752 simplex iterations) in 1.74 seconds (2.71 work units)
Thread count was 2 (of 24 available processors)

Solution count 3: 2.78097e+16 3.72597e+16 4.13969e+16 

Optimal solution found (tolerance 3.00e-02)
Best objective 2.780969753627e+16, best bound 2.698182455111e+16, gap 2.9769%

User-callback calls 441, time in user-callback 0.00 sec
Set parameter Username
Set parameter LicenseID to value 2826524
Academic license - for non-commercial use only - expires 2027-05-22
Set parameter MIPGap to value 0.03
Set parameter Threads to value 2
Set parameter TimeLimit to value 600
Set parameter MIPGap to value 0.03
Set parameter Threads to value 2
Set parameter TimeLimit to value 600
Gurobi Optimizer version 13.0.2 build v13.0.2rc1 (win64 - Windows 11+.0 (29639.2))

CPU model: 13th Gen Intel(R) Core(TM) i7-13700F, instruction set [SSE2|AVX|AVX2]
Thread count: 16 physical cores, 24 logical processors, using up to 2 threads

Non-default parameters:
TimeLimit  600
MIPGap  0.03
Threads  2

Optimize a model with 74924 rows, 47304 columns and 663580 nonzeros (Min)
Model fingerprint: 0x8e43ea03
Model has 35100 linear objective coefficients
Variable types: 35496 continuous, 11808 integer (11808 binary)
Coefficient statistics:
  Matrix range     [4e-02, 4e+02]
  Objective range  [1e+00, 1e+15]
  Bounds range     [0e+00, 0e+00]
  RHS range        [1e-02, 4e+02]
Warning: Model contains large objective coefficients
         Consider reformulating model or setting NumericFocus parameter
         to avoid numerical issues.

Presolve removed 40014 rows and 22813 columns
Presolve time: 0.41s
Presolved: 34910 rows, 24491 columns, 138065 nonzeros
Variable types: 14560 continuous, 9931 integer (9931 binary)
Found heuristic solution: objective 2.070170e+07
Found heuristic solution: objective 1.562712e+07
Deterministic concurrent LP optimizer: primal and dual simplex
Showing primal log only...

Concurrent spin time: 0.00s

Solved with dual simplex

Use crossover to convert LP symmetric solution to basic solution...
Crossover time: 0.05 seconds (0.03 work units)

Root relaxation: objective 6.753270e+06, 18971 iterations, 1.13 seconds (1.25 work units)

    Nodes    |    Current Node    |     Objective Bounds      |     Work
 Expl Unexpl |  Obj  Depth IntInf | Incumbent    BestBd   Gap | It/Node Time

     0     0 6753270.28    0 1057 1.5627e+07 6753270.28  56.8%     -    1s
H    0     0                    8249638.0311 6753270.28  18.1%     -    2s
     0     0 6766341.23    0  931 8249638.03 6766341.23  18.0%     -    2s
H    0     0                    7666079.5101 6766341.97  11.7%     -    2s
     0     0 6767353.65    0  826 7666079.51 6767353.65  11.7%     -    3s
     0     0 6767373.79    0  844 7666079.51 6767373.79  11.7%     -    3s
     0     0 6767373.81    0  844 7666079.51 6767373.81  11.7%     -    3s
     0     0 6773187.07    0  699 7666079.51 6773187.07  11.6%     -    3s
H    0     0                    7403788.1607 6773194.58  8.52%     -    3s
     0     0 6773527.62    0  704 7403788.16 6773527.62  8.51%     -    3s
     0     0 6773643.03    0  696 7403788.16 6773643.03  8.51%     -    3s
     0     0 6773643.57    0  706 7403788.16 6773643.57  8.51%     -    3s
     0     0 6778367.70    0  721 7403788.16 6778367.70  8.45%     -    4s
H    0     0                    7352425.0880 6778478.48  7.81%     -    4s
     0     0 6778542.91    0  735 7352425.09 6778542.91  7.81%     -    5s
     0     0 6778564.52    0  708 7352425.09 6778564.52  7.81%     -    5s
     0     0 6778568.89    0  709 7352425.09 6778568.89  7.80%     -    5s
     0     0 6781900.43    0  598 7352425.09 6781900.43  7.76%     -    6s
H    0     0                    7311389.1165 6781905.58  7.24%     -    6s
H    0     0                    7301687.0049 6781905.58  7.12%     -    6s
H    0     0                    7299925.4575 6781905.58  7.10%     -    6s
H    0     0                    7299683.3235 6781905.58  7.09%     -    6s
H    0     0                    7296923.7908 6781905.58  7.06%     -    6s
     0     0 6782203.93    0  636 7296923.79 6782203.93  7.05%     -    6s
     0     0 6782240.70    0  643 7296923.79 6782240.70  7.05%     -    6s
     0     0 6782242.76    0  630 7296923.79 6782242.76  7.05%     -    6s
     0     0 6783355.37    0  621 7296923.79 6783355.37  7.04%     -    7s
H    0     0                    7266846.2922 6783433.88  6.65%     -    7s
     0     0 6783433.88    0  627 7266846.29 6783433.88  6.65%     -    7s
     0     0 6783433.88    0  632 7266846.29 6783433.88  6.65%     -    7s
     0     0 6784136.73    0  480 7266846.29 6784136.73  6.64%     -    7s
H    0     0                    7211890.0717 6784204.08  5.93%     -    7s
     0     0 6784204.08    0  549 7211890.07 6784204.08  5.93%     -    7s
     0     0 6784204.08    0  485 7211890.07 6784204.08  5.93%     -    7s
     0     0 6784333.92    0  509 7211890.07 6784333.92  5.93%     -    7s
H    0     0                    7160736.2765 6784368.68  5.26%     -    8s
     0     0 6784368.68    0  505 7160736.28 6784368.68  5.26%     -    8s
     0     0 6784540.05    0  579 7160736.28 6784540.05  5.25%     -    8s
H    0     0                    7150593.9222 6784755.52  5.12%     -    8s
H    0     0                    7147692.6085 6784755.52  5.08%     -    8s
H    0     0                    7146817.9719 6784755.52  5.07%     -    8s
     0     0 6784755.52    0  529 7146817.97 6784755.52  5.07%     -    8s
     0     0 6784755.52    0  595 7146817.97 6784755.52  5.07%     -    8s
     0     0 6784755.52    0  633 7146817.97 6784755.52  5.07%     -    8s
     0     0 6784755.52    0  657 7146817.97 6784755.52  5.07%     -    9s
     0     0 6784755.52    0  657 7146817.97 6784755.52  5.07%     -    9s
     0     0 6784755.52    0  650 7146817.97 6784755.52  5.07%     -    9s
H    0     0                    6815716.1419 6784755.52  0.45%     -    9s

Cutting planes:
  Learned: 40
  Gomory: 31
  Implied bound: 266
  MIR: 381
  Flow cover: 298
  RLT: 20
  Relax-and-lift: 428

Explored 1 nodes (30303 simplex iterations) in 9.91 seconds (14.48 work units)
Thread count was 2 (of 24 available processors)

Solution count 10: 6.81572e+06 7.14682e+06 7.14769e+06 ... 7.29993e+06

Optimal solution found (tolerance 3.00e-02)
Best objective 6.815716141944e+06, best bound 6.784755517875e+06, gap 0.4543%

User-callback calls 1573, time in user-callback 0.00 sec
	→ The renewable energy scenarios module loaded.
	→ Input data module loaded and ready for UC modeling.
	→ The [JULIA] environment_config has been loaded.
	→ Constraint modules included and functions exported.
	→ Objective functions module loaded and exported.
	→ Utility functions module loaded and exported.
	→ all boundary conditions validated.

================================================================================
EXPORTING ADAPTIVE OVERLAP WINDOW STATISTICS
================================================================================

Reading project input data...
Step-1: Loading packages and functions...
  Reading data from: D:\GithubClonefiles\module_unitcommitment\data\data_118_clustered_pcm.xlsx
  Reading frequency parameters...
  Reading energy storage system data...
  Reading generator, network, and load data...
  Reading data center data...
  Reading hydroelectric power data...
  ✓ All data successfully loaded from Excel file.
Step-2: imput data are loaded
  PCM load profile: extreme_ramp
  PCM random seed: 20260809
  Training case signature: d64af0d6536419d795835a54252a2f4aa27004f977346970a111fd6557ad35dd
  Training cache: HIT (48 samples; no retraining required)
  Load curve horizon used for statistics: 168 h
  Wind scenario horizon used for statistics: 168 h
  Steady-state overlap mode: ml_prediction
  Calibration / training time excluded from subproblem solve times: 0.00 s
  Training cache hit: D:\GithubClonefiles\module_unitcommitment\output\ml_trainningdata_res\overlap_training_cache\d64af0d6536419d795835a54252a2f4aa27004f977346970a111fd6557ad35dd\offline_training_dataset.csv
Training Decision Tree on: D:\GithubClonefiles\module_unitcommitment\output\ml_trainningdata_res\overlap_training_cache\d64af0d6536419d795835a54252a2f4aa27004f977346970a111fd6557ad35dd\offline_training_dataset.csv
Model training complete. Trained Tree Structure:
Split: L_norm <= 0.2588
  L:     => Prediction: 12.0
  R:     Split: X_switch_ratio <= 0.6852
      L:         Split: L_norm <= 0.2643
          L:             => Prediction: 7.0
          R:             => Prediction: 10.91
      R:         Split: X_delta_norm <= 0.5159
          L:             => Prediction: 2.0
          R:             => Prediction: 9.5
R^2 score on training data: 0.4135
[AdaptiveOverlap][RampCriterion] start=1 event_indices=[1] first_event=1 strongest_ratio=1.2238 severity_window=12 -> T_ramp=12
[AdaptiveOverlap] interval=1 start=1 mode=ml_prediction
  boundary criterion: U_norm=0.4072, T_dwell_rem=0.0, X_delta_norm=0.464, X_switch_ratio=0.3889
  steady-state criterion: L_norm=0.238, sigma_load=28.0892, R_wind_max=0.0734, T_ml=12
  physical criteria: T_unit_start=0, ramp_event=true, T_ramp=12
  final criterion: max(T_ml=12, T_unit=0, T_ramp=12)=12; clamped_final=12, solved_horizon=36
Step-3: Creating dispatching model (Refactored & Modularized)
	 Variables defined.
DEBUG set_objective_economic!: NT=36, NG=108, ND=91, NW=20, NS=1, K=3, size(refcost)=(108,), size(eachslope)=(3, 108)
objective_function
	MILP economic objective set
subject to.
	 constraints: 1) minimum shutup/shutdown time limits			 done
	 constraints: 2) binary variable logic					 done
	 constraints: 3) shutup/shutdown cost					 done
	 constraints: 4) loadcurtailments and spoliedwinds			 done
	 constraints: 5) generatos power limits					 done
	 constraints: 6) system reserves limits					 done
	 constraints: 7) power balance constraints				 done
	 constraints: 8) ramp-up/ramp-down constraints				 done
	 constraints: 9) piece linearization constraints			 done
	 constraints: 10) transmissionline limits skipped (is_NetWorkCon != 1 or Gsdf missing or NL=0)
	 constraints: 11) stroges system constraints skipped (NC=0 or variables not defined)
	 constraints: 12) data centra constraints skipped (is_ConsiderDataCentra != 1)
	 constraints: 13) frequency control constraints skipped (is_ConsiderFrequencyControl != 1)
	 constraints: 14) hydro power limits					 done
+++++++++++++++++++++++++++++++++++++++++++++++++++++++++++++++++++++++++++++++++++++++++++
Step-4: starting Gurobi solver
Step-5: Gurobi solver finished
+++++++++++++++++++++++++++++++++++++++++++++++++++++++++++++++++++++++++++++++++++++++++++

assert_is_solved_and_feasible(scuc) = nothing
solution_summary(scuc) = solution_summary(; result = 1, verbose = false)
├ solver_name          : Gurobi
├ Termination
│ ├ termination_status : OPTIMAL
│ ├ result_count       : 10
│ ├ raw_status         : Model was solved to optimality (subject to tolerances), and an optimal solution is available.
│ └ objective_bound    : 3.62275e+06
├ Solution (result = 1)
│ ├ primal_status        : FEASIBLE_POINT
│ ├ dual_status          : NO_SOLUTION
│ ├ objective_value      : 3.68060e+06
│ └ relative_gap         : 1.57170e-02
└ Work counters
  ├ solve_time (sec)   : 1.41370e+01
  ├ simplex_iterations : 36257
  ├ barrier_iterations : 0
  └ node_count         : 1


Termination Status: OPTIMAL
Acceptable solution found (Status: OPTIMAL).
Step-6: record datas
PART1: [unit-commitment] calculation result has been saved to: D:\GithubClonefiles\module_unitcommitment\output\pcm_com4_loadall_h72_20260814_193938\ramp\ovl\r01\output/details_schedule_results/pcm_simulation_results/intervels_[1]/res_schedule_commitment_result.txt
PART1: [unit-commitment] calculation result has been saved to: D:\GithubClonefiles\module_unitcommitment\output\pcm_com4_loadall_h72_20260814_193938\ramp\ovl\r01\output/details_schedule_results/pcm_simulation_results/intervels_[1]/res_schedule_commitment_result.txt
[AdaptiveOverlap][RampCriterion] start=25 event_indices=[1] first_event=1 strongest_ratio=2.032 severity_window=12 -> T_ramp=12
[AdaptiveOverlap] interval=2 start=25 mode=ml_prediction
  boundary criterion: U_norm=0.9446, T_dwell_rem=4.0, X_delta_norm=0.0554, X_switch_ratio=0.037
  steady-state criterion: L_norm=0.2599, sigma_load=41.0413, R_wind_max=0.0677, T_ml=7
  physical criteria: T_unit_start=4, ramp_event=true, T_ramp=12
  final criterion: max(T_ml=7, T_unit=4, T_ramp=12)=12; clamped_final=12, solved_horizon=36
Step-3: Creating dispatching model (Refactored & Modularized)
	 Variables defined.
DEBUG set_objective_economic!: NT=36, NG=108, ND=91, NW=20, NS=1, K=3, size(refcost)=(108,), size(eachslope)=(3, 108)
objective_function
	MILP economic objective set
subject to.
	 constraints: 1) minimum shutup/shutdown time limits			 done
	 constraints: 2) binary variable logic					 done
	 constraints: 3) shutup/shutdown cost					 done
	 constraints: 4) loadcurtailments and spoliedwinds			 done
	 constraints: 5) generatos power limits					 done
	 constraints: 6) system reserves limits					 done
	 constraints: 7) power balance constraints				 done
	 constraints: 8) ramp-up/ramp-down constraints				 done
	 constraints: 9) piece linearization constraints			 done
	 constraints: 10) transmissionline limits skipped (is_NetWorkCon != 1 or Gsdf missing or NL=0)
	 constraints: 11) stroges system constraints skipped (NC=0 or variables not defined)
	 constraints: 12) data centra constraints skipped (is_ConsiderDataCentra != 1)
	 constraints: 13) frequency control constraints skipped (is_ConsiderFrequencyControl != 1)
	 constraints: 14) hydro power limits					 done
+++++++++++++++++++++++++++++++++++++++++++++++++++++++++++++++++++++++++++++++++++++++++++
Step-4: starting Gurobi solver
Step-5: Gurobi solver finished
+++++++++++++++++++++++++++++++++++++++++++++++++++++++++++++++++++++++++++++++++++++++++++

assert_is_solved_and_feasible(scuc) = nothing
solution_summary(scuc) = solution_summary(; result = 1, verbose = false)
├ solver_name          : Gurobi
├ Termination
│ ├ termination_status : OPTIMAL
│ ├ result_count       : 3
│ ├ raw_status         : Model was solved to optimality (subject to tolerances), and an optimal solution is available.
│ └ objective_bound    : 2.69818e+16
├ Solution (result = 1)
│ ├ primal_status        : FEASIBLE_POINT
│ ├ dual_status          : NO_SOLUTION
│ ├ objective_value      : 2.78097e+16
│ └ relative_gap         : 2.97692e-02
└ Work counters
  ├ solve_time (sec)   : 1.73600e+00
  ├ simplex_iterations : 13752
  ├ barrier_iterations : 0
  └ node_count         : 1


Termination Status: OPTIMAL
Acceptable solution found (Status: OPTIMAL).
Step-6: record datas
PART1: [unit-commitment] calculation result has been saved to: D:\GithubClonefiles\module_unitcommitment\output\pcm_com4_loadall_h72_20260814_193938\ramp\ovl\r01\output/details_schedule_results/pcm_simulation_results/intervels_[2]/res_schedule_commitment_result.txt
PART1: [unit-commitment] calculation result has been saved to: D:\GithubClonefiles\module_unitcommitment\output\pcm_com4_loadall_h72_20260814_193938\ramp\ovl\r01\output/details_schedule_results/pcm_simulation_results/intervels_[2]/res_schedule_commitment_result.txt
[AdaptiveOverlap][RampCriterion] start=49 event_indices=[1] first_event=1 strongest_ratio=1.0766 severity_window=12 -> T_ramp=12
[AdaptiveOverlap] interval=3 start=49 mode=ml_prediction
  boundary criterion: U_norm=1.0, T_dwell_rem=0.0, X_delta_norm=0.2119, X_switch_ratio=0.5556
  steady-state criterion: L_norm=0.1966, sigma_load=26.6542, R_wind_max=0.0675, T_ml=12
  physical criteria: T_unit_start=0, ramp_event=true, T_ramp=12
  final criterion: max(T_ml=12, T_unit=0, T_ramp=12)=12; clamped_final=12, solved_horizon=36
Step-3: Creating dispatching model (Refactored & Modularized)
	 Variables defined.
DEBUG set_objective_economic!: NT=36, NG=108, ND=91, NW=20, NS=1, K=3, size(refcost)=(108,), size(eachslope)=(3, 108)
objective_function
	MILP economic objective set
subject to.
	 constraints: 1) minimum shutup/shutdown time limits			 done
	 constraints: 2) binary variable logic					 done
	 constraints: 3) shutup/shutdown cost					 done
	 constraints: 4) loadcurtailments and spoliedwinds			 done
	 constraints: 5) generatos power limits					 done
	 constraints: 6) system reserves limits					 done
	 constraints: 7) power balance constraints				 done
	 constraints: 8) ramp-up/ramp-down constraints				 done
	 constraints: 9) piece linearization constraints			 done
	 constraints: 10) transmissionline limits skipped (is_NetWorkCon != 1 or Gsdf missing or NL=0)
	 constraints: 11) stroges system constraints skipped (NC=0 or variables not defined)
	 constraints: 12) data centra constraints skipped (is_ConsiderDataCentra != 1)
	 constraints: 13) frequency control constraints skipped (is_ConsiderFrequencyControl != 1)
	 constraints: 14) hydro power limits					 done
+++++++++++++++++++++++++++++++++++++++++++++++++++++++++++++++++++++++++++++++++++++++++++
Step-4: starting Gurobi solver
Step-5: Gurobi solver finished
+++++++++++++++++++++++++++++++++++++++++++++++++++++++++++++++++++++++++++++++++++++++++++

assert_is_solved_and_feasible(scuc) = nothing
solution_summary(scuc) = solution_summary(; result = 1, verbose = false)
├ solver_name          : Gurobi
├ Termination
│ ├ termination_status : OPTIMAL
│ ├ result_count       : 10
│ ├ raw_status         : Model was solved to optimality (subject to tolerances), and an optimal solution is available.
│ └ objective_bound    : 6.78476e+06
├ Solution (result = 1)
│ ├ primal_status        : FEASIBLE_POINT
│ ├ dual_status          : NO_SOLUTION
│ ├ objective_value      : 6.81572e+06
│ └ relative_gap         : 4.54253e-03
└ Work counters
  ├ solve_time (sec)   : 9.92100e+00
  ├ simplex_iterations : 30303
  ├ barrier_iterations : 0
  └ node_count         : 1


Termination Status: OPTIMAL
Acceptable solution found (Status: OPTIMAL).
Step-6: record datas
PART1: [unit-commitment] calculation result has been saved to: D:\GithubClonefiles\module_unitcommitment\output\pcm_com4_loadall_h72_20260814_193938\ramp\ovl\r01\output/details_schedule_results/pcm_simulation_results/intervels_[3]/res_schedule_commitment_result.txt
PART1: [unit-commitment] calculation result has been saved to: D:\GithubClonefiles\module_unitcommitment\output\pcm_com4_loadall_h72_20260814_193938\ramp\ovl\r01\output/details_schedule_results/pcm_simulation_results/intervels_[3]/res_schedule_commitment_result.txt
  ✓ Per-interval overlap statistics exported to CSV: D:\GithubClonefiles\module_unitcommitment\output\pcm_com4_loadall_h72_20260814_193938\ramp\ovl\r01\output\details_schedule_results\adaptive_pcm_simulation_results\overlap_window_statistics.csv
  ✓ Human-readable summary report exported to TXT: D:\GithubClonefiles\module_unitcommitment\output\pcm_com4_loadall_h72_20260814_193938\ramp\ovl\r01\output\details_schedule_results\adaptive_pcm_simulation_results\overlap_window_summary.txt
================================================================================


Per-Interval Overlap Summary Dataframe:
3×14 DataFrame
 Row │ Interval_ID  Start_Hour  Execution_Window_h  Steady_State_Overlap_h  Unit_Dwell_Overlap_h  Ramp_Event_Detected  Ramp_Overlap_h  Raw_Max_Overlap_h  Limiting_Factor  Final_Adaptive_Overlap_h  Total_Solved_Horizon_h  Overlap_SelectionTime_sec  Subproblem_SolveTime_sec  Optimization_Status
     │ Int64        Int64       Int64               Int64                   Int64                 Bool                 Int64           Int64              String           Int64                     Int64                   Float64                    Float64                   String
─────┼────────────────────────────────────────────────────────────────────────────────────────────────────────────────────────────────────────────────────────────────────────────────────────────────────────────────────────────────────────────────────────────────────────────────────────────────
   1 │           1           1                  24                      12                     0                 true              12                 12  steady+ramp                            12                      36                      1.397                    25.454  OK
   2 │           2          25                  24                       7                     4                 true              12                 12  ramp                                   12                      36                      0.123                     4.015  OK
   3 │           3          49                  24                      12                     0                 true              12                 12  steady+ramp                            12                      36                      0.0                      12.135  OK
