Set parameter Username
Set parameter LicenseID to value 2754784
Academic license - for non-commercial use only - expires 2026-12-14
Set parameter Username
Set parameter LicenseID to value 2754784
Academic license - for non-commercial use only - expires 2026-12-14
Set parameter MIPGap to value 0.015
Set parameter MIPGap to value 0.015
Gurobi Optimizer version 13.0.2 build v13.0.2rc1 (mac64[arm] - Darwin 27.0.0 26A5388g)

CPU model: Apple M3
Thread count: 8 physical cores, 8 logical processors, using up to 8 threads

Non-default parameters:
MIPGap  0.015

Optimize a model with 74440 rows, 47304 columns and 661168 nonzeros (Min)
Model fingerprint: 0xe2356353
Model has 35100 linear objective coefficients
Variable types: 35496 continuous, 11808 integer (11808 binary)
Coefficient statistics:
  Matrix range     [3e-02, 4e+02]
  Objective range  [1e+00, 1e+15]
  Bounds range     [0e+00, 0e+00]
  RHS range        [1e-02, 2e+02]
Warning: Model contains large objective coefficients
         Consider reformulating model or setting NumericFocus parameter
         to avoid numerical issues.

Presolve removed 35044 rows and 20450 columns
Presolve time: 0.36s
Presolved: 39396 rows, 26854 columns, 146705 nonzeros
Variable types: 15898 continuous, 10956 integer (10956 binary)
Found heuristic solution: objective 1.353909e+07
Found heuristic solution: objective 9028233.3752
Deterministic concurrent LP optimizer: primal and dual simplex
Showing primal log only...

Concurrent spin time: 0.00s

Solved with dual simplex

Use crossover to convert LP symmetric solution to basic solution...
Crossover time: 0.03 seconds (0.03 work units)

Root relaxation: objective 2.468883e+06, 8947 iterations, 0.31 seconds (0.53 work units)

    Nodes    |    Current Node    |     Objective Bounds      |     Work
 Expl Unexpl |  Obj  Depth IntInf | Incumbent    BestBd   Gap | It/Node Time

     0     0 2468882.53    0  808 9028233.38 2468882.53  72.7%     -    0s
H    0     0                    2880077.3462 2468882.53  14.3%     -    1s
H    0     0                    2875367.5060 2468882.53  14.1%     -    1s
H    0     0                    2637337.9948 2468882.53  6.39%     -    1s
H    0     0                    2613593.9517 2480231.51  5.10%     -    1s
H    0     0                    2609419.9427 2480231.51  4.95%     -    1s
     0     0 2480231.51    0  678 2609419.94 2480231.51  4.95%     -    1s
H    0     0                    2540316.5233 2480314.55  2.36%     -    2s
H    0     0                    2537536.3556 2480314.55  2.26%     -    2s
     0     0 2483399.95    0  610 2537536.36 2483399.95  2.13%     -    2s
     0     0 2484351.63    0  563 2537536.36 2484351.63  2.10%     -    2s
     0     0 2484611.35    0  545 2537536.36 2484611.35  2.09%     -    2s
     0     0 2485152.69    0  507 2537536.36 2485152.69  2.06%     -    2s
     0     0 2485152.69    0  485 2537536.36 2485152.69  2.06%     -    2s
     0     0 2485152.69    0  501 2537536.36 2485152.69  2.06%     -    2s
     0     0 2485152.69    0  507 2537536.36 2485152.69  2.06%     -    2s
H    0     0                    2513770.8782 2485152.69  1.14%     -    3s

Cutting planes:
  Learned: 158
  Gomory: 38
  Lift-and-project: 3
  Cover: 5
  Implied bound: 91
  MIR: 138
  Flow cover: 64
  Network: 6
  RLT: 62
  Relax-and-lift: 24

Explored 1 nodes (14490 simplex iterations) in 3.07 seconds (5.41 work units)
Thread count was 8 (of 8 available processors)

Solution count 10: 2.51377e+06 2.53754e+06 2.54032e+06 ... 1.35391e+07

Optimal solution found (tolerance 1.50e-02)
Best objective 2.513770878169e+06, best bound 2.485152685764e+06, gap 1.1385%

User-callback calls 915, time in user-callback 0.00 sec
Set parameter Username
Set parameter LicenseID to value 2754784
Academic license - for non-commercial use only - expires 2026-12-14
Set parameter MIPGap to value 0.015
Set parameter MIPGap to value 0.015
Gurobi Optimizer version 13.0.2 build v13.0.2rc1 (mac64[arm] - Darwin 27.0.0 26A5388g)

CPU model: Apple M3
Thread count: 8 physical cores, 8 logical processors, using up to 8 threads

Non-default parameters:
MIPGap  0.015

Optimize a model with 70278 rows, 44676 columns and 624130 nonzeros (Min)
Model fingerprint: 0x2063a304
Model has 33150 linear objective coefficients
Variable types: 33524 continuous, 11152 integer (11152 binary)
Coefficient statistics:
  Matrix range     [3e-02, 4e+02]
  Objective range  [1e+00, 1e+15]
  Bounds range     [0e+00, 0e+00]
  RHS range        [1e-02, 2e+02]
Warning: Model contains large objective coefficients
         Consider reformulating model or setting NumericFocus parameter
         to avoid numerical issues.

Presolve removed 33197 rows and 19354 columns
Presolve time: 0.33s
Presolved: 37081 rows, 25322 columns, 138385 nonzeros
Variable types: 15014 continuous, 10308 integer (10308 binary)
Found heuristic solution: objective 1.375990e+07
Found heuristic solution: objective 8744297.8466
Deterministic concurrent LP optimizer: primal and dual simplex
Showing primal log only...

Concurrent spin time: 0.00s

Solved with dual simplex

Use crossover to convert LP symmetric solution to basic solution...
Crossover time: 0.03 seconds (0.03 work units)

Root relaxation: objective 2.253733e+06, 10708 iterations, 0.36 seconds (0.58 work units)

    Nodes    |    Current Node    |     Objective Bounds      |     Work
 Expl Unexpl |  Obj  Depth IntInf | Incumbent    BestBd   Gap | It/Node Time

     0     0 2253733.12    0  773 8744297.85 2253733.12  74.2%     -    0s
H    0     0                    2699264.5878 2253733.12  16.5%     -    1s
H    0     0                    2659689.4338 2253733.12  15.3%     -    1s
H    0     0                    2383194.1431 2253733.12  5.43%     -    1s
H    0     0                    2377617.1910 2253733.12  5.21%     -    1s
H    0     0                    2376168.4856 2253733.12  5.15%     -    1s
     0     0 2263836.96    0  650 2376168.49 2263836.96  4.73%     -    1s
H    0     0                    2373552.6800 2263837.20  4.62%     -    1s
H    0     0                    2366351.4348 2266469.39  4.22%     -    1s
H    0     0                    2362392.3551 2266469.39  4.06%     -    1s
H    0     0                    2359484.9569 2266469.39  3.94%     -    1s
H    0     0                    2330184.1896 2266469.39  2.73%     -    1s
H    0     0                    2330118.4000 2266469.39  2.73%     -    1s
     0     0 2266469.39    0  581 2330118.40 2266469.39  2.73%     -    1s
H    0     0                    2325726.2925 2267896.64  2.49%     -    2s
     0     0 2267896.64    0  479 2325726.29 2267896.64  2.49%     -    2s
     0     0 2268174.23    0  522 2325726.29 2268174.23  2.47%     -    2s
     0     0 2268213.11    0  501 2325726.29 2268213.11  2.47%     -    2s
     0     0 2268230.76    0  506 2325726.29 2268230.76  2.47%     -    2s
     0     0 2268232.54    0  498 2325726.29 2268232.54  2.47%     -    2s
     0     0 2268232.54    0  506 2325726.29 2268232.54  2.47%     -    2s
     0     0 2270455.93    0  531 2325726.29 2270455.93  2.38%     -    2s
H    0     0                    2299692.2368 2270459.49  1.27%     -    2s

Cutting planes:
  Learned: 145
  Gomory: 56
  Lift-and-project: 3
  Cover: 2
  Implied bound: 89
  MIR: 94
  Flow cover: 41
  Network: 1
  RLT: 45
  Relax-and-lift: 17

Explored 1 nodes (16080 simplex iterations) in 2.80 seconds (4.74 work units)
Thread count was 8 (of 8 available processors)

Solution count 10: 2.29969e+06 2.32573e+06 2.33012e+06 ... 2.37762e+06

Optimal solution found (tolerance 1.50e-02)
Best objective 2.299692236758e+06, best bound 2.270459492622e+06, gap 1.2712%

User-callback calls 879, time in user-callback 0.00 sec
Set parameter Username
Set parameter LicenseID to value 2754784
Academic license - for non-commercial use only - expires 2026-12-14
Set parameter MIPGap to value 0.015
Set parameter MIPGap to value 0.015
Gurobi Optimizer version 13.0.2 build v13.0.2rc1 (mac64[arm] - Darwin 27.0.0 26A5388g)

CPU model: Apple M3
Thread count: 8 physical cores, 8 logical processors, using up to 8 threads

Non-default parameters:
MIPGap  0.015

Optimize a model with 74440 rows, 47304 columns and 661168 nonzeros (Min)
Model fingerprint: 0xa17db98d
Model has 35100 linear objective coefficients
Variable types: 35496 continuous, 11808 integer (11808 binary)
Coefficient statistics:
  Matrix range     [3e-02, 4e+02]
  Objective range  [1e+00, 1e+15]
  Bounds range     [0e+00, 0e+00]
  RHS range        [1e-02, 2e+02]
Warning: Model contains large objective coefficients
         Consider reformulating model or setting NumericFocus parameter
         to avoid numerical issues.

Presolve removed 35044 rows and 20450 columns
Presolve time: 0.35s
Presolved: 39396 rows, 26854 columns, 146705 nonzeros
Variable types: 15898 continuous, 10956 integer (10956 binary)
Found heuristic solution: objective 1.817405e+07
Found heuristic solution: objective 1.780586e+07
Deterministic concurrent LP optimizer: primal and dual simplex
Showing primal log only...

Concurrent spin time: 0.00s

Solved with dual simplex

Use crossover to convert LP symmetric solution to basic solution...
Crossover time: 0.03 seconds (0.04 work units)

Root relaxation: objective 2.705366e+06, 9059 iterations, 0.35 seconds (0.55 work units)

    Nodes    |    Current Node    |     Objective Bounds      |     Work
 Expl Unexpl |  Obj  Depth IntInf | Incumbent    BestBd   Gap | It/Node Time

     0     0 2705366.46    0  695 1.7806e+07 2705366.46  84.8%     -    0s
H    0     0                    2943130.6729 2705366.46  8.08%     -    1s
H    0     0                    2942354.0249 2705366.46  8.05%     -    1s
H    0     0                    2932212.3778 2705366.46  7.74%     -    1s
H    0     0                    2815258.0848 2705366.46  3.90%     -    1s
H    0     0                    2805222.6300 2716137.34  3.18%     -    1s
H    0     0                    2790667.5028 2716137.34  2.67%     -    1s
     0     0 2716171.14    0  642 2790667.50 2716171.14  2.67%     -    2s
H    0     0                    2773762.0953 2721098.39  1.90%     -    2s
H    0     0                    2766348.1695 2721098.39  1.64%     -    2s
     0     0 2721098.39    0  702 2766348.17 2721098.39  1.64%     -    2s
H    0     0                    2760987.1523 2722927.00  1.38%     -    2s
H    0     0                    2760528.8025 2722927.00  1.36%     -    2s
     0     0 2722927.00    0  637 2760528.80 2722927.00  1.36%     -    2s

Cutting planes:
  Learned: 107
  Gomory: 16
  Cover: 1
  Implied bound: 32
  MIR: 72
  Flow cover: 22
  Network: 6
  RLT: 16

Explored 1 nodes (13647 simplex iterations) in 2.68 seconds (4.47 work units)
Thread count was 8 (of 8 available processors)

Solution count 10: 2.76053e+06 2.76099e+06 2.76635e+06 ... 2.94313e+06

Optimal solution found (tolerance 1.50e-02)
Best objective 2.760528802514e+06, best bound 2.722927001892e+06, gap 1.3621%

User-callback calls 897, time in user-callback 0.00 sec
Set parameter Username
Set parameter LicenseID to value 2754784
Academic license - for non-commercial use only - expires 2026-12-14
Set parameter MIPGap to value 0.015
Set parameter MIPGap to value 0.015
Gurobi Optimizer version 13.0.2 build v13.0.2rc1 (mac64[arm] - Darwin 27.0.0 26A5388g)

CPU model: Apple M3
Thread count: 8 physical cores, 8 logical processors, using up to 8 threads

Non-default parameters:
MIPGap  0.015

Optimize a model with 70334 rows, 44676 columns and 624518 nonzeros (Min)
Model fingerprint: 0xb6695ce6
Model has 33150 linear objective coefficients
Variable types: 33524 continuous, 11152 integer (11152 binary)
Coefficient statistics:
  Matrix range     [3e-02, 4e+02]
  Objective range  [1e+00, 1e+15]
  Bounds range     [0e+00, 0e+00]
  RHS range        [1e-02, 4e+02]
Warning: Model contains large objective coefficients
         Consider reformulating model or setting NumericFocus parameter
         to avoid numerical issues.

Presolve removed 33111 rows and 19301 columns
Presolve time: 0.34s
Presolved: 37223 rows, 25375 columns, 138829 nonzeros
Variable types: 15028 continuous, 10347 integer (10347 binary)
Found heuristic solution: objective 1.796112e+07
Found heuristic solution: objective 1.752772e+07
Deterministic concurrent LP optimizer: primal and dual simplex
Showing primal log only...

Concurrent spin time: 0.00s

Solved with dual simplex

Use crossover to convert LP symmetric solution to basic solution...
Crossover time: 0.04 seconds (0.03 work units)

Root relaxation: objective 2.613821e+06, 10197 iterations, 0.38 seconds (0.55 work units)

    Nodes    |    Current Node    |     Objective Bounds      |     Work
 Expl Unexpl |  Obj  Depth IntInf | Incumbent    BestBd   Gap | It/Node Time

     0     0 2613820.69    0  672 1.7528e+07 2613820.69  85.1%     -    0s
H    0     0                    2735577.4609 2613820.69  4.45%     -    1s
H    0     0                    2734814.3593 2613820.69  4.42%     -    1s
     0     0 2734814.36    0  622 2734814.36 2734814.36  0.00%     -    1s

Cutting planes:
  Learned: 25
  Gomory: 20
  Cover: 3
  Implied bound: 37
  MIR: 91
  Flow cover: 26
  Network: 10
  RLT: 40
  Relax-and-lift: 1

Explored 1 nodes (11688 simplex iterations) in 1.64 seconds (2.88 work units)
Thread count was 8 (of 8 available processors)

Solution count 4: 2.73481e+06 2.73558e+06 1.75277e+07 1.79611e+07 

Optimal solution found (tolerance 1.50e-02)
Best objective 2.734814359251e+06, best bound 2.734814359251e+06, gap 0.0000%

User-callback calls 477, time in user-callback 0.00 sec
Set parameter Username
Set parameter LicenseID to value 2754784
Academic license - for non-commercial use only - expires 2026-12-14
Set parameter MIPGap to value 0.015
Set parameter MIPGap to value 0.015
Gurobi Optimizer version 13.0.2 build v13.0.2rc1 (mac64[arm] - Darwin 27.0.0 26A5388g)

CPU model: Apple M3
Thread count: 8 physical cores, 8 logical processors, using up to 8 threads

Non-default parameters:
MIPGap  0.015

Optimize a model with 74440 rows, 47304 columns and 661168 nonzeros (Min)
Model fingerprint: 0x4451e107
Model has 35100 linear objective coefficients
Variable types: 35496 continuous, 11808 integer (11808 binary)
Coefficient statistics:
  Matrix range     [3e-02, 4e+02]
  Objective range  [1e+00, 1e+15]
  Bounds range     [0e+00, 0e+00]
  RHS range        [1e-02, 2e+02]
Warning: Model contains large objective coefficients
         Consider reformulating model or setting NumericFocus parameter
         to avoid numerical issues.

Presolve removed 35044 rows and 20450 columns
Presolve time: 0.34s
Presolved: 39396 rows, 26854 columns, 146705 nonzeros
Variable types: 15898 continuous, 10956 integer (10956 binary)
Found heuristic solution: objective 3.248055e+07
Found heuristic solution: objective 2.778064e+07
Deterministic concurrent LP optimizer: primal and dual simplex
Showing primal log only...

Concurrent spin time: 0.00s

Solved with dual simplex

Use crossover to convert LP symmetric solution to basic solution...
Crossover time: 0.02 seconds (0.03 work units)

Root relaxation: objective 1.905920e+06, 8449 iterations, 0.25 seconds (0.44 work units)

    Nodes    |    Current Node    |     Objective Bounds      |     Work
 Expl Unexpl |  Obj  Depth IntInf | Incumbent    BestBd   Gap | It/Node Time

     0     0 1905920.42    0  556 2.7781e+07 1905920.42  93.1%     -    0s
H    0     0                    2646378.9834 1905920.42  28.0%     -    1s
H    0     0                    2532473.0548 1905920.42  24.7%     -    1s
H    0     0                    2123658.8190 1905920.42  10.3%     -    1s
H    0     0                    2123658.8186 1905920.42  10.3%     -    1s
     0     0 1914601.09    0  492 2123658.82 1914601.09  9.84%     -    1s
H    0     0                    2004568.5169 1914604.09  4.49%     -    1s
H    0     0                    2002859.8344 1914604.09  4.41%     -    1s
H    0     0                    2001884.1277 1914604.09  4.36%     -    1s
H    0     0                    2001487.3388 1914604.09  4.34%     -    1s
H    0     0                    1954617.6119 1914604.09  2.05%     -    1s
H    0     0                    1951905.0555 1914604.09  1.91%     -    1s
H    0     0                    1948693.1475 1914604.09  1.75%     -    1s
H    0     0                    1948693.1445 1914604.09  1.75%     -    1s
H    0     0                    1948693.1423 1914604.09  1.75%     -    1s
     0     0 1915440.63    0  388 1948693.14 1915440.63  1.71%     -    2s
     0     0 1915603.98    0  450 1948693.14 1915603.98  1.70%     -    2s
     0     0 1915631.53    0  451 1948693.14 1915631.53  1.70%     -    2s
     0     0 1915637.12    0  430 1948693.14 1915637.12  1.70%     -    2s
     0     0 1915672.43    0  384 1948693.14 1915672.43  1.69%     -    2s
     0     0 1915673.15    0  417 1948693.14 1915673.15  1.69%     -    2s
     0     0 1919438.48    0  427 1948693.14 1919438.48  1.50%     -    2s

Cutting planes:
  Learned: 53
  Gomory: 31
  Lift-and-project: 1
  Implied bound: 71
  MIR: 49
  Flow cover: 26
  Network: 2
  RLT: 47
  Relax-and-lift: 12

Explored 1 nodes (13142 simplex iterations) in 2.85 seconds (4.97 work units)
Thread count was 8 (of 8 available processors)

Solution count 10: 1.94869e+06 1.95191e+06 1.95462e+06 ... 2.64638e+06

Optimal solution found (tolerance 1.50e-02)
Best objective 1.948693142340e+06, best bound 1.919675867971e+06, gap 1.4891%

User-callback calls 973, time in user-callback 0.00 sec
Set parameter Username
Set parameter LicenseID to value 2754784
Academic license - for non-commercial use only - expires 2026-12-14
Set parameter MIPGap to value 0.015
Set parameter MIPGap to value 0.015
Gurobi Optimizer version 13.0.2 build v13.0.2rc1 (mac64[arm] - Darwin 27.0.0 26A5388g)

CPU model: Apple M3
Thread count: 8 physical cores, 8 logical processors, using up to 8 threads

Non-default parameters:
MIPGap  0.015

Optimize a model with 70354 rows, 44676 columns and 624631 nonzeros (Min)
Model fingerprint: 0x2a295f18
Model has 33150 linear objective coefficients
Variable types: 33524 continuous, 11152 integer (11152 binary)
Coefficient statistics:
  Matrix range     [3e-02, 4e+02]
  Objective range  [1e+00, 1e+15]
  Bounds range     [0e+00, 0e+00]
  RHS range        [1e-02, 4e+02]
Warning: Model contains large objective coefficients
         Consider reformulating model or setting NumericFocus parameter
         to avoid numerical issues.

Presolve removed 33234 rows and 19332 columns
Presolve time: 0.33s
Presolved: 37120 rows, 25344 columns, 138383 nonzeros
Variable types: 15027 continuous, 10317 integer (10317 binary)
Found heuristic solution: objective 3.387610e+07
Found heuristic solution: objective 3.162523e+07
Found heuristic solution: objective 1.072810e+07
Deterministic concurrent LP optimizer: primal and dual simplex
Showing primal log only...

Concurrent spin time: 0.02s

Solved with primal simplex

Use crossover to convert LP symmetric solution to basic solution...
Crossover time: 0.02 seconds (0.02 work units)

Root relaxation: objective 1.492760e+06, 5933 iterations, 0.18 seconds (0.33 work units)

    Nodes    |    Current Node    |     Objective Bounds      |     Work
 Expl Unexpl |  Obj  Depth IntInf | Incumbent    BestBd   Gap | It/Node Time

     0     0 1492759.94    0  445 1.0728e+07 1492759.94  86.1%     -    0s
H    0     0                    1656051.0001 1492759.94  9.86%     -    0s
H    0     0                    1653484.5462 1492759.94  9.72%     -    0s
H    0     0                    1652150.3876 1492759.94  9.65%     -    0s
H    0     0                    1651581.1473 1492759.94  9.62%     -    0s
H    0     0                    1587191.0779 1492759.94  5.95%     -    0s
H    0     0                    1583673.3239 1492759.94  5.74%     -    0s
H    0     0                    1583673.3192 1492759.94  5.74%     -    0s
H    0     0                    1577523.5438 1492759.94  5.37%     -    0s
H    0     0                    1577523.5405 1492759.94  5.37%     -    0s
H    0     0                    1574068.9617 1492759.94  5.17%     -    0s
H    0     0                    1572735.0566 1492759.94  5.09%     -    0s
H    0     0                    1572735.0514 1492759.94  5.09%     -    1s
H    0     0                    1572673.7654 1492759.94  5.08%     -    1s

Cutting planes:
  Learned: 6
  Gomory: 28
  Cover: 2
  Implied bound: 49
  MIR: 42
  Flow cover: 18
  Network: 14
  RLT: 66
  Relax-and-lift: 7

Explored 1 nodes (5976 simplex iterations) in 1.40 seconds (2.70 work units)
Thread count was 8 (of 8 available processors)

Solution count 10: 1.57267e+06 1.57407e+06 1.57752e+06 ... 1.07281e+07

Optimal solution found (tolerance 1.50e-02)
Best objective 1.572673765460e+06, best bound 1.572673765381e+06, gap 0.0000%

User-callback calls 714, time in user-callback 0.00 sec
	→ The renewable energy scenarios module loaded.
	→ Input data module loaded and ready for UC modeling.
	→ The [JULIA] environment_config has been loaded.
	→ Constraint modules included and functions exported.
	→ Objective functions module loaded and exported.
	→ Utility functions module loaded and exported.
	→ all boundary conditions validated.

================================================================================
EXPORTING ADAPTIVE OVERLAP WINDOW STATISTICS
================================================================================

Reading project input data...
Step-1: Loading packages and functions...
  Reading data from: /Users/yuanyiping/Documents/GitHub/02 Ongoing/module_unitcommitment/data/data_118_clustered_pcm.xlsx
  Reading frequency parameters...
  Reading energy storage system data...
  Reading generator, network, and load data...
  Reading data center data...
  Reading hydroelectric power data...
  ✓ All data successfully loaded from Excel file.
Step-2: imput data are loaded
  PCM load profile: baseline
  PCM random seed: 20260809
  Training case signature: 3c896adf4bffce98851907e495d4b8404f5509af94f79fa84bf71c3787138d43
  Training cache: MISS (a compatible case dataset will be needed before ML overlap prediction)
  Load curve horizon used for statistics: 168 h
  Wind scenario horizon used for statistics: 168 h
  Steady-state overlap mode: ml_prediction
  Calibration / training time excluded from subproblem solve times: 0.00 s
Step-3: Creating dispatching model (Refactored & Modularized)
	 Variables defined.
DEBUG set_objective_economic!: NT=36, NG=108, ND=91, NW=20, NS=1, K=3, size(refcost)=(108,), size(eachslope)=(3, 108)
objective_function
	MILP economic objective set
subject to.
	 constraints: 1) minimum shutup/shutdown time limits			 done
	 constraints: 2) binary variable logic					 done
	 constraints: 3) shutup/shutdown cost					 done
	 constraints: 4) loadcurtailments and spoliedwinds			 done
	 constraints: 5) generatos power limits					 done
	 constraints: 6) system reserves limits					 done
	 constraints: 7) power balance constraints				 done
	 constraints: 8) ramp-up/ramp-down constraints				 done
	 constraints: 9) piece linearization constraints			 done
	 constraints: 10) transmissionline limits skipped (is_NetWorkCon != 1 or Gsdf missing or NL=0)
	 constraints: 11) stroges system constraints skipped (NC=0 or variables not defined)
	 constraints: 12) data centra constraints skipped (is_ConsiderDataCentra != 1)
	 constraints: 13) frequency control constraints skipped (is_ConsiderFrequencyControl != 1)
	 constraints: 14) hydro power limits					 done
+++++++++++++++++++++++++++++++++++++++++++++++++++++++++++++++++++++++++++++++++++++++++++
Step-4: starting Gurobi solver
Step-5: Gurobi solver finished
+++++++++++++++++++++++++++++++++++++++++++++++++++++++++++++++++++++++++++++++++++++++++++

assert_is_solved_and_feasible(scuc) = nothing
solution_summary(scuc) = solution_summary(; result = 1, verbose = false)
├ solver_name          : Gurobi
├ Termination
│ ├ termination_status : OPTIMAL
│ ├ result_count       : 10
│ ├ raw_status         : Model was solved to optimality (subject to tolerances), and an optimal solution is available.
│ └ objective_bound    : 2.48515e+06
├ Solution (result = 1)
│ ├ primal_status        : FEASIBLE_POINT
│ ├ dual_status          : NO_SOLUTION
│ ├ objective_value      : 2.51377e+06
│ └ relative_gap         : 1.13846e-02
└ Work counters
  ├ solve_time (sec)   : 3.07631e+00
  ├ simplex_iterations : 14490
  ├ barrier_iterations : 0
  └ node_count         : 1


Termination Status: OPTIMAL
Acceptable solution found (Status: OPTIMAL).
Step-6: record datas
PART1: [unit-commitment] calculation result has been saved to: /Users/yuanyiping/Documents/GitHub/02 Ongoing/module_unitcommitment/output/pcm_benchmark/three_method_20260809_rerun/baseline/adaptive_overlap/run1/output/details_schedule_results/pcm_simulation_results/intervels_[1]/res_schedule_commitment_result.txt
  Info: No compatible offline training cache found. Loading pre-trained fallback decision model.
[AdaptiveOverlap][RampCriterion] start=1 no ramp/uncertainty event in lookahead; T_ramp=0
[AdaptiveOverlap] interval=1 start=1 mode=ml_prediction
  boundary criterion: U_norm=0.4072, T_dwell_rem=0.0, X_delta_norm=0.0139, X_switch_ratio=0.037
  steady-state criterion: L_norm=0.3271, sigma_load=21.2132, R_wind_max=0.0734, T_ml=10
  physical criteria: T_unit=0, ramp_event=false, T_ramp=0
  final criterion: max(T_ml=10, T_unit=0, T_ramp=0)=10; clamped_final=10, solved_horizon=34
Step-3: Creating dispatching model (Refactored & Modularized)
	 Variables defined.
DEBUG set_objective_economic!: NT=34, NG=108, ND=91, NW=20, NS=1, K=3, size(refcost)=(108,), size(eachslope)=(3, 108)
objective_function
	MILP economic objective set
subject to.
	 constraints: 1) minimum shutup/shutdown time limits			 done
	 constraints: 2) binary variable logic					 done
	 constraints: 3) shutup/shutdown cost					 done
	 constraints: 4) loadcurtailments and spoliedwinds			 done
	 constraints: 5) generatos power limits					 done
	 constraints: 6) system reserves limits					 done
	 constraints: 7) power balance constraints				 done
	 constraints: 8) ramp-up/ramp-down constraints				 done
	 constraints: 9) piece linearization constraints			 done
	 constraints: 10) transmissionline limits skipped (is_NetWorkCon != 1 or Gsdf missing or NL=0)
	 constraints: 11) stroges system constraints skipped (NC=0 or variables not defined)
	 constraints: 12) data centra constraints skipped (is_ConsiderDataCentra != 1)
	 constraints: 13) frequency control constraints skipped (is_ConsiderFrequencyControl != 1)
	 constraints: 14) hydro power limits					 done
+++++++++++++++++++++++++++++++++++++++++++++++++++++++++++++++++++++++++++++++++++++++++++
Step-4: starting Gurobi solver
Step-5: Gurobi solver finished
+++++++++++++++++++++++++++++++++++++++++++++++++++++++++++++++++++++++++++++++++++++++++++

assert_is_solved_and_feasible(scuc) = nothing
solution_summary(scuc) = solution_summary(; result = 1, verbose = false)
├ solver_name          : Gurobi
├ Termination
│ ├ termination_status : OPTIMAL
│ ├ result_count       : 10
│ ├ raw_status         : Model was solved to optimality (subject to tolerances), and an optimal solution is available.
│ └ objective_bound    : 2.27046e+06
├ Solution (result = 1)
│ ├ primal_status        : FEASIBLE_POINT
│ ├ dual_status          : NO_SOLUTION
│ ├ objective_value      : 2.29969e+06
│ └ relative_gap         : 1.27116e-02
└ Work counters
  ├ solve_time (sec)   : 2.79714e+00
  ├ simplex_iterations : 16080
  ├ barrier_iterations : 0
  └ node_count         : 1


Termination Status: OPTIMAL
Acceptable solution found (Status: OPTIMAL).
Step-6: record datas
PART1: [unit-commitment] calculation result has been saved to: /Users/yuanyiping/Documents/GitHub/02 Ongoing/module_unitcommitment/output/pcm_benchmark/three_method_20260809_rerun/baseline/adaptive_overlap/run1/output/details_schedule_results/pcm_simulation_results/intervels_[1]/res_schedule_commitment_result.txt
PART1: [unit-commitment] calculation result has been saved to: /Users/yuanyiping/Documents/GitHub/02 Ongoing/module_unitcommitment/output/pcm_benchmark/three_method_20260809_rerun/baseline/adaptive_overlap/run1/output/details_schedule_results/pcm_simulation_results/intervels_[1]/res_schedule_commitment_result.txt
Step-3: Creating dispatching model (Refactored & Modularized)
	 Variables defined.
DEBUG set_objective_economic!: NT=36, NG=108, ND=91, NW=20, NS=1, K=3, size(refcost)=(108,), size(eachslope)=(3, 108)
objective_function
	MILP economic objective set
subject to.
	 constraints: 1) minimum shutup/shutdown time limits			 done
	 constraints: 2) binary variable logic					 done
	 constraints: 3) shutup/shutdown cost					 done
	 constraints: 4) loadcurtailments and spoliedwinds			 done
	 constraints: 5) generatos power limits					 done
	 constraints: 6) system reserves limits					 done
	 constraints: 7) power balance constraints				 done
	 constraints: 8) ramp-up/ramp-down constraints				 done
	 constraints: 9) piece linearization constraints			 done
	 constraints: 10) transmissionline limits skipped (is_NetWorkCon != 1 or Gsdf missing or NL=0)
	 constraints: 11) stroges system constraints skipped (NC=0 or variables not defined)
	 constraints: 12) data centra constraints skipped (is_ConsiderDataCentra != 1)
	 constraints: 13) frequency control constraints skipped (is_ConsiderFrequencyControl != 1)
	 constraints: 14) hydro power limits					 done
+++++++++++++++++++++++++++++++++++++++++++++++++++++++++++++++++++++++++++++++++++++++++++
Step-4: starting Gurobi solver
Step-5: Gurobi solver finished
+++++++++++++++++++++++++++++++++++++++++++++++++++++++++++++++++++++++++++++++++++++++++++

assert_is_solved_and_feasible(scuc) = nothing
solution_summary(scuc) = solution_summary(; result = 1, verbose = false)
├ solver_name          : Gurobi
├ Termination
│ ├ termination_status : OPTIMAL
│ ├ result_count       : 10
│ ├ raw_status         : Model was solved to optimality (subject to tolerances), and an optimal solution is available.
│ └ objective_bound    : 2.72293e+06
├ Solution (result = 1)
│ ├ primal_status        : FEASIBLE_POINT
│ ├ dual_status          : NO_SOLUTION
│ ├ objective_value      : 2.76053e+06
│ └ relative_gap         : 1.36212e-02
└ Work counters
  ├ solve_time (sec)   : 2.68212e+00
  ├ simplex_iterations : 13647
  ├ barrier_iterations : 0
  └ node_count         : 1


Termination Status: OPTIMAL
Acceptable solution found (Status: OPTIMAL).
Step-6: record datas
PART1: [unit-commitment] calculation result has been saved to: /Users/yuanyiping/Documents/GitHub/02 Ongoing/module_unitcommitment/output/pcm_benchmark/three_method_20260809_rerun/baseline/adaptive_overlap/run1/output/details_schedule_results/pcm_simulation_results/intervels_[2]/res_schedule_commitment_result.txt
[AdaptiveOverlap][RampCriterion] start=25 no ramp/uncertainty event in lookahead; T_ramp=0
[AdaptiveOverlap] interval=2 start=25 mode=ml_prediction
  boundary criterion: U_norm=0.295, T_dwell_rem=7.0, X_delta_norm=0.2507, X_switch_ratio=0.1389
  steady-state criterion: L_norm=0.3474, sigma_load=30.8015, R_wind_max=0.0677, T_ml=10
  physical criteria: T_unit=7, ramp_event=false, T_ramp=0
  final criterion: max(T_ml=10, T_unit=7, T_ramp=0)=10; clamped_final=10, solved_horizon=34
Step-3: Creating dispatching model (Refactored & Modularized)
	 Variables defined.
DEBUG set_objective_economic!: NT=34, NG=108, ND=91, NW=20, NS=1, K=3, size(refcost)=(108,), size(eachslope)=(3, 108)
objective_function
	MILP economic objective set
subject to.
	 constraints: 1) minimum shutup/shutdown time limits			 done
	 constraints: 2) binary variable logic					 done
	 constraints: 3) shutup/shutdown cost					 done
	 constraints: 4) loadcurtailments and spoliedwinds			 done
	 constraints: 5) generatos power limits					 done
	 constraints: 6) system reserves limits					 done
	 constraints: 7) power balance constraints				 done
	 constraints: 8) ramp-up/ramp-down constraints				 done
	 constraints: 9) piece linearization constraints			 done
	 constraints: 10) transmissionline limits skipped (is_NetWorkCon != 1 or Gsdf missing or NL=0)
	 constraints: 11) stroges system constraints skipped (NC=0 or variables not defined)
	 constraints: 12) data centra constraints skipped (is_ConsiderDataCentra != 1)
	 constraints: 13) frequency control constraints skipped (is_ConsiderFrequencyControl != 1)
	 constraints: 14) hydro power limits					 done
+++++++++++++++++++++++++++++++++++++++++++++++++++++++++++++++++++++++++++++++++++++++++++
Step-4: starting Gurobi solver
Step-5: Gurobi solver finished
+++++++++++++++++++++++++++++++++++++++++++++++++++++++++++++++++++++++++++++++++++++++++++

assert_is_solved_and_feasible(scuc) = nothing
solution_summary(scuc) = solution_summary(; result = 1, verbose = false)
├ solver_name          : Gurobi
├ Termination
│ ├ termination_status : OPTIMAL
│ ├ result_count       : 4
│ ├ raw_status         : Model was solved to optimality (subject to tolerances), and an optimal solution is available.
│ └ objective_bound    : 2.73481e+06
├ Solution (result = 1)
│ ├ primal_status        : FEASIBLE_POINT
│ ├ dual_status          : NO_SOLUTION
│ ├ objective_value      : 2.73481e+06
│ └ relative_gap         : 0.00000e+00
└ Work counters
  ├ solve_time (sec)   : 1.63733e+00
  ├ simplex_iterations : 11688
  ├ barrier_iterations : 0
  └ node_count         : 1


Termination Status: OPTIMAL
Acceptable solution found (Status: OPTIMAL).
Step-6: record datas
PART1: [unit-commitment] calculation result has been saved to: /Users/yuanyiping/Documents/GitHub/02 Ongoing/module_unitcommitment/output/pcm_benchmark/three_method_20260809_rerun/baseline/adaptive_overlap/run1/output/details_schedule_results/pcm_simulation_results/intervels_[2]/res_schedule_commitment_result.txt
PART1: [unit-commitment] calculation result has been saved to: /Users/yuanyiping/Documents/GitHub/02 Ongoing/module_unitcommitment/output/pcm_benchmark/three_method_20260809_rerun/baseline/adaptive_overlap/run1/output/details_schedule_results/pcm_simulation_results/intervels_[2]/res_schedule_commitment_result.txt
Step-3: Creating dispatching model (Refactored & Modularized)
	 Variables defined.
DEBUG set_objective_economic!: NT=36, NG=108, ND=91, NW=20, NS=1, K=3, size(refcost)=(108,), size(eachslope)=(3, 108)
objective_function
	MILP economic objective set
subject to.
	 constraints: 1) minimum shutup/shutdown time limits			 done
	 constraints: 2) binary variable logic					 done
	 constraints: 3) shutup/shutdown cost					 done
	 constraints: 4) loadcurtailments and spoliedwinds			 done
	 constraints: 5) generatos power limits					 done
	 constraints: 6) system reserves limits					 done
	 constraints: 7) power balance constraints				 done
	 constraints: 8) ramp-up/ramp-down constraints				 done
	 constraints: 9) piece linearization constraints			 done
	 constraints: 10) transmissionline limits skipped (is_NetWorkCon != 1 or Gsdf missing or NL=0)
	 constraints: 11) stroges system constraints skipped (NC=0 or variables not defined)
	 constraints: 12) data centra constraints skipped (is_ConsiderDataCentra != 1)
	 constraints: 13) frequency control constraints skipped (is_ConsiderFrequencyControl != 1)
	 constraints: 14) hydro power limits					 done
+++++++++++++++++++++++++++++++++++++++++++++++++++++++++++++++++++++++++++++++++++++++++++
Step-4: starting Gurobi solver
Step-5: Gurobi solver finished
+++++++++++++++++++++++++++++++++++++++++++++++++++++++++++++++++++++++++++++++++++++++++++

assert_is_solved_and_feasible(scuc) = nothing
solution_summary(scuc) = solution_summary(; result = 1, verbose = false)
├ solver_name          : Gurobi
├ Termination
│ ├ termination_status : OPTIMAL
│ ├ result_count       : 10
│ ├ raw_status         : Model was solved to optimality (subject to tolerances), and an optimal solution is available.
│ └ objective_bound    : 1.91968e+06
├ Solution (result = 1)
│ ├ primal_status        : FEASIBLE_POINT
│ ├ dual_status          : NO_SOLUTION
│ ├ objective_value      : 1.94869e+06
│ └ relative_gap         : 1.48906e-02
└ Work counters
  ├ solve_time (sec)   : 2.84980e+00
  ├ simplex_iterations : 13142
  ├ barrier_iterations : 0
  └ node_count         : 1


Termination Status: OPTIMAL
Acceptable solution found (Status: OPTIMAL).
Step-6: record datas
PART1: [unit-commitment] calculation result has been saved to: /Users/yuanyiping/Documents/GitHub/02 Ongoing/module_unitcommitment/output/pcm_benchmark/three_method_20260809_rerun/baseline/adaptive_overlap/run1/output/details_schedule_results/pcm_simulation_results/intervels_[3]/res_schedule_commitment_result.txt
[AdaptiveOverlap][RampCriterion] start=49 no ramp/uncertainty event in lookahead; T_ramp=0
[AdaptiveOverlap] interval=3 start=49 mode=ml_prediction
  boundary criterion: U_norm=0.5111, T_dwell_rem=7.0, X_delta_norm=0.4086, X_switch_ratio=0.2407
  steady-state criterion: L_norm=0.2787, sigma_load=27.2774, R_wind_max=0.0675, T_ml=10
  physical criteria: T_unit=7, ramp_event=false, T_ramp=0
  final criterion: max(T_ml=10, T_unit=7, T_ramp=0)=10; clamped_final=10, solved_horizon=34
Step-3: Creating dispatching model (Refactored & Modularized)
	 Variables defined.
DEBUG set_objective_economic!: NT=34, NG=108, ND=91, NW=20, NS=1, K=3, size(refcost)=(108,), size(eachslope)=(3, 108)
objective_function
	MILP economic objective set
subject to.
	 constraints: 1) minimum shutup/shutdown time limits			 done
	 constraints: 2) binary variable logic					 done
	 constraints: 3) shutup/shutdown cost					 done
	 constraints: 4) loadcurtailments and spoliedwinds			 done
	 constraints: 5) generatos power limits					 done
	 constraints: 6) system reserves limits					 done
	 constraints: 7) power balance constraints				 done
	 constraints: 8) ramp-up/ramp-down constraints				 done
	 constraints: 9) piece linearization constraints			 done
	 constraints: 10) transmissionline limits skipped (is_NetWorkCon != 1 or Gsdf missing or NL=0)
	 constraints: 11) stroges system constraints skipped (NC=0 or variables not defined)
	 constraints: 12) data centra constraints skipped (is_ConsiderDataCentra != 1)
	 constraints: 13) frequency control constraints skipped (is_ConsiderFrequencyControl != 1)
	 constraints: 14) hydro power limits					 done
+++++++++++++++++++++++++++++++++++++++++++++++++++++++++++++++++++++++++++++++++++++++++++
Step-4: starting Gurobi solver
Step-5: Gurobi solver finished
+++++++++++++++++++++++++++++++++++++++++++++++++++++++++++++++++++++++++++++++++++++++++++

assert_is_solved_and_feasible(scuc) = nothing
solution_summary(scuc) = solution_summary(; result = 1, verbose = false)
├ solver_name          : Gurobi
├ Termination
│ ├ termination_status : OPTIMAL
│ ├ result_count       : 10
│ ├ raw_status         : Model was solved to optimality (subject to tolerances), and an optimal solution is available.
│ └ objective_bound    : 1.57267e+06
├ Solution (result = 1)
│ ├ primal_status        : FEASIBLE_POINT
│ ├ dual_status          : NO_SOLUTION
│ ├ objective_value      : 1.57267e+06
│ └ relative_gap         : 5.00009e-11
└ Work counters
  ├ solve_time (sec)   : 1.40808e+00
  ├ simplex_iterations : 5976
  ├ barrier_iterations : 0
  └ node_count         : 1


Termination Status: OPTIMAL
Acceptable solution found (Status: OPTIMAL).
Step-6: record datas
PART1: [unit-commitment] calculation result has been saved to: /Users/yuanyiping/Documents/GitHub/02 Ongoing/module_unitcommitment/output/pcm_benchmark/three_method_20260809_rerun/baseline/adaptive_overlap/run1/output/details_schedule_results/pcm_simulation_results/intervels_[3]/res_schedule_commitment_result.txt
PART1: [unit-commitment] calculation result has been saved to: /Users/yuanyiping/Documents/GitHub/02 Ongoing/module_unitcommitment/output/pcm_benchmark/three_method_20260809_rerun/baseline/adaptive_overlap/run1/output/details_schedule_results/pcm_simulation_results/intervels_[3]/res_schedule_commitment_result.txt
  ✓ Per-interval overlap statistics exported to CSV: /Users/yuanyiping/Documents/GitHub/02 Ongoing/module_unitcommitment/output/pcm_benchmark/three_method_20260809_rerun/baseline/adaptive_overlap/run1/output/details_schedule_results/adaptive_pcm_simulation_results/overlap_window_statistics.csv
  ✓ Human-readable summary report exported to TXT: /Users/yuanyiping/Documents/GitHub/02 Ongoing/module_unitcommitment/output/pcm_benchmark/three_method_20260809_rerun/baseline/adaptive_overlap/run1/output/details_schedule_results/adaptive_pcm_simulation_results/overlap_window_summary.txt
================================================================================


Per-Interval Overlap Summary Dataframe:
3×13 DataFrame
 Row │ Interval_ID  Start_Hour  Execution_Window_h  Steady_State_Overlap_h  Unit_Dwell_Overlap_h  Ramp_Event_Detected  Ramp_Overlap_h  Raw_Max_Overlap_h  Limiting_Factor  Final_Adaptive_Overlap_h  Total_Solved_Horizon_h  Subproblem_SolveTime_sec  Optimization_Status
     │ Int64        Int64       Int64               Int64                   Int64                 Bool                 Int64           Int64              String           Int64                     Int64                   Float64                   String
─────┼─────────────────────────────────────────────────────────────────────────────────────────────────────────────────────────────────────────────────────────────────────────────────────────────────────────────────────────────────────────────────────────────────────
   1 │           1           1                  24                      10                     0                false               0                 10  steady                                 10                      34                   4.00655  OK
   2 │           2          25                  24                      10                     7                false               0                 10  steady                                 10                      34                   2.50073  OK
   3 │           3          49                  24                      10                     7                false               0                 10  steady                                 10                      34                   2.28261  OK
