Set parameter Username
Set parameter LicenseID to value 2754784
Academic license - for non-commercial use only - expires 2026-12-14
Set parameter Username
Set parameter LicenseID to value 2754784
Academic license - for non-commercial use only - expires 2026-12-14
Set parameter MIPGap to value 0.015
Set parameter MIPGap to value 0.015
Gurobi Optimizer version 13.0.2 build v13.0.2rc1 (mac64[arm] - Darwin 27.0.0 26A5388g)

CPU model: Apple M3
Thread count: 8 physical cores, 8 logical processors, using up to 8 threads

Non-default parameters:
MIPGap  0.015

Optimize a model with 699940 rows, 432216 columns and 44315236 nonzeros (Min)
Model fingerprint: 0x35897adf
Model has 315036 linear objective coefficients
Variable types: 315432 continuous, 116784 integer (116784 binary)
Coefficient statistics:
  Matrix range     [3e-02, 4e+02]
  Objective range  [1e+00, 1e+15]
  Bounds range     [0e+00, 0e+00]
  RHS range        [1e-01, 1e+03]
Warning: Model contains large objective coefficients
         Consider reformulating model or setting NumericFocus parameter
         to avoid numerical issues.

Presolve removed 296536 rows and 162016 columns (presolve time = 5s)...
Presolve removed 306675 rows and 166970 columns
Presolve time: 9.84s
Presolved: 393265 rows, 265246 columns, 1824266 nonzeros
Variable types: 155686 continuous, 109560 integer (109560 binary)
Deterministic concurrent LP optimizer: primal simplex, dual simplex, and barrier
Showing barrier log only...

Root barrier log...

Ordering time: 0.14s

Barrier statistics:
 AA' NZ     : 1.685e+06
 Factor NZ  : 3.018e+06 (roughly 100 MB of memory)
 Factor Ops : 1.210e+08 (less than 1 second per iteration)
 Threads    : 5

                  Objective                Residual
Iter       Primal          Dual         Primal    Dual     Compl     Time
   0   2.28448712e+19 -4.03768138e+14  1.10e+03 1.60e+16  1.53e+11    22s
   1   4.38670470e+19 -5.75556352e+14  1.10e+03 1.60e+16  1.55e+11    22s
   2   1.76443577e+19 -1.10831236e+15  1.10e+03 1.60e+16  1.59e+11    22s
   3   1.59377138e+19 -1.94526462e+15  1.10e+03 1.60e+16  1.66e+11    22s
   4   5.88680989e+20 -4.21482349e+14  6.25e+04 1.60e+16  8.61e+12    22s
   5   1.12874231e+21 -8.03193870e+15  6.25e+04 1.60e+16  1.02e+13    22s
   6   5.07259753e+20 -9.63327400e+15  6.25e+04 1.60e+16  1.17e+13    22s
   7   5.06521904e+20 -3.78882491e+16  6.25e+04 1.60e+16  1.65e+13    22s
   8   7.38325979e+20 -4.45065645e+17  6.24e+04 1.60e+16  1.08e+14    22s
   9   7.06367239e+20 -4.74719610e+17  6.24e+04 1.60e+16  1.12e+14    22s
  10   5.45221111e+20 -1.98236229e+18  6.15e+04 1.55e+16  4.47e+14    22s
  11   5.12390808e+20 -2.39049275e+18  6.12e+04 1.53e+16  5.76e+14    22s
  12   3.60243724e+20 -3.44800217e+17  4.92e+04 9.70e+15  8.11e+14    23s
  13   1.39634766e+20 -1.85085959e+16  1.45e+04 6.00e+00  6.58e+14    23s
  14   3.04936983e+18 -1.78390730e+16  3.02e+02 4.00e+00  1.45e+13    23s
  15   4.32853364e+17 -2.08972376e+15  4.24e+01 4.00e+00  2.05e+12    23s
  16   9.86406771e+16 -3.32315025e+15  9.65e+00 6.00e+00  4.92e+11    23s
  17   3.93594292e+16 -2.45798196e+15  3.85e+00 6.00e+00  2.02e+11    23s
  18   1.99172356e+16 -1.72208813e+15  1.95e+00 4.00e+00  1.04e+11    23s
  19   7.88364942e+15 -1.10082957e+15  7.71e-01 2.00e+00  4.29e+10    23s
  20   2.09964518e+15 -6.89456291e+14  2.05e-01 2.00e+00  1.32e+10    23s
  21   2.42495739e+12 -2.59081266e+14  2.37e-04 4.00e+00  1.22e+09    23s
  22   4.17340418e+09 -5.03232141e+11  3.98e-07 4.00e+00  2.37e+06    23s
  23   2.05625187e+09 -2.44793106e+11  1.91e-07 4.00e+00  1.15e+06    23s
  24   1.71676516e+09 -8.04808256e+10  1.58e-07 2.00e+00  3.84e+05    23s
  25   1.66371124e+09 -7.24414871e+10  1.52e-07 2.00e+00  3.47e+05    23s
  26   1.59854182e+09 -7.19443964e+10  1.46e-07 4.00e+00  3.44e+05    23s
  27   1.53381609e+09 -6.80951359e+10  1.40e-07 4.00e+00  3.26e+05    23s
  28   1.47796855e+09 -6.18778091e+10  1.35e-07 2.00e+00  2.96e+05    23s
  29   1.39025734e+09 -5.98161608e+10  1.26e-07 2.00e+00  2.86e+05    23s
  30   1.29996567e+09 -5.88174793e+10  1.17e-07 2.00e+00  2.81e+05    23s
  31   1.22583253e+09 -5.82401154e+10  1.10e-07 2.00e+00  2.78e+05    23s
  32   1.14500693e+09 -5.16214043e+10  1.02e-07 2.00e+00  2.47e+05    23s
  33   1.08375028e+09 -4.69087754e+10  9.60e-08 4.00e+00  2.24e+05    23s
  34   1.04336690e+09 -4.46316576e+10  9.21e-08 4.00e+00  2.14e+05    23s
  35   1.03340552e+09 -3.59232917e+10  9.11e-08 4.00e+00  1.73e+05    23s
  36   9.21257926e+08 -3.35366653e+10  8.02e-08 4.00e+00  1.61e+05    23s
  37   8.15904187e+08 -2.51751108e+10  7.00e-08 4.00e+00  1.22e+05    23s
  38   7.51981074e+08 -2.20450784e+10  6.39e-08 2.00e+00  1.07e+05    23s
  39   5.54308548e+08 -1.53573684e+10  4.49e-08 4.00e+00  7.44e+04    24s
  40   4.25207599e+08 -1.24565820e+10  3.26e-08 2.00e+00  6.03e+04    24s
  41   2.33614967e+08 -8.30315235e+09  1.45e-08 2.00e+00  3.99e+04    24s
  42   1.86244419e+08 -4.53840434e+09  1.04e-08 2.00e+00  2.21e+04    24s
  43   1.60047614e+08 -3.40670173e+09  7.99e-09 2.00e+00  1.67e+04    24s
  44   1.50402828e+08 -2.85105003e+09  7.12e-09 2.00e+00  1.40e+04    24s
  45   8.71209418e+07 -9.27587523e+08  1.07e-09 2.00e+00  4.75e+03    24s
  46   7.71567303e+07 -8.79556908e+08  3.73e-10 4.00e+00  4.47e+03    24s
  47   7.53137945e+07 -7.69513635e+08  3.58e-10 2.00e+00  3.95e+03    24s
  48   7.69709093e+07 -4.95671140e+08  3.15e-10 2.00e+00  2.68e+03    24s
  49   7.27851882e+07 -4.82710085e+08  1.50e-10 4.00e+00  2.60e+03    24s
  50   7.19005320e+07 -3.00556558e+08  1.28e-10 4.00e+00  1.74e+03    24s
  51   7.00691749e+07 -1.53359560e+08  1.03e-10 2.00e+00  1.05e+03    24s
  52   6.68214699e+07 -6.29365722e+07  9.99e-11 2.00e+00  6.07e+02    24s
  53   6.62570488e+07 -2.16783096e+07  8.88e-11 2.00e+00  4.11e+02    24s
  54   6.51820630e+07  1.10256565e+07  6.36e-11 2.00e+00  2.53e+02    24s
  55   6.37246837e+07  1.95869207e+07  5.48e-11 2.00e+00  2.07e+02    24s
  56   6.22829163e+07  3.01135223e+07  4.47e-11 2.00e+00  1.51e+02    24s
  57   6.09744413e+07  3.85642094e+07  3.44e-11 2.00e+00  1.05e+02    24s
  58   5.93029853e+07  4.13311114e+07  2.15e-11 2.00e+00  8.41e+01    24s
  59   5.80380191e+07  4.59298116e+07  1.95e-11 2.00e+00  5.67e+01    25s
  60   5.70516742e+07  4.81736569e+07  1.30e-11 2.00e+00  4.16e+01    25s
  61   5.66672766e+07  4.98217277e+07  1.23e-11 2.00e+00  3.20e+01    25s
  62   5.54654857e+07  5.16006838e+07  5.49e-12 2.00e+00  1.81e+01    25s
  63   5.50839986e+07  5.28413947e+07  4.13e-12 2.00e+00  1.05e+01    25s
  64   5.47186280e+07  5.31822780e+07  2.58e-12 4.00e+00  7.19e+00    25s
  65   5.45098768e+07  5.34493675e+07  1.82e-12 2.00e+00  4.96e+00    25s
  66   5.43582944e+07  5.35753378e+07  2.04e-12 2.00e+00  3.67e+00    25s
  67   5.42521376e+07  5.37395022e+07  1.39e-12 2.00e+00  2.40e+00    25s
  68   5.41567626e+07  5.38587955e+07  6.36e-13 2.00e+00  1.40e+00    25s
  69   5.41085058e+07  5.38932670e+07  1.61e-12 2.00e+00  1.01e+00    25s
  70   5.40785464e+07  5.39315666e+07  1.58e-11 2.00e+00  6.88e-01    25s
  71   5.40540390e+07  5.39567991e+07  1.47e-11 2.00e+00  4.55e-01    25s
  72   5.40454277e+07  5.39704080e+07  1.21e-11 2.00e+00  3.51e-01    25s
  73   5.40314117e+07  5.39816994e+07  8.30e-12 2.00e+00  2.33e-01    26s
  74   5.40269350e+07  5.39863601e+07  8.04e-12 2.00e+00  1.90e-01    26s
  75   5.40200605e+07  5.39959910e+07  3.74e-11 2.00e+00  1.13e-01    26s
  76   5.40174909e+07  5.40003947e+07  2.82e-11 2.00e+00  8.01e-02    26s
  77   5.40131955e+07  5.40023156e+07  2.92e-11 2.00e+00  5.10e-02    26s
  78   5.40121401e+07  5.40026479e+07  2.49e-11 2.00e+00  4.45e-02    26s
  79   5.40102358e+07  5.40033641e+07  8.77e-12 2.00e+00  3.22e-02    26s
  80   5.40095317e+07  5.40045774e+07  1.33e-11 2.00e+00  2.32e-02    26s
  81   5.40072252e+07  5.40051390e+07  3.37e-11 2.00e+00  9.78e-03    26s
  82   5.40060618e+07  5.40054984e+07  3.27e-11 2.00e+00  2.64e-03    26s
  83   5.40056632e+07  5.40055635e+07  2.55e-11 4.00e+00  4.68e-04    27s
  84   5.40055944e+07  5.40055739e+07  1.67e-11 2.00e+00  9.65e-05    27s
  85   5.40055830e+07  5.40055802e+07  5.10e-10 2.00e+00  1.38e-05    27s
  86   5.40055827e+07  5.40055816e+07  5.12e-09 2.00e+00  5.21e-06    27s
  87   5.40055827e+07  5.40055817e+07  1.71e-08 2.00e+00  4.96e-06    27s
  88   5.40055826e+07  5.40055818e+07  1.35e-08 2.00e+00  4.10e-06    27s
  89   5.40055826e+07  5.40055818e+07  1.38e-08 2.00e+00  3.81e-06    27s
  90   5.40055826e+07  5.40055818e+07  1.38e-08 2.00e+00  3.81e-06    27s
  91   5.40055826e+07  5.40055818e+07  1.28e-08 2.00e+00  3.63e-06    27s

Barrier solved model in 91 iterations and 27.25 seconds (75.96 work units)
Optimal objective 5.40055826e+07


Root crossover log...

   53235 DPushes remaining with DInf 0.0000000e+00                27s
       0 DPushes remaining with DInf 0.0000000e+00                28s

     497 PPushes remaining with PInf 0.0000000e+00                28s
       0 PPushes remaining with PInf 0.0000000e+00                28s

  Push phase complete: Pinf 0.0000000e+00, Dinf 1.6377307e+06     28s


Root simplex log...

Iteration    Objective       Primal Inf.    Dual Inf.      Time
   34867    5.4005582e+07   0.000000e+00   1.637731e+06     28s
   35940    5.4005582e+07   0.000000e+00   0.000000e+00     28s
Crossover time: 0.59 seconds (0.48 work units)
Concurrent spin time: 1.23s (can be avoided by choosing Method=3)

Solved with barrier

Use crossover to convert LP symmetric solution to basic solution...

Root crossover log...

    1921 DPushes remaining with DInf 0.0000000e+00                29s
       0 DPushes remaining with DInf 0.0000000e+00                29s

     789 PPushes remaining with PInf 0.0000000e+00                29s
       0 PPushes remaining with PInf 0.0000000e+00                29s

  Push phase complete: Pinf 0.0000000e+00, Dinf 9.0840619e-09     30s


Root simplex log...

Iteration    Objective       Primal Inf.    Dual Inf.      Time
   38095    5.4005582e+07   0.000000e+00   0.000000e+00     30s
Crossover time: 0.41 seconds (0.69 work units)

Root relaxation: objective 5.400558e+07, 38095 iterations, 8.33 seconds (9.29 work units)

    Nodes    |    Current Node    |     Objective Bounds      |     Work
 Expl Unexpl |  Obj  Depth IntInf | Incumbent    BestBd   Gap | It/Node Time

     0     0 5.4006e+07    0 9648          - 5.4006e+07      -     -   30s
H    0     0                    5.719358e+17 5.4006e+07   100%     -   51s
     0     0 5.4118e+07    0 10642 5.7194e+17 5.4118e+07   100%     -   74s
H    0     0                    1.997708e+17 5.4118e+07   100%     -   92s
     0     0 5.4122e+07    0 10244 1.9977e+17 5.4122e+07   100%     -  101s
     0     0 5.4122e+07    0 10319 1.9977e+17 5.4122e+07   100%     -  103s
     0     0 5.4122e+07    0 10319 1.9977e+17 5.4122e+07   100%     -  104s
     0     0 5.4151e+07    0 8744 1.9977e+17 5.4151e+07   100%     -  123s
     0     0 5.4151e+07    0 8623 1.9977e+17 5.4151e+07   100%     -  127s
     0     0 5.4151e+07    0 8623 1.9977e+17 5.4151e+07   100%     -  128s
     0     0 5.4170e+07    0 7476 1.9977e+17 5.4170e+07   100%     -  148s
     0     0 5.4171e+07    0 7378 1.9977e+17 5.4171e+07   100%     -  151s
     0     0 5.4171e+07    0 7478 1.9977e+17 5.4171e+07   100%     -  152s
     0     0 5.4171e+07    0 7437 1.9977e+17 5.4171e+07   100%     -  154s
     0     0 5.4196e+07    0 7046 1.9977e+17 5.4196e+07   100%     -  182s
H    0     0                    1.536408e+17 5.4196e+07   100%     -  183s
     0     0 5.4197e+07    0 7262 1.5364e+17 5.4197e+07   100%     -  187s
     0     0 5.4197e+07    0 7298 1.5364e+17 5.4197e+07   100%     -  189s
     0     0 5.4197e+07    0 7306 1.5364e+17 5.4197e+07   100%     -  191s
     0     0 5.4214e+07    0 5813 1.5364e+17 5.4214e+07   100%     -  206s
     0     0 5.4214e+07    0 5954 1.5364e+17 5.4214e+07   100%     -  210s
     0     0 5.4214e+07    0 5721 1.5364e+17 5.4214e+07   100%     -  212s
     0     0 5.4214e+07    0 5758 1.5364e+17 5.4214e+07   100%     -  213s
     0     0 5.4228e+07    0 4206 1.5364e+17 5.4228e+07   100%     -  226s
H    0     0                    5.514437e+07 5.4228e+07  1.66%     -  228s
H    0     0                    5.513865e+07 5.4228e+07  1.65%     -  228s
H    0     0                    5.513793e+07 5.4228e+07  1.65%     -  228s
H    0     0                    5.513790e+07 5.4228e+07  1.65%     -  228s
H    0     0                    5.513780e+07 5.4228e+07  1.65%     -  228s
H    0     0                    5.513508e+07 5.4228e+07  1.64%     -  228s
H    0     0                    5.513435e+07 5.4228e+07  1.64%     -  228s
H    0     0                    5.513342e+07 5.4228e+07  1.64%     -  229s
H    0     0                    5.513270e+07 5.4228e+07  1.64%     -  229s
H    0     0                    5.512986e+07 5.4228e+07  1.63%     -  229s
H    0     0                    5.512680e+07 5.4228e+07  1.63%     -  229s
     0     0 5.4229e+07    0 4062 5.5127e+07 5.4229e+07  1.63%     -  232s
     0     0 5.4229e+07    0 4022 5.5127e+07 5.4229e+07  1.63%     -  233s
     0     0 5.4240e+07    0 3961 5.5127e+07 5.4240e+07  1.61%     -  244s
     0     0 5.4240e+07    0 3803 5.5127e+07 5.4240e+07  1.61%     -  245s
     0     0 5.4240e+07    0 3810 5.5127e+07 5.4240e+07  1.61%     -  245s
     0     0 5.4244e+07    0 3642 5.5127e+07 5.4244e+07  1.60%     -  253s
H    0     0                    5.461991e+07 5.4244e+07  0.69%     -  254s

Cutting planes:
  Gomory: 81
  Cover: 7
  Implied bound: 1431
  MIR: 4758
  Flow cover: 3783
  RLT: 165
  Relax-and-lift: 1699

Explored 1 nodes (159357 simplex iterations) in 255.01 seconds (689.99 work units)
Thread count was 8 (of 8 available processors)

Solution count 10: 5.46199e+07 5.51268e+07 5.51299e+07 ... 5.51379e+07

Optimal solution found (tolerance 1.50e-02)
Best objective 5.461991044591e+07, best bound 5.424425548432e+07, gap 0.6878%

User-callback calls 24849, time in user-callback 0.01 sec
Set parameter Username
Set parameter LicenseID to value 2754784
Academic license - for non-commercial use only - expires 2026-12-14
Set parameter MIPGap to value 0.015
Set parameter MIPGap to value 0.015
Gurobi Optimizer version 13.0.2 build v13.0.2rc1 (mac64[arm] - Darwin 27.0.0 26A5388g)

CPU model: Apple M3
Thread count: 8 physical cores, 8 logical processors, using up to 8 threads

Non-default parameters:
MIPGap  0.015

Optimize a model with 660786 rows, 408204 columns and 41850214 nonzeros (Min)
Model fingerprint: 0x1db7bf56
Model has 297534 linear objective coefficients
Variable types: 297908 continuous, 110296 integer (110296 binary)
Coefficient statistics:
  Matrix range     [3e-02, 4e+02]
  Objective range  [1e+00, 1e+15]
  Bounds range     [0e+00, 0e+00]
  RHS range        [1e-01, 1e+03]
Warning: Model contains large objective coefficients
         Consider reformulating model or setting NumericFocus parameter
         to avoid numerical issues.

Presolve removed 283624 rows and 154658 columns (presolve time = 5s)...
Presolve removed 290052 rows and 158098 columns
Presolve time: 8.91s
Presolved: 370734 rows, 250106 columns, 1719138 nonzeros
Variable types: 147026 continuous, 103080 integer (103080 binary)
Deterministic concurrent LP optimizer: primal simplex, dual simplex, and barrier
Showing barrier log only...

Root barrier log...

Ordering time: 0.16s

Barrier statistics:
 AA' NZ     : 1.642e+06
 Factor NZ  : 2.906e+06 (roughly 90 MB of memory)
 Factor Ops : 1.158e+08 (less than 1 second per iteration)
 Threads    : 5

                  Objective                Residual
Iter       Primal          Dual         Primal    Dual     Compl     Time
   0   2.12294341e+19 -3.95799665e+14  1.10e+03 1.60e+16  1.49e+11    21s
   1   4.11100126e+19 -5.55631669e+14  1.10e+03 1.60e+16  1.51e+11    21s
   2   1.64053226e+19 -1.00646186e+15  1.10e+03 1.60e+16  1.54e+11    21s
   3   1.51586695e+19 -1.62177844e+15  1.10e+03 1.60e+16  1.59e+11    21s
   4   5.55894434e+20 -4.13101392e+14  6.43e+04 1.60e+16  8.61e+12    21s
   5   1.06679055e+21 -8.18747972e+15  6.43e+04 1.60e+16  1.03e+13    21s
   6   5.43857212e+20 -3.80028725e+17  6.43e+04 1.60e+16  1.21e+14    21s
   7   4.98976361e+20 -2.51953359e+18  6.42e+04 1.59e+16  4.50e+14    21s
   8   4.61231930e+20 -5.35430016e+18  5.68e+04 1.15e+16  1.57e+15    22s
   9   7.91799500e+19 -8.28723809e+18  6.96e+03 4.94e+14  5.81e+14    22s
  10   8.25055060e+18 -2.67549343e+18  2.55e+02 8.48e+12  5.56e+13    22s
  11   1.95903859e+18 -1.70710291e+17  4.97e+01 2.78e+11  1.05e+13    22s
  12   3.83071923e+17 -2.22641626e+16  9.54e+00 5.55e+09  2.05e+12    22s
  13   1.47415047e+17 -1.29280501e+16  3.67e+00 1.51e+09  8.07e+11    22s
  14   4.43308698e+16 -7.27863165e+15  1.10e+00 2.59e+08  2.58e+11    22s
  15   1.10166627e+16 -2.97885327e+15  2.73e-01 6.71e+07  6.90e+10    22s
  16   8.52047298e+13 -9.91683417e+14  1.84e-03 2.12e+07  5.23e+09    22s
  17   4.25785449e+09 -1.30698366e+11  8.99e-08 2.78e+03  6.55e+05    22s
  18   4.18535313e+09 -1.28988969e+11  8.83e-08 2.74e+03  6.47e+05    22s
  19   4.06947577e+09 -1.27593879e+11  8.58e-08 2.71e+03  6.39e+05    22s
  20   3.98912099e+09 -1.26784766e+11  8.41e-08 2.69e+03  6.35e+05    22s
  21   3.94442077e+09 -1.25605417e+11  8.31e-08 2.67e+03  6.29e+05    22s
  22   3.89513199e+09 -1.25035606e+11  8.20e-08 2.00e+00  6.26e+05    22s
  23   3.87919142e+09 -1.23487531e+11  8.17e-08 2.00e+00  6.18e+05    22s
  24   3.79509750e+09 -1.21285718e+11  7.98e-08 2.00e+00  6.07e+05    22s
  25   3.75574557e+09 -1.19940249e+11  7.90e-08 2.00e+00  6.01e+05    22s
  26   3.74376090e+09 -1.19543094e+11  7.87e-08 2.00e+00  5.99e+05    23s
  27   3.74304684e+09 -1.19528052e+11  7.87e-08 2.00e+00  5.99e+05    23s
  28   3.74270216e+09 -1.19483354e+11  7.87e-08 4.00e+00  5.98e+05    23s
  29   3.74051862e+09 -1.19470084e+11  7.86e-08 2.00e+00  5.98e+05    23s
  30   3.73968503e+09 -1.19408917e+11  7.86e-08 2.00e+00  5.98e+05    23s

Barrier performed 30 iterations in 22.86 seconds (67.60 work units)
Numerical trouble encountered

Model may be infeasible or unbounded.  Consider using the
homogeneous algorithm (through parameter 'BarHomogeneous')

Concurrent spin time: 0.00s

Solved with dual simplex

Root simplex log...

Iteration    Objective       Primal Inf.    Dual Inf.      Time
   70029    5.0848599e+07   0.000000e+00   0.000000e+00     28s

Use crossover to convert LP symmetric solution to basic solution...

Root crossover log...

   18547 DPushes remaining with DInf 0.0000000e+00                28s
       0 DPushes remaining with DInf 0.0000000e+00                28s

     852 PPushes remaining with PInf 0.0000000e+00                28s
       0 PPushes remaining with PInf 0.0000000e+00                28s

  Push phase complete: Pinf 0.0000000e+00, Dinf 9.3964399e-09     28s


Root simplex log...

Iteration    Objective       Primal Inf.    Dual Inf.      Time
   74931    5.0848599e+07   0.000000e+00   0.000000e+00     28s
Crossover time: 0.50 seconds (0.81 work units)

Root relaxation: objective 5.084860e+07, 74931 iterations, 7.82 seconds (9.97 work units)

    Nodes    |    Current Node    |     Objective Bounds      |     Work
 Expl Unexpl |  Obj  Depth IntInf | Incumbent    BestBd   Gap | It/Node Time

     0     0 5.0849e+07    0 8024          - 5.0849e+07      -     -   29s
H    0     0                    1.866261e+17 5.0849e+07   100%     -   47s
     0     0 5.0994e+07    0 7466 1.8663e+17 5.0994e+07   100%     -   65s
H    0     0                    1.780240e+17 5.0994e+07   100%     -   66s
     0     0 5.0995e+07    0 6916 1.7802e+17 5.0995e+07   100%     -   67s
     0     0 5.0995e+07    0 6888 1.7802e+17 5.0995e+07   100%     -   68s
     0     0 5.0995e+07    0 6905 1.7802e+17 5.0995e+07   100%     -   69s
     0     0 5.1040e+07    0 6941 1.7802e+17 5.1040e+07   100%     -   81s
     0     0 5.1041e+07    0 6948 1.7802e+17 5.1041e+07   100%     -   82s
     0     0 5.1041e+07    0 6948 1.7802e+17 5.1041e+07   100%     -   83s
     0     0 5.1080e+07    0 4783 1.7802e+17 5.1080e+07   100%     -  105s
H    0     0                    3.028521e+16 5.1080e+07   100%     -  120s
     0     0 5.1081e+07    0 4995 3.0285e+16 5.1081e+07   100%     -  122s
     0     0 5.1082e+07    0 5012 3.0285e+16 5.1082e+07   100%     -  123s
     0     0 5.1082e+07    0 5018 3.0285e+16 5.1082e+07   100%     -  125s
     0     0 5.1116e+07    0 3582 3.0285e+16 5.1116e+07   100%     -  139s
H    0     0                    5.805403e+15 5.1116e+07   100%     -  140s
     0     0 5.1116e+07    0 3517 5.8054e+15 5.1116e+07   100%     -  141s
     0     0 5.1116e+07    0 3515 5.8054e+15 5.1116e+07   100%     -  143s
     0     0 5.1131e+07    0 3303 5.8054e+15 5.1131e+07   100%     -  157s
     0     0 5.1132e+07    0 3286 5.8054e+15 5.1132e+07   100%     -  159s
     0     0 5.1132e+07    0 3286 5.8054e+15 5.1132e+07   100%     -  160s
     0     0 5.1155e+07    0 3229 5.8054e+15 5.1155e+07   100%     -  172s
     0     0 5.1155e+07    0 3349 5.8054e+15 5.1155e+07   100%     -  174s
     0     0 5.1155e+07    0 3263 5.8054e+15 5.1155e+07   100%     -  176s
     0     0 5.1155e+07    0 3216 5.8054e+15 5.1155e+07   100%     -  176s
     0     0 5.1173e+07    0 3391 5.8054e+15 5.1173e+07   100%     -  185s
     0     0 5.1174e+07    0 3368 5.8054e+15 5.1174e+07   100%     -  187s
     0     0 5.1174e+07    0 3409 5.8054e+15 5.1174e+07   100%     -  187s
     0     0 5.1174e+07    0 3445 5.8054e+15 5.1174e+07   100%     -  188s
     0     0 5.1185e+07    0 3949 5.8054e+15 5.1185e+07   100%     -  193s
H    0     0                    5.463217e+07 5.1185e+07  6.31%     -  194s
H    0     0                    5.463076e+07 5.1185e+07  6.31%     -  194s
H    0     0                    5.462944e+07 5.1185e+07  6.30%     -  195s
H    0     0                    5.460850e+07 5.1185e+07  6.27%     -  195s
H    0     0                    5.460777e+07 5.1185e+07  6.27%     -  195s
     0     0 5.1185e+07    0 3596 5.4608e+07 5.1185e+07  6.27%     -  196s
     0     0 5.1185e+07    0 3600 5.4608e+07 5.1185e+07  6.27%     -  197s
     0     0 5.1191e+07    0 3369 5.4608e+07 5.1191e+07  6.26%     -  204s
     0     0 5.1191e+07    0 3326 5.4608e+07 5.1191e+07  6.26%     -  205s
     0     0 5.1191e+07    0 3326 5.4608e+07 5.1191e+07  6.26%     -  205s
     0     0 5.1198e+07    0 2127 5.4608e+07 5.1198e+07  6.24%     -  212s
H    0     0                    5.353027e+07 5.1198e+07  4.36%     -  215s
H    0     0                    5.328712e+07 5.1198e+07  3.92%     -  215s
H    0     0                    5.328712e+07 5.1198e+07  3.92%     -  215s
H    0     0                    5.229695e+07 5.1198e+07  2.10%     -  216s
H    0     0                    5.127769e+07 5.1198e+07  0.16%     -  217s

Cutting planes:
  Learned: 2
  Gomory: 99
  Implied bound: 1485
  Clique: 1
  MIR: 4448
  Flow cover: 4317
  Mod-K: 11
  RLT: 122
  Relax-and-lift: 1964

Explored 1 nodes (185681 simplex iterations) in 217.60 seconds (605.59 work units)
Thread count was 8 (of 8 available processors)

Solution count 10: 5.12777e+07 5.22969e+07 5.32871e+07 ... 5.8054e+15

Optimal solution found (tolerance 1.50e-02)
Best objective 5.127769155927e+07, best bound 5.119771977815e+07, gap 0.1560%

User-callback calls 26775, time in user-callback 0.02 sec
	→ The renewable energy scenarios module loaded.
	→ Input data module loaded and ready for UC modeling.
	→ The [JULIA] environment_config has been loaded.
	→ Constraint modules included and functions exported.
	→ Objective functions module loaded and exported.
	→ Utility functions module loaded and exported.
	→ all boundary conditions validated.

================================================================================
EXPORTING ADAPTIVE OVERLAP WINDOW STATISTICS
================================================================================

Reading project input data...
Step-1: Loading packages and functions...
  Reading data from: /Users/yuanyiping/Documents/GitHub/02 Ongoing/module_unitcommitment/data/data_118_clustered_pcm_10x.xlsx
  Reading frequency parameters...
  Reading energy storage system data...
  Reading generator, network, and load data...
  Reading data center data...
  Reading hydroelectric power data...
  ✓ All data successfully loaded from Excel file.
Step-2: imput data are loaded
  PCM load profile: extreme_ramp
  PCM random seed: 20260809
  Training case signature: f8e5e08cdfa82b0b2449a8df1a08b6b702a01db94b3b29fb0e6af87f3c97486c
  Training cache: HIT (4 samples; no retraining required)
  Load curve horizon used for statistics: 168 h
  Wind scenario horizon used for statistics: 168 h
  Steady-state overlap mode: ml_prediction
  Calibration / training time excluded from subproblem solve times: 0.00 s
Step-3: Creating dispatching model (Refactored & Modularized)
	 Variables defined.
DEBUG set_objective_economic!: NT=36, NG=1080, ND=91, NW=20, NS=1, K=3, size(refcost)=(1080,), size(eachslope)=(3, 1080)
objective_function
	MILP economic objective set
subject to.
	 constraints: 1) minimum shutup/shutdown time limits			 done
	 constraints: 2) binary variable logic					 done
	 constraints: 3) shutup/shutdown cost					 done
	 constraints: 4) loadcurtailments and spoliedwinds			 done
	 constraints: 5) generatos power limits					 done
	 constraints: 6) system reserves limits					 done
	 constraints: 7) power balance constraints				 done
	 constraints: 8) ramp-up/ramp-down constraints				 done
	 constraints: 9) piece linearization constraints			 done
	 constraints: 10) transmissionline limits skipped (is_NetWorkCon != 1 or Gsdf missing or NL=0)
	 constraints: 11) stroges system constraints skipped (NC=0 or variables not defined)
	 constraints: 12) data centra constraints skipped (is_ConsiderDataCentra != 1)
	 constraints: 13) frequency control constraints skipped (is_ConsiderFrequencyControl != 1)
	 constraints: 14) hydro power limits					 done
+++++++++++++++++++++++++++++++++++++++++++++++++++++++++++++++++++++++++++++++++++++++++++
Step-4: starting Gurobi solver
Step-5: Gurobi solver finished
+++++++++++++++++++++++++++++++++++++++++++++++++++++++++++++++++++++++++++++++++++++++++++

assert_is_solved_and_feasible(scuc) = nothing
solution_summary(scuc) = solution_summary(; result = 1, verbose = false)
├ solver_name          : Gurobi
├ Termination
│ ├ termination_status : OPTIMAL
│ ├ result_count       : 10
│ ├ raw_status         : Model was solved to optimality (subject to tolerances), and an optimal solution is available.
│ └ objective_bound    : 5.42443e+07
├ Solution (result = 1)
│ ├ primal_status        : FEASIBLE_POINT
│ ├ dual_status          : NO_SOLUTION
│ ├ objective_value      : 5.46199e+07
│ └ relative_gap         : 6.87762e-03
└ Work counters
  ├ solve_time (sec)   : 2.55043e+02
  ├ simplex_iterations : 159357
  ├ barrier_iterations : 91
  └ node_count         : 1


Termination Status: OPTIMAL
Acceptable solution found (Status: OPTIMAL).
Step-6: record datas
PART1: [unit-commitment] calculation result has been saved to: /Users/yuanyiping/Documents/GitHub/02 Ongoing/module_unitcommitment/output/pcm_benchmark/full_matrix_20260809/1080_units/extreme_ramp/adaptive_overlap/run1/output/details_schedule_results/pcm_simulation_results/intervels_[1]/res_schedule_commitment_result.txt
  Training cache hit: /Users/yuanyiping/Documents/GitHub/02 Ongoing/module_unitcommitment/output/pcm_training_cache/overlap_training_cache/f8e5e08cdfa82b0b2449a8df1a08b6b702a01db94b3b29fb0e6af87f3c97486c/offline_training_dataset.csv
Training Decision Tree on: /Users/yuanyiping/Documents/GitHub/02 Ongoing/module_unitcommitment/output/pcm_training_cache/overlap_training_cache/f8e5e08cdfa82b0b2449a8df1a08b6b702a01db94b3b29fb0e6af87f3c97486c/offline_training_dataset.csv
  Warning: Failed to train decision tree from dataset (ErrorException("Training dataset has only 4 valid rows; at least 5 are required.")). Falling back to default heuristic.
[AdaptiveOverlap][RampCriterion] start=1 no ramp/uncertainty event in lookahead; T_ramp=0
[AdaptiveOverlap] interval=1 start=1 mode=ml_prediction
  boundary criterion: U_norm=0.4072, T_dwell_rem=0.0, X_delta_norm=0.0139, X_switch_ratio=0.037
  steady-state criterion: L_norm=0.3268, sigma_load=280.892, R_wind_max=0.0734, T_ml=10
  physical criteria: T_unit=0, ramp_event=false, T_ramp=0
  final criterion: max(T_ml=10, T_unit=0, T_ramp=0)=10; clamped_final=10, solved_horizon=34
Step-3: Creating dispatching model (Refactored & Modularized)
	 Variables defined.
DEBUG set_objective_economic!: NT=34, NG=1080, ND=91, NW=20, NS=1, K=3, size(refcost)=(1080,), size(eachslope)=(3, 1080)
objective_function
	MILP economic objective set
subject to.
	 constraints: 1) minimum shutup/shutdown time limits			 done
	 constraints: 2) binary variable logic					 done
	 constraints: 3) shutup/shutdown cost					 done
	 constraints: 4) loadcurtailments and spoliedwinds			 done
	 constraints: 5) generatos power limits					 done
	 constraints: 6) system reserves limits					 done
	 constraints: 7) power balance constraints				 done
	 constraints: 8) ramp-up/ramp-down constraints				 done
	 constraints: 9) piece linearization constraints			 done
	 constraints: 10) transmissionline limits skipped (is_NetWorkCon != 1 or Gsdf missing or NL=0)
	 constraints: 11) stroges system constraints skipped (NC=0 or variables not defined)
	 constraints: 12) data centra constraints skipped (is_ConsiderDataCentra != 1)
	 constraints: 13) frequency control constraints skipped (is_ConsiderFrequencyControl != 1)
	 constraints: 14) hydro power limits					 done
+++++++++++++++++++++++++++++++++++++++++++++++++++++++++++++++++++++++++++++++++++++++++++
Step-4: starting Gurobi solver
Step-5: Gurobi solver finished
+++++++++++++++++++++++++++++++++++++++++++++++++++++++++++++++++++++++++++++++++++++++++++

assert_is_solved_and_feasible(scuc) = nothing
solution_summary(scuc) = solution_summary(; result = 1, verbose = false)
├ solver_name          : Gurobi
├ Termination
│ ├ termination_status : OPTIMAL
│ ├ result_count       : 10
│ ├ raw_status         : Model was solved to optimality (subject to tolerances), and an optimal solution is available.
│ └ objective_bound    : 5.11977e+07
├ Solution (result = 1)
│ ├ primal_status        : FEASIBLE_POINT
│ ├ dual_status          : NO_SOLUTION
│ ├ objective_value      : 5.12777e+07
│ └ relative_gap         : 1.55958e-03
└ Work counters
  ├ solve_time (sec)   : 2.17634e+02
  ├ simplex_iterations : 185681
  ├ barrier_iterations : 0
  └ node_count         : 1


Termination Status: OPTIMAL
Acceptable solution found (Status: OPTIMAL).
Step-6: record datas
PART1: [unit-commitment] calculation result has been saved to: /Users/yuanyiping/Documents/GitHub/02 Ongoing/module_unitcommitment/output/pcm_benchmark/full_matrix_20260809/1080_units/extreme_ramp/adaptive_overlap/run1/output/details_schedule_results/pcm_simulation_results/intervels_[1]/res_schedule_commitment_result.txt
PART1: [unit-commitment] calculation result has been saved to: /Users/yuanyiping/Documents/GitHub/02 Ongoing/module_unitcommitment/output/pcm_benchmark/full_matrix_20260809/1080_units/extreme_ramp/adaptive_overlap/run1/output/details_schedule_results/pcm_simulation_results/intervels_[1]/res_schedule_commitment_result.txt
  ✓ Per-interval overlap statistics exported to CSV: /Users/yuanyiping/Documents/GitHub/02 Ongoing/module_unitcommitment/output/pcm_benchmark/full_matrix_20260809/1080_units/extreme_ramp/adaptive_overlap/run1/output/details_schedule_results/adaptive_pcm_simulation_results/overlap_window_statistics.csv
  ✓ Human-readable summary report exported to TXT: /Users/yuanyiping/Documents/GitHub/02 Ongoing/module_unitcommitment/output/pcm_benchmark/full_matrix_20260809/1080_units/extreme_ramp/adaptive_overlap/run1/output/details_schedule_results/adaptive_pcm_simulation_results/overlap_window_summary.txt
================================================================================


Per-Interval Overlap Summary Dataframe:
1×13 DataFrame
 Row │ Interval_ID  Start_Hour  Execution_Window_h  Steady_State_Overlap_h  Unit_Dwell_Overlap_h  Ramp_Event_Detected  Ramp_Overlap_h  Raw_Max_Overlap_h  Limiting_Factor  Final_Adaptive_Overlap_h  Total_Solved_Horizon_h  Subproblem_SolveTime_sec  Optimization_Status
     │ Int64        Int64       Int64               Int64                   Int64                 Bool                 Int64           Int64              String           Int64                     Int64                   Float64                   String
─────┼─────────────────────────────────────────────────────────────────────────────────────────────────────────────────────────────────────────────────────────────────────────────────────────────────────────────────────────────────────────────────────────────────────
   1 │           1           1                  24                      10                     0                false               0                 10  steady                                 10                      34                    301.65  OK
