Set parameter Username
Set parameter LicenseID to value 2826524
Academic license - for non-commercial use only - expires 2027-05-22
Set parameter Username
Set parameter LicenseID to value 2826524
Academic license - for non-commercial use only - expires 2027-05-22
Set parameter Username
Set parameter LicenseID to value 2826524
Academic license - for non-commercial use only - expires 2027-05-22
Set parameter Username
Set parameter LicenseID to value 2826524
Academic license - for non-commercial use only - expires 2027-05-22
Set parameter Username
Set parameter LicenseID to value 2826524
Academic license - for non-commercial use only - expires 2027-05-22
Set parameter Username
Set parameter LicenseID to value 2826524
Academic license - for non-commercial use only - expires 2027-05-22
Set parameter Username
Set parameter LicenseID to value 2826524
Academic license - for non-commercial use only - expires 2027-05-22
Set parameter Username
Set parameter LicenseID to value 2826524
Academic license - for non-commercial use only - expires 2027-05-22
Set parameter Username
Set parameter LicenseID to value 2826524
Academic license - for non-commercial use only - expires 2027-05-22
Set parameter MIPGap to value 0.03
Set parameter Threads to value 4
Set parameter MIPGap to value 0.03
Set parameter Threads to value 4
Gurobi Optimizer version 13.0.2 build v13.0.2rc1 (win64 - Windows 11+.0 (29648.2))

CPU model: 13th Gen Intel(R) Core(TM) i7-13700F, instruction set [SSE2|AVX|AVX2]
Thread count: 16 physical cores, 24 logical processors, using up to 4 threads

Non-default parameters:
MIPGap  0.03
Threads  4

Optimize a model with 50000 rows, 31536 columns and 441400 nonzeros (Min)
Model fingerprint: 0x42cdfd6f
Model has 23400 linear objective coefficients
Variable types: 23664 continuous, 7872 integer (7872 binary)
Coefficient statistics:
  Matrix range     [4e-02, 4e+02]
  Objective range  [1e+00, 1e+15]
  Bounds range     [0e+00, 0e+00]
  RHS range        [2e-02, 4e+02]
Warning: Model contains large objective coefficients
         Consider reformulating model or setting NumericFocus parameter
         to avoid numerical issues.

Presolve removed 19778 rows and 10800 columns
Presolve time: 0.05s

Explored 0 nodes (0 simplex iterations) in 0.07 seconds (0.10 work units)
Thread count was 1 (of 24 available processors)

Solution count 0

Model is infeasible or unbounded
Best objective -, best bound -, gap -

User-callback calls 48, time in user-callback 0.00 sec
ERROR: LoadError: LoadError: Optimization failed for interval 2
in expression starting at D:\GithubClonefiles\module_unitcommitment\.worktrees\108_168h\tools\pcm\rolling_pcm_driver.jl:70
in expression starting at D:\GithubClonefiles\module_unitcommitment\.worktrees\108_168h\tools\pcm\clustered_pcm\main.jl:21
in expression starting at D:\GithubClonefiles\module_unitcommitment\.worktrees\108_168h\tools\pcm\main.jl:5
Stacktrace:
 [1] error(s::String)
   @ Base .\error.jl:44
 [2] top-level scope
   @ D:\GithubClonefiles\module_unitcommitment\.worktrees\108_168h\tools\pcm\benchmark\method_worker.jl:55
 [3] include(mod::Module, _path::String)
   @ Base .\Base.jl:306
 [4] exec_options(opts::Base.JLOptions)
   @ Base .\client.jl:317
 [5] _start()
   @ Base .\client.jl:550
in expression starting at D:\GithubClonefiles\module_unitcommitment\.worktrees\108_168h\tools\pcm\benchmark\method_worker.jl:55
	→ The renewable energy scenarios module loaded.
	→ Input data module loaded and ready for UC modeling.
	→ The [JULIA] environment_config has been loaded.
	→ Constraint modules included and functions exported.
	→ Objective functions module loaded and exported.
	→ Utility functions module loaded and exported.
	→ all boundary conditions validated.
  PCM random seed: 20260809

================================================================================
Step 1: Reading input data from Excel file...
================================================================================
Step-1: Loading packages and functions...
  Reading data from: D:\GithubClonefiles\module_unitcommitment\.worktrees\108_168h\data\data_118_clustered_pcm.xlsx
  Reading frequency parameters...
  Reading energy storage system data...
  Reading generator, network, and load data...
  Reading data center data...
  Reading hydroelectric power data...
  ✓ All data successfully loaded from Excel file.

================================================================================
Step 2: Formatting input data for optimization model...
================================================================================
Step-2: imput data are loaded
  PCM load profile: extreme_ramp
  PCM network constraints: disabled

================================================================================
Step 3: Generating wind power scenarios...
================================================================================

================================================================================
Step 4: Configuring sequential scheduling parameters...
================================================================================
  Formulation: clustered
  Scheduling intervals: 7
  Time periods per interval: 24
  Total planning horizon: 168 periods

================================================================================
Step 5: Running sequential unit commitment optimization...
================================================================================

--------------------------------------------------------------------------------
Processing scheduling interval 1 of 7...
--------------------------------------------------------------------------------
Step-3: Creating dispatching model (Refactored & Modularized)
  Clustered PCM: 108 physical units -> 31 equivalent units (71.3% state reduction; 108 units in non-singleton clusters)
  ✓ True clustered UC completed (31 virtual units)
  ✓ Interval 1 optimization completed successfully
Extracting results from dictionary...
details [unit_commtiemnt] scheduling results have been saved!

--------------------------------------------------------------------------------
Processing scheduling interval 2 of 7...
--------------------------------------------------------------------------------
Step-3: Creating dispatching model (Refactored & Modularized)
  Clustered PCM: 108 physical units -> 35 equivalent units (67.6% state reduction; 103 units in non-singleton clusters)
    5-point output grid is infeasible; retrying this window with 17 points
  Clustered PCM: 108 physical units -> 35 equivalent units (67.6% state reduction; 103 units in non-singleton clusters)
    Refined output grid is infeasible; entering continuous residence-power diagnosis
  Clustered PCM: 108 physical units -> 35 equivalent units (67.6% state reduction; 103 units in non-singleton clusters)
  ⚠ True clustered UC failed at cluster_master: INFEASIBLE; falling back to full unit-network SCUC
	 Variables defined.
DEBUG set_objective_economic!: NT=24, NG=108, ND=91, NW=20, NS=1, K=3, size(refcost)=(108,), size(eachslope)=(3, 108)
objective_function
	MILP economic objective set
subject to.
	 constraints: 1) minimum shutup/shutdown time limits			 done
	 constraints: 2) binary variable logic					 done
	 constraints: 3) shutup/shutdown cost					 done
	 constraints: 4) loadcurtailments and spoliedwinds			 done
	 constraints: 5) generatos power limits					 done
	 constraints: 6) system reserves limits					 done
	 constraints: 7) power balance constraints				 done
	 constraints: 8) ramp-up/ramp-down constraints				 done
	 constraints: 9) piece linearization constraints			 done
	 constraints: 10) transmissionline limits skipped (is_NetWorkCon != 1 or Gsdf missing or NL=0)
	 constraints: 11) stroges system constraints skipped (NC=0 or variables not defined)
	 constraints: 12) data centra constraints skipped (is_ConsiderDataCentra != 1)
	 constraints: 13) frequency control constraints skipped (is_ConsiderFrequencyControl != 1)
	 constraints: 14) hydro power limits					 done
+++++++++++++++++++++++++++++++++++++++++++++++++++++++++++++++++++++++++++++++++++++++++++
Step-4: starting Gurobi solver
Step-5: Gurobi solver finished
+++++++++++++++++++++++++++++++++++++++++++++++++++++++++++++++++++++++++++++++++++++++++++

solution_summary(scuc) = solution_summary(; result = 1, verbose = false)
├ solver_name          : Gurobi
├ Termination
│ ├ termination_status : INFEASIBLE_OR_UNBOUNDED
│ ├ result_count       : 0
│ └ raw_status         : Model was proven to be either infeasible or unbounded. To obtain a more definitive conclusion, set the DualReductions parameter to 0 and reoptimize.
├ Solution (result = 1)
│ ├ primal_status        : NO_SOLUTION
│ └ dual_status          : NO_SOLUTION
└ Work counters
  ├ solve_time (sec)   : 6.99999e-02
  ├ simplex_iterations : 0
  ├ barrier_iterations : 0
  └ node_count         : 0


Termination Status: INFEASIBLE_OR_UNBOUNDED
Solver did not find an acceptable solution. Status: INFEASIBLE_OR_UNBOUNDED
Optimization failed, returning nothing.
