Set parameter Username
Set parameter LicenseID to value 2754784
Academic license - for non-commercial use only - expires 2026-12-14
Set parameter Username
Set parameter LicenseID to value 2754784
Academic license - for non-commercial use only - expires 2026-12-14
Set parameter Username
Set parameter LicenseID to value 2754784
Academic license - for non-commercial use only - expires 2026-12-14
Set parameter Username
Set parameter LicenseID to value 2754784
Academic license - for non-commercial use only - expires 2026-12-14
Step-1: Pkgs and functions are loaded
Step-2: imput data are loaded

========================================================================================
Test System Boundary Summary
========================================================================================
  Buses (NB):                          6
  Transmission lines (NL):             7
  Thermal generators (NG):             3
  Loads (ND):                          3
  Time periods (NT):                   24
  Wind units (NW):                     2
  Wind scenarios (NS):                 2
  Storage units (NC):                  1
  Total generator Pmax:                3.4000
  Total generator Pmin:                1.1000
  Peak system load:                    3.2861
  Total wind capacity:                 5.0000
  Wind availability min/max:           0.3599 / 0.5011

========================================================================================
Configuration Flags
========================================================================================
  is_NetWorkCon:                       1
  is_ThermalUnitCon:                   1
  is_WindUnitCon:                      1
  is_SysticalCon:                      1
  is_PieceLinear:                      1
  is_NumSeg:                           3
  is_Alpha:                            0.005
  is_Belta:                            0.005
  is_CoalPrice:                        1
  is_ActiveLoad:                       1
  is_WindIntegration:                  1
  is_LoadsCuttingCoefficient:          100000.0
  is_WindsCuttingCoefficient:          100000.0
  is_MaxIterationsNum:                 50
  is_CalculPrecision:                  0.01
  is_ConsiderDataCentra:               0
  is_ConsiderFrequencyControl:         0
  is_ConsiderBESS:                     0
  is_ConsiderMultiCUTs:                1

========================================================================================
Thermal Units
========================================================================================
  index:                               [1, 2, 3]
  locatebus:                           [1, 2, 6]
  p_max:                               [2.2, 1.0, 0.2]
  p_min:                               [0.9, 0.1, 0.1]
  ramp_up:                             [0.5, 0.4, 0.4]
  ramp_down:                           [0.5, 0.4, 0.4]
  startup ramp:                        [0.9, 0.1, 0.1]
  shutdown ramp:                       [0.9, 0.1, 0.1]
  min up time:                         [4.0, 2.0, 2.0]
  min down time:                       [4.0, 3.0, 3.0]
  initial status:                      [1.0, 0.0, 0.0]
  initial time:                        [4.0, 3.0, 3.0]
  initial power:                       [1.5, 0.0, 0.0]
  cost a:                              [4.0, 10.0, 50.0]
  cost b:                              [1350.0, 3260.0, 1760.0000000000002]
  cost c:                              [176.9, 129.9, 137.4]

========================================================================================
Loads
========================================================================================
  index:                               [1, 2, 3]
  locatebus:                           [3, 4, 5]
  load total by bus:                   [13.034960000000002, 26.069920000000003, 26.069920000000003]
  load total by time:                  [2.1919, 2.3535000000000004, 2.3467000000000002, 2.3673, 2.3906, 2.4448, 2.7338999999999993, 2.904, 2.8355999999999995, 2.8120000000000003, 3.2861000000000007, 3.2810000000000006, 3.2618, 3.2360000000000007, 3.2686, 2.8779000000000003, 2.6, 2.4674000000000005, 2.5596999999999994, 2.3735, 2.4331000000000005, 2.8314000000000004, 2.8305000000000002, 2.4875]
  load_curve (3 x 24):
    row 01:     0.4384     0.4707     0.4693     0.4735     0.4781     0.4890     0.5468     0.5808     0.5671     0.5624     0.6572     0.6562     0.6524     0.6472     0.6537     0.5756     0.5200     0.4935     0.5119     0.4747     0.4866     0.5663     0.5661     0.4975
    row 02:     0.8768     0.9414     0.9387     0.9469     0.9562     0.9779     1.0936     1.1616     1.1342     1.1248     1.3144     1.3124     1.3047     1.2944     1.3074     1.1512     1.0400     0.9870     1.0239     0.9494     0.9732     1.1326     1.1322     0.9950
    row 03:     0.8768     0.9414     0.9387     0.9469     0.9562     0.9779     1.0936     1.1616     1.1342     1.1248     1.3144     1.3124     1.3047     1.2944     1.3074     1.1512     1.0400     0.9870     1.0239     0.9494     0.9732     1.1326     1.1322     0.9950

========================================================================================
Transmission Lines
========================================================================================
  index:                               [1, 2, 3, 4, 5, 6, 7]
  from:                                [1, 1, 2, 5, 3, 2, 4]
  to:                                  [2, 4, 4, 6, 6, 3, 5]
  reactance x:                         [0.17, 0.258, 0.197, 0.14, 0.018, 0.037, 0.037]
  forward p_max:                       [2.0, 1.2, 1.2, 1.2, 1.2, 2.0, 1.2]
  reverse p_min:                       [-2.0, -1.2, -1.2, -1.2, -1.2, -2.0, -1.2]

========================================================================================
Wind Units and Scenarios
========================================================================================
  index:                               [1, 2]
  locatebus:                           [1, 1]
  installed capacity:                  [2.5, 2.5]
  scenario probability:                0.5
  scenario count:                      2
  scenario mean availability:          [0.4447435962504497, 0.4533875225485996, 0.4285452303012921, 0.42736355827890765, 0.41243026015856743, 0.36414391554087294, 0.4134850183847948, 0.4254632926749716, 0.4293001922170484, 0.4543246460966305, 0.39830881233825355, 0.4237556582173543, 0.4670497155757105, 0.43493705649342995, 0.45196990530992454, 0.4585736293615328, 0.4199702146268374, 0.43816798518981803, 0.41971270635583613, 0.4186291542399505, 0.4782587045648418, 0.4531962709269002, 0.4567453741891586, 0.41729079672287905]
  wind scenario curves (2 x 24):
    row 01:     0.4375     0.4428     0.4342     0.4427     0.4262     0.3684     0.4318     0.4127     0.4185     0.4642     0.4229     0.4182     0.4588     0.4296     0.4445     0.4601     0.4336     0.4270     0.4112     0.4293     0.4554     0.4604     0.4539     0.4012
    row 02:     0.4519     0.4640     0.4229     0.4120     0.3986     0.3599     0.3952     0.4382     0.4401     0.4445     0.3737     0.4293     0.4753     0.4403     0.4594     0.4570     0.4063     0.4494     0.4282     0.4080     0.5011     0.4460     0.4596     0.4334

========================================================================================
Storage Units
========================================================================================
  index:                               [1]
  locatebus:                           [1]
  Q_max:                               [1.0]
  Q_min:                               [0.1]
  charge power limit:                  [1.0]
  discharge power limit:               [0.1]
  initial energy:                      [0.2]
  charge ramp/cost parameter:          [0.6]
  discharge ramp/cost parameter:       [0.6]
  charge efficiency:                   [0.85]
  discharge efficiency:                [1.0]
  self-discharge:                      [0.05]

========================================================================================
Consistency Checks
========================================================================================
  [OK] NG matches length(units.index)
  [OK] NL matches length(lines.index)
  [OK] ND matches length(loads.index)
  [OK] NW matches length(winds.index)
  [OK] NT matches load_curve columns
  [OK] ND matches load_curve rows
  [OK] NS matches wind scenario rows
  [OK] NT matches wind scenario columns
  [OK] generator p_max >= p_min
  [OK] line p_max >= 0
  [OK] load curve is finite and nonnegative
  [OK] wind scenarios are finite and nonnegative

Boundary condition report completed successfully.

Initializing Benders Master Problem construction...
	 MILP_type objective_function 						 done
	 constraints: 1) minimum shutup/shutdown time limits			 done
	 constraints: 2) binary variable logic					 done
	 constraints: 3) shutup/shutdown cost					 done
	 constraints: master supply adequacy cuts				 done
Initializing Benders Subproblem (Recourse) construction...
	 LP_type subproblem objective_function 					 done
Objective function has been set.
	 constraints: 4) loadcurtailments and spoliedwinds			 done
	 constraints: 5) generatos power limits					 done
	 constraints: 6) system reserves limits					 done
	 constraints: 7) power balance constraints				 done
	 constraints: 8) ramp-up/ramp-down constraints				 done
	 constraints: 9) piece linearization constraints			 done
	 constraints: 10) transmissionline limits for basline			 done
	 constraints: 11) stroges system constraints skipped (NC=0 or variables not defined)
Initializing Benders Subproblem (Recourse) construction...
	 LP_type subproblem objective_function 					 done
Objective function has been set.
	 constraints: 4) loadcurtailments and spoliedwinds			 done
	 constraints: 5) generatos power limits					 done
	 constraints: 6) system reserves limits					 done
	 constraints: 7) power balance constraints				 done
	 constraints: 8) ramp-up/ramp-down constraints				 done
	 constraints: 9) piece linearization constraints			 done
	 constraints: 10) transmissionline limits for basline			 done
	 constraints: 11) stroges system constraints skipped (NC=0 or variables not defined)
Initializing Benders Subproblem (Recourse) construction...
	 LP_type subproblem objective_function 					 done
Objective function has been set.
	 constraints: 4) loadcurtailments and spoliedwinds			 done
	 constraints: 5) generatos power limits					 done
	 constraints: 6) system reserves limits					 done
	 constraints: 7) power balance constraints				 done
	 constraints: 8) ramp-up/ramp-down constraints				 done
	 constraints: 9) piece linearization constraints			 done
	 constraints: 10) transmissionline limits for basline			 done
	 constraints: 11) stroges system constraints skipped (NC=0 or variables not defined)
[ Info: Generating batch subproblems for multi-cut scenarios
[ Info: Batch subproblem dictionary successfully created with 2 independent entries.
Starting (Strengthen) Benders decomposition algorithm
iteration start ...

====================================================
ITER 	 LOWER_bound 	    UPPER_bound   	 GAP
----------------------------------------------------
1              350            1.11139e+06    0.999685       
2              2290           1.11139e+06    0.99794        
3              3510           1.11139e+06    0.996842       
4              3510           1.11139e+06    0.996842       
5              3510           1.11139e+06    0.996842       
6              3510           1.11139e+06    0.996842       
7              3510           1.11139e+06    0.996842       
8              3770           295740         0.987252       
9              237090         295740         0.198318       
10             237238         295740         0.197817       
11             237381         295740         0.197334       
12             244586         295740         0.172971       
13             245914         295740         0.168482       
14             246100         295740         0.16785        
15             248776         295740         0.158803       
16             249169         295740         0.157475       
17             249171         295740         0.157467       
18             250228         295740         0.153895       
19             255073         295740         0.137511       
20             255999         295740         0.13438        
21             257661         295740         0.12876        
22             258738         295740         0.125118       
23             259505         295740         0.122523       
24             270172         295740         0.0864548      
25             272449         281950         0.033699       
26             273914         277181         0.0117869      
27             277019         277181         0.000583614    


====================================================
Convergence achieved - Optimal solution found
FINAL UPPER BOUND: 277181.0248636769
FINAL LOWER BOUND: 277019.25819701015
FINAL GAP:         0.0005836137836121921
====================================================
