Set parameter Username
Set parameter LicenseID to value 2754784
Academic license - for non-commercial use only - expires 2026-12-14
Set parameter Username
Set parameter LicenseID to value 2754784
Academic license - for non-commercial use only - expires 2026-12-14
Set parameter Username
Set parameter LicenseID to value 2754784
Academic license - for non-commercial use only - expires 2026-12-14
Set parameter Username
Set parameter LicenseID to value 2754784
Academic license - for non-commercial use only - expires 2026-12-14
Set parameter Username
Set parameter LicenseID to value 2754784
Academic license - for non-commercial use only - expires 2026-12-14
Set parameter Username
Set parameter LicenseID to value 2754784
Academic license - for non-commercial use only - expires 2026-12-14
Set parameter Username
Set parameter LicenseID to value 2754784
Academic license - for non-commercial use only - expires 2026-12-14
Set parameter Username
Set parameter LicenseID to value 2754784
Academic license - for non-commercial use only - expires 2026-12-14
Step-1: Pkgs and functions are loaded
Step-2: imput data are loaded

========================================================================================
Test System Boundary Summary
========================================================================================
  Buses (NB):                          6
  Transmission lines (NL):             7
  Thermal generators (NG):             3
  Loads (ND):                          3
  Time periods (NT):                   24
  Wind units (NW):                     2
  Wind scenarios (NS):                 6
  Storage units (NC):                  1
  Total generator Pmax:                3.4000
  Total generator Pmin:                1.1000
  Peak system load:                    3.2861
  Total wind capacity:                 5.0000
  Wind availability min/max:           0.3604 / 0.4939

========================================================================================
Configuration Flags
========================================================================================
  is_NetWorkCon:                       1
  is_ThermalUnitCon:                   1
  is_WindUnitCon:                      1
  is_SysticalCon:                      1
  is_PieceLinear:                      1
  is_NumSeg:                           3
  is_Alpha:                            0.005
  is_Belta:                            0.005
  is_CoalPrice:                        1
  is_ActiveLoad:                       1
  is_WindIntegration:                  1
  is_LoadsCuttingCoefficient:          100000.0
  is_WindsCuttingCoefficient:          100000.0
  is_MaxIterationsNum:                 50
  is_CalculPrecision:                  0.01
  is_ConsiderDataCentra:               0
  is_ConsiderFrequencyControl:         0
  is_ConsiderBESS:                     0
  is_ConsiderMultiCUTs:                1

========================================================================================
Thermal Units
========================================================================================
  index:                               [1, 2, 3]
  locatebus:                           [1, 2, 6]
  p_max:                               [2.2, 1.0, 0.2]
  p_min:                               [0.9, 0.1, 0.1]
  ramp_up:                             [0.5, 0.4, 0.4]
  ramp_down:                           [0.5, 0.4, 0.4]
  startup ramp:                        [0.9, 0.1, 0.1]
  shutdown ramp:                       [0.9, 0.1, 0.1]
  min up time:                         [4.0, 2.0, 2.0]
  min down time:                       [4.0, 3.0, 3.0]
  initial status:                      [1.0, 0.0, 0.0]
  initial time:                        [4.0, 3.0, 3.0]
  initial power:                       [1.5, 0.0, 0.0]
  cost a:                              [4.0, 10.0, 50.0]
  cost b:                              [1350.0, 3260.0, 1760.0000000000002]
  cost c:                              [176.9, 129.9, 137.4]

========================================================================================
Loads
========================================================================================
  index:                               [1, 2, 3]
  locatebus:                           [3, 4, 5]
  load total by bus:                   [13.034960000000002, 26.069920000000003, 26.069920000000003]
  load total by time:                  [2.1919, 2.3535000000000004, 2.3467000000000002, 2.3673, 2.3906, 2.4448, 2.7338999999999993, 2.904, 2.8355999999999995, 2.8120000000000003, 3.2861000000000007, 3.2810000000000006, 3.2618, 3.2360000000000007, 3.2686, 2.8779000000000003, 2.6, 2.4674000000000005, 2.5596999999999994, 2.3735, 2.4331000000000005, 2.8314000000000004, 2.8305000000000002, 2.4875]
  load_curve (3 x 24):
    row 01:     0.4384     0.4707     0.4693     0.4735     0.4781     0.4890     0.5468     0.5808     0.5671     0.5624     0.6572     0.6562     0.6524     0.6472     0.6537     0.5756     0.5200     0.4935     0.5119     0.4747     0.4866     0.5663     0.5661     0.4975
    row 02:     0.8768     0.9414     0.9387     0.9469     0.9562     0.9779     1.0936     1.1616     1.1342     1.1248     1.3144     1.3124     1.3047     1.2944     1.3074     1.1512     1.0400     0.9870     1.0239     0.9494     0.9732     1.1326     1.1322     0.9950
    row 03:     0.8768     0.9414     0.9387     0.9469     0.9562     0.9779     1.0936     1.1616     1.1342     1.1248     1.3144     1.3124     1.3047     1.2944     1.3074     1.1512     1.0400     0.9870     1.0239     0.9494     0.9732     1.1326     1.1322     0.9950

========================================================================================
Transmission Lines
========================================================================================
  index:                               [1, 2, 3, 4, 5, 6, 7]
  from:                                [1, 1, 2, 5, 3, 2, 4]
  to:                                  [2, 4, 4, 6, 6, 3, 5]
  reactance x:                         [0.17, 0.258, 0.197, 0.14, 0.018, 0.037, 0.037]
  forward p_max:                       [2.0, 1.2, 1.2, 1.2, 1.2, 2.0, 1.2]
  reverse p_min:                       [-2.0, -1.2, -1.2, -1.2, -1.2, -2.0, -1.2]

========================================================================================
Wind Units and Scenarios
========================================================================================
  index:                               [1, 2]
  locatebus:                           [1, 1]
  installed capacity:                  [2.5, 2.5]
  scenario probability:                0.16666666666666666
  scenario count:                      6
  scenario mean availability:          [0.44301700449437936, 0.4458385989443529, 0.4393379812045697, 0.4356108186633077, 0.4278150545323089, 0.3866403273406896, 0.4200088941349833, 0.4305286268374025, 0.4443763313928961, 0.44701817113362563, 0.4295588058865883, 0.4375339620197436, 0.4566756905429994, 0.4319788925429568, 0.464693649431228, 0.4522888676161019, 0.4388770959837946, 0.4284542601182005, 0.43481941543506014, 0.428816419238733, 0.48026111538944855, 0.45354948977670945, 0.44791582208869135, 0.42605799122361204]
  wind scenario curves (6 x 24):
    row 01:     0.4402     0.4375     0.4558     0.4305     0.4289     0.3735     0.4140     0.4225     0.4633     0.4525     0.4338     0.4358     0.4610     0.4348     0.4588     0.4565     0.4362     0.4288     0.4386     0.4309     0.4802     0.4525     0.4281     0.4303
    row 02:     0.4388     0.4427     0.4405     0.4258     0.4338     0.3604     0.4199     0.4279     0.4434     0.4299     0.4299     0.4157     0.4496     0.4251     0.4649     0.4634     0.4300     0.4103     0.4435     0.4257     0.4806     0.4459     0.4460     0.4292
    row 03:     0.4408     0.4550     0.4399     0.4319     0.4387     0.3842     0.4205     0.4606     0.4379     0.4509     0.4119     0.4283     0.4369     0.4253     0.4726     0.4426     0.4324     0.4419     0.4215     0.4425     0.4609     0.4633     0.4670     0.4391
    row 04:     0.4367     0.4423     0.4184     0.4348     0.4183     0.3711     0.4261     0.4033     0.4467     0.4375     0.4266     0.4517     0.4579     0.4225     0.4565     0.4548     0.4447     0.4291     0.4320     0.4078     0.4939     0.4481     0.4151     0.3924
    row 05:     0.4673     0.4710     0.4464     0.4306     0.4257     0.4121     0.4247     0.4226     0.4391     0.4625     0.4375     0.4550     0.4694     0.4341     0.4729     0.4422     0.4423     0.4253     0.4341     0.4207     0.4804     0.4602     0.4626     0.4381
    row 06:     0.4344     0.4266     0.4350     0.4601     0.4215     0.4185     0.4149     0.4463     0.4359     0.4487     0.4376     0.4387     0.4651     0.4501     0.4624     0.4543     0.4477     0.4353     0.4393     0.4453     0.4856     0.4513     0.4686     0.4273

========================================================================================
Storage Units
========================================================================================
  index:                               [1]
  locatebus:                           [1]
  Q_max:                               [1.0]
  Q_min:                               [0.1]
  charge power limit:                  [1.0]
  discharge power limit:               [0.1]
  initial energy:                      [0.2]
  charge ramp/cost parameter:          [0.6]
  discharge ramp/cost parameter:       [0.6]
  charge efficiency:                   [0.85]
  discharge efficiency:                [1.0]
  self-discharge:                      [0.05]

========================================================================================
Consistency Checks
========================================================================================
  [OK] NG matches length(units.index)
  [OK] NL matches length(lines.index)
  [OK] ND matches length(loads.index)
  [OK] NW matches length(winds.index)
  [OK] NT matches load_curve columns
  [OK] ND matches load_curve rows
  [OK] NS matches wind scenario rows
  [OK] NT matches wind scenario columns
  [OK] generator p_max >= p_min
  [OK] line p_max >= 0
  [OK] load curve is finite and nonnegative
  [OK] wind scenarios are finite and nonnegative

Boundary condition report completed successfully.

Initializing Benders Master Problem construction...
	 MILP_type objective_function 						 done
	 constraints: 1) minimum shutup/shutdown time limits			 done
	 constraints: 2) binary variable logic					 done
	 constraints: 3) shutup/shutdown cost					 done
	 constraints: master supply adequacy cuts				 done
Initializing Benders Subproblem (Recourse) construction...
	 LP_type subproblem objective_function 					 done
Objective function has been set.
	 constraints: 4) loadcurtailments and spoliedwinds			 done
	 constraints: 5) generatos power limits					 done
	 constraints: 6) system reserves limits					 done
	 constraints: 7) power balance constraints				 done
	 constraints: 8) ramp-up/ramp-down constraints				 done
	 constraints: 9) piece linearization constraints			 done
	 constraints: 10) transmissionline limits for basline			 done
	 constraints: 11) stroges system constraints skipped (NC=0 or variables not defined)
Initializing Benders Subproblem (Recourse) construction...
	 LP_type subproblem objective_function 					 done
Objective function has been set.
	 constraints: 4) loadcurtailments and spoliedwinds			 done
	 constraints: 5) generatos power limits					 done
	 constraints: 6) system reserves limits					 done
	 constraints: 7) power balance constraints				 done
	 constraints: 8) ramp-up/ramp-down constraints				 done
	 constraints: 9) piece linearization constraints			 done
	 constraints: 10) transmissionline limits for basline			 done
	 constraints: 11) stroges system constraints skipped (NC=0 or variables not defined)
Initializing Benders Subproblem (Recourse) construction...
	 LP_type subproblem objective_function 					 done
Objective function has been set.
	 constraints: 4) loadcurtailments and spoliedwinds			 done
	 constraints: 5) generatos power limits					 done
	 constraints: 6) system reserves limits					 done
	 constraints: 7) power balance constraints				 done
	 constraints: 8) ramp-up/ramp-down constraints				 done
	 constraints: 9) piece linearization constraints			 done
	 constraints: 10) transmissionline limits for basline			 done
	 constraints: 11) stroges system constraints skipped (NC=0 or variables not defined)
Initializing Benders Subproblem (Recourse) construction...
	 LP_type subproblem objective_function 					 done
Objective function has been set.
	 constraints: 4) loadcurtailments and spoliedwinds			 done
	 constraints: 5) generatos power limits					 done
	 constraints: 6) system reserves limits					 done
	 constraints: 7) power balance constraints				 done
	 constraints: 8) ramp-up/ramp-down constraints				 done
	 constraints: 9) piece linearization constraints			 done
	 constraints: 10) transmissionline limits for basline			 done
	 constraints: 11) stroges system constraints skipped (NC=0 or variables not defined)
Initializing Benders Subproblem (Recourse) construction...
	 LP_type subproblem objective_function 					 done
Objective function has been set.
	 constraints: 4) loadcurtailments and spoliedwinds			 done
	 constraints: 5) generatos power limits					 done
	 constraints: 6) system reserves limits					 done
	 constraints: 7) power balance constraints				 done
	 constraints: 8) ramp-up/ramp-down constraints				 done
	 constraints: 9) piece linearization constraints			 done
	 constraints: 10) transmissionline limits for basline			 done
	 constraints: 11) stroges system constraints skipped (NC=0 or variables not defined)
Initializing Benders Subproblem (Recourse) construction...
	 LP_type subproblem objective_function 					 done
Objective function has been set.
	 constraints: 4) loadcurtailments and spoliedwinds			 done
	 constraints: 5) generatos power limits					 done
	 constraints: 6) system reserves limits					 done
	 constraints: 7) power balance constraints				 done
	 constraints: 8) ramp-up/ramp-down constraints				 done
	 constraints: 9) piece linearization constraints			 done
	 constraints: 10) transmissionline limits for basline			 done
	 constraints: 11) stroges system constraints skipped (NC=0 or variables not defined)
Initializing Benders Subproblem (Recourse) construction...
	 LP_type subproblem objective_function 					 done
Objective function has been set.
	 constraints: 4) loadcurtailments and spoliedwinds			 done
	 constraints: 5) generatos power limits					 done
	 constraints: 6) system reserves limits					 done
	 constraints: 7) power balance constraints				 done
	 constraints: 8) ramp-up/ramp-down constraints				 done
	 constraints: 9) piece linearization constraints			 done
	 constraints: 10) transmissionline limits for basline			 done
	 constraints: 11) stroges system constraints skipped (NC=0 or variables not defined)
[ Info: Generating batch subproblems for multi-cut scenarios
[ Info: Batch subproblem dictionary successfully created with 6 independent entries.
Starting (Strengthen) Benders decomposition algorithm
iteration start ...

====================================================
ITER 	 LOWER_bound 	    UPPER_bound   	 GAP
----------------------------------------------------
1              260            1.14871e+06    0.999774       
2              6270.69        1.14871e+06    0.994541       
3              7896.09        1.14871e+06    0.993126       
4              11354.7        1.14871e+06    0.990115       
5              15076.2        1.14871e+06    0.986876       
6              46159.6        1.14871e+06    0.959816       
7              52314.9        1.14871e+06    0.954458       
8              52314.9        1.14871e+06    0.954458       
9              58974.4        1.14871e+06    0.94866        
10             59287.4        1.14871e+06    0.948388       
11             59761.9        1.14871e+06    0.947975       
12             66981.6        1.14871e+06    0.94169        
13             66981.6        1.14871e+06    0.94169        
14             66981.6        1.14871e+06    0.94169        
15             67456.1        1.14871e+06    0.941277       
16             74675.7        367369         0.796728       
17             309768         367369         0.156793       
18             309934         367369         0.156341       
19             309936         367369         0.156336       
20             310237         367369         0.155516       
21             310780         367369         0.154038       
22             310928         367369         0.153635       
23             311260         367369         0.152733       
24             319609         367369         0.130005       
25             319902         367369         0.129209       
26             329547         367369         0.102955       
27             333392         367369         0.0924886      
28             339286         367369         0.0764429      
29             339756         367369         0.0751657      
30             348531         367369         0.051278       
31             352303         363958         0.0320226      
32             356613         363958         0.0201824      
33             359614         362834         0.00887471     
34             360878         362817         0.00534432     
35             362221         362817         0.0016407      
36             362531         362817         0.000788553    


====================================================
Convergence achieved - Optimal solution found
FINAL UPPER BOUND: 362816.65312500286
FINAL LOWER BOUND: 362530.5531250027
FINAL GAP:         0.0007885525582553441
====================================================
