Set parameter Username
Set parameter LicenseID to value 2826524
Academic license - for non-commercial use only - expires 2027-05-22
Set parameter Username
Set parameter LicenseID to value 2826524
Academic license - for non-commercial use only - expires 2027-05-22
Set parameter MIPGap to value 0.015
Set parameter MIPGap to value 0.015
Gurobi Optimizer version 13.0.2 build v13.0.2rc1 (win64 - Windows 11+.0 (29639.2))

CPU model: 13th Gen Intel(R) Core(TM) i7-13700F, instruction set [SSE2|AVX|AVX2]
Thread count: 16 physical cores, 24 logical processors, using up to 24 threads

Non-default parameters:
MIPGap  0.015

Optimize a model with 49468 rows, 31536 columns and 415204 nonzeros (Min)
Model fingerprint: 0x6391e73c
Model has 23400 linear objective coefficients
Variable types: 23664 continuous, 7872 integer (7872 binary)
Coefficient statistics:
  Matrix range     [3e-02, 4e+02]
  Objective range  [1e+00, 1e+15]
  Bounds range     [0e+00, 0e+00]
  RHS range        [1e-02, 3e+02]
Warning: Model contains large objective coefficients
         Consider reformulating model or setting NumericFocus parameter
         to avoid numerical issues.

Presolve removed 18428 rows and 8845 columns
Presolve time: 0.70s
Presolved: 31040 rows, 22691 columns, 114457 nonzeros
Variable types: 15623 continuous, 7068 integer (7068 binary)
Deterministic concurrent LP optimizer: primal and dual simplex
Showing primal log only...

Concurrent spin time: 0.00s

Solved with dual simplex

Use crossover to convert LP symmetric solution to basic solution...
Crossover time: 0.04 seconds (0.03 work units)

Root relaxation: objective 2.778256e+06, 9498 iterations, 0.45 seconds (0.52 work units)

    Nodes    |    Current Node    |     Objective Bounds      |     Work
 Expl Unexpl |  Obj  Depth IntInf | Incumbent    BestBd   Gap | It/Node Time

     0     0 2778255.67    0  802          - 2778255.67      -     -    1s
H    0     0                    4208604.0110 2778255.67  34.0%     -    1s
H    0     0                    3215321.7157 2778255.67  13.6%     -    1s
     0     0 2787461.58    0  380 3215321.72 2787461.58  13.3%     -    2s
     0     0 2787516.00    0  380 3215321.72 2787516.00  13.3%     -    2s
H    0     0                    3129612.4974 2790888.75  10.8%     -    3s
H    0     0                    3051244.4797 2790888.75  8.53%     -    3s
     0     0 2790888.75    0  245 3051244.48 2790888.75  8.53%     -    3s
     0     0 2791101.90    0  256 3051244.48 2791101.90  8.53%     -    3s
     0     0 2792017.76    0  285 3051244.48 2792017.76  8.50%     -    3s
     0     0 2792020.05    0  259 3051244.48 2792020.05  8.50%     -    4s
     0     0 2792020.09    0  271 3051244.48 2792020.09  8.50%     -    4s
H    0     0                    2916610.4229 2792199.47  4.27%     -    4s
     0     0 2792199.47    0  243 2916610.42 2792199.47  4.27%     -    4s
H    0     0                    2915561.8996 2792221.17  4.23%     -    4s
     0     0 2792221.17    0  247 2915561.90 2792221.17  4.23%     -    4s
     0     0 2792613.02    0  210 2915561.90 2792613.02  4.22%     -    5s
     0     0 2792624.45    0  203 2915561.90 2792624.45  4.22%     -    5s
     0     0 2792630.48    0  223 2915561.90 2792630.48  4.22%     -    5s
     0     0 2792631.81    0  240 2915561.90 2792631.81  4.22%     -    5s
     0     0 2792691.20    0  244 2915561.90 2792691.20  4.21%     -    5s
H    0     0                    2913195.5889 2792691.20  4.14%     -    5s
H    0     0                    2912770.8470 2792691.20  4.12%     -    5s
H    0     0                    2861445.3934 2792695.55  2.40%     -    5s
     0     0 2792695.55    0  261 2861445.39 2792695.55  2.40%     -    5s
     0     0 2792696.00    0  263 2861445.39 2792696.00  2.40%     -    5s
H    0     0                    2823069.7457 2792696.00  1.08%     -    5s

Cutting planes:
  Gomory: 39
  Cover: 3
  Implied bound: 357
  MIR: 202
  Flow cover: 162
  Network: 1
  RLT: 11
  Relax-and-lift: 75

Explored 1 nodes (14420 simplex iterations) in 5.83 seconds (7.07 work units)
Thread count was 24 (of 24 available processors)

Solution count 10: 2.82307e+06 2.86145e+06 2.91277e+06 ... 4.2086e+06

Optimal solution found (tolerance 1.50e-02)
Best objective 2.823069745698e+06, best bound 2.792696001803e+06, gap 1.0759%

User-callback calls 1108, time in user-callback 0.01 sec
Set parameter Username
Set parameter LicenseID to value 2826524
Academic license - for non-commercial use only - expires 2027-05-22
Set parameter Username
Set parameter LicenseID to value 2826524
Academic license - for non-commercial use only - expires 2027-05-22
Warning for adding constraints: zero or small (< 1e-13) coefficients, ignored
Gurobi Optimizer version 13.0.2 build v13.0.2rc1 (win64 - Windows 11+.0 (29639.2))

CPU model: 13th Gen Intel(R) Core(TM) i7-13700F, instruction set [SSE2|AVX|AVX2]
Thread count: 16 physical cores, 24 logical processors, using up to 24 threads

Non-default parameters:
MIPGap  0.015

Optimize a model with 58396 rows, 31536 columns and 2138836 nonzeros (Min)
Model fingerprint: 0x6cdf9bdd
Model has 23400 linear objective coefficients
Variable types: 23664 continuous, 7872 integer (7872 binary)
Coefficient statistics:
  Matrix range     [2e-08, 4e+02]
  Objective range  [1e+00, 1e+15]
  Bounds range     [0e+00, 0e+00]
  RHS range        [4e-03, 3e+02]
Warning: Model contains large objective coefficients
         Consider reformulating model or setting NumericFocus parameter
         to avoid numerical issues.

MIP start from previous solve produced solution with objective 6.69746e+16 (0.54s)
MIP start from previous solve produced solution with objective 6.69746e+16 (0.55s)
Loaded MIP start from previous solve with objective 6.69746e+16

Presolve removed 27087 rows and 6439 columns
Presolve time: 2.01s
Presolved: 31309 rows, 25372 columns, 265411 nonzeros
Variable types: 18304 continuous, 7068 integer (7068 binary)
Deterministic concurrent LP optimizer: primal and dual simplex
Showing primal log only...

Concurrent spin time: 0.00s

Solved with dual simplex

Use crossover to convert LP symmetric solution to basic solution...
Crossover time: 0.05 seconds (0.06 work units)

Root relaxation: objective 5.825611e+06, 12518 iterations, 1.43 seconds (2.17 work units)

    Nodes    |    Current Node    |     Objective Bounds      |     Work
 Expl Unexpl |  Obj  Depth IntInf | Incumbent    BestBd   Gap | It/Node Time

     0     0 5825610.53    0  472 6.6975e+16 5825610.53   100%     -    4s
H    0     0                    3.383816e+16 5825610.53   100%     -    4s
H    0     0                    3.183816e+16 5825610.53   100%     -    4s
H    0     0                    5.372596e+15 5828967.24   100%     -    5s
     0     0 5828967.24    0  400 5.3726e+15 5828967.24   100%     -    5s
     0     0 5829011.94    0  390 5.3726e+15 5829011.94   100%     -    5s
     0     0 5830818.42    0  337 5.3726e+15 5830818.42   100%     -    6s
     0     0 5831017.65    0  308 5.3726e+15 5831017.65   100%     -    7s
     0     0 5831026.24    0  316 5.3726e+15 5831026.24   100%     -    7s
     0     0 5831026.28    0  316 5.3726e+15 5831026.28   100%     -    7s
H    0     0                    3.455778e+15 5831026.28   100%     -    8s
H    0     0                    2.099593e+15 5832772.95   100%     -    8s
     0     0 5832772.95    0  289 2.0996e+15 5832772.95   100%     -    8s
H    0     0                    1.096623e+15 5833153.68   100%     -    8s
     0     0 5833153.68    0  334 1.0966e+15 5833153.68   100%     -    8s
     0     0 5833165.16    0  341 1.0966e+15 5833165.16   100%     -    9s
     0     0 5833237.33    0  370 1.0966e+15 5833237.33   100%     -    9s
     0     0 5833242.05    0  402 1.0966e+15 5833242.05   100%     -    9s
     0     0 5833242.50    0  404 1.0966e+15 5833242.50   100%     -    9s
H    0     0                    7.735512e+14 5833242.50   100%     -   10s
     0     0 5833789.19    0  333 7.7355e+14 5833789.19   100%     -   10s
H    0     0                    6.692139e+13 5833871.15   100%     -   11s
     0     0 5833871.15    0  361 6.6921e+13 5833871.15   100%     -   11s
     0     0 5833891.50    0  346 6.6921e+13 5833891.50   100%     -   11s
H    0     0                    5843450.2669 5833895.38  0.16%     -   11s
     0     0 5833895.38    0  395 5843450.27 5833895.38  0.16%     -   11s

Cutting planes:
  Gomory: 50
  Implied bound: 235
  Clique: 1
  MIR: 140
  Flow cover: 136
  RLT: 19
  Relax-and-lift: 72
  PSD: 1

Explored 1 nodes (18727 simplex iterations) in 11.43 seconds (17.62 work units)
Thread count was 24 (of 24 available processors)

Solution count 10: 5.84345e+06 6.69214e+13 7.73551e+14 ... 6.69746e+16

Optimal solution found (tolerance 1.50e-02)
Best objective 5.843450266876e+06, best bound 5.833895378489e+06, gap 0.1635%

User-callback calls 1313, time in user-callback 0.00 sec
Set parameter Username
Set parameter LicenseID to value 2826524
Academic license - for non-commercial use only - expires 2027-05-22
Set parameter MIPGap to value 0.015
Set parameter MIPGap to value 0.015
Gurobi Optimizer version 13.0.2 build v13.0.2rc1 (win64 - Windows 11+.0 (29639.2))

CPU model: 13th Gen Intel(R) Core(TM) i7-13700F, instruction set [SSE2|AVX|AVX2]
Thread count: 16 physical cores, 24 logical processors, using up to 24 threads

Non-default parameters:
MIPGap  0.015

Optimize a model with 49529 rows, 31536 columns and 415599 nonzeros (Min)
Model fingerprint: 0x6e6be60d
Model has 23400 linear objective coefficients
Variable types: 23664 continuous, 7872 integer (7872 binary)
Coefficient statistics:
  Matrix range     [3e-02, 4e+02]
  Objective range  [1e+00, 1e+15]
  Bounds range     [0e+00, 0e+00]
  RHS range        [2e-02, 4e+02]
Warning: Model contains large objective coefficients
         Consider reformulating model or setting NumericFocus parameter
         to avoid numerical issues.

Presolve removed 18945 rows and 8824 columns
Presolve time: 0.83s
Presolved: 30584 rows, 22712 columns, 129369 nonzeros
Variable types: 15623 continuous, 7089 integer (7089 binary)
Found heuristic solution: objective 7811978.1323
Deterministic concurrent LP optimizer: primal and dual simplex
Showing primal log only...

Concurrent spin time: 0.00s

Solved with dual simplex

Use crossover to convert LP symmetric solution to basic solution...
Crossover time: 0.03 seconds (0.02 work units)

Root relaxation: objective 3.653140e+06, 11830 iterations, 0.43 seconds (0.62 work units)

    Nodes    |    Current Node    |     Objective Bounds      |     Work
 Expl Unexpl |  Obj  Depth IntInf | Incumbent    BestBd   Gap | It/Node Time

     0     0 3653140.38    0  530 7811978.13 3653140.38  53.2%     -    1s
H    0     0                    3868515.9743 3653140.38  5.57%     -    1s
H    0     0                    3761284.5559 3653140.38  2.88%     -    1s
     0     0 3660654.63    0  378 3761284.56 3660654.63  2.68%     -    2s
     0     0 3660873.19    0  362 3761284.56 3660873.19  2.67%     -    2s
     0     0 3761284.56    0  362 3761284.56 3761284.56  0.00%     -    2s

Cutting planes:
  Gomory: 5
  Implied bound: 87
  MIR: 20
  Flow cover: 27
  Network: 1
  RLT: 2
  Relax-and-lift: 15

Explored 1 nodes (14640 simplex iterations) in 2.59 seconds (4.22 work units)
Thread count was 24 (of 24 available processors)

Solution count 3: 3.76128e+06 3.86852e+06 7.81198e+06 

Optimal solution found (tolerance 1.50e-02)
Best objective 3.761284555853e+06, best bound 3.761284555853e+06, gap 0.0000%

User-callback calls 598, time in user-callback 0.00 sec
Set parameter Username
Set parameter LicenseID to value 2826524
Academic license - for non-commercial use only - expires 2027-05-22
Set parameter Username
Set parameter LicenseID to value 2826524
Academic license - for non-commercial use only - expires 2027-05-22
Warning for adding constraints: zero or small (< 1e-13) coefficients, ignored
Gurobi Optimizer version 13.0.2 build v13.0.2rc1 (win64 - Windows 11+.0 (29639.2))

CPU model: 13th Gen Intel(R) Core(TM) i7-13700F, instruction set [SSE2|AVX|AVX2]
Thread count: 16 physical cores, 24 logical processors, using up to 24 threads

Non-default parameters:
MIPGap  0.015

Optimize a model with 58457 rows, 31536 columns and 2139231 nonzeros (Min)
Model fingerprint: 0xa9ceee31
Model has 23400 linear objective coefficients
Variable types: 23664 continuous, 7872 integer (7872 binary)
Coefficient statistics:
  Matrix range     [2e-08, 4e+02]
  Objective range  [1e+00, 1e+15]
  Bounds range     [0e+00, 0e+00]
  RHS range        [1e-03, 4e+02]
Warning: Model contains large objective coefficients
         Consider reformulating model or setting NumericFocus parameter
         to avoid numerical issues.

MIP start from previous solve produced solution with objective 2.48798e+16 (0.76s)
MIP start from previous solve produced solution with objective 2.48798e+16 (0.77s)
Loaded MIP start from previous solve with objective 2.48798e+16

Presolve removed 26851 rows and 6394 columns
Presolve time: 2.08s
Presolved: 31606 rows, 25528 columns, 287252 nonzeros
Variable types: 18439 continuous, 7089 integer (7089 binary)
Deterministic concurrent LP optimizer: primal and dual simplex
Showing primal log only...


Root simplex log...

Iteration    Objective       Primal Inf.    Dual Inf.      Time
   36878    4.3985201e+17   0.000000e+00   1.389696e+22      5s
Concurrent spin time: 0.00s

Solved with dual simplex

Root simplex log...

Iteration    Objective       Primal Inf.    Dual Inf.      Time
   17701    4.8454282e+06   0.000000e+00   0.000000e+00      5s

Root relaxation: objective 4.845428e+06, 17701 iterations, 2.08 seconds (3.49 work units)

    Nodes    |    Current Node    |     Objective Bounds      |     Work
 Expl Unexpl |  Obj  Depth IntInf | Incumbent    BestBd   Gap | It/Node Time

     0     0 4845428.22    0  536 2.4880e+16 4845428.22   100%     -    5s
     0     0 4853121.13    0  488 2.4880e+16 4853121.13   100%     -    7s
H    0     0                    1.555540e+16 4853538.74   100%     -    8s
H    0     0                    1.242865e+16 4853679.51   100%     -   10s
H    0     0                    1.197906e+16 4853679.51   100%     -   10s
     0     0 4858238.68    0  447 1.1979e+16 4858238.68   100%     -   10s
H    0     0                    1.189906e+16 4858238.68   100%     -   10s
H    0     0                    7.300566e+15 4858238.68   100%     -   10s
     0     0 4858254.12    0  449 7.3006e+15 4858254.12   100%     -   10s
     0     0 4858283.97    0  357 7.3006e+15 4858283.97   100%     -   12s
     0     0 4858987.52    0  368 7.3006e+15 4858987.52   100%     -   13s
     0     0 4859017.76    0  388 7.3006e+15 4859017.76   100%     -   13s
H    0     0                    5.312403e+15 4859067.88   100%     -   13s
     0     0 4862199.99    0  391 5.3124e+15 4862199.99   100%     -   13s
     0     0 4862199.99    0  401 5.3124e+15 4862199.99   100%     -   14s
     0     0 4862199.99    0  402 5.3124e+15 4862199.99   100%     -   14s
     0     0 4862199.99    0  402 5.3124e+15 4862199.99   100%     -   15s
     0     0 4862199.99    0  322 5.3124e+15 4862199.99   100%     -   15s
H    0     0                    3.086727e+15 4862199.99   100%     -   15s
     0     0 4862199.99    0  333 3.0867e+15 4862199.99   100%     -   15s
     0     0 4862199.99    0  336 3.0867e+15 4862199.99   100%     -   15s
     0     0 4862199.99    0  332 3.0867e+15 4862199.99   100%     -   15s
H    0     0                    3.067700e+15 4862199.99   100%     -   16s
H    0     0                    5.210777e+14 4862738.99   100%     -   16s
     0     0 4862738.99    0  364 5.2108e+14 4862738.99   100%     -   16s
H    0     0                    3.464806e+14 4862738.99   100%     -   16s
     0     0 4862738.99    0  366 3.4648e+14 4862738.99   100%     -   16s
     0     0 4862738.99    0  385 3.4648e+14 4862738.99   100%     -   16s
     0     0 4862738.99    0  418 3.4648e+14 4862738.99   100%     -   16s
     0     0 4862738.99    0  356 3.4648e+14 4862738.99   100%     -   17s
     0     0 4862738.99    0  379 3.4648e+14 4862738.99   100%     -   17s
     0     0 4862738.99    0  383 3.4648e+14 4862738.99   100%     -   17s
H    0     0                    4882291.3770 4862738.99  0.40%     -   18s
     0     0 4862738.99    0  349 4882291.38 4862738.99  0.40%     -   18s

Cutting planes:
  Gomory: 56
  Implied bound: 177
  MIR: 180
  Flow cover: 143
  RLT: 11
  Relax-and-lift: 144

Explored 1 nodes (27546 simplex iterations) in 18.14 seconds (28.49 work units)
Thread count was 24 (of 24 available processors)

Solution count 10: 4.88229e+06 3.46481e+14 5.21078e+14 ... 1.24287e+16

Optimal solution found (tolerance 1.50e-02)
Best objective 4.882291377005e+06, best bound 4.862738985748e+06, gap 0.4005%

User-callback calls 3192, time in user-callback 0.00 sec
Set parameter Username
Set parameter LicenseID to value 2826524
Academic license - for non-commercial use only - expires 2027-05-22
Set parameter MIPGap to value 0.015
Set parameter MIPGap to value 0.015
Gurobi Optimizer version 13.0.2 build v13.0.2rc1 (win64 - Windows 11+.0 (29639.2))

CPU model: 13th Gen Intel(R) Core(TM) i7-13700F, instruction set [SSE2|AVX|AVX2]
Thread count: 16 physical cores, 24 logical processors, using up to 24 threads

Non-default parameters:
MIPGap  0.015

Optimize a model with 49563 rows, 31536 columns and 415708 nonzeros (Min)
Model fingerprint: 0x756a1861
Model has 23400 linear objective coefficients
Variable types: 23664 continuous, 7872 integer (7872 binary)
Coefficient statistics:
  Matrix range     [3e-02, 4e+02]
  Objective range  [1e+00, 1e+15]
  Bounds range     [0e+00, 0e+00]
  RHS range        [1e-02, 4e+02]
Warning: Model contains large objective coefficients
         Consider reformulating model or setting NumericFocus parameter
         to avoid numerical issues.

Presolve removed 19100 rows and 8866 columns
Presolve time: 0.91s
Presolved: 30463 rows, 22670 columns, 128938 nonzeros
Variable types: 15623 continuous, 7047 integer (7047 binary)
Deterministic concurrent LP optimizer: primal and dual simplex
Showing primal log only...

Concurrent spin time: 0.00s

Solved with dual simplex

Use crossover to convert LP symmetric solution to basic solution...
Crossover time: 0.03 seconds (0.02 work units)

Root relaxation: objective 2.080615e+06, 10626 iterations, 0.39 seconds (0.51 work units)

    Nodes    |    Current Node    |     Objective Bounds      |     Work
 Expl Unexpl |  Obj  Depth IntInf | Incumbent    BestBd   Gap | It/Node Time

     0     0 2080614.85    0  266          - 2080614.85      -     -    1s
H    0     0                    3455744.7864 2080614.85  39.8%     -    1s
H    0     0                    2373778.0187 2080614.85  12.4%     -    1s
H    0     0                    2354288.6178 2080614.85  11.6%     -    1s
     0     0 2082475.13    0  287 2354288.62 2082475.13  11.5%     -    2s
     0     0 2082488.72    0  272 2354288.62 2082488.72  11.5%     -    2s
     0     0 2082493.46    0  268 2354288.62 2082493.46  11.5%     -    2s
     0     0 2082493.46    0  284 2354288.62 2082493.46  11.5%     -    2s
H    0     0                    2188120.1527 2082493.46  4.83%     -    3s
H    0     0                    2186714.7701 2082493.46  4.77%     -    3s
H    0     0                    2145122.6154 2084007.57  2.85%     -    3s
H    0     0                    2098004.0575 2084007.57  0.67%     -    3s
H    0     0                    2097631.6869 2084007.57  0.65%     -    3s
     0     0 2084007.57    0  262 2097631.69 2084007.57  0.65%     -    3s

Cutting planes:
  Gomory: 45
  Lift-and-project: 19
  Implied bound: 99
  MIR: 98
  Flow cover: 40
  Network: 2
  RLT: 12
  Relax-and-lift: 32
  BQP: 1

Explored 1 nodes (12703 simplex iterations) in 3.31 seconds (4.54 work units)
Thread count was 24 (of 24 available processors)

Solution count 8: 2.09763e+06 2.098e+06 2.14512e+06 ... 3.45574e+06

Optimal solution found (tolerance 1.50e-02)
Best objective 2.097631686948e+06, best bound 2.084007568655e+06, gap 0.6495%

User-callback calls 761, time in user-callback 0.00 sec
Set parameter Username
Set parameter LicenseID to value 2826524
Academic license - for non-commercial use only - expires 2027-05-22
Set parameter Username
Set parameter LicenseID to value 2826524
Academic license - for non-commercial use only - expires 2027-05-22
Warning for adding constraints: zero or small (< 1e-13) coefficients, ignored
Gurobi Optimizer version 13.0.2 build v13.0.2rc1 (win64 - Windows 11+.0 (29639.2))

CPU model: 13th Gen Intel(R) Core(TM) i7-13700F, instruction set [SSE2|AVX|AVX2]
Thread count: 16 physical cores, 24 logical processors, using up to 24 threads

Non-default parameters:
MIPGap  0.015

Optimize a model with 58491 rows, 31536 columns and 2139340 nonzeros (Min)
Model fingerprint: 0x0c266bcb
Model has 23400 linear objective coefficients
Variable types: 23664 continuous, 7872 integer (7872 binary)
Coefficient statistics:
  Matrix range     [2e-08, 4e+02]
  Objective range  [1e+00, 1e+15]
  Bounds range     [0e+00, 0e+00]
  RHS range        [2e-03, 4e+02]
Warning: Model contains large objective coefficients
         Consider reformulating model or setting NumericFocus parameter
         to avoid numerical issues.

MIP start from previous solve produced solution with objective 1.42647e+17 (0.56s)
MIP start from previous solve produced solution with objective 1.42647e+17 (0.57s)
Loaded MIP start from previous solve with objective 1.42647e+17

Presolve removed 27129 rows and 6362 columns
Presolve time: 2.11s
Presolved: 31362 rows, 25371 columns, 244440 nonzeros
Variable types: 18324 continuous, 7047 integer (7047 binary)
Deterministic concurrent LP optimizer: primal and dual simplex
Showing primal log only...

Concurrent spin time: 0.00s

Solved with dual simplex

Root relaxation: objective 7.009820e+06, 16433 iterations, 1.39 seconds (2.10 work units)

    Nodes    |    Current Node    |     Objective Bounds      |     Work
 Expl Unexpl |  Obj  Depth IntInf | Incumbent    BestBd   Gap | It/Node Time

     0     0 7009820.39    0  266 1.4265e+17 7009820.39   100%     -    4s
H    0     0                    1.186775e+16 7009820.39   100%     -    5s
H    0     0                    1.118010e+16 7009826.31   100%     -    5s
     0     0 7012558.04    0  251 1.1180e+16 7012558.04   100%     -    7s
H    0     0                    4.818590e+15 7012558.04   100%     -    7s
     0     0 7012626.17    0  251 4.8186e+15 7012626.17   100%     -    8s
     0     0 7012626.21    0  261 4.8186e+15 7012626.21   100%     -    8s
     0     0 7014949.79    0  249 4.8186e+15 7014949.79   100%     -    9s
H    0     0                    3.053755e+15 7015270.15   100%     -    9s
     0     0 7015827.49    0  240 3.0538e+15 7015827.49   100%     -    9s
     0     0 7015827.49    0  261 3.0538e+15 7015827.49   100%     -    9s
     0     0 7015827.49    0  264 3.0538e+15 7015827.49   100%     -    9s
H    0     0                    2.853093e+15 7015827.49   100%     -   10s
H    0     0                    2.544277e+15 7015827.49   100%     -   10s
H    0     0                    2.415414e+15 7015827.49   100%     -   10s
H    0     0                    2.371892e+15 7015827.49   100%     -   10s
H    0     0                    2.265706e+15 7015827.49   100%     -   10s
H    0     0                    6.211391e+14 7016620.36   100%     -   10s
H    0     0                    7288375.1236 7016620.36  3.73%     -   10s
H    0     0                    7250443.9115 7016620.36  3.22%     -   10s
     0     0 7016620.36    0  283 7250443.91 7016620.36  3.22%     -   10s
H    0     0                    7228311.8765 7016881.95  2.93%     -   10s
H    0     0                    7127816.5199 7016881.95  1.56%     -   10s
H    0     0                    7125126.3950 7016881.95  1.52%     -   10s
H    0     0                    7123489.3857 7016881.95  1.50%     -   10s
H    0     0                    7123489.3293 7016881.95  1.50%     -   10s
     0     0 7016881.95    0  343 7123489.33 7016881.95  1.50%     -   10s

Cutting planes:
  Gomory: 27
  Lift-and-project: 3
  Implied bound: 68
  MIR: 88
  Flow cover: 83
  RLT: 35
  Relax-and-lift: 71
  BQP: 4

Explored 1 nodes (21127 simplex iterations) in 11.03 seconds (16.59 work units)
Thread count was 24 (of 24 available processors)

Solution count 10: 7.12349e+06 7.12513e+06 7.12782e+06 ... 2.54428e+15

Optimal solution found (tolerance 1.50e-02)
Best objective 7.123489329270e+06, best bound 7.016881947931e+06, gap 1.4966%

User-callback calls 1155, time in user-callback 0.00 sec
Set parameter Username
Set parameter LicenseID to value 2826524
Academic license - for non-commercial use only - expires 2027-05-22
Set parameter MIPGap to value 0.015
Set parameter MIPGap to value 0.015
Gurobi Optimizer version 13.0.2 build v13.0.2rc1 (win64 - Windows 11+.0 (29639.2))

CPU model: 13th Gen Intel(R) Core(TM) i7-13700F, instruction set [SSE2|AVX|AVX2]
Thread count: 16 physical cores, 24 logical processors, using up to 24 threads

Non-default parameters:
MIPGap  0.015

Optimize a model with 49492 rows, 31536 columns and 415380 nonzeros (Min)
Model fingerprint: 0x7e7499c9
Model has 23400 linear objective coefficients
Variable types: 23664 continuous, 7872 integer (7872 binary)
Coefficient statistics:
  Matrix range     [3e-02, 4e+02]
  Objective range  [1e+00, 1e+15]
  Bounds range     [0e+00, 0e+00]
  RHS range        [2e-02, 4e+02]
Warning: Model contains large objective coefficients
         Consider reformulating model or setting NumericFocus parameter
         to avoid numerical issues.

Presolve removed 18914 rows and 8827 columns
Presolve time: 0.89s
Presolved: 30578 rows, 22709 columns, 129858 nonzeros
Variable types: 15623 continuous, 7086 integer (7086 binary)
Deterministic concurrent LP optimizer: primal and dual simplex
Showing primal log only...

Concurrent spin time: 0.00s

Solved with dual simplex

Use crossover to convert LP symmetric solution to basic solution...
Crossover time: 0.03 seconds (0.03 work units)

Root relaxation: objective 4.214956e+06, 11511 iterations, 0.53 seconds (0.67 work units)

    Nodes    |    Current Node    |     Objective Bounds      |     Work
 Expl Unexpl |  Obj  Depth IntInf | Incumbent    BestBd   Gap | It/Node Time

     0     0 4214956.24    0  558          - 4214956.24      -     -    1s
H    0     0                    4952485.3819 4214956.24  14.9%     -    1s
     0     0 4222932.08    0  535 4952485.38 4222932.08  14.7%     -    2s
H    0     0                    4538252.5452 4223128.15  6.94%     -    3s
     0     0 4223128.15    0  528 4538252.55 4223128.15  6.94%     -    3s
     0     0 4223128.15    0  528 4538252.55 4223128.15  6.94%     -    3s
     0     0 4225712.90    0  430 4538252.55 4225712.90  6.89%     -    3s
     0     0 4226116.45    0  440 4538252.55 4226116.45  6.88%     -    3s
H    0     0                    4387613.1220 4226257.41  3.68%     -    3s
H    0     0                    4387114.6403 4226257.41  3.67%     -    3s
     0     0 4226257.41    0  433 4387114.64 4226257.41  3.67%     -    3s
     0     0 4226273.04    0  453 4387114.64 4226273.04  3.67%     -    4s
     0     0 4226273.38    0  438 4387114.64 4226273.38  3.67%     -    4s
H    0     0                    4387112.8603 4226273.38  3.67%     -    4s
H    0     0                    4385887.0193 4226273.38  3.64%     -    4s
H    0     0                    4384573.4220 4226273.38  3.61%     -    4s
H    0     0                    4382425.8995 4227792.56  3.53%     -    4s
H    0     0                    4381706.9836 4227792.56  3.51%     -    4s
H    0     0                    4381164.1743 4227792.56  3.50%     -    4s
     0     0 4227792.56    0  303 4381164.17 4227792.56  3.50%     -    4s
     0     0 4227935.81    0  304 4381164.17 4227935.81  3.50%     -    5s
     0     0 4227980.20    0  266 4381164.17 4227980.20  3.50%     -    5s
H    0     0                    4379060.8995 4227999.36  3.45%     -    5s
     0     0 4227999.36    0  349 4379060.90 4227999.36  3.45%     -    5s
     0     0 4227999.38    0  350 4379060.90 4227999.38  3.45%     -    5s
H    0     0                    4379060.4173 4227999.38  3.45%     -    5s
H    0     0                    4377321.4740 4227999.38  3.41%     -    5s
H    0     0                    4375852.5065 4227999.38  3.38%     -    5s
H    0     0                    4371963.9145 4228360.13  3.28%     -    5s
     0     0 4228360.13    0  368 4371963.91 4228360.13  3.28%     -    5s
H    0     0                    4294267.1093 4228360.13  1.53%     -    5s
H    0     0                    4293641.7523 4228360.13  1.52%     -    5s
     0     0 4228448.22    0  323 4293641.75 4228448.22  1.52%     -    6s
     0     0 4228453.23    0  356 4293641.75 4228453.23  1.52%     -    6s
     0     0 4228453.23    0  352 4293641.75 4228453.23  1.52%     -    6s
     0     0 4228572.03    0  339 4293641.75 4228572.03  1.52%     -    6s
     0     0 4228585.59    0  318 4293641.75 4228585.59  1.52%     -    6s
     0     0 4228585.85    0  323 4293641.75 4228585.85  1.52%     -    6s
     0     0 4228779.70    0  406 4293641.75 4228779.70  1.51%     -    6s
H    0     0                    4292376.0980 4228780.40  1.48%     -    6s

Cutting planes:
  Gomory: 77
  Implied bound: 309
  MIR: 229
  Flow cover: 194
  RLT: 3
  Relax-and-lift: 138

Explored 1 nodes (20360 simplex iterations) in 7.03 seconds (8.92 work units)
Thread count was 24 (of 24 available processors)

Solution count 10: 4.29238e+06 4.29364e+06 4.29427e+06 ... 4.38243e+06

Optimal solution found (tolerance 1.50e-02)
Best objective 4.292376098003e+06, best bound 4.228780400667e+06, gap 1.4816%

User-callback calls 1324, time in user-callback 0.00 sec
Set parameter Username
Set parameter LicenseID to value 2826524
Academic license - for non-commercial use only - expires 2027-05-22
Set parameter Username
Set parameter LicenseID to value 2826524
Academic license - for non-commercial use only - expires 2027-05-22
Warning for adding constraints: zero or small (< 1e-13) coefficients, ignored
Gurobi Optimizer version 13.0.2 build v13.0.2rc1 (win64 - Windows 11+.0 (29639.2))

CPU model: 13th Gen Intel(R) Core(TM) i7-13700F, instruction set [SSE2|AVX|AVX2]
Thread count: 16 physical cores, 24 logical processors, using up to 24 threads

Non-default parameters:
MIPGap  0.015

Optimize a model with 58420 rows, 31536 columns and 2139012 nonzeros (Min)
Model fingerprint: 0x1888daaf
Model has 23400 linear objective coefficients
Variable types: 23664 continuous, 7872 integer (7872 binary)
Coefficient statistics:
  Matrix range     [2e-08, 4e+02]
  Objective range  [1e+00, 1e+15]
  Bounds range     [0e+00, 0e+00]
  RHS range        [2e-03, 4e+02]
Warning: Model contains large objective coefficients
         Consider reformulating model or setting NumericFocus parameter
         to avoid numerical issues.

MIP start from previous solve produced solution with objective 7.69342e+16 (0.82s)
MIP start from previous solve produced solution with objective 7.69342e+16 (0.82s)
Loaded MIP start from previous solve with objective 7.69342e+16

Presolve removed 26691 rows and 6354 columns
Presolve time: 2.38s
Presolved: 31729 rows, 25634 columns, 299800 nonzeros
Variable types: 18548 continuous, 7086 integer (7086 binary)
Deterministic concurrent LP optimizer: primal and dual simplex
Showing primal log only...


Root simplex log...

Iteration    Objective       Primal Inf.    Dual Inf.      Time
   34212    8.6757067e+17   0.000000e+00   9.780536e+20      5s
Concurrent spin time: 0.00s

Solved with dual simplex

Root simplex log...

Iteration    Objective       Primal Inf.    Dual Inf.      Time
   19586    6.9456000e+06   0.000000e+00   0.000000e+00      5s

Root relaxation: objective 6.945600e+06, 19586 iterations, 2.11 seconds (3.19 work units)

    Nodes    |    Current Node    |     Objective Bounds      |     Work
 Expl Unexpl |  Obj  Depth IntInf | Incumbent    BestBd   Gap | It/Node Time

     0     0 6945600.00    0  603 7.6934e+16 6945600.00   100%     -    5s
H    0     0                    5.677991e+16 6945600.00   100%     -    6s
     0     0 6957401.62    0  477 5.6780e+16 6957401.62   100%     -    7s
H    0     0                    9.576774e+15 6957401.62   100%     -    9s
H    0     0                    8.179166e+15 6957868.75   100%     -    9s
     0     0 6958006.42    0  435 8.1792e+15 6958006.42   100%     -    9s
     0     0 6963622.08    0  435 8.1792e+15 6963622.08   100%     -    9s
     0     0 6964157.69    0  369 8.1792e+15 6964157.69   100%     -   10s
     0     0 6964663.64    0  344 8.1792e+15 6964663.64   100%     -   11s
     0     0 6964716.96    0  352 8.1792e+15 6964716.96   100%     -   11s
     0     0 6964716.97    0  352 8.1792e+15 6964716.97   100%     -   11s
H    0     0                    7.819166e+15 6964716.97   100%     -   11s
H    0     0                    4.218239e+15 6964716.97   100%     -   11s
     0     0 6966073.13    0  342 4.2182e+15 6966073.13   100%     -   12s
     0     0 6966618.40    0  340 4.2182e+15 6966618.40   100%     -   12s
     0     0 6966722.60    0  363 4.2182e+15 6966722.60   100%     -   12s
     0     0 6966977.04    0  318 4.2182e+15 6966977.04   100%     -   12s
     0     0 6967001.34    0  343 4.2182e+15 6967001.34   100%     -   12s
     0     0 6967004.97    0  373 4.2182e+15 6967004.97   100%     -   12s
     0     0 6967005.36    0  373 4.2182e+15 6967005.36   100%     -   13s
     0     0 6967719.82    0  387 4.2182e+15 6967719.82   100%     -   14s
H    0     0                    4.138239e+15 6967719.83   100%     -   15s
H    0     0                    2.917702e+15 6967867.78   100%     -   15s
H    0     0                    2.887702e+15 6967867.78   100%     -   15s
H    0     0                    2.867702e+15 6967867.78   100%     -   15s
H    0     0                    1.292378e+15 6967867.78   100%     -   15s
H    0     0                    1.242378e+15 6967867.78   100%     -   15s
     0     0 6967867.78    0  354 1.2424e+15 6967867.78   100%     -   16s
     0     0 6967915.76    0  387 1.2424e+15 6967915.76   100%     -   16s
     0     0 6967932.37    0  413 1.2424e+15 6967932.37   100%     -   16s
     0     0 6967933.09    0  422 1.2424e+15 6967933.09   100%     -   16s
     0     0 6968184.19    0  448 1.2424e+15 6968184.19   100%     -   17s
     0     0 6968326.48    0  446 1.2424e+15 6968326.48   100%     -   17s
     0     0 6968407.82    0  454 1.2424e+15 6968407.82   100%     -   17s
     0     0 6968430.22    0  443 1.2424e+15 6968430.22   100%     -   17s
     0     0 6968430.42    0  436 1.2424e+15 6968430.42   100%     -   17s
     0     0 6968493.46    0  426 1.2424e+15 6968493.46   100%     -   18s
     0     0 6968513.24    0  398 1.2424e+15 6968513.24   100%     -   18s
     0     0 6968514.13    0  429 1.2424e+15 6968514.13   100%     -   18s
     0     0 6968791.25    0  389 1.2424e+15 6968791.25   100%     -   18s
     0     0 6968798.58    0  445 1.2424e+15 6968798.58   100%     -   18s
     0     0 6968798.73    0  436 1.2424e+15 6968798.73   100%     -   18s
     0     0 6968855.22    0  447 1.2424e+15 6968855.22   100%     -   19s
H    0     0                    5.076672e+12 6968864.05   100%     -   19s
H    0     0                    5.076672e+12 6968864.05   100%     -   19s
H    0     0                    7403787.2178 6968864.05  5.87%     -   19s
H    0     0                    7396254.6364 6968864.05  5.78%     -   19s
H    0     0                    7396094.7623 6968864.05  5.78%     -   19s
H    0     0                    7396092.9860 6968864.05  5.78%     -   19s
     0     0 6968864.47    0  456 7396092.99 6968864.47  5.78%     -   19s
     0     0 6968864.47    0  456 7396092.99 6968864.47  5.78%     -   19s
H    0     0                    7017221.3825 6968864.47  0.69%     -   20s

Cutting planes:
  Gomory: 55
  Implied bound: 207
  MIR: 247
  Flow cover: 270
  RLT: 5
  Relax-and-lift: 112

Explored 1 nodes (29210 simplex iterations) in 20.36 seconds (31.01 work units)
Thread count was 24 (of 24 available processors)

Solution count 10: 7.01722e+06 7.39609e+06 7.39625e+06 ... 2.8877e+15

Optimal solution found (tolerance 1.50e-02)
Best objective 7.017221382523e+06, best bound 6.968864469506e+06, gap 0.6891%

User-callback calls 3940, time in user-callback 0.00 sec
Set parameter Username
Set parameter LicenseID to value 2826524
Academic license - for non-commercial use only - expires 2027-05-22
Set parameter MIPGap to value 0.015
Set parameter MIPGap to value 0.015
Gurobi Optimizer version 13.0.2 build v13.0.2rc1 (win64 - Windows 11+.0 (29639.2))

CPU model: 13th Gen Intel(R) Core(TM) i7-13700F, instruction set [SSE2|AVX|AVX2]
Thread count: 16 physical cores, 24 logical processors, using up to 24 threads

Non-default parameters:
MIPGap  0.015

Optimize a model with 49543 rows, 31536 columns and 415583 nonzeros (Min)
Model fingerprint: 0x4be912e2
Model has 23400 linear objective coefficients
Variable types: 23664 continuous, 7872 integer (7872 binary)
Coefficient statistics:
  Matrix range     [3e-02, 4e+02]
  Objective range  [1e+00, 1e+15]
  Bounds range     [0e+00, 0e+00]
  RHS range        [2e-02, 4e+02]
Warning: Model contains large objective coefficients
         Consider reformulating model or setting NumericFocus parameter
         to avoid numerical issues.

Presolve removed 19173 rows and 8894 columns
Presolve time: 0.91s
Presolved: 30370 rows, 22642 columns, 128446 nonzeros
Variable types: 15622 continuous, 7020 integer (7020 binary)
Deterministic concurrent LP optimizer: primal and dual simplex
Showing primal log only...

Concurrent spin time: 0.00s

Solved with dual simplex

Use crossover to convert LP symmetric solution to basic solution...
Crossover time: 0.03 seconds (0.03 work units)

Root relaxation: objective 2.511248e+06, 10069 iterations, 0.36 seconds (0.46 work units)

    Nodes    |    Current Node    |     Objective Bounds      |     Work
 Expl Unexpl |  Obj  Depth IntInf | Incumbent    BestBd   Gap | It/Node Time

     0     0 2511247.86    0  319          - 2511247.86      -     -    1s
H    0     0                    3919995.1801 2511247.86  35.9%     -    1s
H    0     0                    3142820.9275 2511247.86  20.1%     -    1s
H    0     0                    2696267.5480 2511247.86  6.86%     -    1s
H    0     0                    2647358.4046 2513133.14  5.07%     -    2s
     0     0 2513133.14    0  232 2647358.40 2513133.14  5.07%     -    2s
H    0     0                    2609918.5052 2513136.00  3.71%     -    2s
     0     0 2513136.00    0  232 2609918.51 2513136.00  3.71%     -    2s
     0     0 2514092.50    0  174 2609918.51 2514092.50  3.67%     -    2s
     0     0 2514099.48    0  174 2609918.51 2514099.48  3.67%     -    2s
     0     0 2514361.35    0  201 2609918.51 2514361.35  3.66%     -    3s
     0     0 2514383.57    0  210 2609918.51 2514383.57  3.66%     -    3s
     0     0 2514383.57    0  210 2609918.51 2514383.57  3.66%     -    3s
H    0     0                    2608034.2216 2514595.10  3.58%     -    3s
H    0     0                    2607313.6793 2514595.10  3.56%     -    3s
     0     0 2514595.10    0  203 2607313.68 2514595.10  3.56%     -    3s
H    0     0                    2606609.2296 2514595.10  3.53%     -    4s
     0     0 2514651.11    0  209 2606609.23 2514651.11  3.53%     -    4s
     0     0 2514652.59    0  204 2606609.23 2514652.59  3.53%     -    4s
     0     0 2514652.59    0  229 2606609.23 2514652.59  3.53%     -    4s
H    0     0                    2602522.3498 2514652.59  3.38%     -    4s
     0     0 2514653.07    0  223 2602522.35 2514653.07  3.38%     -    4s
     0     0 2514653.19    0  235 2602522.35 2514653.19  3.38%     -    4s
H    0     0                    2602194.4412 2514720.04  3.36%     -    4s
H    0     0                    2602194.4408 2514720.04  3.36%     -    4s
H    0     0                    2602190.0146 2514720.04  3.36%     -    4s
H    0     0                    2602190.0128 2514720.04  3.36%     -    4s
     0     0 2514720.04    0  231 2602190.01 2514720.04  3.36%     -    4s
     0     0 2514720.31    0  230 2602190.01 2514720.31  3.36%     -    4s
     0     0 2514920.77    0  185 2602190.01 2514920.77  3.35%     -    4s
H    0     0                    2601434.8105 2514920.93  3.33%     -    5s
H    0     0                    2601434.8070 2514920.93  3.33%     -    5s
     0     0 2514920.93    0  203 2601434.81 2514920.93  3.33%     -    5s
H    0     0                    2600712.5286 2514920.93  3.30%     -    5s
H    0     0                    2600712.5259 2514920.93  3.30%     -    5s
     0     0 2514987.15    0  178 2600712.53 2514987.15  3.30%     -    5s
H    0     0                    2600443.0703 2514987.31  3.29%     -    5s
H    0     0                    2599897.1828 2514987.31  3.27%     -    5s
     0     0 2514987.31    0  218 2599897.18 2514987.31  3.27%     -    5s
     0     0 2514998.74    0  244 2599897.18 2514998.74  3.27%     -    5s
H    0     0                    2540382.4005 2514999.09  1.00%     -    5s

Cutting planes:
  Gomory: 30
  Lift-and-project: 1
  Implied bound: 178
  MIR: 73
  Flow cover: 45
  RLT: 35
  Relax-and-lift: 51
  BQP: 2

Explored 1 nodes (13847 simplex iterations) in 5.64 seconds (6.95 work units)
Thread count was 24 (of 24 available processors)

Solution count 10: 2.54038e+06 2.54038e+06 2.5999e+06 ... 2.60661e+06

Optimal solution found (tolerance 1.50e-02)
Best objective 2.540382400533e+06, best bound 2.514999092225e+06, gap 0.9992%

User-callback calls 1203, time in user-callback 0.00 sec
Set parameter Username
Set parameter LicenseID to value 2826524
Academic license - for non-commercial use only - expires 2027-05-22
Set parameter Username
Set parameter LicenseID to value 2826524
Academic license - for non-commercial use only - expires 2027-05-22
Warning for adding constraints: zero or small (< 1e-13) coefficients, ignored
Gurobi Optimizer version 13.0.2 build v13.0.2rc1 (win64 - Windows 11+.0 (29639.2))

CPU model: 13th Gen Intel(R) Core(TM) i7-13700F, instruction set [SSE2|AVX|AVX2]
Thread count: 16 physical cores, 24 logical processors, using up to 24 threads

Non-default parameters:
MIPGap  0.015

Optimize a model with 58471 rows, 31536 columns and 2139215 nonzeros (Min)
Model fingerprint: 0xea874811
Model has 23400 linear objective coefficients
Variable types: 23664 continuous, 7872 integer (7872 binary)
Coefficient statistics:
  Matrix range     [2e-08, 4e+02]
  Objective range  [1e+00, 1e+15]
  Bounds range     [0e+00, 0e+00]
  RHS range        [1e-04, 4e+02]
Warning: Model contains large objective coefficients
         Consider reformulating model or setting NumericFocus parameter
         to avoid numerical issues.

MIP start from previous solve produced solution with objective 7.31898e+16 (0.57s)
MIP start from previous solve produced solution with objective 7.31898e+16 (0.58s)
Loaded MIP start from previous solve with objective 7.31898e+16

Presolve removed 27205 rows and 6438 columns
Presolve time: 1.96s
Presolved: 31266 rows, 25333 columns, 254324 nonzeros
Variable types: 18313 continuous, 7020 integer (7020 binary)
Deterministic concurrent LP optimizer: primal and dual simplex
Showing primal log only...

Concurrent spin time: 0.00s

Solved with dual simplex

Root relaxation: objective 7.021874e+06, 19950 iterations, 1.58 seconds (2.49 work units)

    Nodes    |    Current Node    |     Objective Bounds      |     Work
 Expl Unexpl |  Obj  Depth IntInf | Incumbent    BestBd   Gap | It/Node Time

     0     0 7021874.13    0  241 7.3190e+16 7021874.13   100%     -    4s
H    0     0                    1.580927e+16 7021874.13   100%     -    4s
H    0     0                    9.013360e+15 7021874.13   100%     -    4s
     0     0 7024231.36    0  240 9.0134e+15 7024231.36   100%     -    5s
H    0     0                    1.608731e+15 7024231.36   100%     -    6s
H    0     0                    7.288889e+14 7024231.36   100%     -    6s
     0     0 7025666.77    0  229 7.2889e+14 7025666.77   100%     -    7s
     0     0 7025666.77    0  229 7.2889e+14 7025666.77   100%     -    7s
     0     0 7025666.77    0  234 7.2889e+14 7025666.77   100%     -    8s
     0     0 7025982.45    0  257 7.2889e+14 7025982.45   100%     -    9s
     0     0 7026053.07    0  247 7.2889e+14 7026053.07   100%     -    9s
     0     0 7026091.29    0  266 7.2889e+14 7026091.29   100%     -    9s
     0     0 7026094.65    0  266 7.2889e+14 7026094.65   100%     -    9s
     0     0 7026094.67    0  269 7.2889e+14 7026094.67   100%     -    9s
H    0     0                    1.798423e+14 7026572.32   100%     -   10s
H    0     0                    7050554.6056 7026572.32  0.34%     -   10s
H    0     0                    7048211.8617 7026572.32  0.31%     -   10s
     0     0 7026572.32    0  239 7048211.86 7026572.32  0.31%     -   10s

Cutting planes:
  Gomory: 18
  Lift-and-project: 1
  Implied bound: 74
  MIR: 105
  Flow cover: 66
  RLT: 19
  Relax-and-lift: 70
  BQP: 3

Explored 1 nodes (23351 simplex iterations) in 10.18 seconds (15.33 work units)
Thread count was 24 (of 24 available processors)

Solution count 8: 7.04821e+06 7.05055e+06 1.79842e+14 ... 7.31898e+16

Optimal solution found (tolerance 1.50e-02)
Best objective 7.048211862043e+06, best bound 7.026572323153e+06, gap 0.3070%

User-callback calls 1203, time in user-callback 0.00 sec
Set parameter Username
Set parameter LicenseID to value 2826524
Academic license - for non-commercial use only - expires 2027-05-22
Set parameter MIPGap to value 0.015
Set parameter MIPGap to value 0.015
Gurobi Optimizer version 13.0.2 build v13.0.2rc1 (win64 - Windows 11+.0 (29639.2))

CPU model: 13th Gen Intel(R) Core(TM) i7-13700F, instruction set [SSE2|AVX|AVX2]
Thread count: 16 physical cores, 24 logical processors, using up to 24 threads

Non-default parameters:
MIPGap  0.015

Optimize a model with 49511 rows, 31536 columns and 415497 nonzeros (Min)
Model fingerprint: 0x293f04bf
Model has 23400 linear objective coefficients
Variable types: 23664 continuous, 7872 integer (7872 binary)
Coefficient statistics:
  Matrix range     [3e-02, 4e+02]
  Objective range  [1e+00, 1e+15]
  Bounds range     [0e+00, 0e+00]
  RHS range        [2e-02, 4e+02]
Warning: Model contains large objective coefficients
         Consider reformulating model or setting NumericFocus parameter
         to avoid numerical issues.

Presolve removed 18940 rows and 8826 columns
Presolve time: 0.87s
Presolved: 30571 rows, 22710 columns, 129302 nonzeros
Variable types: 15621 continuous, 7089 integer (7089 binary)
Deterministic concurrent LP optimizer: primal and dual simplex
Showing primal log only...

Concurrent spin time: 0.00s

Solved with dual simplex

Use crossover to convert LP symmetric solution to basic solution...
Crossover time: 0.09 seconds (0.18 work units)

Root relaxation: objective 6.372226e+15, 11393 iterations, 0.40 seconds (0.58 work units)

    Nodes    |    Current Node    |     Objective Bounds      |     Work
 Expl Unexpl |  Obj  Depth IntInf | Incumbent    BestBd   Gap | It/Node Time

     0     0 6.3722e+15    0  406          - 6.3722e+15      -     -    1s
H    0     0                    6.372226e+15 6.3722e+15  0.00%     -    1s

Explored 1 nodes (11583 simplex iterations) in 1.84 seconds (3.28 work units)
Thread count was 24 (of 24 available processors)

Solution count 1: 6.37223e+15 

Optimal solution found (tolerance 1.50e-02)
Best objective 6.372225705079e+15, best bound 6.372225704223e+15, gap 0.0000%

User-callback calls 541, time in user-callback 0.00 sec
Set parameter Username
Set parameter LicenseID to value 2826524
Academic license - for non-commercial use only - expires 2027-05-22
Set parameter Username
Set parameter LicenseID to value 2826524
Academic license - for non-commercial use only - expires 2027-05-22
Warning for adding constraints: zero or small (< 1e-13) coefficients, ignored
Gurobi Optimizer version 13.0.2 build v13.0.2rc1 (win64 - Windows 11+.0 (29639.2))

CPU model: 13th Gen Intel(R) Core(TM) i7-13700F, instruction set [SSE2|AVX|AVX2]
Thread count: 16 physical cores, 24 logical processors, using up to 24 threads

Non-default parameters:
MIPGap  0.015

Optimize a model with 58439 rows, 31536 columns and 2139129 nonzeros (Min)
Model fingerprint: 0x4e515a2d
Model has 23400 linear objective coefficients
Variable types: 23664 continuous, 7872 integer (7872 binary)
Coefficient statistics:
  Matrix range     [2e-08, 4e+02]
  Objective range  [1e+00, 1e+15]
  Bounds range     [0e+00, 0e+00]
  RHS range        [1e-03, 4e+02]
Warning: Model contains large objective coefficients
         Consider reformulating model or setting NumericFocus parameter
         to avoid numerical issues.

MIP start from previous solve produced solution with objective 3.72522e+16 (0.97s)
MIP start from previous solve produced solution with objective 3.72522e+16 (0.98s)
Loaded MIP start from previous solve with objective 3.72522e+16

Presolve removed 26505 rows and 6242 columns
Presolve time: 2.45s
Presolved: 31934 rows, 25801 columns, 301681 nonzeros
Variable types: 18712 continuous, 7089 integer (7089 binary)
Deterministic concurrent LP optimizer: primal and dual simplex
Showing primal log only...

Concurrent spin time: 0.00s

Solved with dual simplex

Root relaxation: objective 1.454563e+16, 18111 iterations, 0.89 seconds (1.49 work units)

    Nodes    |    Current Node    |     Objective Bounds      |     Work
 Expl Unexpl |  Obj  Depth IntInf | Incumbent    BestBd   Gap | It/Node Time

     0     0 1.4546e+16    0  653 3.7252e+16 1.4546e+16  61.0%     -    4s
     0     0 1.4553e+16    0  217 3.7252e+16 1.4553e+16  60.9%     -    6s
     0     0 1.4555e+16    0  207 3.7252e+16 1.4555e+16  60.9%     -    6s
     0     0 1.4573e+16    0  170 3.7252e+16 1.4573e+16  60.9%     -    7s
     0     0 1.4574e+16    0  158 3.7252e+16 1.4574e+16  60.9%     -    7s
H    0     0                    2.588744e+16 1.4574e+16  43.7%     -    8s
H    0     0                    1.520531e+16 1.4574e+16  4.15%     -    8s
     0     0 1.4576e+16    0  158 1.5205e+16 1.4576e+16  4.14%     -    8s
H    0     0                    1.515465e+16 1.4576e+16  3.82%     -   10s
     0     0 1.4585e+16    0  169 1.5155e+16 1.4585e+16  3.76%     -   11s
     0     0 1.4585e+16    0  186 1.5155e+16 1.4585e+16  3.76%     -   11s
     0     0 1.4585e+16    0  193 1.5155e+16 1.4585e+16  3.76%     -   11s
     0     0 1.4585e+16    0  169 1.5155e+16 1.4585e+16  3.76%     -   11s
     0     0 1.4585e+16    0  186 1.5155e+16 1.4585e+16  3.76%     -   11s
     0     0 1.4585e+16    0  185 1.5155e+16 1.4585e+16  3.76%     -   12s
H    0     0                    1.468471e+16 1.4585e+16  0.68%     -   12s

Cutting planes:
  Learned: 1
  Gomory: 38
  Cover: 6
  Implied bound: 315
  MIR: 128
  Flow cover: 154
  RLT: 4
  Relax-and-lift: 83

Explored 1 nodes (25347 simplex iterations) in 12.71 seconds (20.18 work units)
Thread count was 24 (of 24 available processors)

Solution count 5: 1.46847e+16 1.51546e+16 1.52053e+16 ... 3.72522e+16

Optimal solution found (tolerance 1.50e-02)
Best objective 1.468471222194e+16, best bound 1.458457969208e+16, gap 0.6819%

User-callback calls 2956, time in user-callback 0.01 sec
Set parameter Username
Set parameter LicenseID to value 2826524
Academic license - for non-commercial use only - expires 2027-05-22
Set parameter MIPGap to value 0.015
Set parameter MIPGap to value 0.015
Gurobi Optimizer version 13.0.2 build v13.0.2rc1 (win64 - Windows 11+.0 (29639.2))

CPU model: 13th Gen Intel(R) Core(TM) i7-13700F, instruction set [SSE2|AVX|AVX2]
Thread count: 16 physical cores, 24 logical processors, using up to 24 threads

Non-default parameters:
MIPGap  0.015

Optimize a model with 49560 rows, 31536 columns and 415630 nonzeros (Min)
Model fingerprint: 0xe9285e89
Model has 23400 linear objective coefficients
Variable types: 23664 continuous, 7872 integer (7872 binary)
Coefficient statistics:
  Matrix range     [3e-02, 4e+02]
  Objective range  [1e+00, 1e+15]
  Bounds range     [0e+00, 0e+00]
  RHS range        [1e-02, 4e+02]
Warning: Model contains large objective coefficients
         Consider reformulating model or setting NumericFocus parameter
         to avoid numerical issues.

Presolve removed 19209 rows and 8896 columns
Presolve time: 0.97s
Presolved: 30351 rows, 22640 columns, 128429 nonzeros
Variable types: 15623 continuous, 7017 integer (7017 binary)
Deterministic concurrent LP optimizer: primal and dual simplex
Showing primal log only...

Concurrent spin time: 0.00s

Solved with dual simplex

Use crossover to convert LP symmetric solution to basic solution...
Crossover time: 0.03 seconds (0.03 work units)

Root relaxation: objective 2.271481e+06, 9389 iterations, 0.34 seconds (0.43 work units)

    Nodes    |    Current Node    |     Objective Bounds      |     Work
 Expl Unexpl |  Obj  Depth IntInf | Incumbent    BestBd   Gap | It/Node Time

     0     0 2271480.65    0  190          - 2271480.65      -     -    1s
H    0     0                    3170317.5965 2271480.65  28.4%     -    1s
     0     0 2272307.53    0  246 3170317.60 2272307.53  28.3%     -    2s
     0     0 2272491.85    0  251 3170317.60 2272491.85  28.3%     -    2s
     0     0 2272492.02    0  251 3170317.60 2272492.02  28.3%     -    2s
H    0     0                    2457373.7772 2272492.02  7.52%     -    2s
H    0     0                    2424481.2004 2272492.02  6.27%     -    2s
     0     0 2272874.61    0  268 2424481.20 2272874.61  6.25%     -    2s
H    0     0                    2412126.5336 2272875.62  5.77%     -    2s
     0     0 2272976.63    0  280 2412126.53 2272976.63  5.77%     -    2s
     0     0 2272976.63    0  283 2412126.53 2272976.63  5.77%     -    3s
H    0     0                    2365285.7168 2274079.05  3.86%     -    3s
H    0     0                    2364417.2196 2274079.05  3.82%     -    3s
     0     0 2274079.05    0  273 2364417.22 2274079.05  3.82%     -    3s
     0     0 2274084.83    0  255 2364417.22 2274084.83  3.82%     -    3s
     0     0 2274084.83    0  255 2364417.22 2274084.83  3.82%     -    3s
H    0     0                    2364413.8122 2274084.83  3.82%     -    4s
H    0     0                    2363908.0168 2274084.83  3.80%     -    4s
H    0     0                    2358775.3084 2274084.83  3.59%     -    4s
H    0     0                    2358419.1766 2274084.83  3.58%     -    4s
H    0     0                    2356236.6228 2274084.83  3.49%     -    4s
     0     0 2274560.47    0  249 2356236.62 2274560.47  3.47%     -    4s
H    0     0                    2356235.5895 2274567.57  3.47%     -    4s
H    0     0                    2354369.0517 2274567.57  3.39%     -    4s
H    0     0                    2320273.2602 2274570.00  1.97%     -    4s
H    0     0                    2319691.5936 2274570.00  1.95%     -    4s
H    0     0                    2317653.4465 2274570.00  1.86%     -    4s
     0     0 2274570.00    0  247 2317653.45 2274570.00  1.86%     -    4s
     0     0 2274570.38    0  264 2317653.45 2274570.38  1.86%     -    4s
     0     0 2274603.21    0  257 2317653.45 2274603.21  1.86%     -    4s
H    0     0                    2317649.3462 2274628.68  1.86%     -    4s
H    0     0                    2316924.2312 2274628.68  1.83%     -    4s
H    0     0                    2316916.3313 2274628.68  1.83%     -    4s
     0     0 2274628.68    0  261 2316916.33 2274628.68  1.83%     -    4s
     0     0 2274628.68    0  261 2316916.33 2274628.68  1.83%     -    4s
     0     0 2274663.57    0  232 2316916.33 2274663.57  1.82%     -    5s
H    0     0                    2315625.0264 2274670.57  1.77%     -    5s
     0     0 2274801.96    0  222 2315625.03 2274801.96  1.76%     -    5s
     0     0 2274805.65    0  247 2315625.03 2274805.65  1.76%     -    5s
     0     0 2274815.00    0  276 2315625.03 2274815.00  1.76%     -    5s
     0     0 2274815.22    0  265 2315625.03 2274815.22  1.76%     -    5s
     0     0 2275015.67    0  327 2315625.03 2275015.67  1.75%     -    5s
     0     0 2275017.47    0  321 2315625.03 2275017.47  1.75%     -    5s
H    0     0                    2294734.0217 2275017.47  0.86%     -    5s

Cutting planes:
  Gomory: 17
  Implied bound: 138
  MIR: 125
  Flow cover: 117
  RLT: 26
  Relax-and-lift: 41

Explored 1 nodes (13229 simplex iterations) in 6.00 seconds (7.04 work units)
Thread count was 24 (of 24 available processors)

Solution count 10: 2.29473e+06 2.29473e+06 2.31563e+06 ... 2.35624e+06

Optimal solution found (tolerance 1.50e-02)
Best objective 2.294734021650e+06, best bound 2.275017471758e+06, gap 0.8592%

User-callback calls 1219, time in user-callback 0.00 sec
	→ The renewable energy scenarios module loaded.
	→ Input data module loaded and ready for UC modeling.
	→ The [JULIA] environment_config has been loaded.
	→ Constraint modules included and functions exported.
	→ Objective functions module loaded and exported.
	→ Utility functions module loaded and exported.
	→ all boundary conditions validated.

================================================================================
Step 1: Reading input data from Excel file...
================================================================================
Step-1: Loading packages and functions...
  Reading data from: D:\GithubClonefiles\module_unitcommitment\data\data_118_clustered_pcm.xlsx
  Reading frequency parameters...
  Reading energy storage system data...
  Reading generator, network, and load data...
  Reading data center data...
  Reading hydroelectric power data...
  ✓ All data successfully loaded from Excel file.

================================================================================
Step 2: Formatting input data for optimization model...
================================================================================
Step-2: imput data are loaded

================================================================================
Step 3: Generating wind power scenarios...
================================================================================

================================================================================
Step 4: Configuring sequential scheduling parameters...
================================================================================
  Scheduling intervals: 7
  Time periods per interval: 24
  Total planning horizon: 168 periods
  Clustered UC layer: enabled

================================================================================
Step 5: Running sequential unit commitment optimization...
================================================================================

--------------------------------------------------------------------------------
Processing scheduling interval 1 of 7...
--------------------------------------------------------------------------------
  Updating boundary conditions based on previous interval results...
  Solving unit commitment optimization for interval 1...
Step-3: Creating dispatching model (Refactored & Modularized)
	 Variables defined.
DEBUG set_objective_economic!: NT=24, NG=108, ND=91, NW=20, NS=1, K=3, size(refcost)=(108,), size(eachslope)=(3, 108)
objective_function
	MILP economic objective set
subject to.
	 constraints: 1) minimum shutup/shutdown time limits			 done
	 constraints: 2) binary variable logic					 done
	 constraints: 3) shutup/shutdown cost					 done
	 constraints: 4) loadcurtailments and spoliedwinds			 done
	 constraints: 5) generatos power limits					 done
	 constraints: 6) system reserves limits					 done
	 constraints: 7) power balance constraints				 done
	 constraints: 8) ramp-up/ramp-down constraints				 done
	 constraints: 9) piece linearization constraints			 done
	 constraints: 10) transmission limits deferred to unit disaggregation
	 constraints: 11) stroges system constraints skipped (is_ConsiderBESS=0)
	 constraints: 12) data centra constraints skipped (is_ConsiderDataCentra != 1)
	 constraints: 13) frequency control constraints skipped (is_ConsiderFrequencyControl != 1)
	 constraints: 14) hydro power limits					 done
+++++++++++++++++++++++++++++++++++++++++++++++++++++++++++++++++++++++++++++++++++++++++++
Step-4: starting Gurobi solver
Step-5: Gurobi solver finished
+++++++++++++++++++++++++++++++++++++++++++++++++++++++++++++++++++++++++++++++++++++++++++

assert_is_solved_and_feasible(scuc) = nothing
solution_summary(scuc) = solution_summary(; result = 1, verbose = false)
├ solver_name          : Gurobi
├ Termination
│ ├ termination_status : OPTIMAL
│ ├ result_count       : 10
│ ├ raw_status         : Model was solved to optimality (subject to tolerances), and an optimal solution is available.
│ └ objective_bound    : 2.79270e+06
├ Solution (result = 1)
│ ├ primal_status        : FEASIBLE_POINT
│ ├ dual_status          : NO_SOLUTION
│ ├ objective_value      : 2.82307e+06
│ └ relative_gap         : 1.07591e-02
└ Work counters
  ├ solve_time (sec)   : 5.82800e+00
  ├ simplex_iterations : 14420
  ├ barrier_iterations : 0
  └ node_count         : 1


Termination Status: OPTIMAL
Acceptable solution found (Status: OPTIMAL).
Step-6: record datas
PART1: [unit-commitment] calculation result has been saved to: D:/GithubClonefiles/module_unitcommitment/output/details_schedule_results/pcm_simulation_results/intervels_[1]/res_schedule_commitment_result.txt
    Cluster diagnostic scenario 1: stage=network, periods=[3, 4, 11, 1, 2, 5, 6, 7, 8, 9, 10, 12, 13, 14, 15, 16, 17, 18, 19, 20, 21, 22, 23, 24], lines=[37, 54, 159, 30], dispatch_deviations=197
  ↻ Network feedback: adding PTDF constraints and re-solving the current PCM window
	 constraints: 10) transmissionline limits for baseline			 done
+++++++++++++++++++++++++++++++++++++++++++++++++++++++++++++++++++++++++++++++++++++++++++
Step-4: starting Gurobi solver
Step-5: Gurobi solver finished
+++++++++++++++++++++++++++++++++++++++++++++++++++++++++++++++++++++++++++++++++++++++++++

assert_is_solved_and_feasible(scuc) = nothing
solution_summary(scuc) = solution_summary(; result = 1, verbose = false)
├ solver_name          : Gurobi
├ Termination
│ ├ termination_status : OPTIMAL
│ ├ result_count       : 10
│ ├ raw_status         : Model was solved to optimality (subject to tolerances), and an optimal solution is available.
│ └ objective_bound    : 5.83390e+06
├ Solution (result = 1)
│ ├ primal_status        : FEASIBLE_POINT
│ ├ dual_status          : NO_SOLUTION
│ ├ objective_value      : 5.84345e+06
│ └ relative_gap         : 1.63514e-03
└ Work counters
  ├ solve_time (sec)   : 1.14300e+01
  ├ simplex_iterations : 18727
  ├ barrier_iterations : 0
  └ node_count         : 1


Termination Status: OPTIMAL
Acceptable solution found (Status: OPTIMAL).
Step-6: record datas
PART1: [unit-commitment] calculation result has been saved to: D:/GithubClonefiles/module_unitcommitment/output/details_schedule_results/pcm_simulation_results/intervels_[1]/res_schedule_commitment_result.txt
  ✓ Clustered UC residence/network disaggregation completed (54 clusters, stage=network_feedback_repaired)
  ✓ Interval 1 optimization completed successfully
  Saving detailed results for interval 1...
Extracting results from dictionary...
details [unit_commtiemnt] scheduling results have been saved!
  ✓ Interval 1 processing completed

--------------------------------------------------------------------------------
Processing scheduling interval 2 of 7...
--------------------------------------------------------------------------------
  Updating boundary conditions based on previous interval results...
  Solving unit commitment optimization for interval 2...
Step-3: Creating dispatching model (Refactored & Modularized)
	 Variables defined.
DEBUG set_objective_economic!: NT=24, NG=108, ND=91, NW=20, NS=1, K=3, size(refcost)=(108,), size(eachslope)=(3, 108)
objective_function
	MILP economic objective set
subject to.
	 constraints: 1) minimum shutup/shutdown time limits			 done
	 constraints: 2) binary variable logic					 done
	 constraints: 3) shutup/shutdown cost					 done
	 constraints: 4) loadcurtailments and spoliedwinds			 done
	 constraints: 5) generatos power limits					 done
	 constraints: 6) system reserves limits					 done
	 constraints: 7) power balance constraints				 done
	 constraints: 8) ramp-up/ramp-down constraints				 done
	 constraints: 9) piece linearization constraints			 done
	 constraints: 10) transmission limits deferred to unit disaggregation
	 constraints: 11) stroges system constraints skipped (is_ConsiderBESS=0)
	 constraints: 12) data centra constraints skipped (is_ConsiderDataCentra != 1)
	 constraints: 13) frequency control constraints skipped (is_ConsiderFrequencyControl != 1)
	 constraints: 14) hydro power limits					 done
+++++++++++++++++++++++++++++++++++++++++++++++++++++++++++++++++++++++++++++++++++++++++++
Step-4: starting Gurobi solver
Step-5: Gurobi solver finished
+++++++++++++++++++++++++++++++++++++++++++++++++++++++++++++++++++++++++++++++++++++++++++

assert_is_solved_and_feasible(scuc) = nothing
solution_summary(scuc) = solution_summary(; result = 1, verbose = false)
├ solver_name          : Gurobi
├ Termination
│ ├ termination_status : OPTIMAL
│ ├ result_count       : 3
│ ├ raw_status         : Model was solved to optimality (subject to tolerances), and an optimal solution is available.
│ └ objective_bound    : 3.76128e+06
├ Solution (result = 1)
│ ├ primal_status        : FEASIBLE_POINT
│ ├ dual_status          : NO_SOLUTION
│ ├ objective_value      : 3.76128e+06
│ └ relative_gap         : 0.00000e+00
└ Work counters
  ├ solve_time (sec)   : 2.59100e+00
  ├ simplex_iterations : 14640
  ├ barrier_iterations : 0
  └ node_count         : 1


Termination Status: OPTIMAL
Acceptable solution found (Status: OPTIMAL).
Step-6: record datas
PART1: [unit-commitment] calculation result has been saved to: D:/GithubClonefiles/module_unitcommitment/output/details_schedule_results/pcm_simulation_results/intervels_[2]/res_schedule_commitment_result.txt
    Cluster diagnostic scenario 1: stage=network, periods=[3, 4, 1, 2, 5, 6, 7, 8, 9, 10, 11, 12, 13, 14, 15, 16, 17, 18, 19, 20, 21, 22, 23, 24], lines=[37, 54, 30, 159], dispatch_deviations=277
  ↻ Network feedback: adding PTDF constraints and re-solving the current PCM window
	 constraints: 10) transmissionline limits for baseline			 done
+++++++++++++++++++++++++++++++++++++++++++++++++++++++++++++++++++++++++++++++++++++++++++
Step-4: starting Gurobi solver
Step-5: Gurobi solver finished
+++++++++++++++++++++++++++++++++++++++++++++++++++++++++++++++++++++++++++++++++++++++++++

assert_is_solved_and_feasible(scuc) = nothing
solution_summary(scuc) = solution_summary(; result = 1, verbose = false)
├ solver_name          : Gurobi
├ Termination
│ ├ termination_status : OPTIMAL
│ ├ result_count       : 10
│ ├ raw_status         : Model was solved to optimality (subject to tolerances), and an optimal solution is available.
│ └ objective_bound    : 4.86274e+06
├ Solution (result = 1)
│ ├ primal_status        : FEASIBLE_POINT
│ ├ dual_status          : NO_SOLUTION
│ ├ objective_value      : 4.88229e+06
│ └ relative_gap         : 4.00476e-03
└ Work counters
  ├ solve_time (sec)   : 1.81470e+01
  ├ simplex_iterations : 27546
  ├ barrier_iterations : 0
  └ node_count         : 1


Termination Status: OPTIMAL
Acceptable solution found (Status: OPTIMAL).
Step-6: record datas
PART1: [unit-commitment] calculation result has been saved to: D:/GithubClonefiles/module_unitcommitment/output/details_schedule_results/pcm_simulation_results/intervels_[2]/res_schedule_commitment_result.txt
  ✓ Clustered UC residence/network disaggregation completed (54 clusters, stage=network_feedback_repaired)
  ✓ Interval 2 optimization completed successfully
  Saving detailed results for interval 2...
Extracting results from dictionary...
details [unit_commtiemnt] scheduling results have been saved!
  ✓ Interval 2 processing completed

--------------------------------------------------------------------------------
Processing scheduling interval 3 of 7...
--------------------------------------------------------------------------------
  Updating boundary conditions based on previous interval results...
  Solving unit commitment optimization for interval 3...
Step-3: Creating dispatching model (Refactored & Modularized)
	 Variables defined.
DEBUG set_objective_economic!: NT=24, NG=108, ND=91, NW=20, NS=1, K=3, size(refcost)=(108,), size(eachslope)=(3, 108)
objective_function
	MILP economic objective set
subject to.
	 constraints: 1) minimum shutup/shutdown time limits			 done
	 constraints: 2) binary variable logic					 done
	 constraints: 3) shutup/shutdown cost					 done
	 constraints: 4) loadcurtailments and spoliedwinds			 done
	 constraints: 5) generatos power limits					 done
	 constraints: 6) system reserves limits					 done
	 constraints: 7) power balance constraints				 done
	 constraints: 8) ramp-up/ramp-down constraints				 done
	 constraints: 9) piece linearization constraints			 done
	 constraints: 10) transmission limits deferred to unit disaggregation
	 constraints: 11) stroges system constraints skipped (is_ConsiderBESS=0)
	 constraints: 12) data centra constraints skipped (is_ConsiderDataCentra != 1)
	 constraints: 13) frequency control constraints skipped (is_ConsiderFrequencyControl != 1)
	 constraints: 14) hydro power limits					 done
+++++++++++++++++++++++++++++++++++++++++++++++++++++++++++++++++++++++++++++++++++++++++++
Step-4: starting Gurobi solver
Step-5: Gurobi solver finished
+++++++++++++++++++++++++++++++++++++++++++++++++++++++++++++++++++++++++++++++++++++++++++

assert_is_solved_and_feasible(scuc) = nothing
solution_summary(scuc) = solution_summary(; result = 1, verbose = false)
├ solver_name          : Gurobi
├ Termination
│ ├ termination_status : OPTIMAL
│ ├ result_count       : 8
│ ├ raw_status         : Model was solved to optimality (subject to tolerances), and an optimal solution is available.
│ └ objective_bound    : 2.08401e+06
├ Solution (result = 1)
│ ├ primal_status        : FEASIBLE_POINT
│ ├ dual_status          : NO_SOLUTION
│ ├ objective_value      : 2.09763e+06
│ └ relative_gap         : 6.49500e-03
└ Work counters
  ├ solve_time (sec)   : 3.31400e+00
  ├ simplex_iterations : 12703
  ├ barrier_iterations : 0
  └ node_count         : 1


Termination Status: OPTIMAL
Acceptable solution found (Status: OPTIMAL).
Step-6: record datas
PART1: [unit-commitment] calculation result has been saved to: D:/GithubClonefiles/module_unitcommitment/output/details_schedule_results/pcm_simulation_results/intervels_[3]/res_schedule_commitment_result.txt
    Cluster diagnostic scenario 1: stage=solver, periods=Int64[], lines=Int64[], dispatch_deviations=0
  ↻ Network feedback: adding PTDF constraints and re-solving the current PCM window
	 constraints: 10) transmissionline limits for baseline			 done
+++++++++++++++++++++++++++++++++++++++++++++++++++++++++++++++++++++++++++++++++++++++++++
Step-4: starting Gurobi solver
Step-5: Gurobi solver finished
+++++++++++++++++++++++++++++++++++++++++++++++++++++++++++++++++++++++++++++++++++++++++++

assert_is_solved_and_feasible(scuc) = nothing
solution_summary(scuc) = solution_summary(; result = 1, verbose = false)
├ solver_name          : Gurobi
├ Termination
│ ├ termination_status : OPTIMAL
│ ├ result_count       : 10
│ ├ raw_status         : Model was solved to optimality (subject to tolerances), and an optimal solution is available.
│ └ objective_bound    : 7.01688e+06
├ Solution (result = 1)
│ ├ primal_status        : FEASIBLE_POINT
│ ├ dual_status          : NO_SOLUTION
│ ├ objective_value      : 7.12349e+06
│ └ relative_gap         : 1.49656e-02
└ Work counters
  ├ solve_time (sec)   : 1.11760e+01
  ├ simplex_iterations : 21127
  ├ barrier_iterations : 0
  └ node_count         : 1


Termination Status: OPTIMAL
Acceptable solution found (Status: OPTIMAL).
Step-6: record datas
PART1: [unit-commitment] calculation result has been saved to: D:/GithubClonefiles/module_unitcommitment/output/details_schedule_results/pcm_simulation_results/intervels_[3]/res_schedule_commitment_result.txt
  ✓ Clustered UC residence/network disaggregation completed (54 clusters, stage=network_feedback_repaired)
  ✓ Interval 3 optimization completed successfully
  Saving detailed results for interval 3...
Extracting results from dictionary...
details [unit_commtiemnt] scheduling results have been saved!
  ✓ Interval 3 processing completed

--------------------------------------------------------------------------------
Processing scheduling interval 4 of 7...
--------------------------------------------------------------------------------
  Updating boundary conditions based on previous interval results...
  Solving unit commitment optimization for interval 4...
Step-3: Creating dispatching model (Refactored & Modularized)
	 Variables defined.
DEBUG set_objective_economic!: NT=24, NG=108, ND=91, NW=20, NS=1, K=3, size(refcost)=(108,), size(eachslope)=(3, 108)
objective_function
	MILP economic objective set
subject to.
	 constraints: 1) minimum shutup/shutdown time limits			 done
	 constraints: 2) binary variable logic					 done
	 constraints: 3) shutup/shutdown cost					 done
	 constraints: 4) loadcurtailments and spoliedwinds			 done
	 constraints: 5) generatos power limits					 done
	 constraints: 6) system reserves limits					 done
	 constraints: 7) power balance constraints				 done
	 constraints: 8) ramp-up/ramp-down constraints				 done
	 constraints: 9) piece linearization constraints			 done
	 constraints: 10) transmission limits deferred to unit disaggregation
	 constraints: 11) stroges system constraints skipped (is_ConsiderBESS=0)
	 constraints: 12) data centra constraints skipped (is_ConsiderDataCentra != 1)
	 constraints: 13) frequency control constraints skipped (is_ConsiderFrequencyControl != 1)
	 constraints: 14) hydro power limits					 done
+++++++++++++++++++++++++++++++++++++++++++++++++++++++++++++++++++++++++++++++++++++++++++
Step-4: starting Gurobi solver
Step-5: Gurobi solver finished
+++++++++++++++++++++++++++++++++++++++++++++++++++++++++++++++++++++++++++++++++++++++++++

assert_is_solved_and_feasible(scuc) = nothing
solution_summary(scuc) = solution_summary(; result = 1, verbose = false)
├ solver_name          : Gurobi
├ Termination
│ ├ termination_status : OPTIMAL
│ ├ result_count       : 10
│ ├ raw_status         : Model was solved to optimality (subject to tolerances), and an optimal solution is available.
│ └ objective_bound    : 4.22878e+06
├ Solution (result = 1)
│ ├ primal_status        : FEASIBLE_POINT
│ ├ dual_status          : NO_SOLUTION
│ ├ objective_value      : 4.29238e+06
│ └ relative_gap         : 1.48160e-02
└ Work counters
  ├ solve_time (sec)   : 7.02900e+00
  ├ simplex_iterations : 20360
  ├ barrier_iterations : 0
  └ node_count         : 1


Termination Status: OPTIMAL
Acceptable solution found (Status: OPTIMAL).
Step-6: record datas
PART1: [unit-commitment] calculation result has been saved to: D:/GithubClonefiles/module_unitcommitment/output/details_schedule_results/pcm_simulation_results/intervels_[4]/res_schedule_commitment_result.txt
    Cluster diagnostic scenario 1: stage=network, periods=[1, 2, 3, 4, 11, 22, 5, 6, 7, 8, 9, 10, 12, 13, 14, 15, 16, 17, 18, 19, 20, 21, 23, 24], lines=[1, 2, 4, 13, 19, 22, 30, 37, 54, 119, 104, 159], dispatch_deviations=214
  ↻ Network feedback: adding PTDF constraints and re-solving the current PCM window
	 constraints: 10) transmissionline limits for baseline			 done
+++++++++++++++++++++++++++++++++++++++++++++++++++++++++++++++++++++++++++++++++++++++++++
Step-4: starting Gurobi solver
Step-5: Gurobi solver finished
+++++++++++++++++++++++++++++++++++++++++++++++++++++++++++++++++++++++++++++++++++++++++++

assert_is_solved_and_feasible(scuc) = nothing
solution_summary(scuc) = solution_summary(; result = 1, verbose = false)
├ solver_name          : Gurobi
├ Termination
│ ├ termination_status : OPTIMAL
│ ├ result_count       : 10
│ ├ raw_status         : Model was solved to optimality (subject to tolerances), and an optimal solution is available.
│ └ objective_bound    : 6.96886e+06
├ Solution (result = 1)
│ ├ primal_status        : FEASIBLE_POINT
│ ├ dual_status          : NO_SOLUTION
│ ├ objective_value      : 7.01722e+06
│ └ relative_gap         : 6.89118e-03
└ Work counters
  ├ solve_time (sec)   : 2.03650e+01
  ├ simplex_iterations : 29210
  ├ barrier_iterations : 0
  └ node_count         : 1


Termination Status: OPTIMAL
Acceptable solution found (Status: OPTIMAL).
Step-6: record datas
PART1: [unit-commitment] calculation result has been saved to: D:/GithubClonefiles/module_unitcommitment/output/details_schedule_results/pcm_simulation_results/intervels_[4]/res_schedule_commitment_result.txt
  ✓ Clustered UC residence/network disaggregation completed (54 clusters, stage=network_feedback_repaired)
  ✓ Interval 4 optimization completed successfully
  Saving detailed results for interval 4...
Extracting results from dictionary...
details [unit_commtiemnt] scheduling results have been saved!
  ✓ Interval 4 processing completed

--------------------------------------------------------------------------------
Processing scheduling interval 5 of 7...
--------------------------------------------------------------------------------
  Updating boundary conditions based on previous interval results...
  Solving unit commitment optimization for interval 5...
Step-3: Creating dispatching model (Refactored & Modularized)
	 Variables defined.
DEBUG set_objective_economic!: NT=24, NG=108, ND=91, NW=20, NS=1, K=3, size(refcost)=(108,), size(eachslope)=(3, 108)
objective_function
	MILP economic objective set
subject to.
	 constraints: 1) minimum shutup/shutdown time limits			 done
	 constraints: 2) binary variable logic					 done
	 constraints: 3) shutup/shutdown cost					 done
	 constraints: 4) loadcurtailments and spoliedwinds			 done
	 constraints: 5) generatos power limits					 done
	 constraints: 6) system reserves limits					 done
	 constraints: 7) power balance constraints				 done
	 constraints: 8) ramp-up/ramp-down constraints				 done
	 constraints: 9) piece linearization constraints			 done
	 constraints: 10) transmission limits deferred to unit disaggregation
	 constraints: 11) stroges system constraints skipped (is_ConsiderBESS=0)
	 constraints: 12) data centra constraints skipped (is_ConsiderDataCentra != 1)
	 constraints: 13) frequency control constraints skipped (is_ConsiderFrequencyControl != 1)
	 constraints: 14) hydro power limits					 done
+++++++++++++++++++++++++++++++++++++++++++++++++++++++++++++++++++++++++++++++++++++++++++
Step-4: starting Gurobi solver
Step-5: Gurobi solver finished
+++++++++++++++++++++++++++++++++++++++++++++++++++++++++++++++++++++++++++++++++++++++++++

assert_is_solved_and_feasible(scuc) = nothing
solution_summary(scuc) = solution_summary(; result = 1, verbose = false)
├ solver_name          : Gurobi
├ Termination
│ ├ termination_status : OPTIMAL
│ ├ result_count       : 10
│ ├ raw_status         : Model was solved to optimality (subject to tolerances), and an optimal solution is available.
│ └ objective_bound    : 2.51500e+06
├ Solution (result = 1)
│ ├ primal_status        : FEASIBLE_POINT
│ ├ dual_status          : NO_SOLUTION
│ ├ objective_value      : 2.54038e+06
│ └ relative_gap         : 9.99192e-03
└ Work counters
  ├ solve_time (sec)   : 5.64600e+00
  ├ simplex_iterations : 13847
  ├ barrier_iterations : 0
  └ node_count         : 1


Termination Status: OPTIMAL
Acceptable solution found (Status: OPTIMAL).
Step-6: record datas
PART1: [unit-commitment] calculation result has been saved to: D:/GithubClonefiles/module_unitcommitment/output/details_schedule_results/pcm_simulation_results/intervels_[5]/res_schedule_commitment_result.txt
    Cluster diagnostic scenario 1: stage=solver, periods=Int64[], lines=Int64[], dispatch_deviations=0
  ↻ Network feedback: adding PTDF constraints and re-solving the current PCM window
	 constraints: 10) transmissionline limits for baseline			 done
+++++++++++++++++++++++++++++++++++++++++++++++++++++++++++++++++++++++++++++++++++++++++++
Step-4: starting Gurobi solver
Step-5: Gurobi solver finished
+++++++++++++++++++++++++++++++++++++++++++++++++++++++++++++++++++++++++++++++++++++++++++

assert_is_solved_and_feasible(scuc) = nothing
solution_summary(scuc) = solution_summary(; result = 1, verbose = false)
├ solver_name          : Gurobi
├ Termination
│ ├ termination_status : OPTIMAL
│ ├ result_count       : 8
│ ├ raw_status         : Model was solved to optimality (subject to tolerances), and an optimal solution is available.
│ └ objective_bound    : 7.02657e+06
├ Solution (result = 1)
│ ├ primal_status        : FEASIBLE_POINT
│ ├ dual_status          : NO_SOLUTION
│ ├ objective_value      : 7.04821e+06
│ └ relative_gap         : 3.07022e-03
└ Work counters
  ├ solve_time (sec)   : 1.01790e+01
  ├ simplex_iterations : 23351
  ├ barrier_iterations : 0
  └ node_count         : 1


Termination Status: OPTIMAL
Acceptable solution found (Status: OPTIMAL).
Step-6: record datas
PART1: [unit-commitment] calculation result has been saved to: D:/GithubClonefiles/module_unitcommitment/output/details_schedule_results/pcm_simulation_results/intervels_[5]/res_schedule_commitment_result.txt
  ✓ Clustered UC residence/network disaggregation completed (54 clusters, stage=network_feedback_repaired)
  ✓ Interval 5 optimization completed successfully
  Saving detailed results for interval 5...
Extracting results from dictionary...
details [unit_commtiemnt] scheduling results have been saved!
  ✓ Interval 5 processing completed

--------------------------------------------------------------------------------
Processing scheduling interval 6 of 7...
--------------------------------------------------------------------------------
  Updating boundary conditions based on previous interval results...
  Solving unit commitment optimization for interval 6...
Step-3: Creating dispatching model (Refactored & Modularized)
	 Variables defined.
DEBUG set_objective_economic!: NT=24, NG=108, ND=91, NW=20, NS=1, K=3, size(refcost)=(108,), size(eachslope)=(3, 108)
objective_function
	MILP economic objective set
subject to.
	 constraints: 1) minimum shutup/shutdown time limits			 done
	 constraints: 2) binary variable logic					 done
	 constraints: 3) shutup/shutdown cost					 done
	 constraints: 4) loadcurtailments and spoliedwinds			 done
	 constraints: 5) generatos power limits					 done
	 constraints: 6) system reserves limits					 done
	 constraints: 7) power balance constraints				 done
	 constraints: 8) ramp-up/ramp-down constraints				 done
	 constraints: 9) piece linearization constraints			 done
	 constraints: 10) transmission limits deferred to unit disaggregation
	 constraints: 11) stroges system constraints skipped (is_ConsiderBESS=0)
	 constraints: 12) data centra constraints skipped (is_ConsiderDataCentra != 1)
	 constraints: 13) frequency control constraints skipped (is_ConsiderFrequencyControl != 1)
	 constraints: 14) hydro power limits					 done
+++++++++++++++++++++++++++++++++++++++++++++++++++++++++++++++++++++++++++++++++++++++++++
Step-4: starting Gurobi solver
Step-5: Gurobi solver finished
+++++++++++++++++++++++++++++++++++++++++++++++++++++++++++++++++++++++++++++++++++++++++++

assert_is_solved_and_feasible(scuc) = nothing
solution_summary(scuc) = solution_summary(; result = 1, verbose = false)
├ solver_name          : Gurobi
├ Termination
│ ├ termination_status : OPTIMAL
│ ├ result_count       : 1
│ ├ raw_status         : Model was solved to optimality (subject to tolerances), and an optimal solution is available.
│ └ objective_bound    : 6.37223e+15
├ Solution (result = 1)
│ ├ primal_status        : FEASIBLE_POINT
│ ├ dual_status          : NO_SOLUTION
│ ├ objective_value      : 6.37223e+15
│ └ relative_gap         : 1.34338e-10
└ Work counters
  ├ solve_time (sec)   : 1.84200e+00
  ├ simplex_iterations : 11583
  ├ barrier_iterations : 0
  └ node_count         : 1


Termination Status: OPTIMAL
Acceptable solution found (Status: OPTIMAL).
Step-6: record datas
PART1: [unit-commitment] calculation result has been saved to: D:/GithubClonefiles/module_unitcommitment/output/details_schedule_results/pcm_simulation_results/intervels_[6]/res_schedule_commitment_result.txt
    Cluster diagnostic scenario 1: stage=network, periods=[3, 4, 16, 22, 2, 5, 6, 7, 8, 9, 10, 11, 12, 13, 14, 15, 17, 18, 19, 20, 21, 23, 24, 1], lines=[37, 54, 1, 2, 153, 155], dispatch_deviations=318
  ↻ Network feedback: adding PTDF constraints and re-solving the current PCM window
	 constraints: 10) transmissionline limits for baseline			 done
+++++++++++++++++++++++++++++++++++++++++++++++++++++++++++++++++++++++++++++++++++++++++++
Step-4: starting Gurobi solver
Step-5: Gurobi solver finished
+++++++++++++++++++++++++++++++++++++++++++++++++++++++++++++++++++++++++++++++++++++++++++

assert_is_solved_and_feasible(scuc) = nothing
solution_summary(scuc) = solution_summary(; result = 1, verbose = false)
├ solver_name          : Gurobi
├ Termination
│ ├ termination_status : OPTIMAL
│ ├ result_count       : 5
│ ├ raw_status         : Model was solved to optimality (subject to tolerances), and an optimal solution is available.
│ └ objective_bound    : 1.45846e+16
├ Solution (result = 1)
│ ├ primal_status        : FEASIBLE_POINT
│ ├ dual_status          : NO_SOLUTION
│ ├ objective_value      : 1.46847e+16
│ └ relative_gap         : 6.81883e-03
└ Work counters
  ├ solve_time (sec)   : 1.27160e+01
  ├ simplex_iterations : 25347
  ├ barrier_iterations : 0
  └ node_count         : 1


Termination Status: OPTIMAL
Acceptable solution found (Status: OPTIMAL).
Step-6: record datas
PART1: [unit-commitment] calculation result has been saved to: D:/GithubClonefiles/module_unitcommitment/output/details_schedule_results/pcm_simulation_results/intervels_[6]/res_schedule_commitment_result.txt
  ✓ Clustered UC residence/network disaggregation completed (54 clusters, stage=network_feedback_repaired)
  ✓ Interval 6 optimization completed successfully
  Saving detailed results for interval 6...
Extracting results from dictionary...
details [unit_commtiemnt] scheduling results have been saved!
  ✓ Interval 6 processing completed

--------------------------------------------------------------------------------
Processing scheduling interval 7 of 7...
--------------------------------------------------------------------------------
  Updating boundary conditions based on previous interval results...
  Solving unit commitment optimization for interval 7...
Step-3: Creating dispatching model (Refactored & Modularized)
	 Variables defined.
DEBUG set_objective_economic!: NT=24, NG=108, ND=91, NW=20, NS=1, K=3, size(refcost)=(108,), size(eachslope)=(3, 108)
objective_function
	MILP economic objective set
subject to.
	 constraints: 1) minimum shutup/shutdown time limits			 done
	 constraints: 2) binary variable logic					 done
	 constraints: 3) shutup/shutdown cost					 done
	 constraints: 4) loadcurtailments and spoliedwinds			 done
	 constraints: 5) generatos power limits					 done
	 constraints: 6) system reserves limits					 done
	 constraints: 7) power balance constraints				 done
	 constraints: 8) ramp-up/ramp-down constraints				 done
	 constraints: 9) piece linearization constraints			 done
	 constraints: 10) transmission limits deferred to unit disaggregation
	 constraints: 11) stroges system constraints skipped (is_ConsiderBESS=0)
	 constraints: 12) data centra constraints skipped (is_ConsiderDataCentra != 1)
	 constraints: 13) frequency control constraints skipped (is_ConsiderFrequencyControl != 1)
	 constraints: 14) hydro power limits					 done
+++++++++++++++++++++++++++++++++++++++++++++++++++++++++++++++++++++++++++++++++++++++++++
Step-4: starting Gurobi solver
Step-5: Gurobi solver finished
+++++++++++++++++++++++++++++++++++++++++++++++++++++++++++++++++++++++++++++++++++++++++++

assert_is_solved_and_feasible(scuc) = nothing
solution_summary(scuc) = solution_summary(; result = 1, verbose = false)
├ solver_name          : Gurobi
├ Termination
│ ├ termination_status : OPTIMAL
│ ├ result_count       : 10
│ ├ raw_status         : Model was solved to optimality (subject to tolerances), and an optimal solution is available.
│ └ objective_bound    : 2.27502e+06
├ Solution (result = 1)
│ ├ primal_status        : FEASIBLE_POINT
│ ├ dual_status          : NO_SOLUTION
│ ├ objective_value      : 2.29473e+06
│ └ relative_gap         : 8.59209e-03
└ Work counters
  ├ solve_time (sec)   : 5.99800e+00
  ├ simplex_iterations : 13229
  ├ barrier_iterations : 0
  └ node_count         : 1


Termination Status: OPTIMAL
Set parameter Username
Set parameter LicenseID to value 2826524
Academic license - for non-commercial use only - expires 2027-05-22
Set parameter Username
Set parameter LicenseID to value 2826524
Academic license - for non-commercial use only - expires 2027-05-22
Warning for adding constraints: zero or small (< 1e-13) coefficients, ignored
Gurobi Optimizer version 13.0.2 build v13.0.2rc1 (win64 - Windows 11+.0 (29639.2))

CPU model: 13th Gen Intel(R) Core(TM) i7-13700F, instruction set [SSE2|AVX|AVX2]
Thread count: 16 physical cores, 24 logical processors, using up to 24 threads

Non-default parameters:
MIPGap  0.015

Optimize a model with 58488 rows, 31536 columns and 2139262 nonzeros (Min)
Model fingerprint: 0x5ef50938
Model has 23400 linear objective coefficients
Variable types: 23664 continuous, 7872 integer (7872 binary)
Coefficient statistics:
  Matrix range     [2e-08, 4e+02]
  Objective range  [1e+00, 1e+15]
  Bounds range     [0e+00, 0e+00]
  RHS range        [5e-03, 4e+02]
Warning: Model contains large objective coefficients
         Consider reformulating model or setting NumericFocus parameter
         to avoid numerical issues.

MIP start from previous solve produced solution with objective 1.37865e+17 (0.55s)
MIP start from previous solve produced solution with objective 1.37865e+17 (0.57s)
Loaded MIP start from previous solve with objective 1.37865e+17

Presolve removed 27232 rows and 6410 columns
Presolve time: 2.02s
Presolved: 31256 rows, 25335 columns, 246003 nonzeros
Variable types: 18318 continuous, 7017 integer (7017 binary)
Deterministic concurrent LP optimizer: primal and dual simplex
Showing primal log only...

Concurrent spin time: 0.00s

Solved with dual simplex

Root relaxation: objective 6.952012e+06, 16277 iterations, 1.53 seconds (2.33 work units)

    Nodes    |    Current Node    |     Objective Bounds      |     Work
 Expl Unexpl |  Obj  Depth IntInf | Incumbent    BestBd   Gap | It/Node Time

     0     0 6952011.93    0  361 1.3787e+17 6952011.93   100%     -    4s
H    0     0                    2.344797e+16 6952011.93   100%     -    4s
H    0     0                    1.212764e+16 6952011.93   100%     -    4s
     0     0 6955307.34    0  356 1.2128e+16 6955307.34   100%     -    5s
H    0     0                    7.313120e+15 6955309.23   100%     -    6s
     0     0 6955628.23    0  330 7.3131e+15 6955628.23   100%     -    8s
     0     0 6957199.29    0  341 7.3131e+15 6957199.29   100%     -    9s
H    0     0                    6.407957e+15 6957382.18   100%     -   10s
     0     0 6957382.18    0  342 6.4080e+15 6957382.18   100%     -   10s
     0     0 6957461.73    0  354 6.4080e+15 6957461.73   100%     -   10s
     0     0 6957471.70    0  331 6.4080e+15 6957471.70   100%     -   10s
     0     0 6957471.70    0  327 6.4080e+15 6957471.70   100%     -   10s
H    0     0                    9.889754e+14 6957471.70   100%     -   10s
     0     0 6957964.99    0  318 9.8898e+14 6957964.99   100%     -   11s
     0     0 6958239.87    0  315 9.8898e+14 6958239.87   100%     -   11s
     0     0 6958262.02    0  321 9.8898e+14 6958262.02   100%     -   12s
     0     0 6958263.10    0  335 9.8898e+14 6958263.10   100%     -   12s
     0     0 6958263.18    0  337 9.8898e+14 6958263.18   100%     -   12s
H    0     0                    9.468671e+14 6958263.18   100%     -   12s
H    0     0                    6973214.6325 6958515.59  0.21%     -   13s
     0     0 6958515.59    0  372 6973214.63 6958515.59  0.21%     -   13s

Cutting planes:
  Gomory: 33
  Lift-and-project: 3
  Implied bound: 96
  MIR: 162
  Flow cover: 125
  RLT: 42
  Relax-and-lift: 58
  BQP: 2

Explored 1 nodes (23961 simplex iterations) in 13.40 seconds (18.70 work units)
Thread count was 24 (of 24 available processors)

Solution count 8: 6.97321e+06 9.46867e+14 9.88975e+14 ... 1.37865e+17

Optimal solution found (tolerance 1.50e-02)
Best objective 6.973214632457e+06, best bound 6.958515591262e+06, gap 0.2108%

User-callback calls 1343, time in user-callback 0.00 sec
Acceptable solution found (Status: OPTIMAL).
Step-6: record datas
PART1: [unit-commitment] calculation result has been saved to: D:/GithubClonefiles/module_unitcommitment/output/details_schedule_results/pcm_simulation_results/intervels_[7]/res_schedule_commitment_result.txt
    Cluster diagnostic scenario 1: stage=solver, periods=Int64[], lines=Int64[], dispatch_deviations=0
  ↻ Network feedback: adding PTDF constraints and re-solving the current PCM window
	 constraints: 10) transmissionline limits for baseline			 done
+++++++++++++++++++++++++++++++++++++++++++++++++++++++++++++++++++++++++++++++++++++++++++
Step-4: starting Gurobi solver
Step-5: Gurobi solver finished
+++++++++++++++++++++++++++++++++++++++++++++++++++++++++++++++++++++++++++++++++++++++++++

assert_is_solved_and_feasible(scuc) = nothing
solution_summary(scuc) = solution_summary(; result = 1, verbose = false)
├ solver_name          : Gurobi
├ Termination
│ ├ termination_status : OPTIMAL
│ ├ result_count       : 8
│ ├ raw_status         : Model was solved to optimality (subject to tolerances), and an optimal solution is available.
│ └ objective_bound    : 6.95852e+06
├ Solution (result = 1)
│ ├ primal_status        : FEASIBLE_POINT
│ ├ dual_status          : NO_SOLUTION
│ ├ objective_value      : 6.97321e+06
│ └ relative_gap         : 2.10793e-03
└ Work counters
  ├ solve_time (sec)   : 1.33990e+01
  ├ simplex_iterations : 23961
  ├ barrier_iterations : 0
  └ node_count         : 1


Termination Status: OPTIMAL
Acceptable solution found (Status: OPTIMAL).
Step-6: record datas
PART1: [unit-commitment] calculation result has been saved to: D:/GithubClonefiles/module_unitcommitment/output/details_schedule_results/pcm_simulation_results/intervels_[7]/res_schedule_commitment_result.txt
  ✓ Clustered UC residence/network disaggregation completed (54 clusters, stage=network_feedback_repaired)
  ✓ Interval 7 optimization completed successfully
  Saving detailed results for interval 7...
Extracting results from dictionary...
details [unit_commtiemnt] scheduling results have been saved!
  ✓ Interval 7 processing completed

================================================================================
Step 6: Aggregating total scheduling costs...
================================================================================
  ✓ Total scheduling costs saved to: D:/GithubClonefiles/module_unitcommitment/output/details_schedule_results/pcm_simulation_results/summary_scheduling_report//total_scheduled_results.csv

================================================================================
✓ Sequential Production Cost Minimization completed successfully!
================================================================================
  Total intervals processed: 7
  Results saved to: output/details_schedule_results/pcm_simulation_results/
================================================================================

