Set parameter Username
Set parameter LicenseID to value 2826524
Academic license - for non-commercial use only - expires 2027-05-22
Set parameter Username
Set parameter LicenseID to value 2826524
Academic license - for non-commercial use only - expires 2027-05-22
Set parameter MIPGap to value 0.015
Set parameter MIPGap to value 0.015
Gurobi Optimizer version 13.0.2 build v13.0.2rc1 (win64 - Windows 11+.0 (29639.2))

CPU model: 13th Gen Intel(R) Core(TM) i7-13700F, instruction set [SSE2|AVX|AVX2]
Thread count: 16 physical cores, 24 logical processors, using up to 24 threads

Non-default parameters:
MIPGap  0.015

Optimize a model with 49468 rows, 31536 columns and 415204 nonzeros (Min)
Model fingerprint: 0x6391e73c
Model has 23400 linear objective coefficients
Variable types: 23664 continuous, 7872 integer (7872 binary)
Coefficient statistics:
  Matrix range     [3e-02, 4e+02]
  Objective range  [1e+00, 1e+15]
  Bounds range     [0e+00, 0e+00]
  RHS range        [1e-02, 3e+02]
Warning: Model contains large objective coefficients
         Consider reformulating model or setting NumericFocus parameter
         to avoid numerical issues.

Presolve removed 18428 rows and 8845 columns
Presolve time: 0.64s
Presolved: 31040 rows, 22691 columns, 114457 nonzeros
Variable types: 15623 continuous, 7068 integer (7068 binary)
Deterministic concurrent LP optimizer: primal and dual simplex
Showing primal log only...

Concurrent spin time: 0.00s

Solved with dual simplex

Use crossover to convert LP symmetric solution to basic solution...
Crossover time: 0.04 seconds (0.03 work units)

Root relaxation: objective 2.778256e+06, 9498 iterations, 0.39 seconds (0.52 work units)

    Nodes    |    Current Node    |     Objective Bounds      |     Work
 Expl Unexpl |  Obj  Depth IntInf | Incumbent    BestBd   Gap | It/Node Time

     0     0 2778255.67    0  802          - 2778255.67      -     -    1s
H    0     0                    4208604.0110 2778255.67  34.0%     -    1s
H    0     0                    3215321.7157 2778255.67  13.6%     -    1s
     0     0 2787461.58    0  380 3215321.72 2787461.58  13.3%     -    2s
     0     0 2787516.00    0  380 3215321.72 2787516.00  13.3%     -    2s
H    0     0                    3129612.4974 2790888.75  10.8%     -    3s
H    0     0                    3051244.4797 2790888.75  8.53%     -    3s
     0     0 2790888.75    0  245 3051244.48 2790888.75  8.53%     -    3s
     0     0 2791101.90    0  256 3051244.48 2791101.90  8.53%     -    3s
     0     0 2792017.76    0  285 3051244.48 2792017.76  8.50%     -    3s
     0     0 2792020.05    0  259 3051244.48 2792020.05  8.50%     -    3s
     0     0 2792020.09    0  271 3051244.48 2792020.09  8.50%     -    3s
H    0     0                    2916610.4229 2792199.47  4.27%     -    4s
     0     0 2792199.47    0  243 2916610.42 2792199.47  4.27%     -    4s
H    0     0                    2915561.8996 2792221.17  4.23%     -    4s
     0     0 2792221.17    0  247 2915561.90 2792221.17  4.23%     -    4s
     0     0 2792613.02    0  210 2915561.90 2792613.02  4.22%     -    4s
     0     0 2792624.45    0  203 2915561.90 2792624.45  4.22%     -    4s
     0     0 2792630.48    0  223 2915561.90 2792630.48  4.22%     -    4s
     0     0 2792631.81    0  240 2915561.90 2792631.81  4.22%     -    5s
     0     0 2792691.20    0  244 2915561.90 2792691.20  4.21%     -    5s
H    0     0                    2913195.5889 2792691.20  4.14%     -    5s
H    0     0                    2912770.8470 2792691.20  4.12%     -    5s
H    0     0                    2861445.3934 2792695.55  2.40%     -    5s
     0     0 2792695.55    0  261 2861445.39 2792695.55  2.40%     -    5s
     0     0 2792696.00    0  263 2861445.39 2792696.00  2.40%     -    5s
H    0     0                    2823069.7457 2792696.00  1.08%     -    5s

Cutting planes:
  Gomory: 39
  Cover: 3
  Implied bound: 357
  MIR: 202
  Flow cover: 162
  Network: 1
  RLT: 11
  Relax-and-lift: 75

Explored 1 nodes (14420 simplex iterations) in 5.57 seconds (7.07 work units)
Thread count was 24 (of 24 available processors)

Solution count 10: 2.82307e+06 2.86145e+06 2.91277e+06 ... 4.2086e+06

Optimal solution found (tolerance 1.50e-02)
Best objective 2.823069745698e+06, best bound 2.792696001803e+06, gap 1.0759%

User-callback calls 1037, time in user-callback 0.00 sec
Warning for adding constraints: zero or small (< 1e-13) coefficients, ignored
Gurobi Optimizer version 13.0.2 build v13.0.2rc1 (win64 - Windows 11+.0 (29639.2))

CPU model: 13th Gen Intel(R) Core(TM) i7-13700F, instruction set [SSE2|AVX|AVX2]
Thread count: 16 physical cores, 24 logical processors, using up to 24 threads

Non-default parameters:
MIPGap  0.015

Optimize a model with 58396 rows, 31536 columns and 2138836 nonzeros (Min)
Model fingerprint: 0x6cdf9bdd
Model has 23400 linear objective coefficients
Variable types: 23664 continuous, 7872 integer (7872 binary)
Coefficient statistics:
  Matrix range     [2e-08, 4e+02]
  Objective range  [1e+00, 1e+15]
  Bounds range     [0e+00, 0e+00]
  RHS range        [4e-03, 3e+02]
Warning: Model contains large objective coefficients
         Consider reformulating model or setting NumericFocus parameter
         to avoid numerical issues.

MIP start from previous solve produced solution with objective 6.69746e+16 (0.51s)
MIP start from previous solve produced solution with objective 6.69746e+16 (0.52s)
Loaded MIP start from previous solve with objective 6.69746e+16

Presolve removed 27087 rows and 6439 columns
Presolve time: 1.94s
Presolved: 31309 rows, 25372 columns, 265411 nonzeros
Variable types: 18304 continuous, 7068 integer (7068 binary)
Deterministic concurrent LP optimizer: primal and dual simplex
Showing primal log only...

Concurrent spin time: 0.00s

Solved with dual simplex

Use crossover to convert LP symmetric solution to basic solution...
Crossover time: 0.04 seconds (0.06 work units)

Root relaxation: objective 5.825611e+06, 12518 iterations, 1.23 seconds (2.17 work units)

    Nodes    |    Current Node    |     Objective Bounds      |     Work
 Expl Unexpl |  Obj  Depth IntInf | Incumbent    BestBd   Gap | It/Node Time

     0     0 5825610.53    0  472 6.6975e+16 5825610.53   100%     -    3s
H    0     0                    3.383816e+16 5825610.53   100%     -    4s
H    0     0                    3.183816e+16 5825610.53   100%     -    4s
H    0     0                    5.372596e+15 5828967.24   100%     -    4s
     0     0 5828967.24    0  400 5.3726e+15 5828967.24   100%     -    5s
     0     0 5829011.94    0  390 5.3726e+15 5829011.94   100%     -    5s
     0     0 5830818.42    0  337 5.3726e+15 5830818.42   100%     -    6s
     0     0 5831017.65    0  308 5.3726e+15 5831017.65   100%     -    6s
     0     0 5831026.24    0  316 5.3726e+15 5831026.24   100%     -    6s
     0     0 5831026.28    0  316 5.3726e+15 5831026.28   100%     -    6s
H    0     0                    3.455778e+15 5831026.28   100%     -    7s
H    0     0                    2.099593e+15 5832772.95   100%     -    7s
     0     0 5832772.95    0  289 2.0996e+15 5832772.95   100%     -    7s
H    0     0                    1.096623e+15 5833153.68   100%     -    8s
     0     0 5833153.68    0  334 1.0966e+15 5833153.68   100%     -    8s
     0     0 5833165.16    0  341 1.0966e+15 5833165.16   100%     -    8s
     0     0 5833237.33    0  370 1.0966e+15 5833237.33   100%     -    8s
     0     0 5833242.05    0  402 1.0966e+15 5833242.05   100%     -    8s
     0     0 5833242.50    0  404 1.0966e+15 5833242.50   100%     -    8s
H    0     0                    7.735512e+14 5833242.50   100%     -    9s
     0     0 5833789.19    0  333 7.7355e+14 5833789.19   100%     -    9s
H    0     0                    6.692139e+13 5833871.15   100%     -   10s
     0     0 5833871.15    0  361 6.6921e+13 5833871.15   100%     -   10s
     0     0 5833891.50    0  346 6.6921e+13 5833891.50   100%     -   10s
H    0     0                    5843450.2669 5833895.38  0.16%     -   10s
     0     0 5833895.38    0  395 5843450.27 5833895.38  0.16%     -   10s

Cutting planes:
  Gomory: 50
  Implied bound: 235
  Clique: 1
  MIR: 140
  Flow cover: 136
  RLT: 19
  Relax-and-lift: 72
  PSD: 1

Explored 1 nodes (18727 simplex iterations) in 10.66 seconds (17.62 work units)
Thread count was 24 (of 24 available processors)

Solution count 10: 5.84345e+06 6.69214e+13 7.73551e+14 ... 6.69746e+16

Optimal solution found (tolerance 1.50e-02)
Best objective 5.843450266876e+06, best bound 5.833895378489e+06, gap 0.1635%

User-callback calls 1281, time in user-callback 0.00 sec
Set parameter Username
Set parameter LicenseID to value 2826524
Academic license - for non-commercial use only - expires 2027-05-22
Set parameter MIPGap to value 0.015
Set parameter MIPGap to value 0.015
Gurobi Optimizer version 13.0.2 build v13.0.2rc1 (win64 - Windows 11+.0 (29639.2))

CPU model: 13th Gen Intel(R) Core(TM) i7-13700F, instruction set [SSE2|AVX|AVX2]
Thread count: 16 physical cores, 24 logical processors, using up to 24 threads

Non-default parameters:
MIPGap  0.015

Optimize a model with 49529 rows, 31536 columns and 415599 nonzeros (Min)
Model fingerprint: 0x6e6be60d
Model has 23400 linear objective coefficients
Variable types: 23664 continuous, 7872 integer (7872 binary)
Coefficient statistics:
  Matrix range     [3e-02, 4e+02]
  Objective range  [1e+00, 1e+15]
  Bounds range     [0e+00, 0e+00]
  RHS range        [2e-02, 4e+02]
Warning: Model contains large objective coefficients
         Consider reformulating model or setting NumericFocus parameter
         to avoid numerical issues.

Presolve removed 18945 rows and 8824 columns
Presolve time: 0.84s
Presolved: 30584 rows, 22712 columns, 129369 nonzeros
Variable types: 15623 continuous, 7089 integer (7089 binary)
Found heuristic solution: objective 7811978.1323
Deterministic concurrent LP optimizer: primal and dual simplex
Showing primal log only...

Concurrent spin time: 0.00s

Solved with dual simplex

Use crossover to convert LP symmetric solution to basic solution...
Crossover time: 0.03 seconds (0.02 work units)

Root relaxation: objective 3.653140e+06, 11830 iterations, 0.42 seconds (0.62 work units)

    Nodes    |    Current Node    |     Objective Bounds      |     Work
 Expl Unexpl |  Obj  Depth IntInf | Incumbent    BestBd   Gap | It/Node Time

     0     0 3653140.38    0  530 7811978.13 3653140.38  53.2%     -    1s
H    0     0                    3868515.9743 3653140.38  5.57%     -    1s
H    0     0                    3761284.5559 3653140.38  2.88%     -    1s
     0     0 3660654.63    0  378 3761284.56 3660654.63  2.68%     -    2s
     0     0 3660873.19    0  362 3761284.56 3660873.19  2.67%     -    2s
     0     0 3761284.56    0  362 3761284.56 3761284.56  0.00%     -    2s

Cutting planes:
  Gomory: 5
  Implied bound: 87
  MIR: 20
  Flow cover: 27
  Network: 1
  RLT: 2
  Relax-and-lift: 15

Explored 1 nodes (14640 simplex iterations) in 2.54 seconds (4.22 work units)
Thread count was 24 (of 24 available processors)

Solution count 3: 3.76128e+06 3.86852e+06 7.81198e+06 

Optimal solution found (tolerance 1.50e-02)
Best objective 3.761284555853e+06, best bound 3.761284555853e+06, gap 0.0000%

User-callback calls 584, time in user-callback 0.00 sec
Warning for adding constraints: zero or small (< 1e-13) coefficients, ignored
Gurobi Optimizer version 13.0.2 build v13.0.2rc1 (win64 - Windows 11+.0 (29639.2))

CPU model: 13th Gen Intel(R) Core(TM) i7-13700F, instruction set [SSE2|AVX|AVX2]
Thread count: 16 physical cores, 24 logical processors, using up to 24 threads

Non-default parameters:
MIPGap  0.015

Optimize a model with 58457 rows, 31536 columns and 2139231 nonzeros (Min)
Model fingerprint: 0xa9ceee31
Model has 23400 linear objective coefficients
Variable types: 23664 continuous, 7872 integer (7872 binary)
Coefficient statistics:
  Matrix range     [2e-08, 4e+02]
  Objective range  [1e+00, 1e+15]
  Bounds range     [0e+00, 0e+00]
  RHS range        [1e-03, 4e+02]
Warning: Model contains large objective coefficients
         Consider reformulating model or setting NumericFocus parameter
         to avoid numerical issues.

MIP start from previous solve produced solution with objective 2.48798e+16 (0.76s)
MIP start from previous solve produced solution with objective 2.48798e+16 (0.77s)
Loaded MIP start from previous solve with objective 2.48798e+16

Presolve removed 26851 rows and 6394 columns
Presolve time: 2.05s
Presolved: 31606 rows, 25528 columns, 287252 nonzeros
Variable types: 18439 continuous, 7089 integer (7089 binary)
Deterministic concurrent LP optimizer: primal and dual simplex
Showing primal log only...

Concurrent spin time: 0.00s

Solved with dual simplex

Root relaxation: objective 4.845428e+06, 17701 iterations, 2.00 seconds (3.49 work units)

    Nodes    |    Current Node    |     Objective Bounds      |     Work
 Expl Unexpl |  Obj  Depth IntInf | Incumbent    BestBd   Gap | It/Node Time

     0     0 4845428.22    0  536 2.4880e+16 4845428.22   100%     -    5s
     0     0 4853121.13    0  488 2.4880e+16 4853121.13   100%     -    7s
H    0     0                    1.555540e+16 4853538.74   100%     -    8s
H    0     0                    1.242865e+16 4853679.51   100%     -   10s
H    0     0                    1.197906e+16 4853679.51   100%     -   10s
     0     0 4858238.68    0  447 1.1979e+16 4858238.68   100%     -   10s
H    0     0                    1.189906e+16 4858238.68   100%     -   10s
H    0     0                    7.300566e+15 4858238.68   100%     -   10s
     0     0 4858254.12    0  449 7.3006e+15 4858254.12   100%     -   10s
     0     0 4858283.97    0  357 7.3006e+15 4858283.97   100%     -   11s
     0     0 4858987.52    0  368 7.3006e+15 4858987.52   100%     -   13s
     0     0 4859017.76    0  388 7.3006e+15 4859017.76   100%     -   13s
H    0     0                    5.312403e+15 4859067.88   100%     -   13s
     0     0 4862199.99    0  391 5.3124e+15 4862199.99   100%     -   13s
     0     0 4862199.99    0  401 5.3124e+15 4862199.99   100%     -   13s
     0     0 4862199.99    0  402 5.3124e+15 4862199.99   100%     -   13s
     0     0 4862199.99    0  402 5.3124e+15 4862199.99   100%     -   14s
     0     0 4862199.99    0  322 5.3124e+15 4862199.99   100%     -   14s
H    0     0                    3.086727e+15 4862199.99   100%     -   14s
     0     0 4862199.99    0  333 3.0867e+15 4862199.99   100%     -   14s
     0     0 4862199.99    0  336 3.0867e+15 4862199.99   100%     -   14s
     0     0 4862199.99    0  332 3.0867e+15 4862199.99   100%     -   14s
H    0     0                    3.067700e+15 4862199.99   100%     -   15s
H    0     0                    5.210777e+14 4862738.99   100%     -   15s
     0     0 4862738.99    0  364 5.2108e+14 4862738.99   100%     -   15s
H    0     0                    3.464806e+14 4862738.99   100%     -   15s
     0     0 4862738.99    0  366 3.4648e+14 4862738.99   100%     -   15s
     0     0 4862738.99    0  385 3.4648e+14 4862738.99   100%     -   15s
     0     0 4862738.99    0  418 3.4648e+14 4862738.99   100%     -   15s
     0     0 4862738.99    0  356 3.4648e+14 4862738.99   100%     -   16s
     0     0 4862738.99    0  379 3.4648e+14 4862738.99   100%     -   16s
     0     0 4862738.99    0  383 3.4648e+14 4862738.99   100%     -   16s
H    0     0                    4882291.3770 4862738.99  0.40%     -   17s
     0     0 4862738.99    0  349 4882291.38 4862738.99  0.40%     -   17s

Cutting planes:
  Gomory: 56
  Implied bound: 177
  MIR: 180
  Flow cover: 143
  RLT: 11
  Relax-and-lift: 144

Explored 1 nodes (27546 simplex iterations) in 17.18 seconds (28.49 work units)
Thread count was 24 (of 24 available processors)

Solution count 10: 4.88229e+06 3.46481e+14 5.21078e+14 ... 1.24287e+16

Optimal solution found (tolerance 1.50e-02)
Best objective 4.882291377005e+06, best bound 4.862738985748e+06, gap 0.4005%

User-callback calls 3165, time in user-callback 0.00 sec
Set parameter Username
Set parameter LicenseID to value 2826524
Academic license - for non-commercial use only - expires 2027-05-22
Set parameter MIPGap to value 0.015
Set parameter MIPGap to value 0.015
Gurobi Optimizer version 13.0.2 build v13.0.2rc1 (win64 - Windows 11+.0 (29639.2))

CPU model: 13th Gen Intel(R) Core(TM) i7-13700F, instruction set [SSE2|AVX|AVX2]
Thread count: 16 physical cores, 24 logical processors, using up to 24 threads

Non-default parameters:
MIPGap  0.015

Optimize a model with 49563 rows, 31536 columns and 415708 nonzeros (Min)
Model fingerprint: 0x756a1861
Model has 23400 linear objective coefficients
Variable types: 23664 continuous, 7872 integer (7872 binary)
Coefficient statistics:
  Matrix range     [3e-02, 4e+02]
  Objective range  [1e+00, 1e+15]
  Bounds range     [0e+00, 0e+00]
  RHS range        [1e-02, 4e+02]
Warning: Model contains large objective coefficients
         Consider reformulating model or setting NumericFocus parameter
         to avoid numerical issues.

Presolve removed 19100 rows and 8866 columns
Presolve time: 0.84s
Presolved: 30463 rows, 22670 columns, 128938 nonzeros
Variable types: 15623 continuous, 7047 integer (7047 binary)
Deterministic concurrent LP optimizer: primal and dual simplex
Showing primal log only...

Concurrent spin time: 0.00s

Solved with dual simplex

Use crossover to convert LP symmetric solution to basic solution...
Crossover time: 0.03 seconds (0.02 work units)

Root relaxation: objective 2.080615e+06, 10626 iterations, 0.36 seconds (0.51 work units)

    Nodes    |    Current Node    |     Objective Bounds      |     Work
 Expl Unexpl |  Obj  Depth IntInf | Incumbent    BestBd   Gap | It/Node Time

     0     0 2080614.85    0  266          - 2080614.85      -     -    1s
H    0     0                    3455744.7864 2080614.85  39.8%     -    1s
H    0     0                    2373778.0187 2080614.85  12.4%     -    1s
H    0     0                    2354288.6178 2080614.85  11.6%     -    1s
     0     0 2082475.13    0  287 2354288.62 2082475.13  11.5%     -    2s
     0     0 2082488.72    0  272 2354288.62 2082488.72  11.5%     -    2s
     0     0 2082493.46    0  268 2354288.62 2082493.46  11.5%     -    2s
     0     0 2082493.46    0  284 2354288.62 2082493.46  11.5%     -    2s
H    0     0                    2188120.1527 2082493.46  4.83%     -    2s
H    0     0                    2186714.7701 2082493.46  4.77%     -    2s
H    0     0                    2145122.6154 2084007.57  2.85%     -    2s
H    0     0                    2098004.0575 2084007.57  0.67%     -    2s
H    0     0                    2097631.6869 2084007.57  0.65%     -    2s
     0     0 2084007.57    0  262 2097631.69 2084007.57  0.65%     -    2s

Cutting planes:
  Gomory: 45
  Lift-and-project: 19
  Implied bound: 99
  MIR: 98
  Flow cover: 40
  Network: 2
  RLT: 12
  Relax-and-lift: 32
  BQP: 1

Explored 1 nodes (12703 simplex iterations) in 3.02 seconds (4.54 work units)
Thread count was 24 (of 24 available processors)

Solution count 8: 2.09763e+06 2.098e+06 2.14512e+06 ... 3.45574e+06

Optimal solution found (tolerance 1.50e-02)
Best objective 2.097631686948e+06, best bound 2.084007568655e+06, gap 0.6495%

User-callback calls 717, time in user-callback 0.00 sec
Set parameter Username
Set parameter LicenseID to value 2826524
Academic license - for non-commercial use only - expires 2027-05-22
Set parameter MIPGap to value 0.015
Set parameter MIPGap to value 0.015
Gurobi Optimizer version 13.0.2 build v13.0.2rc1 (win64 - Windows 11+.0 (29639.2))

CPU model: 13th Gen Intel(R) Core(TM) i7-13700F, instruction set [SSE2|AVX|AVX2]
Thread count: 16 physical cores, 24 logical processors, using up to 24 threads

Non-default parameters:
MIPGap  0.015

Optimize a model with 49503 rows, 31536 columns and 415454 nonzeros (Min)
Model fingerprint: 0xc6b115c2
Model has 23400 linear objective coefficients
Variable types: 23664 continuous, 7872 integer (7872 binary)
Coefficient statistics:
  Matrix range     [3e-02, 4e+02]
  Objective range  [1e+00, 1e+15]
  Bounds range     [0e+00, 0e+00]
  RHS range        [2e-02, 4e+02]
Warning: Model contains large objective coefficients
         Consider reformulating model or setting NumericFocus parameter
         to avoid numerical issues.

Presolve removed 18908 rows and 8824 columns
Presolve time: 0.81s
Presolved: 30595 rows, 22712 columns, 129362 nonzeros
Variable types: 15623 continuous, 7089 integer (7089 binary)
Deterministic concurrent LP optimizer: primal and dual simplex
Showing primal log only...

Concurrent spin time: 0.00s

Solved with dual simplex

Use crossover to convert LP symmetric solution to basic solution...
Crossover time: 0.03 seconds (0.03 work units)

Root relaxation: objective 4.220902e+06, 11474 iterations, 0.41 seconds (0.58 work units)

    Nodes    |    Current Node    |     Objective Bounds      |     Work
 Expl Unexpl |  Obj  Depth IntInf | Incumbent    BestBd   Gap | It/Node Time

     0     0 4220901.67    0  549          - 4220901.67      -     -    1s
H    0     0                    2.600927e+15 4220901.67   100%     -    2s
H    0     0                    7.267578e+14 4220901.67   100%     -    2s
H    0     0                    5433374.0837 4220901.67  22.3%     -    2s
H    0     0                    4316341.2129 4229019.50  2.02%     -    4s
H    0     0                    4316258.7758 4229019.50  2.02%     -    4s
H    0     0                    4315341.0675 4229019.50  2.00%     -    4s
H    0     0                    4314060.6760 4229019.50  1.97%     -    4s
H    0     0                    4313167.8899 4229019.50  1.95%     -    4s
H    0     0                    4312884.5753 4229019.50  1.94%     -    4s
     0     0 4229592.47    0  504 4312884.58 4229592.47  1.93%     -    4s
H    0     0                    4312534.2268 4229592.47  1.92%     -    4s
H    0     0                    4311408.1223 4229592.47  1.90%     -    4s
H    0     0                    4310935.0417 4229592.47  1.89%     -    4s
H    0     0                    4310781.2512 4229592.47  1.88%     -    4s
     0     0 4229592.47    0  492 4310781.25 4229592.47  1.88%     -    4s
     0     0 4229592.47    0  492 4310781.25 4229592.47  1.88%     -    4s
H    0     0                    4309380.0264 4231154.27  1.82%     -    4s
     0     0 4231154.27    0  453 4309380.03 4231154.27  1.82%     -    4s
H    0     0                    4309379.8183 4231607.04  1.80%     -    4s
H    0     0                    4306043.2113 4231607.04  1.73%     -    4s
H    0     0                    4305768.4341 4231607.04  1.72%     -    4s
     0     0 4231607.04    0  419 4305768.43 4231607.04  1.72%     -    5s
     0     0 4231766.59    0  450 4305768.43 4231766.59  1.72%     -    5s
     0     0 4231816.38    0  434 4305768.43 4231816.38  1.72%     -    5s
     0     0 4231821.43    0  442 4305768.43 4231821.43  1.72%     -    5s
     0     0 4231822.32    0  441 4305768.43 4231822.32  1.72%     -    5s
     0     0 4233290.89    0  337 4305768.43 4233290.89  1.68%     -    5s
     0     0 4233352.76    0  306 4305768.43 4233352.76  1.68%     -    6s
     0     0 4233352.76    0  283 4305768.43 4233352.76  1.68%     -    6s
     0     0 4233352.76    0  292 4305768.43 4233352.76  1.68%     -    6s
     0     0 4233352.76    0  292 4305768.43 4233352.76  1.68%     -    6s
H    0     0                    4287862.1835 4233717.89  1.26%     -    6s
     0     0 4233717.89    0  378 4287862.18 4233717.89  1.26%     -    6s

Cutting planes:
  Gomory: 77
  Cover: 1
  Implied bound: 300
  MIR: 300
  Flow cover: 203
  Network: 2
  RLT: 3
  Relax-and-lift: 146

Explored 1 nodes (19985 simplex iterations) in 6.80 seconds (9.35 work units)
Thread count was 24 (of 24 available processors)

Solution count 10: 4.28786e+06 4.30577e+06 4.30604e+06 ... 4.31317e+06

Optimal solution found (tolerance 1.50e-02)
Best objective 4.287862183523e+06, best bound 4.233717891511e+06, gap 1.2627%

User-callback calls 1456, time in user-callback 0.00 sec
Set parameter Username
Set parameter LicenseID to value 2826524
Academic license - for non-commercial use only - expires 2027-05-22
Set parameter MIPGap to value 0.015
Set parameter MIPGap to value 0.015
Gurobi Optimizer version 13.0.2 build v13.0.2rc1 (win64 - Windows 11+.0 (29639.2))

CPU model: 13th Gen Intel(R) Core(TM) i7-13700F, instruction set [SSE2|AVX|AVX2]
Thread count: 16 physical cores, 24 logical processors, using up to 24 threads

Non-default parameters:
MIPGap  0.015

Optimize a model with 49556 rows, 31536 columns and 415639 nonzeros (Min)
Model fingerprint: 0xfb5cff7f
Model has 23400 linear objective coefficients
Variable types: 23664 continuous, 7872 integer (7872 binary)
Coefficient statistics:
  Matrix range     [3e-02, 4e+02]
  Objective range  [1e+00, 1e+15]
  Bounds range     [0e+00, 0e+00]
  RHS range        [2e-02, 4e+02]
Warning: Model contains large objective coefficients
         Consider reformulating model or setting NumericFocus parameter
         to avoid numerical issues.

Presolve removed 19141 rows and 8872 columns
Presolve time: 0.89s
Presolved: 30415 rows, 22664 columns, 128196 nonzeros
Variable types: 15623 continuous, 7041 integer (7041 binary)
Deterministic concurrent LP optimizer: primal and dual simplex
Showing primal log only...

Concurrent spin time: 0.00s

Solved with dual simplex

Use crossover to convert LP symmetric solution to basic solution...
Crossover time: 0.03 seconds (0.03 work units)

Root relaxation: objective 2.520288e+06, 9503 iterations, 0.35 seconds (0.44 work units)

    Nodes    |    Current Node    |     Objective Bounds      |     Work
 Expl Unexpl |  Obj  Depth IntInf | Incumbent    BestBd   Gap | It/Node Time

     0     0 2520287.75    0  243          - 2520287.75      -     -    1s
H    0     0                    3009117.3327 2520287.75  16.2%     -    1s
H    0     0                    2632701.4772 2520287.75  4.27%     -    1s
     0     0 2521292.09    0  226 2632701.48 2521292.09  4.23%     -    2s
     0     0 2521293.78    0  226 2632701.48 2521293.78  4.23%     -    2s
     0     0 2522640.63    0  219 2632701.48 2522640.63  4.18%     -    2s
     0     0 2522652.89    0  217 2632701.48 2522652.89  4.18%     -    2s
     0     0 2522770.17    0  239 2632701.48 2522770.17  4.18%     -    3s
H    0     0                    2610486.6727 2522770.37  3.36%     -    3s
     0     0 2522770.46    0  244 2610486.67 2522770.46  3.36%     -    3s
H    0     0                    2547337.6192 2522770.46  0.96%     -    3s
H    0     0                    2546606.9780 2522770.46  0.94%     -    3s
H    0     0                    2545876.3368 2522770.46  0.91%     -    3s
H    0     0                    2543533.2062 2522770.46  0.82%     -    3s

Cutting planes:
  Gomory: 23
  Lift-and-project: 1
  Cover: 1
  Implied bound: 159
  MIR: 121
  Flow cover: 71
  Network: 1
  RLT: 30
  Relax-and-lift: 53
  BQP: 5

Explored 1 nodes (11796 simplex iterations) in 3.72 seconds (5.09 work units)
Thread count was 24 (of 24 available processors)

Solution count 7: 2.54353e+06 2.54588e+06 2.54661e+06 ... 3.00912e+06

Optimal solution found (tolerance 1.50e-02)
Best objective 2.543533206243e+06, best bound 2.522770458793e+06, gap 0.8163%

User-callback calls 775, time in user-callback 0.00 sec
Set parameter Username
Set parameter LicenseID to value 2826524
Academic license - for non-commercial use only - expires 2027-05-22
Set parameter MIPGap to value 0.015
Set parameter MIPGap to value 0.015
Gurobi Optimizer version 13.0.2 build v13.0.2rc1 (win64 - Windows 11+.0 (29639.2))

CPU model: 13th Gen Intel(R) Core(TM) i7-13700F, instruction set [SSE2|AVX|AVX2]
Thread count: 16 physical cores, 24 logical processors, using up to 24 threads

Non-default parameters:
MIPGap  0.015

Optimize a model with 49518 rows, 31536 columns and 415534 nonzeros (Min)
Model fingerprint: 0xcf5052d2
Model has 23400 linear objective coefficients
Variable types: 23664 continuous, 7872 integer (7872 binary)
Coefficient statistics:
  Matrix range     [3e-02, 4e+02]
  Objective range  [1e+00, 1e+15]
  Bounds range     [0e+00, 0e+00]
  RHS range        [2e-02, 4e+02]
Warning: Model contains large objective coefficients
         Consider reformulating model or setting NumericFocus parameter
         to avoid numerical issues.

Presolve removed 18921 rows and 8832 columns
Presolve time: 0.88s
Presolved: 30597 rows, 22704 columns, 129299 nonzeros
Variable types: 15621 continuous, 7083 integer (7083 binary)
Deterministic concurrent LP optimizer: primal and dual simplex
Showing primal log only...

Concurrent spin time: 0.00s

Solved with dual simplex

Use crossover to convert LP symmetric solution to basic solution...
Crossover time: 0.12 seconds (0.24 work units)

Root relaxation: objective 6.372226e+15, 11246 iterations, 0.42 seconds (0.63 work units)

    Nodes    |    Current Node    |     Objective Bounds      |     Work
 Expl Unexpl |  Obj  Depth IntInf | Incumbent    BestBd   Gap | It/Node Time

     0     0 6.3722e+15    0  374          - 6.3722e+15      -     -    1s
H    0     0                    6.372226e+15 6.3722e+15  0.00%     -    1s

Explored 1 nodes (11576 simplex iterations) in 1.83 seconds (3.27 work units)
Thread count was 24 (of 24 available processors)

Solution count 1: 6.37223e+15 

Optimal solution found (tolerance 1.50e-02)
Best objective 6.372225704852e+15, best bound 6.372225704852e+15, gap 0.0000%

User-callback calls 537, time in user-callback 0.00 sec
Warning for adding constraints: zero or small (< 1e-13) coefficients, ignored
Gurobi Optimizer version 13.0.2 build v13.0.2rc1 (win64 - Windows 11+.0 (29639.2))

CPU model: 13th Gen Intel(R) Core(TM) i7-13700F, instruction set [SSE2|AVX|AVX2]
Thread count: 16 physical cores, 24 logical processors, using up to 24 threads

Non-default parameters:
MIPGap  0.015

Optimize a model with 58446 rows, 31536 columns and 2139166 nonzeros (Min)
Model fingerprint: 0x6ed4dad8
Model has 23400 linear objective coefficients
Variable types: 23664 continuous, 7872 integer (7872 binary)
Coefficient statistics:
  Matrix range     [2e-08, 4e+02]
  Objective range  [1e+00, 1e+15]
  Bounds range     [0e+00, 0e+00]
  RHS range        [1e-03, 4e+02]
Warning: Model contains large objective coefficients
         Consider reformulating model or setting NumericFocus parameter
         to avoid numerical issues.

MIP start from previous solve produced solution with objective 4.40936e+16 (0.98s)
MIP start from previous solve produced solution with objective 4.40936e+16 (0.99s)
Loaded MIP start from previous solve with objective 4.40936e+16

Presolve removed 26496 rows and 6248 columns
Presolve time: 3.69s
Presolved: 31950 rows, 25797 columns, 301616 nonzeros
Variable types: 18714 continuous, 7083 integer (7083 binary)
Deterministic concurrent LP optimizer: primal and dual simplex
Showing primal log only...


Root simplex log...

Iteration    Objective       Primal Inf.    Dual Inf.      Time
   10167    1.8288405e+18   5.953237e+02   9.567056e+18      5s
Concurrent spin time: 0.00s

Solved with dual simplex

Root simplex log...

Iteration    Objective       Primal Inf.    Dual Inf.      Time
   17137    1.4545631e+16   0.000000e+00   0.000000e+00      6s

Root relaxation: objective 1.454563e+16, 17137 iterations, 1.18 seconds (1.10 work units)

    Nodes    |    Current Node    |     Objective Bounds      |     Work
 Expl Unexpl |  Obj  Depth IntInf | Incumbent    BestBd   Gap | It/Node Time

     0     0 1.4546e+16    0  646 4.4094e+16 1.4546e+16  67.0%     -    6s
     0     0 1.4547e+16    0  215 4.4094e+16 1.4547e+16  67.0%     -    9s
H    0     0                    1.612099e+16 1.4547e+16  9.76%     -   10s
     0     0 1.4569e+16    0  209 1.6121e+16 1.4569e+16  9.63%     -   10s
     0     0 1.4569e+16    0  198 1.6121e+16 1.4569e+16  9.63%     -   11s
     0     0 1.4569e+16    0  184 1.6121e+16 1.4569e+16  9.63%     -   11s
     0     0 1.4569e+16    0  194 1.6121e+16 1.4569e+16  9.63%     -   12s
     0     0 1.4569e+16    0  203 1.6121e+16 1.4569e+16  9.63%     -   13s
     0     0 1.4569e+16    0  189 1.6121e+16 1.4569e+16  9.63%     -   13s
     0     0 1.4569e+16    0  182 1.6121e+16 1.4569e+16  9.63%     -   13s
     0     0 1.4569e+16    0  185 1.6121e+16 1.4569e+16  9.63%     -   13s
     0     0 1.4569e+16    0  181 1.6121e+16 1.4569e+16  9.63%     -   15s
     0     0 1.4569e+16    0  171 1.6121e+16 1.4569e+16  9.63%     -   15s
     0     0 1.4585e+16    0  163 1.6121e+16 1.4585e+16  9.53%     -   18s
     0     0 1.4585e+16    0  167 1.6121e+16 1.4585e+16  9.53%     -   19s
     0     0 1.4585e+16    0  164 1.6121e+16 1.4585e+16  9.53%     -   19s
     0     0 1.4585e+16    0  164 1.6121e+16 1.4585e+16  9.53%     -   19s
     0     0 1.4585e+16    0  164 1.6121e+16 1.4585e+16  9.53%     -   19s
     0     0 1.4585e+16    0  164 1.6121e+16 1.4585e+16  9.53%     -   20s
     0     0 1.4585e+16    0  164 1.6121e+16 1.4585e+16  9.53%     -   20s
     0     2 1.4585e+16    0  167 1.6121e+16 1.4585e+16  9.53%     -   23s
     3     8 1.4591e+16    2  166 1.6121e+16 1.4585e+16  9.53%  1700   25s
H   24    32                    1.500935e+16 1.4585e+16  2.83%   616   28s
H   26    32                    1.489730e+16 1.4585e+16  2.10%   635   28s
    47   121 1.4593e+16    6   99 1.4897e+16 1.4585e+16  2.09%   569   30s
   409   581 1.4593e+16   21   83 1.4897e+16 1.4585e+16  2.09%   204   36s
H  911  1012                    1.475822e+16 1.4585e+16  1.17%   144   40s
H  913  1012                    1.475822e+16 1.4585e+16  1.17%   143   40s
H  929  1012                    1.464658e+16 1.4585e+16  0.42%   142   40s
H  955  1012                    1.464658e+16 1.4585e+16  0.42%   140   40s
H  972  1012                    1.464658e+16 1.4585e+16  0.42%   139   40s

Cutting planes:
  Gomory: 65
  Lift-and-project: 4
  Cover: 2
  Implied bound: 355
  Clique: 1
  MIR: 197
  Flow cover: 203
  Zero half: 1
  RLT: 13
  Relax-and-lift: 109
  BQP: 1

Explored 1014 nodes (162472 simplex iterations) in 40.21 seconds (47.53 work units)
Thread count was 24 (of 24 available processors)

Solution count 10: 1.46466e+16 1.46466e+16 1.46466e+16 ... 4.40936e+16

Optimal solution found (tolerance 1.50e-02)
Best objective 1.464658412979e+16, best bound 1.458529147320e+16, gap 0.4185%

User-callback calls 5131, time in user-callback 0.02 sec
Set parameter Username
Set parameter LicenseID to value 2826524
Academic license - for non-commercial use only - expires 2027-05-22
Set parameter MIPGap to value 0.015
Set parameter MIPGap to value 0.015
Gurobi Optimizer version 13.0.2 build v13.0.2rc1 (win64 - Windows 11+.0 (29639.2))

CPU model: 13th Gen Intel(R) Core(TM) i7-13700F, instruction set [SSE2|AVX|AVX2]
Thread count: 16 physical cores, 24 logical processors, using up to 24 threads

Non-default parameters:
MIPGap  0.015

Optimize a model with 49560 rows, 31536 columns and 415630 nonzeros (Min)
Model fingerprint: 0xd0aaa577
Model has 23400 linear objective coefficients
Variable types: 23664 continuous, 7872 integer (7872 binary)
Coefficient statistics:
  Matrix range     [3e-02, 4e+02]
  Objective range  [1e+00, 1e+15]
  Bounds range     [0e+00, 0e+00]
  RHS range        [1e-02, 4e+02]
Warning: Model contains large objective coefficients
         Consider reformulating model or setting NumericFocus parameter
         to avoid numerical issues.

Presolve removed 19221 rows and 8902 columns
Presolve time: 0.89s
Presolved: 30339 rows, 22634 columns, 127661 nonzeros
Variable types: 15623 continuous, 7011 integer (7011 binary)
Deterministic concurrent LP optimizer: primal and dual simplex
Showing primal log only...

Concurrent spin time: 0.00s

Solved with dual simplex

Use crossover to convert LP symmetric solution to basic solution...
Crossover time: 0.03 seconds (0.02 work units)

Root relaxation: objective 2.312451e+06, 9150 iterations, 0.32 seconds (0.38 work units)

    Nodes    |    Current Node    |     Objective Bounds      |     Work
 Expl Unexpl |  Obj  Depth IntInf | Incumbent    BestBd   Gap | It/Node Time

     0     0 2312451.23    0  165          - 2312451.23      -     -    1s
H    0     0                    2854662.4713 2312451.23  19.0%     -    1s
     0     0 2313114.12    0  189 2854662.47 2313114.12  19.0%     -    2s
H    0     0                    2408958.9014 2313114.87  3.98%     -    2s
     0     0 2313114.87    0  189 2408958.90 2313114.87  3.98%     -    2s
H    0     0                    2401698.4868 2313114.87  3.69%     -    2s
     0     0 2313334.32    0  197 2401698.49 2313334.32  3.68%     -    2s
     0     0 2313397.48    0  201 2401698.49 2313397.48  3.68%     -    2s
     0     0 2313397.48    0  206 2401698.49 2313397.48  3.68%     -    2s
H    0     0                    2401260.7773 2313397.48  3.66%     -    3s
     0     0 2314050.00    0  241 2401260.78 2314050.00  3.63%     -    3s
     0     0 2314127.91    0  233 2401260.78 2314127.91  3.63%     -    3s
H    0     0                    2383088.5450 2314127.91  2.89%     -    3s
H    0     0                    2382939.7033 2314127.91  2.89%     -    3s
H    0     0                    2377896.2998 2314127.91  2.68%     -    3s
H    0     0                    2377133.7026 2314127.91  2.65%     -    3s
H    0     0                    2358980.6978 2314127.91  1.90%     -    4s
H    0     0                    2358951.9744 2314127.91  1.90%     -    4s
     0     0 2314594.44    0  232 2358951.97 2314594.44  1.88%     -    4s
H    0     0                    2358940.9296 2314690.73  1.88%     -    4s
H    0     0                    2357663.6917 2314690.73  1.82%     -    4s
H    0     0                    2357507.9523 2314690.73  1.82%     -    4s
     0     0 2315024.07    0  219 2357507.95 2315024.07  1.80%     -    4s
     0     0 2315029.94    0  213 2357507.95 2315029.94  1.80%     -    4s
     0     0 2315031.88    0  221 2357507.95 2315031.88  1.80%     -    4s
     0     0 2315032.27    0  216 2357507.95 2315032.27  1.80%     -    4s
     0     0 2315032.27    0  216 2357507.95 2315032.27  1.80%     -    4s
     0     0 2315146.26    0  234 2357507.95 2315146.26  1.80%     -    4s
     0     0 2315148.92    0  209 2357507.95 2315148.92  1.80%     -    5s
     0     0 2315148.92    0  237 2357507.95 2315148.92  1.80%     -    5s
     0     0 2315208.17    0  221 2357507.95 2315208.17  1.79%     -    5s
H    0     0                    2341072.0167 2315208.17  1.10%     -    5s

Cutting planes:
  Gomory: 8
  Lift-and-project: 1
  Cover: 3
  Implied bound: 129
  MIR: 56
  Flow cover: 42
  RLT: 13
  Relax-and-lift: 28
  BQP: 1

Explored 1 nodes (12081 simplex iterations) in 5.73 seconds (6.13 work units)
Thread count was 24 (of 24 available processors)

Solution count 10: 2.34107e+06 2.35751e+06 2.35766e+06 ... 2.40126e+06

Optimal solution found (tolerance 1.50e-02)
Best objective 2.341072016706e+06, best bound 2.315208165924e+06, gap 1.1048%

User-callback calls 1136, time in user-callback 0.00 sec
	→ The renewable energy scenarios module loaded.
	→ Input data module loaded and ready for UC modeling.
	→ The [JULIA] environment_config has been loaded.
	→ Constraint modules included and functions exported.
	→ Objective functions module loaded and exported.
	→ Utility functions module loaded and exported.
	→ all boundary conditions validated.

================================================================================
Step 1: Reading input data from Excel file...
================================================================================
Step-1: Loading packages and functions...
  Reading data from: D:\GithubClonefiles\module_unitcommitment\data\data_118_clustered_pcm.xlsx
  Reading frequency parameters...
  Reading energy storage system data...
  Reading generator, network, and load data...
  Reading data center data...
  Reading hydroelectric power data...
  ✓ All data successfully loaded from Excel file.

================================================================================
Step 2: Formatting input data for optimization model...
================================================================================
Step-2: imput data are loaded

================================================================================
Step 3: Generating wind power scenarios...
================================================================================

================================================================================
Step 4: Configuring sequential scheduling parameters...
================================================================================
  Scheduling intervals: 7
  Time periods per interval: 24
  Total planning horizon: 168 periods
  Clustered UC layer: enabled

================================================================================
Step 5: Running sequential unit commitment optimization...
================================================================================

--------------------------------------------------------------------------------
Processing scheduling interval 1 of 7...
--------------------------------------------------------------------------------
  Updating boundary conditions based on previous interval results...
  Solving unit commitment optimization for interval 1...
Step-3: Creating dispatching model (Refactored & Modularized)
	 Variables defined.
DEBUG set_objective_economic!: NT=24, NG=108, ND=91, NW=20, NS=1, K=3, size(refcost)=(108,), size(eachslope)=(3, 108)
objective_function
	MILP economic objective set
subject to.
	 constraints: 1) minimum shutup/shutdown time limits			 done
	 constraints: 2) binary variable logic					 done
	 constraints: 3) shutup/shutdown cost					 done
	 constraints: 4) loadcurtailments and spoliedwinds			 done
	 constraints: 5) generatos power limits					 done
	 constraints: 6) system reserves limits					 done
	 constraints: 7) power balance constraints				 done
	 constraints: 8) ramp-up/ramp-down constraints				 done
	 constraints: 9) piece linearization constraints			 done
	 constraints: 10) transmission limits deferred to unit disaggregation
	 constraints: 11) stroges system constraints skipped (is_ConsiderBESS=0)
	 constraints: 12) data centra constraints skipped (is_ConsiderDataCentra != 1)
	 constraints: 13) frequency control constraints skipped (is_ConsiderFrequencyControl != 1)
	 constraints: 14) hydro power limits					 done
+++++++++++++++++++++++++++++++++++++++++++++++++++++++++++++++++++++++++++++++++++++++++++
Step-4: starting Gurobi solver
Step-5: Gurobi solver finished
+++++++++++++++++++++++++++++++++++++++++++++++++++++++++++++++++++++++++++++++++++++++++++

assert_is_solved_and_feasible(scuc) = nothing
solution_summary(scuc) = solution_summary(; result = 1, verbose = false)
├ solver_name          : Gurobi
├ Termination
│ ├ termination_status : OPTIMAL
│ ├ result_count       : 10
│ ├ raw_status         : Model was solved to optimality (subject to tolerances), and an optimal solution is available.
│ └ objective_bound    : 2.79270e+06
├ Solution (result = 1)
│ ├ primal_status        : FEASIBLE_POINT
│ ├ dual_status          : NO_SOLUTION
│ ├ objective_value      : 2.82307e+06
│ └ relative_gap         : 1.07591e-02
└ Work counters
  ├ solve_time (sec)   : 5.56600e+00
  ├ simplex_iterations : 14420
  ├ barrier_iterations : 0
  └ node_count         : 1


Termination Status: OPTIMAL
Acceptable solution found (Status: OPTIMAL).
Step-6: record datas
PART1: [unit-commitment] calculation result has been saved to: D:/GithubClonefiles/module_unitcommitment/output/details_schedule_results/pcm_simulation_results/intervels_[1]/res_schedule_commitment_result.txt
    Cluster diagnostic scenario 1: stage=network, periods=[3, 4, 11, 1, 2, 5, 6, 7, 8, 9, 10, 12, 13, 14, 15, 16, 17, 18, 19, 20, 21, 22, 23, 24], lines=[37, 54, 159, 30], dispatch_deviations=197
  ↻ Network feedback: adding PTDF constraints and re-solving the current PCM window
	 constraints: 10) transmissionline limits for baseline			 done
+++++++++++++++++++++++++++++++++++++++++++++++++++++++++++++++++++++++++++++++++++++++++++
Step-4: starting Gurobi solver
Step-5: Gurobi solver finished
+++++++++++++++++++++++++++++++++++++++++++++++++++++++++++++++++++++++++++++++++++++++++++

assert_is_solved_and_feasible(scuc) = nothing
solution_summary(scuc) = solution_summary(; result = 1, verbose = false)
├ solver_name          : Gurobi
├ Termination
│ ├ termination_status : OPTIMAL
│ ├ result_count       : 10
│ ├ raw_status         : Model was solved to optimality (subject to tolerances), and an optimal solution is available.
│ └ objective_bound    : 5.83390e+06
├ Solution (result = 1)
│ ├ primal_status        : FEASIBLE_POINT
│ ├ dual_status          : NO_SOLUTION
│ ├ objective_value      : 5.84345e+06
│ └ relative_gap         : 1.63514e-03
└ Work counters
  ├ solve_time (sec)   : 1.06640e+01
  ├ simplex_iterations : 18727
  ├ barrier_iterations : 0
  └ node_count         : 1


Termination Status: OPTIMAL
Acceptable solution found (Status: OPTIMAL).
Step-6: record datas
PART1: [unit-commitment] calculation result has been saved to: D:/GithubClonefiles/module_unitcommitment/output/details_schedule_results/pcm_simulation_results/intervels_[1]/res_schedule_commitment_result.txt
  ✓ Clustered UC residence/network disaggregation completed (54 clusters, stage=network_feedback_repaired)
  ✓ Interval 1 optimization completed successfully
  Saving detailed results for interval 1...
Extracting results from dictionary...
details [unit_commtiemnt] scheduling results have been saved!
  ✓ Interval 1 processing completed

--------------------------------------------------------------------------------
Processing scheduling interval 2 of 7...
--------------------------------------------------------------------------------
  Updating boundary conditions based on previous interval results...
  Solving unit commitment optimization for interval 2...
Step-3: Creating dispatching model (Refactored & Modularized)
	 Variables defined.
DEBUG set_objective_economic!: NT=24, NG=108, ND=91, NW=20, NS=1, K=3, size(refcost)=(108,), size(eachslope)=(3, 108)
objective_function
	MILP economic objective set
subject to.
	 constraints: 1) minimum shutup/shutdown time limits			 done
	 constraints: 2) binary variable logic					 done
	 constraints: 3) shutup/shutdown cost					 done
	 constraints: 4) loadcurtailments and spoliedwinds			 done
	 constraints: 5) generatos power limits					 done
	 constraints: 6) system reserves limits					 done
	 constraints: 7) power balance constraints				 done
	 constraints: 8) ramp-up/ramp-down constraints				 done
	 constraints: 9) piece linearization constraints			 done
	 constraints: 10) transmission limits deferred to unit disaggregation
	 constraints: 11) stroges system constraints skipped (is_ConsiderBESS=0)
	 constraints: 12) data centra constraints skipped (is_ConsiderDataCentra != 1)
	 constraints: 13) frequency control constraints skipped (is_ConsiderFrequencyControl != 1)
	 constraints: 14) hydro power limits					 done
+++++++++++++++++++++++++++++++++++++++++++++++++++++++++++++++++++++++++++++++++++++++++++
Step-4: starting Gurobi solver
Step-5: Gurobi solver finished
+++++++++++++++++++++++++++++++++++++++++++++++++++++++++++++++++++++++++++++++++++++++++++

assert_is_solved_and_feasible(scuc) = nothing
solution_summary(scuc) = solution_summary(; result = 1, verbose = false)
├ solver_name          : Gurobi
├ Termination
│ ├ termination_status : OPTIMAL
│ ├ result_count       : 3
│ ├ raw_status         : Model was solved to optimality (subject to tolerances), and an optimal solution is available.
│ └ objective_bound    : 3.76128e+06
├ Solution (result = 1)
│ ├ primal_status        : FEASIBLE_POINT
│ ├ dual_status          : NO_SOLUTION
│ ├ objective_value      : 3.76128e+06
│ └ relative_gap         : 0.00000e+00
└ Work counters
  ├ solve_time (sec)   : 2.53600e+00
  ├ simplex_iterations : 14640
  ├ barrier_iterations : 0
  └ node_count         : 1


Termination Status: OPTIMAL
Acceptable solution found (Status: OPTIMAL).
Step-6: record datas
PART1: [unit-commitment] calculation result has been saved to: D:/GithubClonefiles/module_unitcommitment/output/details_schedule_results/pcm_simulation_results/intervels_[2]/res_schedule_commitment_result.txt
    Cluster diagnostic scenario 1: stage=network, periods=[3, 4, 1, 2, 5, 6, 7, 8, 9, 10, 11, 12, 13, 14, 15, 16, 17, 18, 19, 20, 21, 22, 23, 24], lines=[37, 54, 30, 159], dispatch_deviations=277
  ↻ Network feedback: adding PTDF constraints and re-solving the current PCM window
	 constraints: 10) transmissionline limits for baseline			 done
+++++++++++++++++++++++++++++++++++++++++++++++++++++++++++++++++++++++++++++++++++++++++++
Step-4: starting Gurobi solver
Step-5: Gurobi solver finished
+++++++++++++++++++++++++++++++++++++++++++++++++++++++++++++++++++++++++++++++++++++++++++

assert_is_solved_and_feasible(scuc) = nothing
solution_summary(scuc) = solution_summary(; result = 1, verbose = false)
├ solver_name          : Gurobi
├ Termination
│ ├ termination_status : OPTIMAL
│ ├ result_count       : 10
│ ├ raw_status         : Model was solved to optimality (subject to tolerances), and an optimal solution is available.
│ └ objective_bound    : 4.86274e+06
├ Solution (result = 1)
│ ├ primal_status        : FEASIBLE_POINT
│ ├ dual_status          : NO_SOLUTION
│ ├ objective_value      : 4.88229e+06
│ └ relative_gap         : 4.00476e-03
└ Work counters
  ├ solve_time (sec)   : 1.71870e+01
  ├ simplex_iterations : 27546
  ├ barrier_iterations : 0
  └ node_count         : 1


Termination Status: OPTIMAL
Acceptable solution found (Status: OPTIMAL).
Step-6: record datas
PART1: [unit-commitment] calculation result has been saved to: D:/GithubClonefiles/module_unitcommitment/output/details_schedule_results/pcm_simulation_results/intervels_[2]/res_schedule_commitment_result.txt
  ✓ Clustered UC residence/network disaggregation completed (54 clusters, stage=network_feedback_repaired)
  ✓ Interval 2 optimization completed successfully
  Saving detailed results for interval 2...
Extracting results from dictionary...
details [unit_commtiemnt] scheduling results have been saved!
  ✓ Interval 2 processing completed

--------------------------------------------------------------------------------
Processing scheduling interval 3 of 7...
--------------------------------------------------------------------------------
  Updating boundary conditions based on previous interval results...
  Solving unit commitment optimization for interval 3...
Step-3: Creating dispatching model (Refactored & Modularized)
	 Variables defined.
DEBUG set_objective_economic!: NT=24, NG=108, ND=91, NW=20, NS=1, K=3, size(refcost)=(108,), size(eachslope)=(3, 108)
objective_function
	MILP economic objective set
subject to.
	 constraints: 1) minimum shutup/shutdown time limits			 done
	 constraints: 2) binary variable logic					 done
	 constraints: 3) shutup/shutdown cost					 done
	 constraints: 4) loadcurtailments and spoliedwinds			 done
	 constraints: 5) generatos power limits					 done
	 constraints: 6) system reserves limits					 done
	 constraints: 7) power balance constraints				 done
	 constraints: 8) ramp-up/ramp-down constraints				 done
	 constraints: 9) piece linearization constraints			 done
	 constraints: 10) transmission limits deferred to unit disaggregation
	 constraints: 11) stroges system constraints skipped (is_ConsiderBESS=0)
	 constraints: 12) data centra constraints skipped (is_ConsiderDataCentra != 1)
	 constraints: 13) frequency control constraints skipped (is_ConsiderFrequencyControl != 1)
	 constraints: 14) hydro power limits					 done
+++++++++++++++++++++++++++++++++++++++++++++++++++++++++++++++++++++++++++++++++++++++++++
Step-4: starting Gurobi solver
Step-5: Gurobi solver finished
+++++++++++++++++++++++++++++++++++++++++++++++++++++++++++++++++++++++++++++++++++++++++++

assert_is_solved_and_feasible(scuc) = nothing
solution_summary(scuc) = solution_summary(; result = 1, verbose = false)
├ solver_name          : Gurobi
├ Termination
│ ├ termination_status : OPTIMAL
│ ├ result_count       : 8
│ ├ raw_status         : Model was solved to optimality (subject to tolerances), and an optimal solution is available.
│ └ objective_bound    : 2.08401e+06
├ Solution (result = 1)
│ ├ primal_status        : FEASIBLE_POINT
│ ├ dual_status          : NO_SOLUTION
│ ├ objective_value      : 2.09763e+06
│ └ relative_gap         : 6.49500e-03
└ Work counters
  ├ solve_time (sec)   : 3.02100e+00
  ├ simplex_iterations : 12703
  ├ barrier_iterations : 0
  └ node_count         : 1


Termination Status: OPTIMAL
Acceptable solution found (Status: OPTIMAL).
Step-6: record datas
PART1: [unit-commitment] calculation result has been saved to: D:/GithubClonefiles/module_unitcommitment/output/details_schedule_results/pcm_simulation_results/intervels_[3]/res_schedule_commitment_result.txt
    Cluster diagnostic scenario 1: stage=solver, periods=Int64[], lines=Int64[], dispatch_deviations=0
  ✓ Clustered UC residence/network disaggregation completed (54 clusters, stage=diagnostic_complete)
  ✓ Interval 3 optimization completed successfully
  Saving detailed results for interval 3...
Extracting results from dictionary...
details [unit_commtiemnt] scheduling results have been saved!
  ✓ Interval 3 processing completed

--------------------------------------------------------------------------------
Processing scheduling interval 4 of 7...
--------------------------------------------------------------------------------
  Updating boundary conditions based on previous interval results...
  Solving unit commitment optimization for interval 4...
Step-3: Creating dispatching model (Refactored & Modularized)
	 Variables defined.
DEBUG set_objective_economic!: NT=24, NG=108, ND=91, NW=20, NS=1, K=3, size(refcost)=(108,), size(eachslope)=(3, 108)
objective_function
	MILP economic objective set
subject to.
	 constraints: 1) minimum shutup/shutdown time limits			 done
	 constraints: 2) binary variable logic					 done
	 constraints: 3) shutup/shutdown cost					 done
	 constraints: 4) loadcurtailments and spoliedwinds			 done
	 constraints: 5) generatos power limits					 done
	 constraints: 6) system reserves limits					 done
	 constraints: 7) power balance constraints				 done
	 constraints: 8) ramp-up/ramp-down constraints				 done
	 constraints: 9) piece linearization constraints			 done
	 constraints: 10) transmission limits deferred to unit disaggregation
	 constraints: 11) stroges system constraints skipped (is_ConsiderBESS=0)
	 constraints: 12) data centra constraints skipped (is_ConsiderDataCentra != 1)
	 constraints: 13) frequency control constraints skipped (is_ConsiderFrequencyControl != 1)
	 constraints: 14) hydro power limits					 done
+++++++++++++++++++++++++++++++++++++++++++++++++++++++++++++++++++++++++++++++++++++++++++
Step-4: starting Gurobi solver
Step-5: Gurobi solver finished
+++++++++++++++++++++++++++++++++++++++++++++++++++++++++++++++++++++++++++++++++++++++++++

assert_is_solved_and_feasible(scuc) = nothing
solution_summary(scuc) = solution_summary(; result = 1, verbose = false)
├ solver_name          : Gurobi
├ Termination
│ ├ termination_status : OPTIMAL
│ ├ result_count       : 10
│ ├ raw_status         : Model was solved to optimality (subject to tolerances), and an optimal solution is available.
│ └ objective_bound    : 4.23372e+06
├ Solution (result = 1)
│ ├ primal_status        : FEASIBLE_POINT
│ ├ dual_status          : NO_SOLUTION
│ ├ objective_value      : 4.28786e+06
│ └ relative_gap         : 1.26273e-02
└ Work counters
  ├ solve_time (sec)   : 6.80100e+00
  ├ simplex_iterations : 19985
  ├ barrier_iterations : 0
  └ node_count         : 1


Termination Status: OPTIMAL
Acceptable solution found (Status: OPTIMAL).
Step-6: record datas
PART1: [unit-commitment] calculation result has been saved to: D:/GithubClonefiles/module_unitcommitment/output/details_schedule_results/pcm_simulation_results/intervels_[4]/res_schedule_commitment_result.txt
    Cluster diagnostic scenario 1: stage=solver, periods=Int64[], lines=Int64[], dispatch_deviations=0
  ✓ Clustered UC residence/network disaggregation completed (54 clusters, stage=diagnostic_complete)
  ✓ Interval 4 optimization completed successfully
  Saving detailed results for interval 4...
Extracting results from dictionary...
details [unit_commtiemnt] scheduling results have been saved!
  ✓ Interval 4 processing completed

--------------------------------------------------------------------------------
Processing scheduling interval 5 of 7...
--------------------------------------------------------------------------------
  Updating boundary conditions based on previous interval results...
  Solving unit commitment optimization for interval 5...
Step-3: Creating dispatching model (Refactored & Modularized)
	 Variables defined.
DEBUG set_objective_economic!: NT=24, NG=108, ND=91, NW=20, NS=1, K=3, size(refcost)=(108,), size(eachslope)=(3, 108)
objective_function
	MILP economic objective set
subject to.
	 constraints: 1) minimum shutup/shutdown time limits			 done
	 constraints: 2) binary variable logic					 done
	 constraints: 3) shutup/shutdown cost					 done
	 constraints: 4) loadcurtailments and spoliedwinds			 done
	 constraints: 5) generatos power limits					 done
	 constraints: 6) system reserves limits					 done
	 constraints: 7) power balance constraints				 done
	 constraints: 8) ramp-up/ramp-down constraints				 done
	 constraints: 9) piece linearization constraints			 done
	 constraints: 10) transmission limits deferred to unit disaggregation
	 constraints: 11) stroges system constraints skipped (is_ConsiderBESS=0)
	 constraints: 12) data centra constraints skipped (is_ConsiderDataCentra != 1)
	 constraints: 13) frequency control constraints skipped (is_ConsiderFrequencyControl != 1)
	 constraints: 14) hydro power limits					 done
+++++++++++++++++++++++++++++++++++++++++++++++++++++++++++++++++++++++++++++++++++++++++++
Step-4: starting Gurobi solver
Step-5: Gurobi solver finished
+++++++++++++++++++++++++++++++++++++++++++++++++++++++++++++++++++++++++++++++++++++++++++

assert_is_solved_and_feasible(scuc) = nothing
solution_summary(scuc) = solution_summary(; result = 1, verbose = false)
├ solver_name          : Gurobi
├ Termination
│ ├ termination_status : OPTIMAL
│ ├ result_count       : 7
│ ├ raw_status         : Model was solved to optimality (subject to tolerances), and an optimal solution is available.
│ └ objective_bound    : 2.52277e+06
├ Solution (result = 1)
│ ├ primal_status        : FEASIBLE_POINT
│ ├ dual_status          : NO_SOLUTION
│ ├ objective_value      : 2.54353e+06
│ └ relative_gap         : 8.16296e-03
└ Work counters
  ├ solve_time (sec)   : 3.72500e+00
  ├ simplex_iterations : 11796
  ├ barrier_iterations : 0
  └ node_count         : 1


Termination Status: OPTIMAL
Acceptable solution found (Status: OPTIMAL).
Step-6: record datas
PART1: [unit-commitment] calculation result has been saved to: D:/GithubClonefiles/module_unitcommitment/output/details_schedule_results/pcm_simulation_results/intervels_[5]/res_schedule_commitment_result.txt
    Cluster diagnostic scenario 1: stage=solver, periods=Int64[], lines=Int64[], dispatch_deviations=0
  ✓ Clustered UC residence/network disaggregation completed (54 clusters, stage=diagnostic_complete)
  ✓ Interval 5 optimization completed successfully
  Saving detailed results for interval 5...
Extracting results from dictionary...
details [unit_commtiemnt] scheduling results have been saved!
  ✓ Interval 5 processing completed

--------------------------------------------------------------------------------
Processing scheduling interval 6 of 7...
--------------------------------------------------------------------------------
  Updating boundary conditions based on previous interval results...
  Solving unit commitment optimization for interval 6...
Step-3: Creating dispatching model (Refactored & Modularized)
	 Variables defined.
DEBUG set_objective_economic!: NT=24, NG=108, ND=91, NW=20, NS=1, K=3, size(refcost)=(108,), size(eachslope)=(3, 108)
objective_function
	MILP economic objective set
subject to.
	 constraints: 1) minimum shutup/shutdown time limits			 done
	 constraints: 2) binary variable logic					 done
	 constraints: 3) shutup/shutdown cost					 done
	 constraints: 4) loadcurtailments and spoliedwinds			 done
	 constraints: 5) generatos power limits					 done
	 constraints: 6) system reserves limits					 done
	 constraints: 7) power balance constraints				 done
	 constraints: 8) ramp-up/ramp-down constraints				 done
	 constraints: 9) piece linearization constraints			 done
	 constraints: 10) transmission limits deferred to unit disaggregation
	 constraints: 11) stroges system constraints skipped (is_ConsiderBESS=0)
	 constraints: 12) data centra constraints skipped (is_ConsiderDataCentra != 1)
	 constraints: 13) frequency control constraints skipped (is_ConsiderFrequencyControl != 1)
	 constraints: 14) hydro power limits					 done
+++++++++++++++++++++++++++++++++++++++++++++++++++++++++++++++++++++++++++++++++++++++++++
Step-4: starting Gurobi solver
Step-5: Gurobi solver finished
+++++++++++++++++++++++++++++++++++++++++++++++++++++++++++++++++++++++++++++++++++++++++++

assert_is_solved_and_feasible(scuc) = nothing
solution_summary(scuc) = solution_summary(; result = 1, verbose = false)
├ solver_name          : Gurobi
├ Termination
│ ├ termination_status : OPTIMAL
│ ├ result_count       : 1
│ ├ raw_status         : Model was solved to optimality (subject to tolerances), and an optimal solution is available.
│ └ objective_bound    : 6.37223e+15
├ Solution (result = 1)
│ ├ primal_status        : FEASIBLE_POINT
│ ├ dual_status          : NO_SOLUTION
│ ├ objective_value      : 6.37223e+15
│ └ relative_gap         : 1.52223e-14
└ Work counters
  ├ solve_time (sec)   : 1.82800e+00
  ├ simplex_iterations : 11576
  ├ barrier_iterations : 0
  └ node_count         : 1


Termination Status: OPTIMAL
Acceptable solution found (Status: OPTIMAL).
Step-6: record datas
PART1: [unit-commitment] calculation result has been saved to: D:/GithubClonefiles/module_unitcommitment/output/details_schedule_results/pcm_simulation_results/intervels_[6]/res_schedule_commitment_result.txt
    Cluster diagnostic scenario 1: stage=network, periods=[3, 4, 12, 16, 1, 2, 5, 6, 7, 9, 10, 11, 13, 14, 15, 17, 18, 19, 20, 21, 22, 23, 24, 8], lines=[37, 54, 159, 2, 153, 155], dispatch_deviations=293
  ↻ Network feedback: adding PTDF constraints and re-solving the current PCM window
	 constraints: 10) transmissionline limits for baseline			 done
+++++++++++++++++++++++++++++++++++++++++++++++++++++++++++++++++++++++++++++++++++++++++++
Step-4: starting Gurobi solver
Step-5: Gurobi solver finished
+++++++++++++++++++++++++++++++++++++++++++++++++++++++++++++++++++++++++++++++++++++++++++

assert_is_solved_and_feasible(scuc) = nothing
solution_summary(scuc) = solution_summary(; result = 1, verbose = false)
├ solver_name          : Gurobi
├ Termination
│ ├ termination_status : OPTIMAL
│ ├ result_count       : 10
│ ├ raw_status         : Model was solved to optimality (subject to tolerances), and an optimal solution is available.
│ └ objective_bound    : 1.45853e+16
├ Solution (result = 1)
│ ├ primal_status        : FEASIBLE_POINT
│ ├ dual_status          : NO_SOLUTION
│ ├ objective_value      : 1.46466e+16
│ └ relative_gap         : 4.18477e-03
└ Work counters
  ├ solve_time (sec)   : 4.02100e+01
  ├ simplex_iterations : 162472
  ├ barrier_iterations : 0
  └ node_count         : 1014


Termination Status: OPTIMAL
Acceptable solution found (Status: OPTIMAL).
Step-6: record datas
PART1: [unit-commitment] calculation result has been saved to: D:/GithubClonefiles/module_unitcommitment/output/details_schedule_results/pcm_simulation_results/intervels_[6]/res_schedule_commitment_result.txt
  ✓ Clustered UC residence/network disaggregation completed (54 clusters, stage=network_feedback_repaired)
  ✓ Interval 6 optimization completed successfully
  Saving detailed results for interval 6...
Extracting results from dictionary...
details [unit_commtiemnt] scheduling results have been saved!
  ✓ Interval 6 processing completed

--------------------------------------------------------------------------------
Processing scheduling interval 7 of 7...
--------------------------------------------------------------------------------
  Updating boundary conditions based on previous interval results...
  Solving unit commitment optimization for interval 7...
Step-3: Creating dispatching model (Refactored & Modularized)
	 Variables defined.
DEBUG set_objective_economic!: NT=24, NG=108, ND=91, NW=20, NS=1, K=3, size(refcost)=(108,), size(eachslope)=(3, 108)
objective_function
	MILP economic objective set
subject to.
	 constraints: 1) minimum shutup/shutdown time limits			 done
	 constraints: 2) binary variable logic					 done
	 constraints: 3) shutup/shutdown cost					 done
	 constraints: 4) loadcurtailments and spoliedwinds			 done
	 constraints: 5) generatos power limits					 done
	 constraints: 6) system reserves limits					 done
	 constraints: 7) power balance constraints				 done
	 constraints: 8) ramp-up/ramp-down constraints				 done
	 constraints: 9) piece linearization constraints			 done
	 constraints: 10) transmission limits deferred to unit disaggregation
	 constraints: 11) stroges system constraints skipped (is_ConsiderBESS=0)
	 constraints: 12) data centra constraints skipped (is_ConsiderDataCentra != 1)
	 constraints: 13) frequency control constraints skipped (is_ConsiderFrequencyControl != 1)
	 constraints: 14) hydro power limits					 done
+++++++++++++++++++++++++++++++++++++++++++++++++++++++++++++++++++++++++++++++++++++++++++
Step-4: starting Gurobi solver
Step-5: Gurobi solver finished
+++++++++++++++++++++++++++++++++++++++++++++++++++++++++++++++++++++++++++++++++++++++++++

assert_is_solved_and_feasible(scuc) = nothing
solution_summary(scuc) = solution_summary(; result = 1, verbose = false)
├ solver_name          : Gurobi
├ Termination
│ ├ termination_status : OPTIMAL
│ ├ result_count       : 10
│ ├ raw_status         : Model was solved to optimality (subject to tolerances), and an optimal solution is available.
│ └ objective_bound    : 2.31521e+06
├ Solution (result = 1)
│ ├ primal_status        : FEASIBLE_POINT
│ ├ dual_status          : NO_SOLUTION
│ ├ objective_value      : 2.34107e+06
│ └ relative_gap         : 1.10479e-02
└ Work counters
  ├ solve_time (sec)   : 5.73400e+00
  ├ simplex_iterations : 12081
  ├ barrier_iterations : 0
  └ node_count         : 1


Termination Status: OPTIMAL
Acceptable solution found (Status: OPTIMAL).
Step-6: record datas
PART1: [unit-commitment] calculation result has been saved to: D:/GithubClonefiles/module_unitcommitment/output/details_schedule_results/pcm_simulation_results/intervels_[7]/res_schedule_commitment_result.txt
    Cluster diagnostic scenario 1: stage=solver, periods=Int64[], lines=Int64[], dispatch_deviations=0
  ✓ Clustered UC residence/network disaggregation completed (54 clusters, stage=diagnostic_complete)
  ✓ Interval 7 optimization completed successfully
  Saving detailed results for interval 7...
Extracting results from dictionary...
details [unit_commtiemnt] scheduling results have been saved!
  ✓ Interval 7 processing completed

================================================================================
Step 6: Aggregating total scheduling costs...
================================================================================
  ✓ Total scheduling costs saved to: D:/GithubClonefiles/module_unitcommitment/output/details_schedule_results/pcm_simulation_results/summary_scheduling_report//total_scheduled_results.csv

================================================================================
✓ Sequential Production Cost Minimization completed successfully!
================================================================================
  Total intervals processed: 7
  Results saved to: output/details_schedule_results/pcm_simulation_results/
================================================================================

