Set parameter Username
Set parameter LicenseID to value 2826524
Academic license - for non-commercial use only - expires 2027-05-22
Set parameter Username
Set parameter LicenseID to value 2826524
Academic license - for non-commercial use only - expires 2027-05-22
Set parameter MIPGap to value 0.03
Set parameter Threads to value 2
Set parameter TimeLimit to value 600
Set parameter MIPGap to value 0.03
Set parameter Threads to value 2
Set parameter TimeLimit to value 600
Gurobi Optimizer version 13.0.2 build v13.0.2rc1 (win64 - Windows 11+.0 (29639.2))

CPU model: 13th Gen Intel(R) Core(TM) i7-13700F, instruction set [SSE2|AVX|AVX2]
Thread count: 16 physical cores, 24 logical processors, using up to 2 threads

Non-default parameters:
TimeLimit  600
MIPGap  0.03
Threads  2

Optimize a model with 49952 rows, 31536 columns and 441352 nonzeros (Min)
Model fingerprint: 0x5a244d68
Model has 23400 linear objective coefficients
Variable types: 23664 continuous, 7872 integer (7872 binary)
Coefficient statistics:
  Matrix range     [4e-02, 4e+02]
  Objective range  [1e+00, 1e+15]
  Bounds range     [0e+00, 0e+00]
  RHS range        [1e-02, 3e+02]
Warning: Model contains large objective coefficients
         Consider reformulating model or setting NumericFocus parameter
         to avoid numerical issues.

Presolve removed 25601 rows and 14277 columns
Presolve time: 0.31s
Presolved: 24351 rows, 17259 columns, 102637 nonzeros
Variable types: 10245 continuous, 7014 integer (7014 binary)
Found heuristic solution: objective 1.110930e+07
Found heuristic solution: objective 1.066393e+07
Deterministic concurrent LP optimizer: primal and dual simplex
Showing primal log only...

Concurrent spin time: 0.00s

Solved with dual simplex

Use crossover to convert LP symmetric solution to basic solution...
Crossover time: 0.03 seconds (0.02 work units)

Root relaxation: objective 2.313842e+06, 13843 iterations, 0.64 seconds (0.78 work units)

    Nodes    |    Current Node    |     Objective Bounds      |     Work
 Expl Unexpl |  Obj  Depth IntInf | Incumbent    BestBd   Gap | It/Node Time

     0     0 2313841.81    0 1024 1.0664e+07 2313841.81  78.3%     -    1s
H    0     0                    2586426.4761 2313841.81  10.5%     -    1s
H    0     0                    2584891.4761 2313841.81  10.5%     -    1s
     0     0 2320694.55    0  666 2584891.48 2320694.55  10.2%     -    1s
H    0     0                    2437366.4310 2320757.45  4.78%     -    1s
     0     0 2320757.45    0  668 2437366.43 2320757.45  4.78%     -    1s
     0     0 2320757.45    0  661 2437366.43 2320757.45  4.78%     -    1s
     0     0 2327743.99    0  451 2437366.43 2327743.99  4.50%     -    2s
     0     0 2327931.08    0  414 2437366.43 2327931.08  4.49%     -    2s
     0     0 2327953.58    0  417 2437366.43 2327953.58  4.49%     -    2s
     0     0 2328920.35    0  360 2437366.43 2328920.35  4.45%     -    2s
H    0     0                    2362712.5763 2328920.56  1.43%     -    2s

Cutting planes:
  Learned: 4
  Gomory: 62
  Cover: 4
  Implied bound: 96
  Clique: 4
  MIR: 228
  Flow cover: 232
  RLT: 1
  Relax-and-lift: 168

Explored 1 nodes (17527 simplex iterations) in 2.77 seconds (4.38 work units)
Thread count was 2 (of 24 available processors)

Solution count 6: 2.36271e+06 2.43737e+06 2.58489e+06 ... 1.11093e+07

Optimal solution found (tolerance 3.00e-02)
Best objective 2.362712576266e+06, best bound 2.328920556920e+06, gap 1.4302%

User-callback calls 495, time in user-callback 0.00 sec
Set parameter Username
Set parameter LicenseID to value 2826524
Academic license - for non-commercial use only - expires 2027-05-22
Set parameter MIPGap to value 0.03
Set parameter Threads to value 2
Set parameter TimeLimit to value 600
Set parameter MIPGap to value 0.03
Set parameter Threads to value 2
Set parameter TimeLimit to value 600
Gurobi Optimizer version 13.0.2 build v13.0.2rc1 (win64 - Windows 11+.0 (29639.2))

CPU model: 13th Gen Intel(R) Core(TM) i7-13700F, instruction set [SSE2|AVX|AVX2]
Thread count: 16 physical cores, 24 logical processors, using up to 2 threads

Non-default parameters:
TimeLimit  600
MIPGap  0.03
Threads  2

Optimize a model with 50006 rows, 31536 columns and 441406 nonzeros (Min)
Model fingerprint: 0x86368d70
Model has 23400 linear objective coefficients
Variable types: 23664 continuous, 7872 integer (7872 binary)
Coefficient statistics:
  Matrix range     [4e-02, 4e+02]
  Objective range  [1e+00, 1e+15]
  Bounds range     [0e+00, 0e+00]
  RHS range        [2e-02, 4e+02]
Warning: Model contains large objective coefficients
         Consider reformulating model or setting NumericFocus parameter
         to avoid numerical issues.

Presolve removed 19850 rows and 10843 columns
Presolve time: 0.03s

Explored 0 nodes (0 simplex iterations) in 0.05 seconds (0.10 work units)
Thread count was 1 (of 24 available processors)

Solution count 0

Model is infeasible or unbounded
Best objective -, best bound -, gap -

User-callback calls 48, time in user-callback 0.00 sec
ERROR: LoadError: LoadError: Optimization failed for interval 2
in expression starting at D:\GithubClonefiles\module_unitcommitment\tools\pcm\rolling_pcm_driver.jl:70
in expression starting at D:\GithubClonefiles\module_unitcommitment\tools\pcm\standard_pcm\main.jl:14
in expression starting at D:\GithubClonefiles\module_unitcommitment\tools\pcm\main.jl:5
Stacktrace:
 [1] error(s::String)
   @ Base .\error.jl:44
 [2] top-level scope
   @ D:\GithubClonefiles\module_unitcommitment\tools\pcm\benchmark\method_worker.jl:55
 [3] include(mod::Module, _path::String)
   @ Base .\Base.jl:306
 [4] exec_options(opts::Base.JLOptions)
   @ Base .\client.jl:317
 [5] _start()
   @ Base .\client.jl:550
in expression starting at D:\GithubClonefiles\module_unitcommitment\tools\pcm\benchmark\method_worker.jl:55
	→ The renewable energy scenarios module loaded.
	→ Input data module loaded and ready for UC modeling.
	→ The [JULIA] environment_config has been loaded.
	→ Constraint modules included and functions exported.
	→ Objective functions module loaded and exported.
	→ Utility functions module loaded and exported.
	→ all boundary conditions validated.
  PCM random seed: 20260809

================================================================================
Step 1: Reading input data from Excel file...
================================================================================
Step-1: Loading packages and functions...
  Reading data from: D:\GithubClonefiles\module_unitcommitment\data\data_118_clustered_pcm.xlsx
  Reading frequency parameters...
  Reading energy storage system data...
  Reading generator, network, and load data...
  Reading data center data...
  Reading hydroelectric power data...
  ✓ All data successfully loaded from Excel file.

================================================================================
Step 2: Formatting input data for optimization model...
================================================================================
Step-2: imput data are loaded
  PCM load profile: extreme_ramp
  PCM network constraints: disabled

================================================================================
Step 3: Generating wind power scenarios...
================================================================================

================================================================================
Step 4: Configuring sequential scheduling parameters...
================================================================================
  Formulation: standard
  Scheduling intervals: 3
  Time periods per interval: 24
  Total planning horizon: 72 periods

================================================================================
Step 5: Running sequential unit commitment optimization...
================================================================================

--------------------------------------------------------------------------------
Processing scheduling interval 1 of 3...
--------------------------------------------------------------------------------
Step-3: Creating dispatching model (Refactored & Modularized)
	 Variables defined.
DEBUG set_objective_economic!: NT=24, NG=108, ND=91, NW=20, NS=1, K=3, size(refcost)=(108,), size(eachslope)=(3, 108)
objective_function
	MILP economic objective set
subject to.
	 constraints: 1) minimum shutup/shutdown time limits			 done
	 constraints: 2) binary variable logic					 done
	 constraints: 3) shutup/shutdown cost					 done
	 constraints: 4) loadcurtailments and spoliedwinds			 done
	 constraints: 5) generatos power limits					 done
	 constraints: 6) system reserves limits					 done
	 constraints: 7) power balance constraints				 done
	 constraints: 8) ramp-up/ramp-down constraints				 done
	 constraints: 9) piece linearization constraints			 done
	 constraints: 10) transmissionline limits skipped (is_NetWorkCon != 1 or Gsdf missing or NL=0)
	 constraints: 11) stroges system constraints skipped (NC=0 or variables not defined)
	 constraints: 12) data centra constraints skipped (is_ConsiderDataCentra != 1)
	 constraints: 13) frequency control constraints skipped (is_ConsiderFrequencyControl != 1)
	 constraints: 14) hydro power limits					 done
+++++++++++++++++++++++++++++++++++++++++++++++++++++++++++++++++++++++++++++++++++++++++++
Step-4: starting Gurobi solver
Step-5: Gurobi solver finished
+++++++++++++++++++++++++++++++++++++++++++++++++++++++++++++++++++++++++++++++++++++++++++

assert_is_solved_and_feasible(scuc) = nothing
solution_summary(scuc) = solution_summary(; result = 1, verbose = false)
├ solver_name          : Gurobi
├ Termination
│ ├ termination_status : OPTIMAL
│ ├ result_count       : 6
│ ├ raw_status         : Model was solved to optimality (subject to tolerances), and an optimal solution is available.
│ └ objective_bound    : 2.32892e+06
├ Solution (result = 1)
│ ├ primal_status        : FEASIBLE_POINT
│ ├ dual_status          : NO_SOLUTION
│ ├ objective_value      : 2.36271e+06
│ └ relative_gap         : 1.43022e-02
└ Work counters
  ├ solve_time (sec)   : 2.77200e+00
  ├ simplex_iterations : 17527
  ├ barrier_iterations : 0
  └ node_count         : 1


Termination Status: OPTIMAL
Acceptable solution found (Status: OPTIMAL).
Step-6: record datas
PART1: [unit-commitment] calculation result has been saved to: D:\GithubClonefiles\module_unitcommitment\output\pcm_com4_loadall_h72_20260814_193938\ramp\std\r01\output/details_schedule_results/pcm_simulation_results/intervels_[1]/res_schedule_commitment_result.txt
  ✓ Interval 1 optimization completed successfully
Extracting results from dictionary...
details [unit_commtiemnt] scheduling results have been saved!

--------------------------------------------------------------------------------
Processing scheduling interval 2 of 3...
--------------------------------------------------------------------------------
Step-3: Creating dispatching model (Refactored & Modularized)
	 Variables defined.
DEBUG set_objective_economic!: NT=24, NG=108, ND=91, NW=20, NS=1, K=3, size(refcost)=(108,), size(eachslope)=(3, 108)
objective_function
	MILP economic objective set
subject to.
	 constraints: 1) minimum shutup/shutdown time limits			 done
	 constraints: 2) binary variable logic					 done
	 constraints: 3) shutup/shutdown cost					 done
	 constraints: 4) loadcurtailments and spoliedwinds			 done
	 constraints: 5) generatos power limits					 done
	 constraints: 6) system reserves limits					 done
	 constraints: 7) power balance constraints				 done
	 constraints: 8) ramp-up/ramp-down constraints				 done
	 constraints: 9) piece linearization constraints			 done
	 constraints: 10) transmissionline limits skipped (is_NetWorkCon != 1 or Gsdf missing or NL=0)
	 constraints: 11) stroges system constraints skipped (NC=0 or variables not defined)
	 constraints: 12) data centra constraints skipped (is_ConsiderDataCentra != 1)
	 constraints: 13) frequency control constraints skipped (is_ConsiderFrequencyControl != 1)
	 constraints: 14) hydro power limits					 done
+++++++++++++++++++++++++++++++++++++++++++++++++++++++++++++++++++++++++++++++++++++++++++
Step-4: starting Gurobi solver
Step-5: Gurobi solver finished
+++++++++++++++++++++++++++++++++++++++++++++++++++++++++++++++++++++++++++++++++++++++++++

An error occurred during optimization: ErrorException("The model was not solved correctly. Here is the output of `solution_summary` to help debug why this happened:\n\nsolution_summary(; result = 1, verbose = false)\n├ solver_name          : Gurobi\n├ Termination\n│ ├ termination_status : INFEASIBLE_OR_UNBOUNDED\n│ ├ result_count       : 0\n│ └ raw_status         : Model was proven to be either infeasible or unbounded. To obtain a more definitive conclusion, set the DualReductions parameter to 0 and reoptimize.\n├ Solution (result = 1)\n│ ├ primal_status        : NO_SOLUTION\n│ └ dual_status          : NO_SOLUTION\n└ Work counters\n  ├ solve_time (sec)   : 4.69999e-02\n  ├ simplex_iterations : 0\n  ├ barrier_iterations : 0\n  └ node_count         : 0\n")
