Set parameter Username
Set parameter LicenseID to value 2754784
Academic license - for non-commercial use only - expires 2026-12-14
Set parameter Username
Set parameter LicenseID to value 2754784
Academic license - for non-commercial use only - expires 2026-12-14
Set parameter Username
Set parameter LicenseID to value 2754784
Academic license - for non-commercial use only - expires 2026-12-14
Set parameter Username
Set parameter LicenseID to value 2754784
Academic license - for non-commercial use only - expires 2026-12-14
Set parameter Username
Set parameter LicenseID to value 2754784
Academic license - for non-commercial use only - expires 2026-12-14
Set parameter Username
Set parameter LicenseID to value 2754784
Academic license - for non-commercial use only - expires 2026-12-14
Set parameter Username
Set parameter LicenseID to value 2754784
Academic license - for non-commercial use only - expires 2026-12-14
Set parameter Username
Set parameter LicenseID to value 2754784
Academic license - for non-commercial use only - expires 2026-12-14
Step-1: Pkgs and functions are loaded
Step-2: imput data are loaded
Initializing Benders Master Problem construction...
	 MILP_type objective_function 						 done
	 constraints: 1) minimum shutup/shutdown time limits			 done
	 constraints: 2) binary variable logic					 done
	 constraints: 3) shutup/shutdown cost					 done
	 constraints: master supply adequacy cuts				 done
Initializing Benders Subproblem (Recourse) construction...
	 LP_type subproblem objective_function 					 done
Objective function has been set.
	 constraints: 4) loadcurtailments and spoliedwinds			 done
	 constraints: 5) generatos power limits					 done
	 constraints: 6) system reserves limits					 done
	 constraints: 7) power balance constraints				 done
	 constraints: 8) ramp-up/ramp-down constraints				 done
	 constraints: 9) piece linearization constraints			 done
	 constraints: 10) transmissionline limits for basline			 done
	 constraints: 11) stroges system constraints skipped (NC=0 or variables not defined)
Initializing Benders Subproblem (Recourse) construction...
	 LP_type subproblem objective_function 					 done
Objective function has been set.
	 constraints: 4) loadcurtailments and spoliedwinds			 done
	 constraints: 5) generatos power limits					 done
	 constraints: 6) system reserves limits					 done
	 constraints: 7) power balance constraints				 done
	 constraints: 8) ramp-up/ramp-down constraints				 done
	 constraints: 9) piece linearization constraints			 done
	 constraints: 10) transmissionline limits for basline			 done
	 constraints: 11) stroges system constraints skipped (NC=0 or variables not defined)
Initializing Benders Subproblem (Recourse) construction...
	 LP_type subproblem objective_function 					 done
Objective function has been set.
	 constraints: 4) loadcurtailments and spoliedwinds			 done
	 constraints: 5) generatos power limits					 done
	 constraints: 6) system reserves limits					 done
	 constraints: 7) power balance constraints				 done
	 constraints: 8) ramp-up/ramp-down constraints				 done
	 constraints: 9) piece linearization constraints			 done
	 constraints: 10) transmissionline limits for basline			 done
	 constraints: 11) stroges system constraints skipped (NC=0 or variables not defined)
Initializing Benders Subproblem (Recourse) construction...
	 LP_type subproblem objective_function 					 done
Objective function has been set.
	 constraints: 4) loadcurtailments and spoliedwinds			 done
	 constraints: 5) generatos power limits					 done
	 constraints: 6) system reserves limits					 done
	 constraints: 7) power balance constraints				 done
	 constraints: 8) ramp-up/ramp-down constraints				 done
	 constraints: 9) piece linearization constraints			 done
	 constraints: 10) transmissionline limits for basline			 done
	 constraints: 11) stroges system constraints skipped (NC=0 or variables not defined)
Initializing Benders Subproblem (Recourse) construction...
	 LP_type subproblem objective_function 					 done
Objective function has been set.
	 constraints: 4) loadcurtailments and spoliedwinds			 done
	 constraints: 5) generatos power limits					 done
	 constraints: 6) system reserves limits					 done
	 constraints: 7) power balance constraints				 done
	 constraints: 8) ramp-up/ramp-down constraints				 done
	 constraints: 9) piece linearization constraints			 done
	 constraints: 10) transmissionline limits for basline			 done
	 constraints: 11) stroges system constraints skipped (NC=0 or variables not defined)
Initializing Benders Subproblem (Recourse) construction...
	 LP_type subproblem objective_function 					 done
Objective function has been set.
	 constraints: 4) loadcurtailments and spoliedwinds			 done
	 constraints: 5) generatos power limits					 done
	 constraints: 6) system reserves limits					 done
	 constraints: 7) power balance constraints				 done
	 constraints: 8) ramp-up/ramp-down constraints				 done
	 constraints: 9) piece linearization constraints			 done
	 constraints: 10) transmissionline limits for basline			 done
	 constraints: 11) stroges system constraints skipped (NC=0 or variables not defined)
Initializing Benders Subproblem (Recourse) construction...
	 LP_type subproblem objective_function 					 done
Objective function has been set.
	 constraints: 4) loadcurtailments and spoliedwinds			 done
	 constraints: 5) generatos power limits					 done
	 constraints: 6) system reserves limits					 done
	 constraints: 7) power balance constraints				 done
	 constraints: 8) ramp-up/ramp-down constraints				 done
	 constraints: 9) piece linearization constraints			 done
	 constraints: 10) transmissionline limits for basline			 done
	 constraints: 11) stroges system constraints skipped (NC=0 or variables not defined)
[ Info: Generating batch subproblems for multi-cut scenarios
[ Info: Batch subproblem dictionary successfully created with 6 independent entries.
Starting (Strengthen) Benders decomposition algorithm
iteration start ...

====================================================
ITER 	 LOWER_bound 	    UPPER_bound   	 GAP
----------------------------------------------------
1              260            1.14638e+06    0.999773       
2              3330           1.14638e+06    0.997095       
3              4810           1.14638e+06    0.995804       
4              4810           1.14638e+06    0.995804       
5              6128.31        1.14638e+06    0.994654       
6              6128.31        1.14638e+06    0.994654       
7              6128.31        1.14638e+06    0.994654       
8              8874.8         293191         0.96973        
9              242773         293191         0.171964       
10             242903         293191         0.17152        
11             268044         293191         0.0857702      
12             274034         293191         0.0653392      
13             282376         284269         0.0066587      
14             283160         283344         0.000651379    


====================================================
Convergence achieved - Optimal solution found
FINAL UPPER BOUND: 283344.1140720723
FINAL LOWER BOUND: 283159.549615424
FINAL GAP:         0.0006513791798784707
====================================================
