Set parameter Username
Set parameter LicenseID to value 2754784
Academic license - for non-commercial use only - expires 2026-12-14
Set parameter Username
Set parameter LicenseID to value 2754784
Academic license - for non-commercial use only - expires 2026-12-14
Set parameter MIPGap to value 0.015
Set parameter MIPGap to value 0.015
Gurobi Optimizer version 13.0.2 build v13.0.2rc1 (mac64[arm] - Darwin 27.0.0 26A5388g)

CPU model: Apple M3
Thread count: 8 physical cores, 8 logical processors, using up to 8 threads

Non-default parameters:
MIPGap  0.015

Optimize a model with 74440 rows, 47304 columns and 661168 nonzeros (Min)
Model fingerprint: 0xf82d5936
Model has 35100 linear objective coefficients
Variable types: 35496 continuous, 11808 integer (11808 binary)
Coefficient statistics:
  Matrix range     [3e-02, 4e+02]
  Objective range  [1e+00, 1e+15]
  Bounds range     [0e+00, 0e+00]
  RHS range        [1e-02, 2e+02]
Warning: Model contains large objective coefficients
         Consider reformulating model or setting NumericFocus parameter
         to avoid numerical issues.

Presolve removed 35044 rows and 20451 columns
Presolve time: 0.34s
Presolved: 39396 rows, 26853 columns, 146704 nonzeros
Variable types: 15897 continuous, 10956 integer (10956 binary)
Found heuristic solution: objective 2.499451e+07
Found heuristic solution: objective 2.487849e+07
Found heuristic solution: objective 1.049524e+07
Deterministic concurrent LP optimizer: primal and dual simplex
Showing primal log only...

Concurrent spin time: 0.00s

Solved with dual simplex

Use crossover to convert LP symmetric solution to basic solution...
Crossover time: 0.02 seconds (0.03 work units)

Root relaxation: objective 2.544648e+06, 9346 iterations, 0.33 seconds (0.52 work units)

    Nodes    |    Current Node    |     Objective Bounds      |     Work
 Expl Unexpl |  Obj  Depth IntInf | Incumbent    BestBd   Gap | It/Node Time

     0     0 2544647.94    0  753 1.0495e+07 2544647.94  75.8%     -    0s
H    0     0                    3030946.4709 2544647.94  16.0%     -    0s
     0     0 2552084.14    0  909 3030946.47 2552084.14  15.8%     -    1s
H    0     0                    3014114.1000 2552164.10  15.3%     -    1s
H    0     0                    2773925.0791 2552164.10  7.99%     -    1s
     0     0 2552164.10    0  897 2773925.08 2552164.10  7.99%     -    1s
H    0     0                    2771777.7039 2552167.81  7.92%     -    2s
H    0     0                    2771777.7009 2552167.81  7.92%     -    2s
     0     0 2552167.81    0  900 2771777.70 2552167.81  7.92%     -    2s
     0     0 2552168.20    0  900 2771777.70 2552168.20  7.92%     -    2s
H    0     0                    2660903.0844 2560188.19  3.78%     -    2s
H    0     0                    2660903.0840 2560188.19  3.78%     -    2s
H    0     0                    2657515.8469 2560188.19  3.66%     -    2s
H    0     0                    2654321.0147 2560188.19  3.55%     -    2s
H    0     0                    2654321.0137 2560188.19  3.55%     -    2s
H    0     0                    2654162.6302 2560188.19  3.54%     -    2s
H    0     0                    2654162.6283 2560188.19  3.54%     -    2s
     0     0 2560188.19    0  872 2654162.63 2560188.19  3.54%     -    2s
H    0     0                    2643337.2084 2560464.89  3.14%     -    2s
H    0     0                    2642105.3257 2560464.89  3.09%     -    2s
H    0     0                    2641237.7014 2560464.89  3.06%     -    2s
     0     0 2560464.89    0  882 2641237.70 2560464.89  3.06%     -    3s
     0     0 2560464.89    0  876 2641237.70 2560464.89  3.06%     -    3s
     0     0 2560464.89    0  877 2641237.70 2560464.89  3.06%     -    3s
H    0     0                    2640890.2260 2560464.89  3.05%     -    3s
H    0     0                    2638067.8013 2560464.89  2.94%     -    3s
H    0     0                    2634265.2999 2565741.76  2.60%     -    4s
H    0     0                    2610108.7682 2565741.76  1.70%     -    4s
H    0     0                    2608786.1491 2565741.76  1.65%     -    4s
     0     0 2565741.76    0  789 2608786.15 2565741.76  1.65%     -    4s
     0     0 2567243.90    0  732 2608786.15 2567243.90  1.59%     -    4s
     0     0 2567243.90    0  783 2608786.15 2567243.90  1.59%     -    5s
     0     0 2608786.15    0  839 2608786.15 2608786.15  0.00%     -    6s

Cutting planes:
  Gomory: 75
  Cover: 1
  Implied bound: 77
  MIR: 163
  Flow cover: 115
  Network: 2
  RLT: 53
  Relax-and-lift: 15

Explored 1 nodes (36457 simplex iterations) in 6.68 seconds (11.05 work units)
Thread count was 8 (of 8 available processors)

Solution count 10: 2.60879e+06 2.61011e+06 2.63427e+06 ... 2.65432e+06

Optimal solution found (tolerance 1.50e-02)
Best objective 2.608786149120e+06, best bound 2.608786149120e+06, gap 0.0000%

User-callback calls 1335, time in user-callback 0.00 sec
Set parameter Username
Set parameter LicenseID to value 2754784
Academic license - for non-commercial use only - expires 2026-12-14
Set parameter MIPGap to value 0.015
Set parameter MIPGap to value 0.015
Gurobi Optimizer version 13.0.2 build v13.0.2rc1 (mac64[arm] - Darwin 27.0.0 26A5388g)

CPU model: Apple M3
Thread count: 8 physical cores, 8 logical processors, using up to 8 threads

Non-default parameters:
MIPGap  0.015

Optimize a model with 74440 rows, 47304 columns and 661168 nonzeros (Min)
Model fingerprint: 0xf82d5936
Model has 35100 linear objective coefficients
Variable types: 35496 continuous, 11808 integer (11808 binary)
Coefficient statistics:
  Matrix range     [3e-02, 4e+02]
  Objective range  [1e+00, 1e+15]
  Bounds range     [0e+00, 0e+00]
  RHS range        [1e-02, 2e+02]
Warning: Model contains large objective coefficients
         Consider reformulating model or setting NumericFocus parameter
         to avoid numerical issues.

Presolve removed 35044 rows and 20451 columns
Presolve time: 0.33s
Presolved: 39396 rows, 26853 columns, 146704 nonzeros
Variable types: 15897 continuous, 10956 integer (10956 binary)
Found heuristic solution: objective 2.499451e+07
Found heuristic solution: objective 2.487849e+07
Found heuristic solution: objective 1.049524e+07
Deterministic concurrent LP optimizer: primal and dual simplex
Showing primal log only...

Concurrent spin time: 0.00s

Solved with dual simplex

Use crossover to convert LP symmetric solution to basic solution...
Crossover time: 0.02 seconds (0.03 work units)

Root relaxation: objective 2.544648e+06, 9346 iterations, 0.33 seconds (0.52 work units)

    Nodes    |    Current Node    |     Objective Bounds      |     Work
 Expl Unexpl |  Obj  Depth IntInf | Incumbent    BestBd   Gap | It/Node Time

     0     0 2544647.94    0  753 1.0495e+07 2544647.94  75.8%     -    0s
H    0     0                    3030946.4709 2544647.94  16.0%     -    0s
     0     0 2552084.14    0  909 3030946.47 2552084.14  15.8%     -    1s
H    0     0                    3014114.1000 2552164.10  15.3%     -    1s
H    0     0                    2773925.0791 2552164.10  7.99%     -    2s
     0     0 2552164.10    0  897 2773925.08 2552164.10  7.99%     -    2s
H    0     0                    2771777.7039 2552167.81  7.92%     -    2s
H    0     0                    2771777.7009 2552167.81  7.92%     -    2s
     0     0 2552167.81    0  900 2771777.70 2552167.81  7.92%     -    2s
     0     0 2552168.20    0  900 2771777.70 2552168.20  7.92%     -    2s
H    0     0                    2660903.0844 2560188.19  3.78%     -    2s
H    0     0                    2660903.0840 2560188.19  3.78%     -    2s
H    0     0                    2657515.8469 2560188.19  3.66%     -    2s
H    0     0                    2654321.0147 2560188.19  3.55%     -    2s
H    0     0                    2654321.0137 2560188.19  3.55%     -    2s
H    0     0                    2654162.6302 2560188.19  3.54%     -    2s
H    0     0                    2654162.6283 2560188.19  3.54%     -    2s
     0     0 2560188.19    0  872 2654162.63 2560188.19  3.54%     -    2s
H    0     0                    2643337.2084 2560464.89  3.14%     -    3s
H    0     0                    2642105.3257 2560464.89  3.09%     -    3s
H    0     0                    2641237.7014 2560464.89  3.06%     -    3s
     0     0 2560464.89    0  882 2641237.70 2560464.89  3.06%     -    3s
     0     0 2560464.89    0  876 2641237.70 2560464.89  3.06%     -    3s
     0     0 2560464.89    0  877 2641237.70 2560464.89  3.06%     -    3s
H    0     0                    2640890.2260 2560464.89  3.05%     -    3s
H    0     0                    2638067.8013 2560464.89  2.94%     -    3s
H    0     0                    2634265.2999 2565741.76  2.60%     -    4s
H    0     0                    2610108.7682 2565741.76  1.70%     -    4s
H    0     0                    2608786.1491 2565741.76  1.65%     -    4s
     0     0 2565741.76    0  789 2608786.15 2565741.76  1.65%     -    4s
     0     0 2567243.90    0  732 2608786.15 2567243.90  1.59%     -    4s
     0     0 2567243.90    0  783 2608786.15 2567243.90  1.59%     -    5s
     0     0 2608786.15    0  839 2608786.15 2608786.15  0.00%     -    7s

Cutting planes:
  Gomory: 75
  Cover: 1
  Implied bound: 77
  MIR: 163
  Flow cover: 115
  Network: 2
  RLT: 53
  Relax-and-lift: 15

Explored 1 nodes (36457 simplex iterations) in 7.29 seconds (11.05 work units)
Thread count was 8 (of 8 available processors)

Solution count 10: 2.60879e+06 2.61011e+06 2.63427e+06 ... 2.65432e+06

Optimal solution found (tolerance 1.50e-02)
Best objective 2.608786149120e+06, best bound 2.608786149120e+06, gap 0.0000%

User-callback calls 1405, time in user-callback 0.00 sec
	→ The renewable energy scenarios module loaded.
	→ Input data module loaded and ready for UC modeling.
	→ The [JULIA] environment_config has been loaded.
	→ Constraint modules included and functions exported.
	→ Objective functions module loaded and exported.
	→ Utility functions module loaded and exported.
	→ all boundary conditions validated.

================================================================================
EXPORTING ADAPTIVE OVERLAP WINDOW STATISTICS
================================================================================

Reading project input data...
Step-1: Loading packages and functions...
  Reading data from: /Users/yuanyiping/Documents/GitHub/02 Ongoing/module_unitcommitment/data/data_118_clustered_pcm.xlsx
  Reading frequency parameters...
  Reading energy storage system data...
  Reading generator, network, and load data...
  Reading data center data...
  Reading hydroelectric power data...
  ✓ All data successfully loaded from Excel file.
Step-2: imput data are loaded
  PCM load profile: extreme_ramp
  PCM random seed: 20260809
  Training case signature: 39d1c5e486d390b0a7210d79957acc6e69b593e8489241884fb208a581de5a33
  Training cache: HIT (4 samples; no retraining required)
  Load curve horizon used for statistics: 168 h
  Wind scenario horizon used for statistics: 168 h
  Steady-state overlap mode: ml_prediction
  Calibration / training time excluded from subproblem solve times: 0.00 s
Step-3: Creating dispatching model (Refactored & Modularized)
	 Variables defined.
DEBUG set_objective_economic!: NT=36, NG=108, ND=91, NW=20, NS=1, K=3, size(refcost)=(108,), size(eachslope)=(3, 108)
objective_function
	MILP economic objective set
subject to.
	 constraints: 1) minimum shutup/shutdown time limits			 done
	 constraints: 2) binary variable logic					 done
	 constraints: 3) shutup/shutdown cost					 done
	 constraints: 4) loadcurtailments and spoliedwinds			 done
	 constraints: 5) generatos power limits					 done
	 constraints: 6) system reserves limits					 done
	 constraints: 7) power balance constraints				 done
	 constraints: 8) ramp-up/ramp-down constraints				 done
	 constraints: 9) piece linearization constraints			 done
	 constraints: 10) transmissionline limits skipped (is_NetWorkCon != 1 or Gsdf missing or NL=0)
	 constraints: 11) stroges system constraints skipped (NC=0 or variables not defined)
	 constraints: 12) data centra constraints skipped (is_ConsiderDataCentra != 1)
	 constraints: 13) frequency control constraints skipped (is_ConsiderFrequencyControl != 1)
	 constraints: 14) hydro power limits					 done
+++++++++++++++++++++++++++++++++++++++++++++++++++++++++++++++++++++++++++++++++++++++++++
Step-4: starting Gurobi solver
Step-5: Gurobi solver finished
+++++++++++++++++++++++++++++++++++++++++++++++++++++++++++++++++++++++++++++++++++++++++++

assert_is_solved_and_feasible(scuc) = nothing
solution_summary(scuc) = solution_summary(; result = 1, verbose = false)
├ solver_name          : Gurobi
├ Termination
│ ├ termination_status : OPTIMAL
│ ├ result_count       : 10
│ ├ raw_status         : Model was solved to optimality (subject to tolerances), and an optimal solution is available.
│ └ objective_bound    : 2.60879e+06
├ Solution (result = 1)
│ ├ primal_status        : FEASIBLE_POINT
│ ├ dual_status          : NO_SOLUTION
│ ├ objective_value      : 2.60879e+06
│ └ relative_gap         : 1.78497e-16
└ Work counters
  ├ solve_time (sec)   : 6.69123e+00
  ├ simplex_iterations : 36457
  ├ barrier_iterations : 0
  └ node_count         : 1


Termination Status: OPTIMAL
Acceptable solution found (Status: OPTIMAL).
Step-6: record datas
PART1: [unit-commitment] calculation result has been saved to: /Users/yuanyiping/Documents/GitHub/02 Ongoing/module_unitcommitment/output/pcm_benchmark/full_matrix_20260809/108_units/extreme_ramp/adaptive_overlap/run1/output/details_schedule_results/pcm_simulation_results/intervels_[1]/res_schedule_commitment_result.txt
  Training cache hit: /Users/yuanyiping/Documents/GitHub/02 Ongoing/module_unitcommitment/output/pcm_training_cache/overlap_training_cache/39d1c5e486d390b0a7210d79957acc6e69b593e8489241884fb208a581de5a33/offline_training_dataset.csv
Training Decision Tree on: /Users/yuanyiping/Documents/GitHub/02 Ongoing/module_unitcommitment/output/pcm_training_cache/overlap_training_cache/39d1c5e486d390b0a7210d79957acc6e69b593e8489241884fb208a581de5a33/offline_training_dataset.csv
  Warning: Failed to train decision tree from dataset (ErrorException("Training dataset has only 4 valid rows; at least 5 are required.")). Falling back to default heuristic.
[AdaptiveOverlap][RampCriterion] start=1 event_indices=[1] first_event=1 strongest_ratio=1.2238 severity_window=12 -> T_ramp=12
[AdaptiveOverlap] interval=1 start=1 mode=ml_prediction
  boundary criterion: U_norm=0.4072, T_dwell_rem=0.0, X_delta_norm=0.0139, X_switch_ratio=0.037
  steady-state criterion: L_norm=0.238, sigma_load=28.0892, R_wind_max=0.0734, T_ml=10
  physical criteria: T_unit=0, ramp_event=true, T_ramp=12
  final criterion: max(T_ml=10, T_unit=0, T_ramp=12)=12; clamped_final=12, solved_horizon=36
Step-3: Creating dispatching model (Refactored & Modularized)
	 Variables defined.
DEBUG set_objective_economic!: NT=36, NG=108, ND=91, NW=20, NS=1, K=3, size(refcost)=(108,), size(eachslope)=(3, 108)
objective_function
	MILP economic objective set
subject to.
	 constraints: 1) minimum shutup/shutdown time limits			 done
	 constraints: 2) binary variable logic					 done
	 constraints: 3) shutup/shutdown cost					 done
	 constraints: 4) loadcurtailments and spoliedwinds			 done
	 constraints: 5) generatos power limits					 done
	 constraints: 6) system reserves limits					 done
	 constraints: 7) power balance constraints				 done
	 constraints: 8) ramp-up/ramp-down constraints				 done
	 constraints: 9) piece linearization constraints			 done
	 constraints: 10) transmissionline limits skipped (is_NetWorkCon != 1 or Gsdf missing or NL=0)
	 constraints: 11) stroges system constraints skipped (NC=0 or variables not defined)
	 constraints: 12) data centra constraints skipped (is_ConsiderDataCentra != 1)
	 constraints: 13) frequency control constraints skipped (is_ConsiderFrequencyControl != 1)
	 constraints: 14) hydro power limits					 done
+++++++++++++++++++++++++++++++++++++++++++++++++++++++++++++++++++++++++++++++++++++++++++
Step-4: starting Gurobi solver
Step-5: Gurobi solver finished
+++++++++++++++++++++++++++++++++++++++++++++++++++++++++++++++++++++++++++++++++++++++++++

assert_is_solved_and_feasible(scuc) = nothing
solution_summary(scuc) = solution_summary(; result = 1, verbose = false)
├ solver_name          : Gurobi
├ Termination
│ ├ termination_status : OPTIMAL
│ ├ result_count       : 10
│ ├ raw_status         : Model was solved to optimality (subject to tolerances), and an optimal solution is available.
│ └ objective_bound    : 2.60879e+06
├ Solution (result = 1)
│ ├ primal_status        : FEASIBLE_POINT
│ ├ dual_status          : NO_SOLUTION
│ ├ objective_value      : 2.60879e+06
│ └ relative_gap         : 1.78497e-16
└ Work counters
  ├ solve_time (sec)   : 7.30009e+00
  ├ simplex_iterations : 36457
  ├ barrier_iterations : 0
  └ node_count         : 1


Termination Status: OPTIMAL
Acceptable solution found (Status: OPTIMAL).
Step-6: record datas
PART1: [unit-commitment] calculation result has been saved to: /Users/yuanyiping/Documents/GitHub/02 Ongoing/module_unitcommitment/output/pcm_benchmark/full_matrix_20260809/108_units/extreme_ramp/adaptive_overlap/run1/output/details_schedule_results/pcm_simulation_results/intervels_[1]/res_schedule_commitment_result.txt
PART1: [unit-commitment] calculation result has been saved to: /Users/yuanyiping/Documents/GitHub/02 Ongoing/module_unitcommitment/output/pcm_benchmark/full_matrix_20260809/108_units/extreme_ramp/adaptive_overlap/run1/output/details_schedule_results/pcm_simulation_results/intervels_[1]/res_schedule_commitment_result.txt
  ✓ Per-interval overlap statistics exported to CSV: /Users/yuanyiping/Documents/GitHub/02 Ongoing/module_unitcommitment/output/pcm_benchmark/full_matrix_20260809/108_units/extreme_ramp/adaptive_overlap/run1/output/details_schedule_results/adaptive_pcm_simulation_results/overlap_window_statistics.csv
  ✓ Human-readable summary report exported to TXT: /Users/yuanyiping/Documents/GitHub/02 Ongoing/module_unitcommitment/output/pcm_benchmark/full_matrix_20260809/108_units/extreme_ramp/adaptive_overlap/run1/output/details_schedule_results/adaptive_pcm_simulation_results/overlap_window_summary.txt
================================================================================


Per-Interval Overlap Summary Dataframe:
1×13 DataFrame
 Row │ Interval_ID  Start_Hour  Execution_Window_h  Steady_State_Overlap_h  Unit_Dwell_Overlap_h  Ramp_Event_Detected  Ramp_Overlap_h  Raw_Max_Overlap_h  Limiting_Factor  Final_Adaptive_Overlap_h  Total_Solved_Horizon_h  Subproblem_SolveTime_sec  Optimization_Status
     │ Int64        Int64       Int64               Int64                   Int64                 Bool                 Int64           Int64              String           Int64                     Int64                   Float64                   String
─────┼─────────────────────────────────────────────────────────────────────────────────────────────────────────────────────────────────────────────────────────────────────────────────────────────────────────────────────────────────────────────────────────────────────
   1 │           1           1                  24                      10                     0                 true              12                 12  ramp                                   12                      36                   8.49353  OK
