Set parameter Username
Set parameter LicenseID to value 2754784
Academic license - for non-commercial use only - expires 2026-12-14
Set parameter Username
Set parameter LicenseID to value 2754784
Academic license - for non-commercial use only - expires 2026-12-14
Set parameter MIPGap to value 0.015
Set parameter MIPGap to value 0.015
Gurobi Optimizer version 13.0.2 build v13.0.2rc1 (mac64[arm] - Darwin 27.0.0 26A5388g)

CPU model: Apple M3
Thread count: 8 physical cores, 8 logical processors, using up to 8 threads

Non-default parameters:
MIPGap  0.015

Optimize a model with 699940 rows, 432216 columns and 44315236 nonzeros (Min)
Model fingerprint: 0xc1bbba87
Model has 315036 linear objective coefficients
Variable types: 315432 continuous, 116784 integer (116784 binary)
Coefficient statistics:
  Matrix range     [3e-02, 4e+02]
  Objective range  [1e+00, 1e+15]
  Bounds range     [0e+00, 0e+00]
  RHS range        [1e-01, 1e+03]
Warning: Model contains large objective coefficients
         Consider reformulating model or setting NumericFocus parameter
         to avoid numerical issues.

Presolve removed 296616 rows and 162976 columns (presolve time = 5s)...
Presolve removed 306675 rows and 166970 columns
Presolve time: 9.68s
Presolved: 393265 rows, 265246 columns, 1824266 nonzeros
Variable types: 155686 continuous, 109560 integer (109560 binary)
Deterministic concurrent LP optimizer: primal simplex, dual simplex, and barrier
Showing barrier log only...

Root barrier log...

Ordering time: 0.13s

Barrier statistics:
 AA' NZ     : 1.685e+06
 Factor NZ  : 3.018e+06 (roughly 100 MB of memory)
 Factor Ops : 1.210e+08 (less than 1 second per iteration)
 Threads    : 5

                  Objective                Residual
Iter       Primal          Dual         Primal    Dual     Compl     Time
   0   2.29121002e+19 -4.02519088e+14  1.04e+03 1.60e+16  1.45e+11    12s
   1   4.49385435e+19 -5.77976131e+14  1.04e+03 1.60e+16  1.46e+11    12s
   2   2.17911257e+19 -1.07188805e+15  1.04e+03 1.60e+16  1.50e+11    12s
   3   1.67391647e+19 -2.01023146e+15  1.04e+03 1.60e+16  1.57e+11    12s
   4   5.89345159e+20 -4.21382591e+14  6.25e+04 1.60e+16  8.61e+12    12s
   5   1.13661823e+21 -8.22406306e+15  6.25e+04 1.60e+16  1.02e+13    12s
   6   6.11840998e+20 -4.12133986e+17  6.25e+04 1.60e+16  1.10e+14    12s
   7   5.65849780e+20 -2.55579575e+18  6.25e+04 1.59e+16  4.45e+14    12s
   8   4.97361219e+20 -7.94672884e+18  5.30e+04 1.09e+16  2.02e+15    12s
   9   3.71332341e+19 -1.21222255e+19  3.48e+03 2.00e+14  3.55e+14    12s
  10   4.65843694e+18 -3.53527776e+18  1.28e+02 3.37e+12  3.99e+13    12s
  11   8.60281015e+17 -1.43870919e+17  1.91e+01 1.23e+11  4.77e+12    12s
  12   2.13288309e+17 -1.74866146e+16  4.68e+00 6.17e+08  1.12e+12    12s
  13   5.54935677e+16 -8.80067560e+15  1.22e+00 1.24e+08  3.09e+11    12s
  14   1.17230657e+16 -3.22667808e+15  2.56e-01 2.44e+07  7.08e+10    13s
  15   2.64520191e+14 -9.40454202e+14  5.52e-03 6.61e+06  5.64e+09    13s
  16   3.49314947e+11 -1.16541868e+12  1.77e-06 1.28e+03  7.08e+06    13s
  17   1.49655293e+10 -1.00104802e+11  7.54e-08 1.14e+02  5.38e+05    13s
  18   1.47890315e+10 -9.78779396e+10  7.45e-08 1.10e+02  5.27e+05    13s
  19   1.45249497e+10 -9.75656787e+10  7.32e-08 1.12e+02  5.24e+05    13s
  20   1.44416426e+10 -9.60759999e+10  7.28e-08 1.10e+02  5.17e+05    13s
  21   1.43425626e+10 -9.59229798e+10  7.23e-08 2.00e+00  5.16e+05    13s
  22   1.43370326e+10 -9.59162494e+10  7.23e-08 2.00e+00  5.16e+05    13s
  23   1.43341716e+10 -9.59094645e+10  7.22e-08 4.00e+00  5.16e+05    13s
  24   1.43295400e+10 -9.58971749e+10  7.22e-08 2.00e+00  5.15e+05    13s
  25   1.43267580e+10 -9.58681036e+10  7.22e-08 2.00e+00  5.15e+05    13s
  26   1.43224826e+10 -9.58505072e+10  7.22e-08 2.00e+00  5.15e+05    13s
  27   1.43201486e+10 -9.58460472e+10  7.21e-08 2.00e+00  5.15e+05    13s

Barrier performed 27 iterations in 13.19 seconds (26.21 work units)
Numerical trouble encountered

Model may be infeasible or unbounded.  Consider using the
homogeneous algorithm (through parameter 'BarHomogeneous')

Concurrent spin time: 0.00s

Solved with dual simplex

Root simplex log...

Iteration    Objective       Primal Inf.    Dual Inf.      Time
   62489    5.4145868e+07   0.000000e+00   0.000000e+00     18s

Use crossover to convert LP symmetric solution to basic solution...

Root crossover log...

   25636 DPushes remaining with DInf 0.0000000e+00                18s
       0 DPushes remaining with DInf 0.0000000e+00                18s

     671 PPushes remaining with PInf 0.0000000e+00                18s
       0 PPushes remaining with PInf 0.0000000e+00                18s

  Push phase complete: Pinf 0.0000000e+00, Dinf 5.2562884e-09     19s


Root simplex log...

Iteration    Objective       Primal Inf.    Dual Inf.      Time
   68091    5.4145868e+07   0.000000e+00   0.000000e+00     19s
Crossover time: 0.57 seconds (0.81 work units)

Root relaxation: objective 5.414587e+07, 68091 iterations, 7.66 seconds (10.13 work units)

    Nodes    |    Current Node    |     Objective Bounds      |     Work
 Expl Unexpl |  Obj  Depth IntInf | Incumbent    BestBd   Gap | It/Node Time

     0     0 5.4146e+07    0 4483          - 5.4146e+07      -     -   19s
H    0     0                    1.945500e+17 5.4146e+07   100%     -   30s
     0     0 5.4176e+07    0 4495 1.9455e+17 5.4176e+07   100%     -   41s
H    0     0                    4.042269e+16 5.4176e+07   100%     -   42s
     0     0 5.4176e+07    0 4555 4.0423e+16 5.4176e+07   100%     -   43s
     0     0 5.4189e+07    0 4252 4.0423e+16 5.4189e+07   100%     -   49s
     0     0 5.4190e+07    0 4072 4.0423e+16 5.4190e+07   100%     -   50s
     0     0 5.4190e+07    0 4113 4.0423e+16 5.4190e+07   100%     -   51s
     0     0 5.4197e+07    0 3914 4.0423e+16 5.4197e+07   100%     -   61s
H    0     0                    3.063739e+16 5.4197e+07   100%     -   70s
     0     0 5.4197e+07    0 3986 3.0637e+16 5.4197e+07   100%     -   71s
     0     0 5.4197e+07    0 3986 3.0637e+16 5.4197e+07   100%     -   72s
     0     0 5.4197e+07    0 3977 3.0637e+16 5.4197e+07   100%     -   73s
     0     0 5.4197e+07    0 3968 3.0637e+16 5.4197e+07   100%     -   75s
     0     0 5.4204e+07    0 3538 3.0637e+16 5.4204e+07   100%     -   85s
H    0     0                    8.821459e+14 5.4204e+07   100%     -   85s
     0     0 5.4204e+07    0 3547 8.8215e+14 5.4204e+07   100%     -   88s
     0     0 5.4204e+07    0 3560 8.8215e+14 5.4204e+07   100%     -   89s
     0     0 5.4204e+07    0 3581 8.8215e+14 5.4204e+07   100%     -   89s
     0     0 5.4233e+07    0 3633 8.8215e+14 5.4233e+07   100%     -  102s
     0     0 5.4239e+07    0 2912 8.8215e+14 5.4239e+07   100%     -  106s
     0     0 5.4239e+07    0 2897 8.8215e+14 5.4239e+07   100%     -  106s
     0     0 5.4239e+07    0 2897 8.8215e+14 5.4239e+07   100%     -  107s
     0     0 5.4248e+07    0 2429 8.8215e+14 5.4248e+07   100%     -  114s
H    0     0                    8.242984e+14 5.4248e+07   100%     -  116s
H    0     0                    8.242984e+14 5.4248e+07   100%     -  117s
H    0     0                    8.203883e+14 5.4248e+07   100%     -  117s
H    0     0                    6.700847e+14 5.4248e+07   100%     -  117s
H    0     0                    6.700847e+14 5.4248e+07   100%     -  119s
H    0     0                    5.242984e+14 5.4248e+07   100%     -  119s
H    0     0                    5.432560e+07 5.4248e+07  0.14%     -  119s

Cutting planes:
  Gomory: 96
  Implied bound: 731
  MIR: 1347
  Flow cover: 1083
  RLT: 186
  Relax-and-lift: 419

Explored 1 nodes (117129 simplex iterations) in 119.74 seconds (306.39 work units)
Thread count was 8 (of 8 available processors)

Solution count 10: 5.43256e+07 5.24298e+14 6.70085e+14 ... 4.04227e+16

Optimal solution found (tolerance 1.50e-02)
Best objective 5.432559854044e+07, best bound 5.424783194610e+07, gap 0.1431%

User-callback calls 14289, time in user-callback 0.01 sec
Set parameter Username
Set parameter LicenseID to value 2754784
Academic license - for non-commercial use only - expires 2026-12-14
Set parameter MIPGap to value 0.015
Set parameter MIPGap to value 0.015
Gurobi Optimizer version 13.0.2 build v13.0.2rc1 (mac64[arm] - Darwin 27.0.0 26A5388g)

CPU model: Apple M3
Thread count: 8 physical cores, 8 logical processors, using up to 8 threads

Non-default parameters:
MIPGap  0.015

Optimize a model with 660786 rows, 408204 columns and 41850214 nonzeros (Min)
Model fingerprint: 0x8899236d
Model has 297534 linear objective coefficients
Variable types: 297908 continuous, 110296 integer (110296 binary)
Coefficient statistics:
  Matrix range     [3e-02, 4e+02]
  Objective range  [1e+00, 1e+15]
  Bounds range     [0e+00, 0e+00]
  RHS range        [1e-01, 1e+03]
Warning: Model contains large objective coefficients
         Consider reformulating model or setting NumericFocus parameter
         to avoid numerical issues.

Presolve removed 283104 rows and 154438 columns (presolve time = 5s)...
Presolve removed 290052 rows and 158098 columns
Presolve time: 9.67s
Presolved: 370734 rows, 250106 columns, 1719138 nonzeros
Variable types: 147026 continuous, 103080 integer (103080 binary)
Deterministic concurrent LP optimizer: primal simplex, dual simplex, and barrier
Showing barrier log only...

Root barrier log...

Ordering time: 0.15s

Barrier statistics:
 AA' NZ     : 1.642e+06
 Factor NZ  : 2.906e+06 (roughly 90 MB of memory)
 Factor Ops : 1.158e+08 (less than 1 second per iteration)
 Threads    : 5

                  Objective                Residual
Iter       Primal          Dual         Primal    Dual     Compl     Time
   0   2.08709621e+19 -3.94557009e+14  1.02e+03 1.60e+16  1.38e+11    12s
   1   4.12559036e+19 -5.54887295e+14  1.02e+03 1.60e+16  1.39e+11    12s
   2   1.97538355e+19 -1.05915444e+15  1.02e+03 1.60e+16  1.43e+11    12s
   3   1.52028745e+19 -1.83127561e+15  1.02e+03 1.60e+16  1.49e+11    12s
   4   5.56274013e+20 -4.13055616e+14  6.43e+04 1.60e+16  8.61e+12    12s
   5   1.07247337e+21 -8.47043338e+15  6.43e+04 1.60e+16  1.03e+13    12s
   6   5.60279580e+20 -4.09973913e+17  6.43e+04 1.60e+16  1.14e+14    12s
   7   5.14483606e+20 -2.38328490e+18  6.42e+04 1.58e+16  4.47e+14    12s
   8   4.76438271e+20 -6.06261874e+18  5.54e+04 1.08e+16  1.79e+15    12s
   9   6.62753237e+19 -9.93076218e+18  4.77e+03 8.00e+00  5.21e+14    12s
  10   1.25375150e+19 -3.42240599e+18  4.61e+02 8.00e+00  8.28e+13    12s
  11   2.39810635e+18 -7.63664674e+17  6.18e+01 4.00e+00  1.58e+13    12s
  12   4.34767931e+17 -2.49522762e+16  1.09e+01 4.00e+00  2.29e+12    12s
  13   1.12256010e+17 -1.39036973e+16  2.80e+00 4.00e+00  6.30e+11    12s
  14   3.43479639e+16 -5.65126580e+15  8.53e-01 4.00e+00  1.98e+11    13s
  15   1.56394580e+14 -2.21428669e+15  3.03e-03 4.00e+00  1.15e+10    13s
  16   3.22089047e+11 -2.40505979e+12  3.21e-06 6.00e+00  1.32e+07    13s
  17   7.46500600e+09 -1.08108250e+11  7.36e-08 4.00e+00  5.61e+05    13s
  18   7.43770025e+09 -1.07578448e+11  7.34e-08 4.00e+00  5.58e+05    13s
  19   7.36874028e+09 -1.06256896e+11  7.27e-08 4.00e+00  5.52e+05    13s
  20   7.28353231e+09 -1.05723201e+11  7.18e-08 2.00e+00  5.49e+05    13s
  21   7.16292773e+09 -1.05471143e+11  7.05e-08 2.00e+00  5.47e+05    13s
  22   7.04790787e+09 -1.04809643e+11  6.94e-08 2.00e+00  5.43e+05    13s
  23   7.00653808e+09 -1.04447124e+11  6.89e-08 4.00e+00  5.41e+05    13s
  24   6.83792749e+09 -1.03004042e+11  6.73e-08 2.00e+00  5.33e+05    13s
  25   6.82533527e+09 -1.01473611e+11  6.71e-08 2.00e+00  5.26e+05    13s
  26   6.70671296e+09 -1.00065462e+11  6.59e-08 2.00e+00  5.18e+05    13s
  27   6.68671519e+09 -9.91161816e+10  6.57e-08 4.00e+00  5.14e+05    13s
  28   6.56180288e+09 -9.78978459e+10  6.45e-08 4.00e+00  5.07e+05    13s
  29   6.54620893e+09 -9.48735727e+10  6.44e-08 2.00e+00  4.92e+05    13s
  30   6.44901202e+09 -9.36526708e+10  6.34e-08 2.00e+00  4.86e+05    13s
  31   6.41071377e+09 -9.17475917e+10  6.30e-08 4.00e+00  4.77e+05    14s
  32   6.38436240e+09 -9.09607964e+10  6.27e-08 4.00e+00  4.73e+05    14s
  33   6.37571027e+09 -8.98287340e+10  6.26e-08 4.00e+00  4.67e+05    14s
  34   6.25426665e+09 -8.95179830e+10  6.14e-08 2.00e+00  4.65e+05    14s
  35   6.18879477e+09 -8.80463012e+10  6.07e-08 4.00e+00  4.58e+05    14s
  36   6.15623020e+09 -8.74175762e+10  6.04e-08 2.00e+00  4.54e+05    14s
  37   6.01135603e+09 -8.59388817e+10  5.89e-08 2.00e+00  4.46e+05    14s
  38   5.95211271e+09 -8.48497080e+10  5.83e-08 2.00e+00  4.41e+05    14s
  39   5.93232392e+09 -8.37238030e+10  5.82e-08 2.00e+00  4.35e+05    14s
  40   5.84163470e+09 -8.22574485e+10  5.73e-08 2.00e+00  4.28e+05    14s
  41   5.78803713e+09 -8.11568954e+10  5.67e-08 4.00e+00  4.22e+05    14s
  42   5.71979340e+09 -8.03398454e+10  5.60e-08 2.00e+00  4.18e+05    14s
  43   5.62261230e+09 -7.94144455e+10  5.50e-08 2.00e+00  4.13e+05    14s
  44   5.58311546e+09 -7.90158449e+10  5.46e-08 4.00e+00  4.11e+05    15s
  45   5.41040488e+09 -7.81068210e+10  5.29e-08 2.00e+00  4.06e+05    15s
  46   5.31165026e+09 -7.78599067e+10  5.20e-08 2.00e+00  4.04e+05    15s
  47   5.18068609e+09 -7.53721490e+10  5.06e-08 2.00e+00  3.91e+05    15s
  48   5.14115524e+09 -7.46811417e+10  5.02e-08 2.00e+00  3.88e+05    15s
  49   5.12335013e+09 -7.45003773e+10  5.01e-08 2.00e+00  3.87e+05    15s
  50   5.12043704e+09 -7.44896150e+10  4.99e-08 2.00e+00  3.87e+05    15s
  51   5.11862472e+09 -7.44725640e+10  4.99e-08 2.00e+00  3.86e+05    15s
  52   5.11820801e+09 -7.44477360e+10  4.99e-08 2.00e+00  3.86e+05    15s
  53   5.11482388e+09 -7.44361618e+10  4.99e-08 2.00e+00  3.86e+05    15s

Barrier performed 53 iterations in 15.27 seconds (26.57 work units)
Numerical trouble encountered

Model may be infeasible or unbounded.  Consider using the
homogeneous algorithm (through parameter 'BarHomogeneous')

Concurrent spin time: 0.00s

Solved with dual simplex

Root simplex log...

Iteration    Objective       Primal Inf.    Dual Inf.      Time
   60068    4.9995309e+07   0.000000e+00   0.000000e+00     20s

Use crossover to convert LP symmetric solution to basic solution...

Root crossover log...

   23755 DPushes remaining with DInf 0.0000000e+00                20s
       0 DPushes remaining with DInf 0.0000000e+00                20s

     658 PPushes remaining with PInf 0.0000000e+00                20s
       0 PPushes remaining with PInf 0.0000000e+00                20s

  Push phase complete: Pinf 0.0000000e+00, Dinf 5.3249244e-09     20s


Root simplex log...

Iteration    Objective       Primal Inf.    Dual Inf.      Time
   65016    4.9995309e+07   0.000000e+00   0.000000e+00     20s
Crossover time: 0.50 seconds (0.81 work units)

Root relaxation: objective 4.999531e+07, 65016 iterations, 9.59 seconds (13.35 work units)

    Nodes    |    Current Node    |     Objective Bounds      |     Work
 Expl Unexpl |  Obj  Depth IntInf | Incumbent    BestBd   Gap | It/Node Time

     0     0 4.9995e+07    0 4518          - 4.9995e+07      -     -   21s
H    0     0                    1.181325e+17 4.9995e+07   100%     -   21s
H    0     0                    3.573537e+16 4.9995e+07   100%     -   21s
H    0     0                    3.566061e+16 4.9995e+07   100%     -   24s
     0     0 5.0028e+07    0 4877 3.5661e+16 5.0028e+07   100%     -   32s
     0     0 5.0028e+07    0 4667 3.5661e+16 5.0028e+07   100%     -   38s
     0     0 5.0028e+07    0 4598 3.5661e+16 5.0028e+07   100%     -   39s
     0     0 5.0029e+07    0 4548 3.5661e+16 5.0029e+07   100%     -   40s
     0     0 5.0029e+07    0 4547 3.5661e+16 5.0029e+07   100%     -   41s
     0     0 5.0049e+07    0 4891 3.5661e+16 5.0049e+07   100%     -   48s
     0     0 5.0050e+07    0 4796 3.5661e+16 5.0050e+07   100%     -   50s
     0     0 5.0050e+07    0 4825 3.5661e+16 5.0050e+07   100%     -   51s
     0     0 5.0066e+07    0 4276 3.5661e+16 5.0066e+07   100%     -   60s
     0     0 5.0067e+07    0 4078 3.5661e+16 5.0067e+07   100%     -   65s
     0     0 5.0067e+07    0 3958 3.5661e+16 5.0067e+07   100%     -   66s
     0     0 5.0067e+07    0 3966 3.5661e+16 5.0067e+07   100%     -   66s
     0     0 5.0074e+07    0 2987 3.5661e+16 5.0074e+07   100%     -   77s
H    0     0                    3.135061e+16 5.0074e+07   100%     -   79s
     0     0 5.0075e+07    0 2967 3.1351e+16 5.0075e+07   100%     -   80s
     0     0 5.0075e+07    0 3151 3.1351e+16 5.0075e+07   100%     -   81s
     0     0 5.0082e+07    0 3090 3.1351e+16 5.0082e+07   100%     -   86s
     0     0 5.0084e+07    0 3108 3.1351e+16 5.0084e+07   100%     -   89s
     0     0 5.0084e+07    0 3080 3.1351e+16 5.0084e+07   100%     -   89s
     0     0 5.0084e+07    0 3089 3.1351e+16 5.0084e+07   100%     -   90s
     0     0 5.0104e+07    0 2521 3.1351e+16 5.0104e+07   100%     -   98s
H    0     0                    2.471192e+16 5.0104e+07   100%     -   99s
H    0     0                    1.788122e+16 5.0104e+07   100%     -  100s
     0     0 5.0106e+07    0 2490 1.7881e+16 5.0106e+07   100%     -  102s
     0     0 5.0106e+07    0 2428 1.7881e+16 5.0106e+07   100%     -  103s
     0     0 5.0106e+07    0 2487 1.7881e+16 5.0106e+07   100%     -  104s
     0     0 5.0112e+07    0 2119 1.7881e+16 5.0112e+07   100%     -  109s
     0     0 5.0112e+07    0 1796 1.7881e+16 5.0112e+07   100%     -  112s
     0     0 5.0113e+07    0 1804 1.7881e+16 5.0113e+07   100%     -  113s
     0     0 5.0113e+07    0 1680 1.7881e+16 5.0113e+07   100%     -  113s
     0     0 5.0116e+07    0 1832 1.7881e+16 5.0116e+07   100%     -  116s
H    0     0                    5.022654e+07 5.0116e+07  0.22%     -  118s

Cutting planes:
  Learned: 226
  Gomory: 90
  Cover: 4
  Implied bound: 759
  MIR: 1863
  Flow cover: 1066
  RLT: 190
  Relax-and-lift: 497

Explored 1 nodes (124203 simplex iterations) in 118.39 seconds (277.83 work units)
Thread count was 8 (of 8 available processors)

Solution count 7: 5.02265e+07 1.78812e+16 2.47119e+16 ... 1.18132e+17

Optimal solution found (tolerance 1.50e-02)
Best objective 5.022654381767e+07, best bound 5.011554742893e+07, gap 0.2210%

User-callback calls 20194, time in user-callback 0.01 sec
	→ The renewable energy scenarios module loaded.
	→ Input data module loaded and ready for UC modeling.
	→ The [JULIA] environment_config has been loaded.
	→ Constraint modules included and functions exported.
	→ Objective functions module loaded and exported.
	→ Utility functions module loaded and exported.
	→ all boundary conditions validated.

================================================================================
EXPORTING ADAPTIVE OVERLAP WINDOW STATISTICS
================================================================================

Reading project input data...
Step-1: Loading packages and functions...
  Reading data from: /Users/yuanyiping/Documents/GitHub/02 Ongoing/module_unitcommitment/data/data_118_clustered_pcm_10x.xlsx
  Reading frequency parameters...
  Reading energy storage system data...
  Reading generator, network, and load data...
  Reading data center data...
  Reading hydroelectric power data...
  ✓ All data successfully loaded from Excel file.
Step-2: imput data are loaded
  PCM load profile: baseline
  PCM random seed: 20260809
  Training case signature: 1545f2ed9170c4fa5257bb8fa8ab38bcb6f02ccbd58ea78275f27ffd29b3e327
  Training cache: HIT (4 samples; no retraining required)
  Load curve horizon used for statistics: 168 h
  Wind scenario horizon used for statistics: 168 h
  Steady-state overlap mode: ml_prediction
  Calibration / training time excluded from subproblem solve times: 0.00 s
Step-3: Creating dispatching model (Refactored & Modularized)
	 Variables defined.
DEBUG set_objective_economic!: NT=36, NG=1080, ND=91, NW=20, NS=1, K=3, size(refcost)=(1080,), size(eachslope)=(3, 1080)
objective_function
	MILP economic objective set
subject to.
	 constraints: 1) minimum shutup/shutdown time limits			 done
	 constraints: 2) binary variable logic					 done
	 constraints: 3) shutup/shutdown cost					 done
	 constraints: 4) loadcurtailments and spoliedwinds			 done
	 constraints: 5) generatos power limits					 done
	 constraints: 6) system reserves limits					 done
	 constraints: 7) power balance constraints				 done
	 constraints: 8) ramp-up/ramp-down constraints				 done
	 constraints: 9) piece linearization constraints			 done
	 constraints: 10) transmissionline limits skipped (is_NetWorkCon != 1 or Gsdf missing or NL=0)
	 constraints: 11) stroges system constraints skipped (NC=0 or variables not defined)
	 constraints: 12) data centra constraints skipped (is_ConsiderDataCentra != 1)
	 constraints: 13) frequency control constraints skipped (is_ConsiderFrequencyControl != 1)
	 constraints: 14) hydro power limits					 done
+++++++++++++++++++++++++++++++++++++++++++++++++++++++++++++++++++++++++++++++++++++++++++
Step-4: starting Gurobi solver
Step-5: Gurobi solver finished
+++++++++++++++++++++++++++++++++++++++++++++++++++++++++++++++++++++++++++++++++++++++++++

assert_is_solved_and_feasible(scuc) = nothing
solution_summary(scuc) = solution_summary(; result = 1, verbose = false)
├ solver_name          : Gurobi
├ Termination
│ ├ termination_status : OPTIMAL
│ ├ result_count       : 10
│ ├ raw_status         : Model was solved to optimality (subject to tolerances), and an optimal solution is available.
│ └ objective_bound    : 5.42478e+07
├ Solution (result = 1)
│ ├ primal_status        : FEASIBLE_POINT
│ ├ dual_status          : NO_SOLUTION
│ ├ objective_value      : 5.43256e+07
│ └ relative_gap         : 1.43149e-03
└ Work counters
  ├ solve_time (sec)   : 1.19770e+02
  ├ simplex_iterations : 117129
  ├ barrier_iterations : 0
  └ node_count         : 1


Termination Status: OPTIMAL
Acceptable solution found (Status: OPTIMAL).
Step-6: record datas
PART1: [unit-commitment] calculation result has been saved to: /Users/yuanyiping/Documents/GitHub/02 Ongoing/module_unitcommitment/output/pcm_benchmark/full_matrix_20260809/1080_units/baseline/adaptive_overlap/run1/output/details_schedule_results/pcm_simulation_results/intervels_[1]/res_schedule_commitment_result.txt
  Training cache hit: /Users/yuanyiping/Documents/GitHub/02 Ongoing/module_unitcommitment/output/pcm_training_cache/overlap_training_cache/1545f2ed9170c4fa5257bb8fa8ab38bcb6f02ccbd58ea78275f27ffd29b3e327/offline_training_dataset.csv
Training Decision Tree on: /Users/yuanyiping/Documents/GitHub/02 Ongoing/module_unitcommitment/output/pcm_training_cache/overlap_training_cache/1545f2ed9170c4fa5257bb8fa8ab38bcb6f02ccbd58ea78275f27ffd29b3e327/offline_training_dataset.csv
  Warning: Failed to train decision tree from dataset (ErrorException("Training dataset has only 4 valid rows; at least 5 are required.")). Falling back to default heuristic.
[AdaptiveOverlap][RampCriterion] start=1 no ramp/uncertainty event in lookahead; T_ramp=0
[AdaptiveOverlap] interval=1 start=1 mode=ml_prediction
  boundary criterion: U_norm=0.4072, T_dwell_rem=0.0, X_delta_norm=0.0651, X_switch_ratio=0.0648
  steady-state criterion: L_norm=0.4416, sigma_load=212.1316, R_wind_max=0.0734, T_ml=10
  physical criteria: T_unit=0, ramp_event=false, T_ramp=0
  final criterion: max(T_ml=10, T_unit=0, T_ramp=0)=10; clamped_final=10, solved_horizon=34
Step-3: Creating dispatching model (Refactored & Modularized)
	 Variables defined.
DEBUG set_objective_economic!: NT=34, NG=1080, ND=91, NW=20, NS=1, K=3, size(refcost)=(1080,), size(eachslope)=(3, 1080)
objective_function
	MILP economic objective set
subject to.
	 constraints: 1) minimum shutup/shutdown time limits			 done
	 constraints: 2) binary variable logic					 done
	 constraints: 3) shutup/shutdown cost					 done
	 constraints: 4) loadcurtailments and spoliedwinds			 done
	 constraints: 5) generatos power limits					 done
	 constraints: 6) system reserves limits					 done
	 constraints: 7) power balance constraints				 done
	 constraints: 8) ramp-up/ramp-down constraints				 done
	 constraints: 9) piece linearization constraints			 done
	 constraints: 10) transmissionline limits skipped (is_NetWorkCon != 1 or Gsdf missing or NL=0)
	 constraints: 11) stroges system constraints skipped (NC=0 or variables not defined)
	 constraints: 12) data centra constraints skipped (is_ConsiderDataCentra != 1)
	 constraints: 13) frequency control constraints skipped (is_ConsiderFrequencyControl != 1)
	 constraints: 14) hydro power limits					 done
+++++++++++++++++++++++++++++++++++++++++++++++++++++++++++++++++++++++++++++++++++++++++++
Step-4: starting Gurobi solver
Step-5: Gurobi solver finished
+++++++++++++++++++++++++++++++++++++++++++++++++++++++++++++++++++++++++++++++++++++++++++

assert_is_solved_and_feasible(scuc) = nothing
solution_summary(scuc) = solution_summary(; result = 1, verbose = false)
├ solver_name          : Gurobi
├ Termination
│ ├ termination_status : OPTIMAL
│ ├ result_count       : 7
│ ├ raw_status         : Model was solved to optimality (subject to tolerances), and an optimal solution is available.
│ └ objective_bound    : 5.01155e+07
├ Solution (result = 1)
│ ├ primal_status        : FEASIBLE_POINT
│ ├ dual_status          : NO_SOLUTION
│ ├ objective_value      : 5.02265e+07
│ └ relative_gap         : 2.20991e-03
└ Work counters
  ├ solve_time (sec)   : 1.18424e+02
  ├ simplex_iterations : 124203
  ├ barrier_iterations : 0
  └ node_count         : 1


Termination Status: OPTIMAL
Acceptable solution found (Status: OPTIMAL).
Step-6: record datas
PART1: [unit-commitment] calculation result has been saved to: /Users/yuanyiping/Documents/GitHub/02 Ongoing/module_unitcommitment/output/pcm_benchmark/full_matrix_20260809/1080_units/baseline/adaptive_overlap/run1/output/details_schedule_results/pcm_simulation_results/intervels_[1]/res_schedule_commitment_result.txt
PART1: [unit-commitment] calculation result has been saved to: /Users/yuanyiping/Documents/GitHub/02 Ongoing/module_unitcommitment/output/pcm_benchmark/full_matrix_20260809/1080_units/baseline/adaptive_overlap/run1/output/details_schedule_results/pcm_simulation_results/intervels_[1]/res_schedule_commitment_result.txt
  ✓ Per-interval overlap statistics exported to CSV: /Users/yuanyiping/Documents/GitHub/02 Ongoing/module_unitcommitment/output/pcm_benchmark/full_matrix_20260809/1080_units/baseline/adaptive_overlap/run1/output/details_schedule_results/adaptive_pcm_simulation_results/overlap_window_statistics.csv
  ✓ Human-readable summary report exported to TXT: /Users/yuanyiping/Documents/GitHub/02 Ongoing/module_unitcommitment/output/pcm_benchmark/full_matrix_20260809/1080_units/baseline/adaptive_overlap/run1/output/details_schedule_results/adaptive_pcm_simulation_results/overlap_window_summary.txt
================================================================================


Per-Interval Overlap Summary Dataframe:
1×13 DataFrame
 Row │ Interval_ID  Start_Hour  Execution_Window_h  Steady_State_Overlap_h  Unit_Dwell_Overlap_h  Ramp_Event_Detected  Ramp_Overlap_h  Raw_Max_Overlap_h  Limiting_Factor  Final_Adaptive_Overlap_h  Total_Solved_Horizon_h  Subproblem_SolveTime_sec  Optimization_Status
     │ Int64        Int64       Int64               Int64                   Int64                 Bool                 Int64           Int64              String           Int64                     Int64                   Float64                   String
─────┼─────────────────────────────────────────────────────────────────────────────────────────────────────────────────────────────────────────────────────────────────────────────────────────────────────────────────────────────────────────────────────────────────────
   1 │           1           1                  24                      10                     0                false               0                 10  steady                                 10                      34                   194.156  OK
