Set parameter Username
Set parameter LicenseID to value 2826524
Academic license - for non-commercial use only - expires 2027-05-22
Set parameter Username
Set parameter LicenseID to value 2826524
Academic license - for non-commercial use only - expires 2027-05-22
Set parameter MIPGap to value 0.015
Set parameter Threads to value 2
Set parameter TimeLimit to value 600
Set parameter MIPGap to value 0.015
Set parameter Threads to value 2
Set parameter TimeLimit to value 600
Gurobi Optimizer version 13.0.2 build v13.0.2rc1 (win64 - Windows 11+.0 (29639.2))

CPU model: 13th Gen Intel(R) Core(TM) i7-13700F, instruction set [SSE2|AVX|AVX2]
Thread count: 16 physical cores, 24 logical processors, using up to 2 threads

Non-default parameters:
TimeLimit  600
MIPGap  0.015
Threads  2

Optimize a model with 149840 rows, 94608 columns and 1330264 nonzeros (Min)
Model fingerprint: 0x838b5c1b
Model has 70200 linear objective coefficients
Variable types: 70992 continuous, 23616 integer (23616 binary)
Coefficient statistics:
  Matrix range     [4e-02, 4e+02]
  Objective range  [1e+00, 1e+15]
  Bounds range     [0e+00, 0e+00]
  RHS range        [1e-02, 3e+02]
Warning: Model contains large objective coefficients
         Consider reformulating model or setting NumericFocus parameter
         to avoid numerical issues.

Presolve removed 71803 rows and 40581 columns
Presolve time: 1.27s
Presolved: 78037 rows, 54027 columns, 369453 nonzeros
Variable types: 31461 continuous, 22566 integer (22566 binary)
Found heuristic solution: objective 5.881723e+16
Deterministic concurrent LP optimizer: primal and dual simplex
Showing primal log only...


Root simplex log...

Iteration    Objective       Primal Inf.    Dual Inf.      Time
   54035    3.9400567e+16   0.000000e+00   6.484407e+19      5s
Concurrent spin time: 0.00s

Solved with dual simplex

Root simplex log...

Iteration    Objective       Primal Inf.    Dual Inf.      Time
   50756    2.6918617e+16   0.000000e+00   0.000000e+00      6s

Use crossover to convert LP symmetric solution to basic solution...

Root crossover log...

    1729 DPushes remaining with DInf 1.0929487e+00                 6s
       0 DPushes remaining with DInf 0.0000000e+00                 6s

     265 PPushes remaining with PInf 0.0000000e+00                 6s
       0 PPushes remaining with PInf 0.0000000e+00                 6s

  Push phase complete: Pinf 0.0000000e+00, Dinf 7.5000000e+13      6s


Root simplex log...

Iteration    Objective       Primal Inf.    Dual Inf.      Time
   51472    2.6918617e+16   0.000000e+00   7.500000e+13      6s
   51856    2.6918617e+16   0.000000e+00   0.000000e+00      6s
Crossover time: 0.50 seconds (1.07 work units)

Root relaxation: objective 2.691862e+16, 51856 iterations, 4.57 seconds (5.44 work units)

    Nodes    |    Current Node    |     Objective Bounds      |     Work
 Expl Unexpl |  Obj  Depth IntInf | Incumbent    BestBd   Gap | It/Node Time

     0     0 2.6919e+16    0 2273 5.8817e+16 2.6919e+16  54.2%     -    6s
     0     0 2.7071e+16    0 1574 5.8817e+16 2.7071e+16  54.0%     -    9s
H    0     0                    2.951640e+16 2.7071e+16  8.28%     -    9s
     0     0 2.7071e+16    0 1554 2.9516e+16 2.7071e+16  8.28%     -   10s
     0     0 2.7229e+16    0 1360 2.9516e+16 2.7229e+16  7.75%     -   11s
     0     0 2.7229e+16    0 1312 2.9516e+16 2.7229e+16  7.75%     -   12s
     0     0 2.7229e+16    0 1468 2.9516e+16 2.7229e+16  7.75%     -   15s
     0     0 2.7229e+16    0 1439 2.9516e+16 2.7229e+16  7.75%     -   15s
     0     0 2.7229e+16    0 1426 2.9516e+16 2.7229e+16  7.75%     -   19s
     0     0 2.7229e+16    0 1426 2.9516e+16 2.7229e+16  7.75%     -   19s
     0     0 2.7229e+16    0 1449 2.9516e+16 2.7229e+16  7.75%     -   19s
     0     0 2.7229e+16    0 1193 2.9516e+16 2.7229e+16  7.75%     -   23s
     0     0 2.7229e+16    0 1193 2.9516e+16 2.7229e+16  7.75%     -   23s
H    0     0                    2.950586e+16 2.7229e+16  7.72%     -   23s
H    0     0                    2.943702e+16 2.7229e+16  7.50%     -   23s
     0     0 2.7229e+16    0 1136 2.9437e+16 2.7229e+16  7.50%     -   23s
     0     0 2.7229e+16    0  906 2.9437e+16 2.7229e+16  7.50%     -   24s
     0     0 2.7229e+16    0  906 2.9437e+16 2.7229e+16  7.50%     -   24s
H    0     0                    2.774285e+16 2.7229e+16  1.85%     -   25s
     0     0 2.7229e+16    0  750 2.7743e+16 2.7229e+16  1.85%     -   25s
     0     0 2.7229e+16    0  795 2.7743e+16 2.7229e+16  1.85%     -   26s
     0     0 2.7229e+16    0  795 2.7743e+16 2.7229e+16  1.85%     -   26s
H    0     0                    2.740267e+16 2.7229e+16  0.63%     -   26s

Cutting planes:
  Learned: 17
  Gomory: 74
  Implied bound: 437
  Clique: 3
  MIR: 745
  Flow cover: 410
  Zero half: 3
  RLT: 8
  Relax-and-lift: 550

Explored 1 nodes (95966 simplex iterations) in 26.86 seconds (46.34 work units)
Thread count was 2 (of 24 available processors)

Solution count 6: 2.74027e+16 2.77429e+16 2.9437e+16 ... 5.88172e+16

Optimal solution found (tolerance 1.50e-02)
Best objective 2.740266925133e+16, best bound 2.722886620960e+16, gap 0.6343%

User-callback calls 2250, time in user-callback 0.00 sec
Integrated PCM reference horizon: 72 h (single optimization problem)
	→ The renewable energy scenarios module loaded.
	→ Input data module loaded and ready for UC modeling.
	→ The [JULIA] environment_config has been loaded.
	→ Constraint modules included and functions exported.
	→ Objective functions module loaded and exported.
	→ Utility functions module loaded and exported.
	→ all boundary conditions validated.
  PCM random seed: 20260809

================================================================================
Step 1: Reading input data from Excel file...
================================================================================
Step-1: Loading packages and functions...
  Reading data from: D:\GithubClonefiles\module_unitcommitment\data\data_118_clustered_pcm.xlsx
  Reading frequency parameters...
  Reading energy storage system data...
  Reading generator, network, and load data...
  Reading data center data...
  Reading hydroelectric power data...
  ✓ All data successfully loaded from Excel file.

================================================================================
Step 2: Formatting input data for optimization model...
================================================================================
Step-2: imput data are loaded
  PCM load profile: extreme_ramp
  PCM network constraints: disabled

================================================================================
Step 3: Generating wind power scenarios...
================================================================================

================================================================================
Step 4: Configuring sequential scheduling parameters...
================================================================================
  Formulation: integrated
  Scheduling intervals: 1
  Time periods per interval: 72
  Total planning horizon: 72 periods

================================================================================
Step 5: Running sequential unit commitment optimization...
================================================================================

--------------------------------------------------------------------------------
Processing scheduling interval 1 of 1...
--------------------------------------------------------------------------------
Step-3: Creating dispatching model (Refactored & Modularized)
	 Variables defined.
DEBUG set_objective_economic!: NT=72, NG=108, ND=91, NW=20, NS=1, K=3, size(refcost)=(108,), size(eachslope)=(3, 108)
objective_function
	MILP economic objective set
subject to.
	 constraints: 1) minimum shutup/shutdown time limits			 done
	 constraints: 2) binary variable logic					 done
	 constraints: 3) shutup/shutdown cost					 done
	 constraints: 4) loadcurtailments and spoliedwinds			 done
	 constraints: 5) generatos power limits					 done
	 constraints: 6) system reserves limits					 done
	 constraints: 7) power balance constraints				 done
	 constraints: 8) ramp-up/ramp-down constraints				 done
	 constraints: 9) piece linearization constraints			 done
	 constraints: 10) transmissionline limits skipped (is_NetWorkCon != 1 or Gsdf missing or NL=0)
	 constraints: 11) stroges system constraints skipped (NC=0 or variables not defined)
	 constraints: 12) data centra constraints skipped (is_ConsiderDataCentra != 1)
	 constraints: 13) frequency control constraints skipped (is_ConsiderFrequencyControl != 1)
	 constraints: 14) hydro power limits					 done
+++++++++++++++++++++++++++++++++++++++++++++++++++++++++++++++++++++++++++++++++++++++++++
Step-4: starting Gurobi solver
Step-5: Gurobi solver finished
+++++++++++++++++++++++++++++++++++++++++++++++++++++++++++++++++++++++++++++++++++++++++++

assert_is_solved_and_feasible(scuc) = nothing
solution_summary(scuc) = solution_summary(; result = 1, verbose = false)
├ solver_name          : Gurobi
├ Termination
│ ├ termination_status : OPTIMAL
│ ├ result_count       : 6
│ ├ raw_status         : Model was solved to optimality (subject to tolerances), and an optimal solution is available.
│ └ objective_bound    : 2.72289e+16
├ Solution (result = 1)
│ ├ primal_status        : FEASIBLE_POINT
│ ├ dual_status          : NO_SOLUTION
│ ├ objective_value      : 2.74027e+16
│ └ relative_gap         : 6.34256e-03
└ Work counters
  ├ solve_time (sec)   : 2.68730e+01
  ├ simplex_iterations : 95966
  ├ barrier_iterations : 0
  └ node_count         : 1


Termination Status: OPTIMAL
Acceptable solution found (Status: OPTIMAL).
Step-6: record datas
PART1: [unit-commitment] calculation result has been saved to: D:\GithubClonefiles\module_unitcommitment\output\pcm_com4_loadall_h72_20260814_193938\ramp\uc_ref\r01\output/details_schedule_results/pcm_simulation_results/intervels_[1]/res_schedule_commitment_result.txt
  ✓ Interval 1 optimization completed successfully
Extracting results from dictionary...
details [unit_commtiemnt] scheduling results have been saved!

================================================================================
Step 6: Aggregating total scheduling costs...
================================================================================
  ✓ Sequential PCM (integrated) completed successfully
  Total intervals processed: 1
  Results saved to: D:\GithubClonefiles\module_unitcommitment\output\pcm_com4_loadall_h72_20260814_193938\ramp\uc_ref\r01\output\details_schedule_results/pcm_simulation_results/summary_scheduling_report/
